
 Start Length Name Class
 0001:00401000 0000C4798H _TEXT                  CODE
 0002:004C6000 0000616D8H _DATA                  DATA
 0003:005276D8 00000E458H _BSS                   BSS
 0004:00000000 00000009CH _TLS                   TLS


Detailed map of segments
 0001:00000198 00000163 C=CODE    S=_TEXT    G=(none)   M=D:\DEVEL\BCC72\LIB\C0W32.OBJ ACBP=A9
 0001:000002FC 0000008D C=CODE    S=_TEXT    G=(none)   M=D:\DEVEL\XHARBOUR_BCC7\CONTRIB\HWGUI\SAMPLES\OLE\OBJ\IESAMPLE.OBJ ACBP=A9
 0001:0000038C 000000ED C=CODE    S=_TEXT    G=(none)   M=D:\DEVEL\XHARBOUR_BCC7\CONTRIB\HWGUI\LIB\HBACTIVEX.LIB|hhtml ACBP=A9
 0001:0000047C 0000101C C=CODE    S=_TEXT    G=(none)   M=D:\DEVEL\XHARBOUR_BCC7\CONTRIB\HWGUI\LIB\HBACTIVEX.LIB|htmlcore ACBP=A9
 0001:00001498 0000011D C=CODE    S=_TEXT    G=(none)   M=D:\DEVEL\XHARBOUR_BCC7\CONTRIB\HWGUI\LIB\HBACTIVEX.LIB|htmlfunc ACBP=A9
 0001:000015B8 00000F7F C=CODE    S=_TEXT    G=(none)   M=D:\DEVEL\XHARBOUR_BCC7\CONTRIB\HWGUI\LIB\HWGUI.LIB|commond ACBP=A9
 0001:00002538 00003349 C=CODE    S=_TEXT    G=(none)   M=D:\DEVEL\XHARBOUR_BCC7\CONTRIB\HWGUI\LIB\HWGUI.LIB|control ACBP=A9
 0001:00005884 0000126C C=CODE    S=_TEXT    G=(none)   M=D:\DEVEL\XHARBOUR_BCC7\CONTRIB\HWGUI\LIB\HWGUI.LIB|dialog ACBP=A9
 0001:00006AF0 00002217 C=CODE    S=_TEXT    G=(none)   M=D:\DEVEL\XHARBOUR_BCC7\CONTRIB\HWGUI\LIB\HWGUI.LIB|draw ACBP=A9
 0001:00008D08 00000B2F C=CODE    S=_TEXT    G=(none)   M=D:\DEVEL\XHARBOUR_BCC7\CONTRIB\HWGUI\LIB\HWGUI.LIB|drawtext ACBP=A9
 0001:00009838 00000285 C=CODE    S=_TEXT    G=(none)   M=D:\DEVEL\XHARBOUR_BCC7\CONTRIB\HWGUI\LIB\HWGUI.LIB|drawwidg ACBP=A9
 0001:00009AC0 000000D5 C=CODE    S=_TEXT    G=(none)   M=D:\DEVEL\XHARBOUR_BCC7\CONTRIB\HWGUI\LIB\HWGUI.LIB|errorsys ACBP=A9
 0001:00009B98 000003A8 C=CODE    S=_TEXT    G=(none)   M=D:\DEVEL\XHARBOUR_BCC7\CONTRIB\HWGUI\LIB\HWGUI.LIB|guimain ACBP=A9
 0001:00009F40 00000840 C=CODE    S=_TEXT    G=(none)   M=D:\DEVEL\XHARBOUR_BCC7\CONTRIB\HWGUI\LIB\HWGUI.LIB|hbrowse ACBP=A9
 0001:0000A780 00000453 C=CODE    S=_TEXT    G=(none)   M=D:\DEVEL\XHARBOUR_BCC7\CONTRIB\HWGUI\LIB\HWGUI.LIB|hcombo ACBP=A9
 0001:0000ABD4 00000750 C=CODE    S=_TEXT    G=(none)   M=D:\DEVEL\XHARBOUR_BCC7\CONTRIB\HWGUI\LIB\HWGUI.LIB|hcontrol ACBP=A9
 0001:0000B324 000003D8 C=CODE    S=_TEXT    G=(none)   M=D:\DEVEL\XHARBOUR_BCC7\CONTRIB\HWGUI\LIB\HWGUI.LIB|hcwindow ACBP=A9
 0001:0000B6FC 00000195 C=CODE    S=_TEXT    G=(none)   M=D:\DEVEL\XHARBOUR_BCC7\CONTRIB\HWGUI\LIB\HWGUI.LIB|hdatepic ACBP=A9
 0001:0000B894 00000345 C=CODE    S=_TEXT    G=(none)   M=D:\DEVEL\XHARBOUR_BCC7\CONTRIB\HWGUI\LIB\HWGUI.LIB|hdc ACBP=A9
 0001:0000BBDC 000002B8 C=CODE    S=_TEXT    G=(none)   M=D:\DEVEL\XHARBOUR_BCC7\CONTRIB\HWGUI\LIB\HWGUI.LIB|hdialog ACBP=A9
 0001:0000BE94 00000468 C=CODE    S=_TEXT    G=(none)   M=D:\DEVEL\XHARBOUR_BCC7\CONTRIB\HWGUI\LIB\HWGUI.LIB|hedit ACBP=A9
 0001:0000C2FC 000001DD C=CODE    S=_TEXT    G=(none)   M=D:\DEVEL\XHARBOUR_BCC7\CONTRIB\HWGUI\LIB\HWGUI.LIB|hnice ACBP=A9
 0001:0000C4DC 00000228 C=CODE    S=_TEXT    G=(none)   M=D:\DEVEL\XHARBOUR_BCC7\CONTRIB\HWGUI\LIB\HWGUI.LIB|hownbtn ACBP=A9
 0001:0000C704 0000017D C=CODE    S=_TEXT    G=(none)   M=D:\DEVEL\XHARBOUR_BCC7\CONTRIB\HWGUI\LIB\HWGUI.LIB|hpanel ACBP=A9
 0001:0000C884 000003A8 C=CODE    S=_TEXT    G=(none)   M=D:\DEVEL\XHARBOUR_BCC7\CONTRIB\HWGUI\LIB\HWGUI.LIB|htab ACBP=A9
 0001:0000CC2C 00000105 C=CODE    S=_TEXT    G=(none)   M=D:\DEVEL\XHARBOUR_BCC7\CONTRIB\HWGUI\LIB\HWGUI.LIB|htimer ACBP=A9
 0001:0000CD34 00000390 C=CODE    S=_TEXT    G=(none)   M=D:\DEVEL\XHARBOUR_BCC7\CONTRIB\HWGUI\LIB\HWGUI.LIB|hwindow ACBP=A9
 0001:0000D0C4 000001F5 C=CODE    S=_TEXT    G=(none)   M=D:\DEVEL\XHARBOUR_BCC7\CONTRIB\HWGUI\LIB\HWGUI.LIB|menu ACBP=A9
 0001:0000D2BC 00001162 C=CODE    S=_TEXT    G=(none)   M=D:\DEVEL\XHARBOUR_BCC7\CONTRIB\HWGUI\LIB\HWGUI.LIB|menu_c ACBP=A9
 0001:0000E420 000001B6 C=CODE    S=_TEXT    G=(none)   M=D:\DEVEL\XHARBOUR_BCC7\CONTRIB\HWGUI\LIB\HWGUI.LIB|message ACBP=A9
 0001:0000E5D8 00001646 C=CODE    S=_TEXT    G=(none)   M=D:\DEVEL\XHARBOUR_BCC7\CONTRIB\HWGUI\LIB\HWGUI.LIB|misc ACBP=A9
 0001:0000FC20 000007F5 C=CODE    S=_TEXT    G=(none)   M=D:\DEVEL\XHARBOUR_BCC7\CONTRIB\HWGUI\LIB\HWGUI.LIB|nice ACBP=A9
 0001:00010418 0000046B C=CODE    S=_TEXT    G=(none)   M=D:\DEVEL\XHARBOUR_BCC7\CONTRIB\HWGUI\LIB\HWGUI.LIB|prnalone ACBP=A9
 0001:00010884 00000146 C=CODE    S=_TEXT    G=(none)   M=D:\DEVEL\XHARBOUR_BCC7\CONTRIB\HWGUI\LIB\HWGUI.LIB|resource ACBP=A9
 0001:000109CC 000003E3 C=CODE    S=_TEXT    G=(none)   M=D:\DEVEL\XHARBOUR_BCC7\CONTRIB\HWGUI\LIB\HWGUI.LIB|shellapi ACBP=A9
 0001:00010DB0 000018EE C=CODE    S=_TEXT    G=(none)   M=D:\DEVEL\XHARBOUR_BCC7\CONTRIB\HWGUI\LIB\HWGUI.LIB|theme ACBP=A9
 0001:000126A0 0000244A C=CODE    S=_TEXT    G=(none)   M=D:\DEVEL\XHARBOUR_BCC7\CONTRIB\HWGUI\LIB\HWGUI.LIB|window ACBP=A9
 0001:00014AEC 0000011D C=CODE    S=_TEXT    G=(none)   M=D:\DEVEL\XHARBOUR_BCC7\CONTRIB\HWGUI\LIB\HWGUI.LIB|procs7 ACBP=A9
 0001:00014C09 00000229 C=CODE    S=_TEXT    G=(none)   M=D:\DEVEL\XHARBOUR_BCC7\LIB\HBZIP.LIB|ziparchive ACBP=A9
 0001:00014D44 00001D31 C=CODE    S=_TEXT    G=(none)   M=D:\DEVEL\XHARBOUR_BCC7\LIB\VM.LIB|arrays ACBP=A9
 0001:00016A78 000035EF C=CODE    S=_TEXT    G=(none)   M=D:\DEVEL\XHARBOUR_BCC7\LIB\VM.LIB|arrayshb ACBP=A9
 0001:0001A068 00000685 C=CODE    S=_TEXT    G=(none)   M=D:\DEVEL\XHARBOUR_BCC7\LIB\VM.LIB|asort ACBP=A9
 0001:0001A6F0 00005AF3 C=CODE    S=_TEXT    G=(none)   M=D:\DEVEL\XHARBOUR_BCC7\LIB\VM.LIB|classes ACBP=A9
 0001:000201E4 000002E1 C=CODE    S=_TEXT    G=(none)   M=D:\DEVEL\XHARBOUR_BCC7\LIB\VM.LIB|codebloc ACBP=A9
 0001:000204C8 00000794 C=CODE    S=_TEXT    G=(none)   M=D:\DEVEL\XHARBOUR_BCC7\LIB\VM.LIB|dynsym ACBP=A9
 0001:00020C5C 00002195 C=CODE    S=_TEXT    G=(none)   M=D:\DEVEL\XHARBOUR_BCC7\LIB\VM.LIB|errorapi ACBP=A9
 0001:00022DF4 00000B09 C=CODE    S=_TEXT    G=(none)   M=D:\DEVEL\XHARBOUR_BCC7\LIB\VM.LIB|estack ACBP=A9
 0001:00023900 00000AB4 C=CODE    S=_TEXT    G=(none)   M=D:\DEVEL\XHARBOUR_BCC7\LIB\VM.LIB|eval ACBP=A9
 0001:000243B4 00000085 C=CODE    S=_TEXT    G=(none)   M=D:\DEVEL\XHARBOUR_BCC7\LIB\VM.LIB|evalhb ACBP=A9
 0001:0002443C 00001D6A C=CODE    S=_TEXT    G=(none)   M=D:\DEVEL\XHARBOUR_BCC7\LIB\VM.LIB|extend ACBP=A9
 0001:000261A8 000041D5 C=CODE    S=_TEXT    G=(none)   M=D:\DEVEL\XHARBOUR_BCC7\LIB\VM.LIB|fm ACBP=A9
 0001:0002A380 00000EA0 C=CODE    S=_TEXT    G=(none)   M=D:\DEVEL\XHARBOUR_BCC7\LIB\VM.LIB|garbage ACBP=A9
 0001:0002B220 000034E2 C=CODE    S=_TEXT    G=(none)   M=D:\DEVEL\XHARBOUR_BCC7\LIB\VM.LIB|hash ACBP=A9
 0001:0002E704 000132B3 C=CODE    S=_TEXT    G=(none)   M=D:\DEVEL\XHARBOUR_BCC7\LIB\VM.LIB|hvm ACBP=A9
 0001:000419B8 00000030 C=CODE    S=_TEXT    G=(none)   M=D:\DEVEL\XHARBOUR_BCC7\LIB\VM.LIB|initexit ACBP=A9
 0001:000419E8 00002138 C=CODE    S=_TEXT    G=(none)   M=D:\DEVEL\XHARBOUR_BCC7\LIB\VM.LIB|itemapi ACBP=A9
 0001:00043B20 00000957 C=CODE    S=_TEXT    G=(none)   M=D:\DEVEL\XHARBOUR_BCC7\LIB\VM.LIB|fastitem ACBP=A9
 0001:00044478 00001CB4 C=CODE    S=_TEXT    G=(none)   M=D:\DEVEL\XHARBOUR_BCC7\LIB\VM.LIB|macro ACBP=A9
 0001:0004612C 00001E2E C=CODE    S=_TEXT    G=(none)   M=D:\DEVEL\XHARBOUR_BCC7\LIB\VM.LIB|memvars ACBP=A9
 0001:00047F5C 0000002B C=CODE    S=_TEXT    G=(none)   M=D:\DEVEL\XHARBOUR_BCC7\LIB\VM.LIB|pcount ACBP=A9
 0001:00047F88 00000355 C=CODE    S=_TEXT    G=(none)   M=D:\DEVEL\XHARBOUR_BCC7\LIB\VM.LIB|proc ACBP=A9
 0001:000482E0 00004C22 C=CODE    S=_TEXT    G=(none)   M=D:\DEVEL\XHARBOUR_BCC7\LIB\VM.LIB|set ACBP=A9
 0001:0004CF04 00000268 C=CODE    S=_TEXT    G=(none)   M=D:\DEVEL\XHARBOUR_BCC7\LIB\VM.LIB|thread ACBP=A9
 0001:0004D16C 000005CF C=CODE    S=_TEXT    G=(none)   M=D:\DEVEL\XHARBOUR_BCC7\LIB\VM.LIB|cmdarg ACBP=A9
 0001:0004D73C 000011C9 C=CODE    S=_TEXT    G=(none)   M=D:\DEVEL\XHARBOUR_BCC7\LIB\VM.LIB|hbi18n ACBP=A9
 0001:0004E908 00000014 C=CODE    S=_TEXT    G=(none)   M=D:\DEVEL\XHARBOUR_BCC7\LIB\VM.LIB|break ACBP=A9
 0001:0004E91C 00000019 C=CODE    S=_TEXT    G=(none)   M=D:\DEVEL\XHARBOUR_BCC7\LIB\VM.LIB|initsymb ACBP=A9
 0001:0004E938 00000076 C=CODE    S=_TEXT    G=(none)   M=D:\DEVEL\XHARBOUR_BCC7\LIB\VM.LIB|throw ACBP=A9
 0001:0004E9B0 00000100 C=CODE    S=_TEXT    G=(none)   M=D:\DEVEL\XHARBOUR_BCC7\LIB\VM.LIB|harbinit ACBP=A9
 0001:0004EAB0 00000674 C=CODE    S=_TEXT    G=(none)   M=D:\DEVEL\XHARBOUR_BCC7\LIB\VM.LIB|bkgtsks ACBP=A9
 0001:0004F124 0000012C C=CODE    S=_TEXT    G=(none)   M=D:\DEVEL\XHARBOUR_BCC7\LIB\VM.LIB|mainwin ACBP=A9
 0001:0004F250 000001BC C=CODE    S=_TEXT    G=(none)   M=D:\DEVEL\XHARBOUR_BCC7\LIB\RTL.LIB|abs ACBP=A9
 0001:0004F40C 00000497 C=CODE    S=_TEXT    G=(none)   M=D:\DEVEL\XHARBOUR_BCC7\LIB\RTL.LIB|at ACBP=A9
 0001:0004F8A4 000025C6 C=CODE    S=_TEXT    G=(none)   M=D:\DEVEL\XHARBOUR_BCC7\LIB\RTL.LIB|cdpapi ACBP=A9
 0001:00051E6C 000000AF C=CODE    S=_TEXT    G=(none)   M=D:\DEVEL\XHARBOUR_BCC7\LIB\RTL.LIB|chrasc ACBP=A9
 0001:00051F1C 00000B75 C=CODE    S=_TEXT    G=(none)   M=D:\DEVEL\XHARBOUR_BCC7\LIB\RTL.LIB|console ACBP=A9
 0001:00052A94 00000167 C=CODE    S=_TEXT    G=(none)   M=D:\DEVEL\XHARBOUR_BCC7\LIB\RTL.LIB|datec ACBP=A9
 0001:00052BFC 000011E7 C=CODE    S=_TEXT    G=(none)   M=D:\DEVEL\XHARBOUR_BCC7\LIB\RTL.LIB|dateshb ACBP=A9
 0001:00053DE4 0000054A C=CODE    S=_TEXT    G=(none)   M=D:\DEVEL\XHARBOUR_BCC7\LIB\RTL.LIB|dirdrive ACBP=A9
 0001:00054330 00000254 C=CODE    S=_TEXT    G=(none)   M=D:\DEVEL\XHARBOUR_BCC7\LIB\RTL.LIB|empty ACBP=A9
 0001:00054584 00000154 C=CODE    S=_TEXT    G=(none)   M=D:\DEVEL\XHARBOUR_BCC7\LIB\RTL.LIB|file ACBP=A9
 0001:000546D8 00000C39 C=CODE    S=_TEXT    G=(none)   M=D:\DEVEL\XHARBOUR_BCC7\LIB\RTL.LIB|filebuf ACBP=A9
 0001:00055314 00000074 C=CODE    S=_TEXT    G=(none)   M=D:\DEVEL\XHARBOUR_BCC7\LIB\RTL.LIB|filehb ACBP=A9
 0001:00055388 00001D92 C=CODE    S=_TEXT    G=(none)   M=D:\DEVEL\XHARBOUR_BCC7\LIB\RTL.LIB|filesys ACBP=A9
 0001:0005711C 000000D5 C=CODE    S=_TEXT    G=(none)   M=D:\DEVEL\XHARBOUR_BCC7\LIB\RTL.LIB|fserror ACBP=A9
 0001:000571F4 000000D0 C=CODE    S=_TEXT    G=(none)   M=D:\DEVEL\XHARBOUR_BCC7\LIB\RTL.LIB|fnsplit ACBP=A9
 0001:000572C4 00000996 C=CODE    S=_TEXT    G=(none)   M=D:\DEVEL\XHARBOUR_BCC7\LIB\RTL.LIB|fparse ACBP=A9
 0001:00057C5C 00000107 C=CODE    S=_TEXT    G=(none)   M=D:\DEVEL\XHARBOUR_BCC7\LIB\RTL.LIB|fssize ACBP=A9
 0001:00057D64 000003EF C=CODE    S=_TEXT    G=(none)   M=D:\DEVEL\XHARBOUR_BCC7\LIB\RTL.LIB|fstemp ACBP=A9
 0001:00058154 00000F46 C=CODE    S=_TEXT    G=(none)   M=D:\DEVEL\XHARBOUR_BCC7\LIB\RTL.LIB|gtapi ACBP=A9
 0001:0005909C 000002B7 C=CODE    S=_TEXT    G=(none)   M=D:\DEVEL\XHARBOUR_BCC7\LIB\RTL.LIB|gtclip ACBP=A9
 0001:00059354 00000001 C=CODE    S=_TEXT    G=(none)   M=D:\DEVEL\XHARBOUR_BCC7\LIB\RTL.LIB|gtsys ACBP=A9
 0001:00059358 00000496 C=CODE    S=_TEXT    G=(none)   M=D:\DEVEL\XHARBOUR_BCC7\LIB\RTL.LIB|hbbitf ACBP=A9
 0001:000597F0 000007F7 C=CODE    S=_TEXT    G=(none)   M=D:\DEVEL\XHARBOUR_BCC7\LIB\RTL.LIB|hbserv ACBP=A9
 0001:00059FE8 000007F9 C=CODE    S=_TEXT    G=(none)   M=D:\DEVEL\XHARBOUR_BCC7\LIB\RTL.LIB|hbffind ACBP=A9
 0001:0005A7E4 00003D71 C=CODE    S=_TEXT    G=(none)   M=D:\DEVEL\XHARBOUR_BCC7\LIB\RTL.LIB|hbgtcore ACBP=A9
 0001:0005E558 00000489 C=CODE    S=_TEXT    G=(none)   M=D:\DEVEL\XHARBOUR_BCC7\LIB\RTL.LIB|hbhex2n ACBP=A9
 0001:0005E9E4 000002DC C=CODE    S=_TEXT    G=(none)   M=D:\DEVEL\XHARBOUR_BCC7\LIB\RTL.LIB|hbrandom ACBP=A9
 0001:0005ECC0 0000062A C=CODE    S=_TEXT    G=(none)   M=D:\DEVEL\XHARBOUR_BCC7\LIB\RTL.LIB|hbtoken ACBP=A9
 0001:0005F2EC 0000047E C=CODE    S=_TEXT    G=(none)   M=D:\DEVEL\XHARBOUR_BCC7\LIB\RTL.LIB|idle ACBP=A9
 0001:0005F76C 00000487 C=CODE    S=_TEXT    G=(none)   M=D:\DEVEL\XHARBOUR_BCC7\LIB\RTL.LIB|inkey ACBP=A9
 0001:0005FBF4 00000119 C=CODE    S=_TEXT    G=(none)   M=D:\DEVEL\XHARBOUR_BCC7\LIB\RTL.LIB|inkeyapi ACBP=A9
 0001:0005FD10 0000049E C=CODE    S=_TEXT    G=(none)   M=D:\DEVEL\XHARBOUR_BCC7\LIB\RTL.LIB|is ACBP=A9
 0001:000601B0 0000029F C=CODE    S=_TEXT    G=(none)   M=D:\DEVEL\XHARBOUR_BCC7\LIB\RTL.LIB|langapi ACBP=A9
 0001:00060450 000000CC C=CODE    S=_TEXT    G=(none)   M=D:\DEVEL\XHARBOUR_BCC7\LIB\RTL.LIB|left ACBP=A9
 0001:0006051C 00000093 C=CODE    S=_TEXT    G=(none)   M=D:\DEVEL\XHARBOUR_BCC7\LIB\RTL.LIB|len ACBP=A9
 0001:000605B0 00000A80 C=CODE    S=_TEXT    G=(none)   M=D:\DEVEL\XHARBOUR_BCC7\LIB\RTL.LIB|math ACBP=A9
 0001:00061030 0000020B C=CODE    S=_TEXT    G=(none)   M=D:\DEVEL\XHARBOUR_BCC7\LIB\RTL.LIB|memofile ACBP=A9
 0001:0006123C 000006A6 C=CODE    S=_TEXT    G=(none)   M=D:\DEVEL\XHARBOUR_BCC7\LIB\RTL.LIB|minmax ACBP=A9
 0001:000618E4 00000071 C=CODE    S=_TEXT    G=(none)   M=D:\DEVEL\XHARBOUR_BCC7\LIB\RTL.LIB|net ACBP=A9
 0001:00061958 000000DE C=CODE    S=_TEXT    G=(none)   M=D:\DEVEL\XHARBOUR_BCC7\LIB\RTL.LIB|oemansi ACBP=A9
 0001:00061A38 0000010F C=CODE    S=_TEXT    G=(none)   M=D:\DEVEL\XHARBOUR_BCC7\LIB\RTL.LIB|padl ACBP=A9
 0001:00061B48 00000108 C=CODE    S=_TEXT    G=(none)   M=D:\DEVEL\XHARBOUR_BCC7\LIB\RTL.LIB|padr ACBP=A9
 0001:00061C50 00000CEE C=CODE    S=_TEXT    G=(none)   M=D:\DEVEL\XHARBOUR_BCC7\LIB\RTL.LIB|philes ACBP=A9
 0001:00062940 000000F8 C=CODE    S=_TEXT    G=(none)   M=D:\DEVEL\XHARBOUR_BCC7\LIB\RTL.LIB|rat ACBP=A9
 0001:00062A38 0000012F C=CODE    S=_TEXT    G=(none)   M=D:\DEVEL\XHARBOUR_BCC7\LIB\RTL.LIB|replic ACBP=A9
 0001:00062B68 00000093 C=CODE    S=_TEXT    G=(none)   M=D:\DEVEL\XHARBOUR_BCC7\LIB\RTL.LIB|right ACBP=A9
 0001:00062BFC 00000132 C=CODE    S=_TEXT    G=(none)   M=D:\DEVEL\XHARBOUR_BCC7\LIB\RTL.LIB|round ACBP=A9
 0001:00062D30 000001FC C=CODE    S=_TEXT    G=(none)   M=D:\DEVEL\XHARBOUR_BCC7\LIB\RTL.LIB|samples ACBP=A9
 0001:00062F2C 000002CC C=CODE    S=_TEXT    G=(none)   M=D:\DEVEL\XHARBOUR_BCC7\LIB\RTL.LIB|seconds ACBP=A9
 0001:000631F8 000011EA C=CODE    S=_TEXT    G=(none)   M=D:\DEVEL\XHARBOUR_BCC7\LIB\RTL.LIB|regex ACBP=A9
 0001:000643E4 00000155 C=CODE    S=_TEXT    G=(none)   M=D:\DEVEL\XHARBOUR_BCC7\LIB\RTL.LIB|setcolor ACBP=A9
 0001:0006453C 00000064 C=CODE    S=_TEXT    G=(none)   M=D:\DEVEL\XHARBOUR_BCC7\LIB\RTL.LIB|setcurs ACBP=A9
 0001:000645A0 0000059D C=CODE    S=_TEXT    G=(none)   M=D:\DEVEL\XHARBOUR_BCC7\LIB\RTL.LIB|setkey ACBP=A9
 0001:00064B40 0000008D C=CODE    S=_TEXT    G=(none)   M=D:\DEVEL\XHARBOUR_BCC7\LIB\RTL.LIB|setpos ACBP=A9
 0001:00064BD0 0000002A C=CODE    S=_TEXT    G=(none)   M=D:\DEVEL\XHARBOUR_BCC7\LIB\RTL.LIB|setposbs ACBP=A9
 0001:00064BFC 00000086 C=CODE    S=_TEXT    G=(none)   M=D:\DEVEL\XHARBOUR_BCC7\LIB\RTL.LIB|space ACBP=A9
 0001:00064C84 000002FA C=CODE    S=_TEXT    G=(none)   M=D:\DEVEL\XHARBOUR_BCC7\LIB\RTL.LIB|spfiles ACBP=A9
 0001:00064F80 0000023D C=CODE    S=_TEXT    G=(none)   M=D:\DEVEL\XHARBOUR_BCC7\LIB\RTL.LIB|str ACBP=A9
 0001:000651C0 00000336 C=CODE    S=_TEXT    G=(none)   M=D:\DEVEL\XHARBOUR_BCC7\LIB\RTL.LIB|strcase ACBP=A9
 0001:000654F8 00000035 C=CODE    S=_TEXT    G=(none)   M=D:\DEVEL\XHARBOUR_BCC7\LIB\RTL.LIB|strings ACBP=A9
 0001:00065530 0000068D C=CODE    S=_TEXT    G=(none)   M=D:\DEVEL\XHARBOUR_BCC7\LIB\RTL.LIB|strmatch ACBP=A9
 0001:00065BC0 00000324 C=CODE    S=_TEXT    G=(none)   M=D:\DEVEL\XHARBOUR_BCC7\LIB\RTL.LIB|strtran ACBP=A9
 0001:00065EE4 0000017E C=CODE    S=_TEXT    G=(none)   M=D:\DEVEL\XHARBOUR_BCC7\LIB\RTL.LIB|stuff ACBP=A9
 0001:00066064 00000153 C=CODE    S=_TEXT    G=(none)   M=D:\DEVEL\XHARBOUR_BCC7\LIB\RTL.LIB|substr ACBP=A9
 0001:000661B8 00001174 C=CODE    S=_TEXT    G=(none)   M=D:\DEVEL\XHARBOUR_BCC7\LIB\RTL.LIB|tprinter ACBP=A9
 0001:0006732C 000001B0 C=CODE    S=_TEXT    G=(none)   M=D:\DEVEL\XHARBOUR_BCC7\LIB\RTL.LIB|trace ACBP=A9
 0001:000674DC 00001D00 C=CODE    S=_TEXT    G=(none)   M=D:\DEVEL\XHARBOUR_BCC7\LIB\RTL.LIB|transfrm ACBP=A9
 0001:000691DC 0000025E C=CODE    S=_TEXT    G=(none)   M=D:\DEVEL\XHARBOUR_BCC7\LIB\RTL.LIB|trim ACBP=A9
 0001:0006943C 00000077 C=CODE    S=_TEXT    G=(none)   M=D:\DEVEL\XHARBOUR_BCC7\LIB\RTL.LIB|type ACBP=A9
 0001:000694B4 0000009D C=CODE    S=_TEXT    G=(none)   M=D:\DEVEL\XHARBOUR_BCC7\LIB\RTL.LIB|val ACBP=A9
 0001:00069554 000001D7 C=CODE    S=_TEXT    G=(none)   M=D:\DEVEL\XHARBOUR_BCC7\LIB\RTL.LIB|valtostr ACBP=A9
 0001:0006972C 0000042E C=CODE    S=_TEXT    G=(none)   M=D:\DEVEL\XHARBOUR_BCC7\LIB\RTL.LIB|valtype ACBP=A9
 0001:00069B5C 00000394 C=CODE    S=_TEXT    G=(none)   M=D:\DEVEL\XHARBOUR_BCC7\LIB\RTL.LIB|version ACBP=A9
 0001:00069EF0 0000004A C=CODE    S=_TEXT    G=(none)   M=D:\DEVEL\XHARBOUR_BCC7\LIB\RTL.LIB|word ACBP=A9
 0001:00069F3C 0000005C C=CODE    S=_TEXT    G=(none)   M=D:\DEVEL\XHARBOUR_BCC7\LIB\RTL.LIB|xhelp ACBP=A9
 0001:00069F98 000000E4 C=CODE    S=_TEXT    G=(none)   M=D:\DEVEL\XHARBOUR_BCC7\LIB\RTL.LIB|xsavescr ACBP=A9
 0001:0006A07C 00000164 C=CODE    S=_TEXT    G=(none)   M=D:\DEVEL\XHARBOUR_BCC7\LIB\RTL.LIB|cstr ACBP=A9
 0001:0006A1E0 00000060 C=CODE    S=_TEXT    G=(none)   M=D:\DEVEL\XHARBOUR_BCC7\LIB\RTL.LIB|fieldbl ACBP=A9
 0001:0006A240 000001DC C=CODE    S=_TEXT    G=(none)   M=D:\DEVEL\XHARBOUR_BCC7\LIB\RTL.LIB|objfunc ACBP=A9
 0001:0006A41C 00000204 C=CODE    S=_TEXT    G=(none)   M=D:\DEVEL\XHARBOUR_BCC7\LIB\RTL.LIB|tclass ACBP=A9
 0001:0006A620 000001A3 C=CODE    S=_TEXT    G=(none)   M=D:\DEVEL\XHARBOUR_BCC7\LIB\RTL.LIB|tobject ACBP=A9
 0001:0006A7C4 00000060 C=CODE    S=_TEXT    G=(none)   M=D:\DEVEL\XHARBOUR_BCC7\LIB\RTL.LIB|traceprg ACBP=A9
 0001:0006A824 0000026E C=CODE    S=_TEXT    G=(none)   M=D:\DEVEL\XHARBOUR_BCC7\LIB\RTL.LIB|tscalar ACBP=A9
 0001:0006AA94 00002A35 C=CODE    S=_TEXT    G=(none)   M=D:\DEVEL\XHARBOUR_BCC7\LIB\MACRO.LIB|macroy ACBP=A9
 0001:0006D4CC 00000359 C=CODE    S=_TEXT    G=(none)   M=D:\DEVEL\XHARBOUR_BCC7\LIB\MACRO.LIB|macroa ACBP=A9
 0001:0006D828 00005D7D C=CODE    S=_TEXT    G=(none)   M=D:\DEVEL\XHARBOUR_BCC7\LIB\MACRO.LIB|macrob ACBP=A9
 0001:000735A8 000008B4 C=CODE    S=_TEXT    G=(none)   M=D:\DEVEL\XHARBOUR_BCC7\LIB\MACRO.LIB|macroc ACBP=A9
 0001:00073E5C 00002369 C=CODE    S=_TEXT    G=(none)   M=D:\DEVEL\XHARBOUR_BCC7\LIB\MACRO.LIB|macroslx ACBP=A9
 0001:000761C8 0000003F C=CODE    S=_TEXT    G=(none)   M=D:\DEVEL\XHARBOUR_BCC7\LIB\COMMON.LIB|hbfopen ACBP=A9
 0001:00076208 000003DF C=CODE    S=_TEXT    G=(none)   M=D:\DEVEL\XHARBOUR_BCC7\LIB\COMMON.LIB|hbfsapi ACBP=A9
 0001:000765E8 000000F7 C=CODE    S=_TEXT    G=(none)   M=D:\DEVEL\XHARBOUR_BCC7\LIB\COMMON.LIB|hbgete ACBP=A9
 0001:000766E0 000005CA C=CODE    S=_TEXT    G=(none)   M=D:\DEVEL\XHARBOUR_BCC7\LIB\COMMON.LIB|hbmem ACBP=A9
 0001:00076CAC 0000169E C=CODE    S=_TEXT    G=(none)   M=D:\DEVEL\XHARBOUR_BCC7\LIB\COMMON.LIB|hbstr ACBP=A9
 0001:0007834C 00001AA1 C=CODE    S=_TEXT    G=(none)   M=D:\DEVEL\XHARBOUR_BCC7\LIB\COMMON.LIB|hbprintf ACBP=A9
 0001:00079DF0 00000226 C=CODE    S=_TEXT    G=(none)   M=D:\DEVEL\XHARBOUR_BCC7\LIB\COMMON.LIB|hbtrace ACBP=A9
 0001:0007A018 00001056 C=CODE    S=_TEXT    G=(none)   M=D:\DEVEL\XHARBOUR_BCC7\LIB\COMMON.LIB|hbver ACBP=A9
 0001:0007B070 00000B1A C=CODE    S=_TEXT    G=(none)   M=D:\DEVEL\XHARBOUR_BCC7\LIB\COMMON.LIB|expropt1 ACBP=A9
 0001:0007BB8C 00001645 C=CODE    S=_TEXT    G=(none)   M=D:\DEVEL\XHARBOUR_BCC7\LIB\COMMON.LIB|expropt2 ACBP=A9
 0001:0007D1D4 00000060 C=CODE    S=_TEXT    G=(none)   M=D:\DEVEL\XHARBOUR_BCC7\LIB\COMMON.LIB|reserved ACBP=A9
 0001:0007D234 00001919 C=CODE    S=_TEXT    G=(none)   M=D:\DEVEL\XHARBOUR_BCC7\LIB\COMMON.LIB|hbdate ACBP=A9
 0001:0007EB50 00000181 C=CODE    S=_TEXT    G=(none)   M=D:\DEVEL\XHARBOUR_BCC7\LIB\COMMON.LIB|hbwince ACBP=A9
 0001:0007ECD4 00000010 C=CODE    S=_TEXT    G=(none)   M=D:\DEVEL\XHARBOUR_BCC7\LIB\LANG.LIB|msgen ACBP=A9
 0001:0007ECE4 000037F3 C=CODE    S=_TEXT    G=(none)   M=D:\DEVEL\XHARBOUR_BCC7\LIB\RDD.LIB|dbcmd ACBP=A9
 0001:000824D8 00000C62 C=CODE    S=_TEXT    G=(none)   M=D:\DEVEL\XHARBOUR_BCC7\LIB\RDD.LIB|dbcmd53 ACBP=A9
 0001:0008313C 000025FE C=CODE    S=_TEXT    G=(none)   M=D:\DEVEL\XHARBOUR_BCC7\LIB\RDD.LIB|workarea ACBP=A9
 0001:0008573C 0000086B C=CODE    S=_TEXT    G=(none)   M=D:\DEVEL\XHARBOUR_BCC7\LIB\RDD.LIB|wacore ACBP=A9
 0001:00085FA8 000014B3 C=CODE    S=_TEXT    G=(none)   M=D:\DEVEL\XHARBOUR_BCC7\LIB\RDD.LIB|wafunc ACBP=A9
 0001:0008745C 00008504 C=CODE    S=_TEXT    G=(none)   M=D:\DEVEL\XHARBOUR_BCC7\LIB\RDD.LIB|dbf1 ACBP=A9
 0001:0008F960 000006AB C=CODE    S=_TEXT    G=(none)   M=D:\DEVEL\XHARBOUR_BCC7\LIB\RDD.LIB|hbdbsort ACBP=A9
 0001:0009000C 000000D8 C=CODE    S=_TEXT    G=(none)   M=D:\DEVEL\XHARBOUR_BCC7\LIB\RDD.LIB|rddord ACBP=A9
 0001:000900E4 0000004C C=CODE    S=_TEXT    G=(none)   M=D:\DEVEL\XHARBOUR_BCC7\LIB\RDD.LIB|rddsys ACBP=A9
 0001:00090130 0000ABE4 C=CODE    S=_TEXT    G=(none)   M=D:\DEVEL\XHARBOUR_BCC7\LIB\DBFNTX.LIB|dbfntx1 ACBP=A9
 0001:0009AD14 000076A4 C=CODE    S=_TEXT    G=(none)   M=D:\DEVEL\XHARBOUR_BCC7\LIB\DBFFPT.LIB|dbffpt1 ACBP=A9
 0001:000A23B8 00007DF8 C=CODE    S=_TEXT    G=(none)   M=D:\DEVEL\XHARBOUR_BCC7\LIB\PCREPOS.LIB|pcre_compile ACBP=A9
 0001:000AA1B0 0000B8A8 C=CODE    S=_TEXT    G=(none)   M=D:\DEVEL\XHARBOUR_BCC7\LIB\PCREPOS.LIB|pcre_exec ACBP=A9
 0001:000B5A58 0000025E C=CODE    S=_TEXT    G=(none)   M=D:\DEVEL\XHARBOUR_BCC7\LIB\PCREPOS.LIB|pcre_fullinfo ACBP=A9
 0001:000B5CB8 000003E6 C=CODE    S=_TEXT    G=(none)   M=D:\DEVEL\XHARBOUR_BCC7\LIB\PCREPOS.LIB|pcre_newline ACBP=A9
 0001:000B60A0 0000004F C=CODE    S=_TEXT    G=(none)   M=D:\DEVEL\XHARBOUR_BCC7\LIB\PCREPOS.LIB|pcre_ord2utf8 ACBP=A9
 0001:000B60F0 00000474 C=CODE    S=_TEXT    G=(none)   M=D:\DEVEL\XHARBOUR_BCC7\LIB\PCREPOS.LIB|pcre_valid_utf8 ACBP=A9
 0001:000B6564 00000016 C=CODE    S=_TEXT    G=(none)   M=D:\DEVEL\XHARBOUR_BCC7\LIB\PCREPOS.LIB|pcre_version ACBP=A9
 0001:000B657C 00000411 C=CODE    S=_TEXT    G=(none)   M=D:\DEVEL\XHARBOUR_BCC7\LIB\PCREPOS.LIB|pcre_xclass ACBP=A9
 0001:000B6990 000003C5 C=CODE    S=_TEXT    G=(none)   M=D:\DEVEL\XHARBOUR_BCC7\LIB\PCREPOS.LIB|pcreposix ACBP=A9
 0001:000B6D58 000003BF C=CODE    S=_TEXT    G=(none)   M=D:\DEVEL\XHARBOUR_BCC7\LIB\HBSIX.LIB|sxcrypt ACBP=A9
 0001:000B7118 000000F8 C=CODE    S=_TEXT    G=(none)   M=D:\DEVEL\XHARBOUR_BCC7\LIB\HBSIX.LIB|sxdate ACBP=A9
 0001:000B7210 00000028 C=CODE    S=_TEXT    G=(none)   M=D:\DEVEL\BCC72\LIB\CW32.LIB|delaop ACBP=A9
 0001:000B7238 0000002E C=CODE    S=_TEXT    G=(none)   M=D:\DEVEL\BCC72\LIB\CW32.LIB|delop ACBP=A9
 0001:000B7268 0000004E C=CODE    S=_TEXT    G=(none)   M=D:\DEVEL\BCC72\LIB\CW32.LIB|exceptio ACBP=A9
 0001:000B729D 00000099 C=CODE    S=_TEXT    G=(none)   M=D:\DEVEL\BCC72\LIB\CW32.LIB|gccex ACBP=A9
 0001:000B72EC 0000014B C=CODE    S=_TEXT    G=(none)   M=D:\DEVEL\BCC72\LIB\CW32.LIB|hrdir_b ACBP=A9
 0001:000B7438 00000020 C=CODE    S=_TEXT    G=(none)   M=D:\DEVEL\BCC72\LIB\CW32.LIB|hrdir_mf ACBP=A9
 0001:000B7458 000000DC C=CODE    S=_TEXT    G=(none)   M=D:\DEVEL\BCC72\LIB\CW32.LIB|hrdir_s ACBP=A9
 0001:000B7534 00000001 C=CODE    S=_TEXT    G=(none)   M=D:\DEVEL\BCC72\LIB\CW32.LIB|hrdir_us ACBP=A9
 0001:000B7538 00000DC2 C=CODE    S=_TEXT    G=(none)   M=D:\DEVEL\BCC72\LIB\CW32.LIB|_fastmm ACBP=A9
 0001:000B82FC 00000B42 C=CODE    S=_TEXT    G=(none)   M=D:\DEVEL\BCC72\LIB\CW32.LIB|_fastmma ACBP=A9
 0001:000B8E40 0000004A C=CODE    S=_TEXT    G=(none)   M=D:\DEVEL\BCC72\LIB\CW32.LIB|heap ACBP=A9
 0001:000B8E8C 00000065 C=CODE    S=_TEXT    G=(none)   M=D:\DEVEL\BCC72\LIB\CW32.LIB|realloc ACBP=A9
 0001:000B8EF4 00000001 C=CODE    S=_TEXT    G=(none)   M=D:\DEVEL\BCC72\LIB\CW32.LIB|crtlst_i ACBP=A9
 0001:000B8EF8 00000001 C=CODE    S=_TEXT    G=(none)   M=D:\DEVEL\BCC72\LIB\CW32.LIB|crtlst_l ACBP=A9
 0001:000B8EFC 00000032 C=CODE    S=_TEXT    G=(none)   M=D:\DEVEL\BCC72\LIB\CW32.LIB|strdup ACBP=A9
 0001:000B8F30 000000A3 C=CODE    S=_TEXT    G=(none)   M=D:\DEVEL\BCC72\LIB\CW32.LIB|strerror ACBP=A9
 0001:000B8FD4 0000004F C=CODE    S=_TEXT    G=(none)   M=D:\DEVEL\BCC72\LIB\CW32.LIB|strncpy ACBP=A9
 0001:000B9024 0000002D C=CODE    S=_TEXT    G=(none)   M=D:\DEVEL\BCC72\LIB\CW32.LIB|strpbrk ACBP=A9
 0001:000B9054 00000029 C=CODE    S=_TEXT    G=(none)   M=D:\DEVEL\BCC72\LIB\CW32.LIB|strrchr ACBP=A9
 0001:000B9080 00000060 C=CODE    S=_TEXT    G=(none)   M=D:\DEVEL\BCC72\LIB\CW32.LIB|strstr ACBP=A9
 0001:000B90E0 0000003F C=CODE    S=_TEXT    G=(none)   M=D:\DEVEL\BCC72\LIB\CW32.LIB|wcscpy ACBP=A9
 0001:000B9120 00000018 C=CODE    S=_TEXT    G=(none)   M=D:\DEVEL\BCC72\LIB\CW32.LIB|wcslen ACBP=A9
 0001:000B9138 000000E4 C=CODE    S=_TEXT    G=(none)   M=D:\DEVEL\BCC72\LIB\CW32.LIB|wcsnicmp ACBP=A9
 0001:000B921C 00000037 C=CODE    S=_TEXT    G=(none)   M=D:\DEVEL\BCC72\LIB\CW32.LIB|_stpcpy ACBP=A9
 0001:000B9254 00000055 C=CODE    S=_TEXT    G=(none)   M=D:\DEVEL\BCC72\LIB\CW32.LIB|memchr ACBP=A9
 0001:000B92AC 0000006C C=CODE    S=_TEXT    G=(none)   M=D:\DEVEL\BCC72\LIB\CW32.LIB|memcmp ACBP=A9
 0001:000B9318 00000016 C=CODE    S=_TEXT    G=(none)   M=D:\DEVEL\BCC72\LIB\CW32.LIB|memcpy ACBP=A9
 0001:000B9330 00000117 C=CODE    S=_TEXT    G=(none)   M=D:\DEVEL\BCC72\LIB\CW32.LIB|memmove ACBP=A9
 0001:000B9448 000000B3 C=CODE    S=_TEXT    G=(none)   M=D:\DEVEL\BCC72\LIB\CW32.LIB|memset ACBP=A9
 0001:000B94FC 0000005D C=CODE    S=_TEXT    G=(none)   M=D:\DEVEL\BCC72\LIB\CW32.LIB|strcat ACBP=A9
 0001:000B955C 0000004E C=CODE    S=_TEXT    G=(none)   M=D:\DEVEL\BCC72\LIB\CW32.LIB|strchr ACBP=A9
 0001:000B95AC 0000005A C=CODE    S=_TEXT    G=(none)   M=D:\DEVEL\BCC72\LIB\CW32.LIB|strlen ACBP=A9
 0001:000B9608 0000007A C=CODE    S=_TEXT    G=(none)   M=D:\DEVEL\BCC72\LIB\CW32.LIB|strncat ACBP=A9
 0001:000B9684 0000005F C=CODE    S=_TEXT    G=(none)   M=D:\DEVEL\BCC72\LIB\CW32.LIB|strncmp ACBP=A9
 0001:000B96E4 000000DF C=CODE    S=_TEXT    G=(none)   M=D:\DEVEL\BCC72\LIB\CW32.LIB|wmemset ACBP=A9
 0001:000B97C4 00000040 C=CODE    S=_TEXT    G=(none)   M=D:\DEVEL\BCC72\LIB\CW32.LIB|__access ACBP=A9
 0001:000B9804 00000063 C=CODE    S=_TEXT    G=(none)   M=D:\DEVEL\BCC72\LIB\CW32.LIB|__close ACBP=A9
 0001:000B9868 00000013 C=CODE    S=_TEXT    G=(none)   M=D:\DEVEL\BCC72\LIB\CW32.LIB|__dup ACBP=A9
 0001:000B987C 000000EF C=CODE    S=_TEXT    G=(none)   M=D:\DEVEL\BCC72\LIB\CW32.LIB|__dup2 ACBP=A9
 0001:000B996C 00000086 C=CODE    S=_TEXT    G=(none)   M=D:\DEVEL\BCC72\LIB\CW32.LIB|__eof ACBP=A9
 0001:000B99F4 00000047 C=CODE    S=_TEXT    G=(none)   M=D:\DEVEL\BCC72\LIB\CW32.LIB|__isatty ACBP=A9
 0001:000B9A3C 00000076 C=CODE    S=_TEXT    G=(none)   M=D:\DEVEL\BCC72\LIB\CW32.LIB|__lseek ACBP=A9
 0001:000B9AB4 00000214 C=CODE    S=_TEXT    G=(none)   M=D:\DEVEL\BCC72\LIB\CW32.LIB|__open ACBP=A9
 0001:000B9CC8 0000019A C=CODE    S=_TEXT    G=(none)   M=D:\DEVEL\BCC72\LIB\CW32.LIB|__read ACBP=A9
 0001:000B9E64 0000011C C=CODE    S=_TEXT    G=(none)   M=D:\DEVEL\BCC72\LIB\CW32.LIB|__write ACBP=A9
 0001:000B9F80 00000011 C=CODE    S=_TEXT    G=(none)   M=D:\DEVEL\BCC72\LIB\CW32.LIB|_cfinfo ACBP=A9
 0001:000B9F94 00000075 C=CODE    S=_TEXT    G=(none)   M=D:\DEVEL\BCC72\LIB\CW32.LIB|_read ACBP=A9
 0001:000BA009 00000017 C=CODE    S=_TEXT    G=(none)   M=D:\DEVEL\BCC72\LIB\CW32.LIB|_umask ACBP=A9
 0001:000BA00C 00000061 C=CODE    S=_TEXT    G=(none)   M=D:\DEVEL\BCC72\LIB\CW32.LIB|_write ACBP=A9
 0001:000BA070 0000007D C=CODE    S=_TEXT    G=(none)   M=D:\DEVEL\BCC72\LIB\CW32.LIB|allocbuf ACBP=A9
 0001:000BA0F0 0000009C C=CODE    S=_TEXT    G=(none)   M=D:\DEVEL\BCC72\LIB\CW32.LIB|chdrive ACBP=A9
 0001:000BA18C 0000008E C=CODE    S=_TEXT    G=(none)   M=D:\DEVEL\BCC72\LIB\CW32.LIB|fclose ACBP=A9
 0001:000BA21C 0000007F C=CODE    S=_TEXT    G=(none)   M=D:\DEVEL\BCC72\LIB\CW32.LIB|fflush ACBP=A9
 0001:000BA29C 0000005A C=CODE    S=_TEXT    G=(none)   M=D:\DEVEL\BCC72\LIB\CW32.LIB|flushout ACBP=A9
 0001:000BA2F8 00000023 C=CODE    S=_TEXT    G=(none)   M=D:\DEVEL\BCC72\LIB\CW32.LIB|fmodeptr ACBP=A9
 0001:000BA31C 0000021B C=CODE    S=_TEXT    G=(none)   M=D:\DEVEL\BCC72\LIB\CW32.LIB|fopen ACBP=A9
 0001:000BA538 00000022 C=CODE    S=_TEXT    G=(none)   M=D:\DEVEL\BCC72\LIB\CW32.LIB|fprintf ACBP=A9
 0001:000BA55C 000000DC C=CODE    S=_TEXT    G=(none)   M=D:\DEVEL\BCC72\LIB\CW32.LIB|fputn ACBP=A9
 0001:000BA638 00000167 C=CODE    S=_TEXT    G=(none)   M=D:\DEVEL\BCC72\LIB\CW32.LIB|fread ACBP=A9
 0001:000BA7A0 0000014C C=CODE    S=_TEXT    G=(none)   M=D:\DEVEL\BCC72\LIB\CW32.LIB|fseek ACBP=A9
 0001:000BA8EC 000002B9 C=CODE    S=_TEXT    G=(none)   M=D:\DEVEL\BCC72\LIB\CW32.LIB|handles ACBP=A9
 0001:000BABA8 0000007E C=CODE    S=_TEXT    G=(none)   M=D:\DEVEL\BCC72\LIB\CW32.LIB|ioerror ACBP=A9
 0001:000BAC28 000001A6 C=CODE    S=_TEXT    G=(none)   M=D:\DEVEL\BCC72\LIB\CW32.LIB|lgetc ACBP=A9
 0001:000BADD0 0000011A C=CODE    S=_TEXT    G=(none)   M=D:\DEVEL\BCC72\LIB\CW32.LIB|lputc ACBP=A9
 0001:000BAEEC 00000091 C=CODE    S=_TEXT    G=(none)   M=D:\DEVEL\BCC72\LIB\CW32.LIB|mkname ACBP=A9
 0001:000BAF7D 00000083 C=CODE    S=_TEXT    G=(none)   M=D:\DEVEL\BCC72\LIB\CW32.LIB|perror ACBP=A9
 0001:000BAF80 00000023 C=CODE    S=_TEXT    G=(none)   M=D:\DEVEL\BCC72\LIB\CW32.LIB|printf ACBP=A9
 0001:000BAFA4 0000006E C=CODE    S=_TEXT    G=(none)   M=D:\DEVEL\BCC72\LIB\CW32.LIB|setmode ACBP=A9
 0001:000BB014 0000004D C=CODE    S=_TEXT    G=(none)   M=D:\DEVEL\BCC72\LIB\CW32.LIB|setvbuf ACBP=A9
 0001:000BB064 00000100 C=CODE    S=_TEXT    G=(none)   M=D:\DEVEL\BCC72\LIB\CW32.LIB|snprntf ACBP=A9
 0001:000BB164 00000078 C=CODE    S=_TEXT    G=(none)   M=D:\DEVEL\BCC72\LIB\CW32.LIB|sprintf ACBP=A9
 0001:000BB1DC 00000101 C=CODE    S=_TEXT    G=(none)   M=D:\DEVEL\BCC72\LIB\CW32.LIB|streams ACBP=A9
 0001:000BB2E0 0000001A C=CODE    S=_TEXT    G=(none)   M=D:\DEVEL\BCC72\LIB\CW32.LIB|unlink ACBP=A9
 0001:000BB2FC 00000022 C=CODE    S=_TEXT    G=(none)   M=D:\DEVEL\BCC72\LIB\CW32.LIB|vfprintf ACBP=A9
 0001:000BB320 00000A98 C=CODE    S=_TEXT    G=(none)   M=D:\DEVEL\BCC72\LIB\CW32.LIB|vprinter ACBP=A9
 0001:000BBDB8 0000001A C=CODE    S=_TEXT    G=(none)   M=D:\DEVEL\BCC72\LIB\CW32.LIB|wunlink ACBP=A9
 0001:000BBDD4 0000002E C=CODE    S=_TEXT    G=(none)   M=D:\DEVEL\BCC72\LIB\CW32.LIB|xfclose ACBP=A9
 0001:000BBE04 00000027 C=CODE    S=_TEXT    G=(none)   M=D:\DEVEL\BCC72\LIB\CW32.LIB|xfflush ACBP=A9
 0001:000BBE2C 00000008 C=CODE    S=_TEXT    G=(none)   M=D:\DEVEL\BCC72\LIB\CW32.LIB|access ACBP=A9
 0001:000BBE34 00000008 C=CODE    S=_TEXT    G=(none)   M=D:\DEVEL\BCC72\LIB\CW32.LIB|close ACBP=A9
 0001:000BBE3C 00000008 C=CODE    S=_TEXT    G=(none)   M=D:\DEVEL\BCC72\LIB\CW32.LIB|dup ACBP=A9
 0001:000BBE44 00000010 C=CODE    S=_TEXT    G=(none)   M=D:\DEVEL\BCC72\LIB\CW32.LIB|remove ACBP=A9
 0001:000BBE54 0000006C C=CODE    S=_TEXT    G=(none)   M=D:\DEVEL\BCC72\LIB\CW32.LIB|getinfo ACBP=A9
 0001:000BBEC0 00000116 C=CODE    S=_TEXT    G=(none)   M=D:\DEVEL\BCC72\LIB\CW32.LIB|is ACBP=A9
 0001:000BBFD8 0000011B C=CODE    S=_TEXT    G=(none)   M=D:\DEVEL\BCC72\LIB\CW32.LIB|wis ACBP=A9
 0001:000BC0F4 0000009F C=CODE    S=_TEXT    G=(none)   M=D:\DEVEL\BCC72\LIB\CW32.LIB|isctype ACBP=A9
 0001:000BC194 000000E6 C=CODE    S=_TEXT    G=(none)   M=D:\DEVEL\BCC72\LIB\CW32.LIB|iswctype ACBP=A9
 0001:000BC27C 000000C0 C=CODE    S=_TEXT    G=(none)   M=D:\DEVEL\BCC72\LIB\CW32.LIB|ltolower ACBP=A9
 0001:000BC33C 000000C0 C=CODE    S=_TEXT    G=(none)   M=D:\DEVEL\BCC72\LIB\CW32.LIB|ltoupper ACBP=A9
 0001:000BC3FC 00000063 C=CODE    S=_TEXT    G=(none)   M=D:\DEVEL\BCC72\LIB\CW32.LIB|ltowupr ACBP=A9
 0001:000BC460 00000681 C=CODE    S=_TEXT    G=(none)   M=D:\DEVEL\BCC72\LIB\CW32.LIB|mbyte1 ACBP=A9
 0001:000BCAE4 00000268 C=CODE    S=_TEXT    G=(none)   M=D:\DEVEL\BCC72\LIB\CW32.LIB|_ll ACBP=A9
 0001:000BCD4C 0000001D C=CODE    S=_TEXT    G=(none)   M=D:\DEVEL\BCC72\LIB\CW32.LIB|_finite ACBP=A9
 0001:000BCD6C 0000001E C=CODE    S=_TEXT    G=(none)   M=D:\DEVEL\BCC72\LIB\CW32.LIB|_finitel ACBP=A9
 0001:000BCD8C 0000002B C=CODE    S=_TEXT    G=(none)   M=D:\DEVEL\BCC72\LIB\CW32.LIB|_ftoul ACBP=A9
 0001:000BCDB8 00000045 C=CODE    S=_TEXT    G=(none)   M=D:\DEVEL\BCC72\LIB\CW32.LIB|_isnan ACBP=A9
 0001:000BCE00 00000049 C=CODE    S=_TEXT    G=(none)   M=D:\DEVEL\BCC72\LIB\CW32.LIB|_isnanl ACBP=A9
 0001:000BCE4C 000000B0 C=CODE    S=_TEXT    G=(none)   M=D:\DEVEL\BCC72\LIB\CW32.LIB|_matherr ACBP=A9
 0001:000BCEFC 00000184 C=CODE    S=_TEXT    G=(none)   M=D:\DEVEL\BCC72\LIB\CW32.LIB|_pow10 ACBP=A9
 0001:000BD080 00000077 C=CODE    S=_TEXT    G=(none)   M=D:\DEVEL\BCC72\LIB\CW32.LIB|atol ACBP=A9
 0001:000BD0F8 0000001C C=CODE    S=_TEXT    G=(none)   M=D:\DEVEL\BCC72\LIB\CW32.LIB|ceil ACBP=A9
 0001:000BD114 00000013 C=CODE    S=_TEXT    G=(none)   M=D:\DEVEL\BCC72\LIB\CW32.LIB|clear87 ACBP=A9
 0001:000BD128 0000003F C=CODE    S=_TEXT    G=(none)   M=D:\DEVEL\BCC72\LIB\CW32.LIB|cos ACBP=A9
 0001:000BD168 0000002F C=CODE    S=_TEXT    G=(none)   M=D:\DEVEL\BCC72\LIB\CW32.LIB|ctrl87 ACBP=A9
 0001:000BD198 00000018 C=CODE    S=_TEXT    G=(none)   M=D:\DEVEL\BCC72\LIB\CW32.LIB|cvtentry ACBP=A9
 0001:000BD1B0 00000018 C=CODE    S=_TEXT    G=(none)   M=D:\DEVEL\BCC72\LIB\CW32.LIB|cvtfak ACBP=A9
 0001:000BD1C8 00000018 C=CODE    S=_TEXT    G=(none)   M=D:\DEVEL\BCC72\LIB\CW32.LIB|cvtfakw ACBP=A9
 0001:000BD1E0 00000016 C=CODE    S=_TEXT    G=(none)   M=D:\DEVEL\BCC72\LIB\CW32.LIB|div ACBP=A9
 0001:000BD1F8 0000006C C=CODE    S=_TEXT    G=(none)   M=D:\DEVEL\BCC72\LIB\CW32.LIB|exp ACBP=A9
 0001:000BD264 000000D2 C=CODE    S=_TEXT    G=(none)   M=D:\DEVEL\BCC72\LIB\CW32.LIB|f87exp ACBP=A9
 0001:000BD338 00000048 C=CODE    S=_TEXT    G=(none)   M=D:\DEVEL\BCC72\LIB\CW32.LIB|f87log ACBP=A9
 0001:000BD380 0000004D C=CODE    S=_TEXT    G=(none)   M=D:\DEVEL\BCC72\LIB\CW32.LIB|fmod ACBP=A9
 0001:000BD3D0 00000016 C=CODE    S=_TEXT    G=(none)   M=D:\DEVEL\BCC72\LIB\CW32.LIB|fpreset ACBP=A9
 0001:000BD3E8 00000030 C=CODE    S=_TEXT    G=(none)   M=D:\DEVEL\BCC72\LIB\CW32.LIB|ftol ACBP=A9
 0001:000BD418 0000002D C=CODE    S=_TEXT    G=(none)   M=D:\DEVEL\BCC72\LIB\CW32.LIB|fuildq ACBP=A9
 0001:000BD448 00000021 C=CODE    S=_TEXT    G=(none)   M=D:\DEVEL\BCC72\LIB\CW32.LIB|fuistq ACBP=A9
 0001:000BD46C 00000011 C=CODE    S=_TEXT    G=(none)   M=D:\DEVEL\BCC72\LIB\CW32.LIB|fxam ACBP=A9
 0001:000BD480 000000B1 C=CODE    S=_TEXT    G=(none)   M=D:\DEVEL\BCC72\LIB\CW32.LIB|int64toa ACBP=A9
 0001:000BD534 0000011B C=CODE    S=_TEXT    G=(none)   M=D:\DEVEL\BCC72\LIB\CW32.LIB|ldtrunc ACBP=A9
 0001:000BD650 0000006D C=CODE    S=_TEXT    G=(none)   M=D:\DEVEL\BCC72\LIB\CW32.LIB|log ACBP=A9
 0001:000BD6C0 0000008F C=CODE    S=_TEXT    G=(none)   M=D:\DEVEL\BCC72\LIB\CW32.LIB|longtoa ACBP=A9
 0001:000BD750 00000075 C=CODE    S=_TEXT    G=(none)   M=D:\DEVEL\BCC72\LIB\CW32.LIB|ltoa1 ACBP=A9
 0001:000BD7C8 0000002E C=CODE    S=_TEXT    G=(none)   M=D:\DEVEL\BCC72\LIB\CW32.LIB|matherrl ACBP=A9
 0001:000BD7F8 00000016 C=CODE    S=_TEXT    G=(none)   M=D:\DEVEL\BCC72\LIB\CW32.LIB|mathptr ACBP=A9
 0001:000BD810 00000030 C=CODE    S=_TEXT    G=(none)   M=D:\DEVEL\BCC72\LIB\CW32.LIB|modf ACBP=A9
 0001:000BD840 00000030 C=CODE    S=_TEXT    G=(none)   M=D:\DEVEL\BCC72\LIB\CW32.LIB|modfl ACBP=A9
 0001:000BD870 000001DC C=CODE    S=_TEXT    G=(none)   M=D:\DEVEL\BCC72\LIB\CW32.LIB|pow ACBP=A9
 0001:000BDA4C 00000025 C=CODE    S=_TEXT    G=(none)   M=D:\DEVEL\BCC72\LIB\CW32.LIB|qdiv10 ACBP=A9
 0001:000BDA74 0000002E C=CODE    S=_TEXT    G=(none)   M=D:\DEVEL\BCC72\LIB\CW32.LIB|qmul10 ACBP=A9
 0001:000BDAA4 00000084 C=CODE    S=_TEXT    G=(none)   M=D:\DEVEL\BCC72\LIB\CW32.LIB|rand ACBP=A9
 0001:000BDB28 000002F9 C=CODE    S=_TEXT    G=(none)   M=D:\DEVEL\BCC72\LIB\CW32.LIB|realcvt ACBP=A9
 0001:000BDE24 00000331 C=CODE    S=_TEXT    G=(none)   M=D:\DEVEL\BCC72\LIB\CW32.LIB|realcvtw ACBP=A9
 0001:000BE158 0000002C C=CODE    S=_TEXT    G=(none)   M=D:\DEVEL\BCC72\LIB\CW32.LIB|round ACBP=A9
 0001:000BE184 000004E9 C=CODE    S=_TEXT    G=(none)   M=D:\DEVEL\BCC72\LIB\CW32.LIB|scantod ACBP=A9
 0001:000BE670 000004F5 C=CODE    S=_TEXT    G=(none)   M=D:\DEVEL\BCC72\LIB\CW32.LIB|scanwtod ACBP=A9
 0001:000BEB68 0000003F C=CODE    S=_TEXT    G=(none)   M=D:\DEVEL\BCC72\LIB\CW32.LIB|sin ACBP=A9
 0001:000BEBA8 0000003A C=CODE    S=_TEXT    G=(none)   M=D:\DEVEL\BCC72\LIB\CW32.LIB|sqrt ACBP=A9
 0001:000BEBE4 000002D8 C=CODE    S=_TEXT    G=(none)   M=D:\DEVEL\BCC72\LIB\CW32.LIB|xcvt ACBP=A9
 0001:000BEEBC 000002F7 C=CODE    S=_TEXT    G=(none)   M=D:\DEVEL\BCC72\LIB\CW32.LIB|xcvtw ACBP=A9
 0001:000BF1B4 0000014D C=CODE    S=_TEXT    G=(none)   M=D:\DEVEL\BCC72\LIB\CW32.LIB|mbctype ACBP=A9
 0001:000BF304 0000003D C=CODE    S=_TEXT    G=(none)   M=D:\DEVEL\BCC72\LIB\CW32.LIB|mbisalp ACBP=A9
 0001:000BF344 0000001A C=CODE    S=_TEXT    G=(none)   M=D:\DEVEL\BCC72\LIB\CW32.LIB|mbisdgt ACBP=A9
 0001:000BF360 0000001A C=CODE    S=_TEXT    G=(none)   M=D:\DEVEL\BCC72\LIB\CW32.LIB|mbisspc ACBP=A9
 0001:000BF37C 00000054 C=CODE    S=_TEXT    G=(none)   M=D:\DEVEL\BCC72\LIB\CW32.LIB|mbsnbcpy ACBP=A9
 0001:000BF3D0 000000BF C=CODE    S=_TEXT    G=(none)   M=D:\DEVEL\BCC72\LIB\CW32.LIB|mbsnbicm ACBP=A9
 0001:000BF490 00000058 C=CODE    S=_TEXT    G=(none)   M=D:\DEVEL\BCC72\LIB\CW32.LIB|mbsrchr ACBP=A9
 0001:000BF4E8 000000A6 C=CODE    S=_TEXT    G=(none)   M=D:\DEVEL\BCC72\LIB\CW32.LIB|assert ACBP=A9
 0001:000BF590 000000BA C=CODE    S=_TEXT    G=(none)   M=D:\DEVEL\BCC72\LIB\CW32.LIB|ermsghlp ACBP=A9
 0001:000BF64C 00000006 C=CODE    S=_TEXT    G=(none)   M=D:\DEVEL\BCC72\LIB\CW32.LIB|errno ACBP=A9
 0001:000BF654 0000019F C=CODE    S=_TEXT    G=(none)   M=D:\DEVEL\BCC72\LIB\CW32.LIB|errormsg ACBP=A9
 0001:000BF7F4 00000236 C=CODE    S=_TEXT    G=(none)   M=D:\DEVEL\BCC72\LIB\CW32.LIB|qsort ACBP=A9
 0001:000BFA2C 00000348 C=CODE    S=_TEXT    G=(none)   M=D:\DEVEL\BCC72\LIB\CW32.LIB|debug_wrapper ACBP=A9
 0001:000BFD70 000000A6 C=CODE    S=_TEXT    G=(none)   M=D:\DEVEL\BCC72\LIB\CW32.LIB|abort ACBP=A9
 0001:000BFE18 0000011E C=CODE    S=_TEXT    G=(none)   M=D:\DEVEL\BCC72\LIB\CW32.LIB|__atexit ACBP=A9
 0001:000BFF38 00000047 C=CODE    S=_TEXT    G=(none)   M=D:\DEVEL\BCC72\LIB\CW32.LIB|__exit ACBP=A9
 0001:000BFF80 00000065 C=CODE    S=_TEXT    G=(none)   M=D:\DEVEL\BCC72\LIB\CW32.LIB|exit ACBP=A9
 0001:000BFFE8 00000067 C=CODE    S=_TEXT    G=(none)   M=D:\DEVEL\BCC72\LIB\CW32.LIB|getenv ACBP=A9
 0001:000C0050 0000001A C=CODE    S=_TEXT    G=(none)   M=D:\DEVEL\BCC72\LIB\CW32.LIB|initwild ACBP=A9
 0001:000C006C 00000011 C=CODE    S=_TEXT    G=(none)   M=D:\DEVEL\BCC72\LIB\CW32.LIB|exparg ACBP=A9
 0001:000C0080 00000011 C=CODE    S=_TEXT    G=(none)   M=D:\DEVEL\BCC72\LIB\CW32.LIB|wexparg ACBP=A9
 0001:000C0094 00000027 C=CODE    S=_TEXT    G=(none)   M=D:\DEVEL\BCC72\LIB\CW32.LIB|initargv ACBP=A9
 0001:000C00BC 0000016C C=CODE    S=_TEXT    G=(none)   M=D:\DEVEL\BCC72\LIB\CW32.LIB|setargv ACBP=A9
 0001:000C0228 00000224 C=CODE    S=_TEXT    G=(none)   M=D:\DEVEL\BCC72\LIB\CW32.LIB|hsargv ACBP=A9
 0001:000C044C 0000026D C=CODE    S=_TEXT    G=(none)   M=D:\DEVEL\BCC72\LIB\CW32.LIB|whsargv ACBP=A9
 0001:000C06BC 00000045 C=CODE    S=_TEXT    G=(none)   M=D:\DEVEL\BCC72\LIB\CW32.LIB|setargv0 ACBP=A9
 0001:000C0704 000001A0 C=CODE    S=_TEXT    G=(none)   M=D:\DEVEL\BCC72\LIB\CW32.LIB|setenvp ACBP=A9
 0001:000C08A4 000002FA C=CODE    S=_TEXT    G=(none)   M=D:\DEVEL\BCC72\LIB\CW32.LIB|signal ACBP=A9
 0001:000C0BA0 00000122 C=CODE    S=_TEXT    G=(none)   M=D:\DEVEL\BCC72\LIB\CW32.LIB|initexit ACBP=A9
 0001:000C0CC4 0000016C C=CODE    S=_TEXT    G=(none)   M=D:\DEVEL\BCC72\LIB\CW32.LIB|startup ACBP=A9
 0001:000C0E30 0000004F C=CODE    S=_TEXT    G=(none)   M=D:\DEVEL\BCC72\LIB\CW32.LIB|tlsstat ACBP=A9
 0001:000C0E80 00000369 C=CODE    S=_TEXT    G=(none)   M=D:\DEVEL\BCC72\LIB\CW32.LIB|timefunc ACBP=A9
 0001:000C11EC 00000006 C=CODE    S=_TEXT    G=(none)   M=D:\DEVEL\BCC72\LIB\CW32.LIB|tzdata ACBP=A9
 0001:000C11F4 000001EE C=CODE    S=_TEXT    G=(none)   M=D:\DEVEL\BCC72\LIB\CW32.LIB|tzset ACBP=A9
 0001:000C13E4 00000008 C=CODE    S=_TEXT    G=(none)   M=D:\DEVEL\BCC72\LIB\CW32.LIB|_tzset ACBP=A9
 0001:000C13EC 0000004E C=CODE    S=_TEXT    G=(none)   M=D:\DEVEL\BCC72\LIB\CW32.LIB|time ACBP=A9
 0001:000C143C 00000070 C=CODE    S=_TEXT    G=(none)   M=D:\DEVEL\BCC72\LIB\CW32.LIB|xxa ACBP=A9
 0001:000C14AC 000008B9 C=CODE    S=_TEXT    G=(none)   M=D:\DEVEL\BCC72\LIB\CW32.LIB|xxtype ACBP=A9
 0001:000C1D2F 0000005A C=CODE    S=_TEXT    G=(none)   M=D:\DEVEL\BCC72\LIB\CW32.LIB|xxut ACBP=A9
 0001:000C1D58 00000147 C=CODE    S=_TEXT    G=(none)   M=D:\DEVEL\BCC72\LIB\CW32.LIB|xxv ACBP=A9
 0001:000C1EA0 0000000A C=CODE    S=_TEXT    G=(none)   M=D:\DEVEL\BCC72\LIB\CW32.LIB|defhandl ACBP=A9
 0001:000C1EAC 00000195 C=CODE    S=_TEXT    G=(none)   M=D:\DEVEL\BCC72\LIB\CW32.LIB|except ACBP=A9
 0001:000C2044 00000046 C=CODE    S=_TEXT    G=(none)   M=D:\DEVEL\BCC72\LIB\CW32.LIB|setexc ACBP=A9
 0001:000C208C 00000031 C=CODE    S=_TEXT    G=(none)   M=D:\DEVEL\BCC72\LIB\CW32.LIB|ta ACBP=A9
 0001:000C20C0 00001DAC C=CODE    S=_TEXT    G=(none)   M=D:\DEVEL\BCC72\LIB\CW32.LIB|xx ACBP=A9
 0002:00000000 000000C8 C=DATA    S=_DATA    G=DGROUP   M=D:\DEVEL\BCC72\LIB\C0W32.OBJ ACBP=A9
 0002:000000C8 00000650 C=DATA    S=_DATA    G=DGROUP   M=D:\DEVEL\XHARBOUR_BCC7\CONTRIB\HWGUI\SAMPLES\OLE\OBJ\IESAMPLE.OBJ ACBP=A9
 0002:00000718 000008C0 C=DATA    S=_DATA    G=DGROUP   M=D:\DEVEL\XHARBOUR_BCC7\CONTRIB\HWGUI\LIB\HBACTIVEX.LIB|hhtml ACBP=A9
 0002:00000FD8 0000019C C=DATA    S=_DATA    G=DGROUP   M=D:\DEVEL\XHARBOUR_BCC7\CONTRIB\HWGUI\LIB\HBACTIVEX.LIB|htmlcore ACBP=A9
 0002:00001174 00000002 C=DATA    S=_DATA    G=DGROUP   M=D:\DEVEL\XHARBOUR_BCC7\CONTRIB\HWGUI\LIB\HBACTIVEX.LIB|htmlfunc ACBP=A9
 0002:00001178 00000044 C=DATA    S=_DATA    G=DGROUP   M=D:\DEVEL\XHARBOUR_BCC7\CONTRIB\HWGUI\LIB\HWGUI.LIB|commond ACBP=A9
 0002:000011BC 00000494 C=DATA    S=_DATA    G=DGROUP   M=D:\DEVEL\XHARBOUR_BCC7\CONTRIB\HWGUI\LIB\HWGUI.LIB|control ACBP=A9
 0002:00001650 000000E8 C=DATA    S=_DATA    G=DGROUP   M=D:\DEVEL\XHARBOUR_BCC7\CONTRIB\HWGUI\LIB\HWGUI.LIB|dialog ACBP=A9
 0002:00001738 00000024 C=DATA    S=_DATA    G=DGROUP   M=D:\DEVEL\XHARBOUR_BCC7\CONTRIB\HWGUI\LIB\HWGUI.LIB|draw ACBP=A9
 0002:0000175C 00002400 C=DATA    S=_DATA    G=DGROUP   M=D:\DEVEL\XHARBOUR_BCC7\CONTRIB\HWGUI\LIB\HWGUI.LIB|drawwidg ACBP=A9
 0002:00003B5C 0000091C C=DATA    S=_DATA    G=DGROUP   M=D:\DEVEL\XHARBOUR_BCC7\CONTRIB\HWGUI\LIB\HWGUI.LIB|errorsys ACBP=A9
 0002:00004478 00002454 C=DATA    S=_DATA    G=DGROUP   M=D:\DEVEL\XHARBOUR_BCC7\CONTRIB\HWGUI\LIB\HWGUI.LIB|guimain ACBP=A9
 0002:000068CC 00010A24 C=DATA    S=_DATA    G=DGROUP   M=D:\DEVEL\XHARBOUR_BCC7\CONTRIB\HWGUI\LIB\HWGUI.LIB|hbrowse ACBP=A9
 0002:000172F0 0000487C C=DATA    S=_DATA    G=DGROUP   M=D:\DEVEL\XHARBOUR_BCC7\CONTRIB\HWGUI\LIB\HWGUI.LIB|hcombo ACBP=A9
 0002:0001BB6C 000098D4 C=DATA    S=_DATA    G=DGROUP   M=D:\DEVEL\XHARBOUR_BCC7\CONTRIB\HWGUI\LIB\HWGUI.LIB|hcontrol ACBP=A9
 0002:00025440 00004964 C=DATA    S=_DATA    G=DGROUP   M=D:\DEVEL\XHARBOUR_BCC7\CONTRIB\HWGUI\LIB\HWGUI.LIB|hcwindow ACBP=A9
 0002:00029DA4 00001968 C=DATA    S=_DATA    G=DGROUP   M=D:\DEVEL\XHARBOUR_BCC7\CONTRIB\HWGUI\LIB\HWGUI.LIB|hdatepic ACBP=A9
 0002:0002B70C 0000171C C=DATA    S=_DATA    G=DGROUP   M=D:\DEVEL\XHARBOUR_BCC7\CONTRIB\HWGUI\LIB\HWGUI.LIB|hdc ACBP=A9
 0002:0002CE28 00004150 C=DATA    S=_DATA    G=DGROUP   M=D:\DEVEL\XHARBOUR_BCC7\CONTRIB\HWGUI\LIB\HWGUI.LIB|hdialog ACBP=A9
 0002:00030F78 00006DE4 C=DATA    S=_DATA    G=DGROUP   M=D:\DEVEL\XHARBOUR_BCC7\CONTRIB\HWGUI\LIB\HWGUI.LIB|hedit ACBP=A9
 0002:00037D5C 00001620 C=DATA    S=_DATA    G=DGROUP   M=D:\DEVEL\XHARBOUR_BCC7\CONTRIB\HWGUI\LIB\HWGUI.LIB|hnice ACBP=A9
 0002:0003937C 00002950 C=DATA    S=_DATA    G=DGROUP   M=D:\DEVEL\XHARBOUR_BCC7\CONTRIB\HWGUI\LIB\HWGUI.LIB|hownbtn ACBP=A9
 0002:0003BCCC 00001B74 C=DATA    S=_DATA    G=DGROUP   M=D:\DEVEL\XHARBOUR_BCC7\CONTRIB\HWGUI\LIB\HWGUI.LIB|hpanel ACBP=A9
 0002:0003D840 000056F8 C=DATA    S=_DATA    G=DGROUP   M=D:\DEVEL\XHARBOUR_BCC7\CONTRIB\HWGUI\LIB\HWGUI.LIB|htab ACBP=A9
 0002:00042F38 00000B34 C=DATA    S=_DATA    G=DGROUP   M=D:\DEVEL\XHARBOUR_BCC7\CONTRIB\HWGUI\LIB\HWGUI.LIB|htimer ACBP=A9
 0002:00043A6C 00005D0C C=DATA    S=_DATA    G=DGROUP   M=D:\DEVEL\XHARBOUR_BCC7\CONTRIB\HWGUI\LIB\HWGUI.LIB|hwindow ACBP=A9
 0002:00049778 000012FC C=DATA    S=_DATA    G=DGROUP   M=D:\DEVEL\XHARBOUR_BCC7\CONTRIB\HWGUI\LIB\HWGUI.LIB|menu ACBP=A9
 0002:0004AA74 00000060 C=DATA    S=_DATA    G=DGROUP   M=D:\DEVEL\XHARBOUR_BCC7\CONTRIB\HWGUI\LIB\HWGUI.LIB|menu_c ACBP=A9
 0002:0004AAD4 00000038 C=DATA    S=_DATA    G=DGROUP   M=D:\DEVEL\XHARBOUR_BCC7\CONTRIB\HWGUI\LIB\HWGUI.LIB|message ACBP=A9
 0002:0004AB0C 000003DC C=DATA    S=_DATA    G=DGROUP   M=D:\DEVEL\XHARBOUR_BCC7\CONTRIB\HWGUI\LIB\HWGUI.LIB|misc ACBP=A9
 0002:0004AEE8 00000060 C=DATA    S=_DATA    G=DGROUP   M=D:\DEVEL\XHARBOUR_BCC7\CONTRIB\HWGUI\LIB\HWGUI.LIB|nice ACBP=A9
 0002:0004AF48 00000004 C=DATA    S=_DATA    G=DGROUP   M=D:\DEVEL\XHARBOUR_BCC7\CONTRIB\HWGUI\LIB\HWGUI.LIB|shellapi ACBP=A9
 0002:0004AF4C 00000394 C=DATA    S=_DATA    G=DGROUP   M=D:\DEVEL\XHARBOUR_BCC7\CONTRIB\HWGUI\LIB\HWGUI.LIB|theme ACBP=A9
 0002:0004B2E0 00000104 C=DATA    S=_DATA    G=DGROUP   M=D:\DEVEL\XHARBOUR_BCC7\CONTRIB\HWGUI\LIB\HWGUI.LIB|window ACBP=A9
 0002:0004B3E4 00000680 C=DATA    S=_DATA    G=DGROUP   M=D:\DEVEL\XHARBOUR_BCC7\CONTRIB\HWGUI\LIB\HWGUI.LIB|procs7 ACBP=A9
 0002:0004BA64 00000068 C=DATA    S=_DATA    G=DGROUP   M=D:\DEVEL\XHARBOUR_BCC7\LIB\HBZIP.LIB|ziparchive ACBP=A9
 0002:0004BAC8 00000048 C=DATA    S=_DATA    G=DGROUP   M=D:\DEVEL\XHARBOUR_BCC7\LIB\VM.LIB|arrays ACBP=A9
 0002:0004BB10 00000164 C=DATA    S=_DATA    G=DGROUP   M=D:\DEVEL\XHARBOUR_BCC7\LIB\VM.LIB|arrayshb ACBP=A9
 0002:0004BC74 000005C0 C=DATA    S=_DATA    G=DGROUP   M=D:\DEVEL\XHARBOUR_BCC7\LIB\VM.LIB|classes ACBP=A9
 0002:0004C234 00000034 C=DATA    S=_DATA    G=DGROUP   M=D:\DEVEL\XHARBOUR_BCC7\LIB\VM.LIB|codebloc ACBP=A9
 0002:0004C268 0000001C C=DATA    S=_DATA    G=DGROUP   M=D:\DEVEL\XHARBOUR_BCC7\LIB\VM.LIB|dynsym ACBP=A9
 0002:0004C284 00000200 C=DATA    S=_DATA    G=DGROUP   M=D:\DEVEL\XHARBOUR_BCC7\LIB\VM.LIB|errorapi ACBP=A9
 0002:0004C484 00000180 C=DATA    S=_DATA    G=DGROUP   M=D:\DEVEL\XHARBOUR_BCC7\LIB\VM.LIB|estack ACBP=A9
 0002:0004C604 0000001C C=DATA    S=_DATA    G=DGROUP   M=D:\DEVEL\XHARBOUR_BCC7\LIB\VM.LIB|eval ACBP=A9
 0002:0004C620 00000008 C=DATA    S=_DATA    G=DGROUP   M=D:\DEVEL\XHARBOUR_BCC7\LIB\VM.LIB|evalhb ACBP=A9
 0002:0004C628 00000004 C=DATA    S=_DATA    G=DGROUP   M=D:\DEVEL\XHARBOUR_BCC7\LIB\VM.LIB|extend ACBP=A9
 0002:0004C62C 00000078 C=DATA    S=_DATA    G=DGROUP   M=D:\DEVEL\XHARBOUR_BCC7\LIB\VM.LIB|fm ACBP=A9
 0002:0004C6A4 00000048 C=DATA    S=_DATA    G=DGROUP   M=D:\DEVEL\XHARBOUR_BCC7\LIB\VM.LIB|garbage ACBP=A9
 0002:0004C6EC 00000328 C=DATA    S=_DATA    G=DGROUP   M=D:\DEVEL\XHARBOUR_BCC7\LIB\VM.LIB|hash ACBP=A9
 0002:0004CA14 00000948 C=DATA    S=_DATA    G=DGROUP   M=D:\DEVEL\XHARBOUR_BCC7\LIB\VM.LIB|hvm ACBP=A9
 0002:0004D35C 00000034 C=DATA    S=_DATA    G=DGROUP   M=D:\DEVEL\XHARBOUR_BCC7\LIB\VM.LIB|itemapi ACBP=A9
 0002:0004D390 000000C4 C=DATA    S=_DATA    G=DGROUP   M=D:\DEVEL\XHARBOUR_BCC7\LIB\VM.LIB|fastitem ACBP=A9
 0002:0004D454 0000002C C=DATA    S=_DATA    G=DGROUP   M=D:\DEVEL\XHARBOUR_BCC7\LIB\VM.LIB|macro ACBP=A9
 0002:0004D480 0000012C C=DATA    S=_DATA    G=DGROUP   M=D:\DEVEL\XHARBOUR_BCC7\LIB\VM.LIB|memvars ACBP=A9
 0002:0004D5AC 0000005C C=DATA    S=_DATA    G=DGROUP   M=D:\DEVEL\XHARBOUR_BCC7\LIB\VM.LIB|proc ACBP=A9
 0002:0004D608 000000A4 C=DATA    S=_DATA    G=DGROUP   M=D:\DEVEL\XHARBOUR_BCC7\LIB\VM.LIB|set ACBP=A9
 0002:0004D6AC 0000001C C=DATA    S=_DATA    G=DGROUP   M=D:\DEVEL\XHARBOUR_BCC7\LIB\VM.LIB|thread ACBP=A9
 0002:0004D6C8 00000120 C=DATA    S=_DATA    G=DGROUP   M=D:\DEVEL\XHARBOUR_BCC7\LIB\VM.LIB|cmdarg ACBP=A9
 0002:0004D7E8 000000E0 C=DATA    S=_DATA    G=DGROUP   M=D:\DEVEL\XHARBOUR_BCC7\LIB\VM.LIB|hbi18n ACBP=A9
 0002:0004D8C8 00000560 C=DATA    S=_DATA    G=DGROUP   M=D:\DEVEL\XHARBOUR_BCC7\LIB\VM.LIB|initsymb ACBP=A9
 0002:0004DE28 00000008 C=DATA    S=_DATA    G=DGROUP   M=D:\DEVEL\XHARBOUR_BCC7\LIB\VM.LIB|throw ACBP=A9
 0002:0004DE30 00000438 C=DATA    S=_DATA    G=DGROUP   M=D:\DEVEL\XHARBOUR_BCC7\LIB\VM.LIB|harbinit ACBP=A9
 0002:0004E268 00000010 C=DATA    S=_DATA    G=DGROUP   M=D:\DEVEL\XHARBOUR_BCC7\LIB\VM.LIB|bkgtsks ACBP=A9
 0002:0004E278 00000008 C=DATA    S=_DATA    G=DGROUP   M=D:\DEVEL\XHARBOUR_BCC7\LIB\VM.LIB|mainwin ACBP=A9
 0002:0004E280 00000004 C=DATA    S=_DATA    G=DGROUP   M=D:\DEVEL\XHARBOUR_BCC7\LIB\RTL.LIB|abs ACBP=A9
 0002:0004E284 0000000C C=DATA    S=_DATA    G=DGROUP   M=D:\DEVEL\XHARBOUR_BCC7\LIB\RTL.LIB|at ACBP=A9
 0002:0004E290 000004B0 C=DATA    S=_DATA    G=DGROUP   M=D:\DEVEL\XHARBOUR_BCC7\LIB\RTL.LIB|cdpapi ACBP=A9
 0002:0004E740 00000008 C=DATA    S=_DATA    G=DGROUP   M=D:\DEVEL\XHARBOUR_BCC7\LIB\RTL.LIB|chrasc ACBP=A9
 0002:0004E748 00000040 C=DATA    S=_DATA    G=DGROUP   M=D:\DEVEL\XHARBOUR_BCC7\LIB\RTL.LIB|console ACBP=A9
 0002:0004E788 00000010 C=DATA    S=_DATA    G=DGROUP   M=D:\DEVEL\XHARBOUR_BCC7\LIB\RTL.LIB|datec ACBP=A9
 0002:0004E798 0000005C C=DATA    S=_DATA    G=DGROUP   M=D:\DEVEL\XHARBOUR_BCC7\LIB\RTL.LIB|dateshb ACBP=A9
 0002:0004E7F4 00000014 C=DATA    S=_DATA    G=DGROUP   M=D:\DEVEL\XHARBOUR_BCC7\LIB\RTL.LIB|dirdrive ACBP=A9
 0002:0004E808 00000004 C=DATA    S=_DATA    G=DGROUP   M=D:\DEVEL\XHARBOUR_BCC7\LIB\RTL.LIB|file ACBP=A9
 0002:0004E80C 0000004C C=DATA    S=_DATA    G=DGROUP   M=D:\DEVEL\XHARBOUR_BCC7\LIB\RTL.LIB|filebuf ACBP=A9
 0002:0004E858 00000018 C=DATA    S=_DATA    G=DGROUP   M=D:\DEVEL\XHARBOUR_BCC7\LIB\RTL.LIB|filesys ACBP=A9
 0002:0004E870 00000004 C=DATA    S=_DATA    G=DGROUP   M=D:\DEVEL\XHARBOUR_BCC7\LIB\RTL.LIB|fparse ACBP=A9
 0002:0004E874 00000004 C=DATA    S=_DATA    G=DGROUP   M=D:\DEVEL\XHARBOUR_BCC7\LIB\RTL.LIB|fstemp ACBP=A9
 0002:0004E878 0000001C C=DATA    S=_DATA    G=DGROUP   M=D:\DEVEL\XHARBOUR_BCC7\LIB\RTL.LIB|gtapi ACBP=A9
 0002:0004E894 00000060 C=DATA    S=_DATA    G=DGROUP   M=D:\DEVEL\XHARBOUR_BCC7\LIB\RTL.LIB|hbbitf ACBP=A9
 0002:0004E8F4 00000360 C=DATA    S=_DATA    G=DGROUP   M=D:\DEVEL\XHARBOUR_BCC7\LIB\RTL.LIB|hbserv ACBP=A9
 0002:0004EC54 00000020 C=DATA    S=_DATA    G=DGROUP   M=D:\DEVEL\XHARBOUR_BCC7\LIB\RTL.LIB|hbffind ACBP=A9
 0002:0004EC74 00000294 C=DATA    S=_DATA    G=DGROUP   M=D:\DEVEL\XHARBOUR_BCC7\LIB\RTL.LIB|hbgtcore ACBP=A9
 0002:0004EF08 00000024 C=DATA    S=_DATA    G=DGROUP   M=D:\DEVEL\XHARBOUR_BCC7\LIB\RTL.LIB|hbhex2n ACBP=A9
 0002:0004EF2C 00000004 C=DATA    S=_DATA    G=DGROUP   M=D:\DEVEL\XHARBOUR_BCC7\LIB\RTL.LIB|hbrandom ACBP=A9
 0002:0004EF30 00000004 C=DATA    S=_DATA    G=DGROUP   M=D:\DEVEL\XHARBOUR_BCC7\LIB\RTL.LIB|hbtoken ACBP=A9
 0002:0004EF34 00000018 C=DATA    S=_DATA    G=DGROUP   M=D:\DEVEL\XHARBOUR_BCC7\LIB\RTL.LIB|idle ACBP=A9
 0002:0004EF4C 0000000C C=DATA    S=_DATA    G=DGROUP   M=D:\DEVEL\XHARBOUR_BCC7\LIB\RTL.LIB|inkey ACBP=A9
 0002:0004EF58 00000060 C=DATA    S=_DATA    G=DGROUP   M=D:\DEVEL\XHARBOUR_BCC7\LIB\RTL.LIB|langapi ACBP=A9
 0002:0004EFB8 00000008 C=DATA    S=_DATA    G=DGROUP   M=D:\DEVEL\XHARBOUR_BCC7\LIB\RTL.LIB|left ACBP=A9
 0002:0004EFC0 00000004 C=DATA    S=_DATA    G=DGROUP   M=D:\DEVEL\XHARBOUR_BCC7\LIB\RTL.LIB|len ACBP=A9
 0002:0004EFC4 00000154 C=DATA    S=_DATA    G=DGROUP   M=D:\DEVEL\XHARBOUR_BCC7\LIB\RTL.LIB|math ACBP=A9
 0002:0004F118 00000008 C=DATA    S=_DATA    G=DGROUP   M=D:\DEVEL\XHARBOUR_BCC7\LIB\RTL.LIB|minmax ACBP=A9
 0002:0004F120 00000004 C=DATA    S=_DATA    G=DGROUP   M=D:\DEVEL\XHARBOUR_BCC7\LIB\RTL.LIB|oemansi ACBP=A9
 0002:0004F124 00000004 C=DATA    S=_DATA    G=DGROUP   M=D:\DEVEL\XHARBOUR_BCC7\LIB\RTL.LIB|padl ACBP=A9
 0002:0004F128 00000004 C=DATA    S=_DATA    G=DGROUP   M=D:\DEVEL\XHARBOUR_BCC7\LIB\RTL.LIB|padr ACBP=A9
 0002:0004F12C 000000E4 C=DATA    S=_DATA    G=DGROUP   M=D:\DEVEL\XHARBOUR_BCC7\LIB\RTL.LIB|philes ACBP=A9
 0002:0004F210 0000000C C=DATA    S=_DATA    G=DGROUP   M=D:\DEVEL\XHARBOUR_BCC7\LIB\RTL.LIB|replic ACBP=A9
 0002:0004F21C 00000008 C=DATA    S=_DATA    G=DGROUP   M=D:\DEVEL\XHARBOUR_BCC7\LIB\RTL.LIB|right ACBP=A9
 0002:0004F224 0000000C C=DATA    S=_DATA    G=DGROUP   M=D:\DEVEL\XHARBOUR_BCC7\LIB\RTL.LIB|round ACBP=A9
 0002:0004F230 00000008 C=DATA    S=_DATA    G=DGROUP   M=D:\DEVEL\XHARBOUR_BCC7\LIB\RTL.LIB|seconds ACBP=A9
 0002:0004F238 000000D4 C=DATA    S=_DATA    G=DGROUP   M=D:\DEVEL\XHARBOUR_BCC7\LIB\RTL.LIB|regex ACBP=A9
 0002:0004F30C 00000004 C=DATA    S=_DATA    G=DGROUP   M=D:\DEVEL\XHARBOUR_BCC7\LIB\RTL.LIB|setcolor ACBP=A9
 0002:0004F310 00000008 C=DATA    S=_DATA    G=DGROUP   M=D:\DEVEL\XHARBOUR_BCC7\LIB\RTL.LIB|space ACBP=A9
 0002:0004F318 00000004 C=DATA    S=_DATA    G=DGROUP   M=D:\DEVEL\XHARBOUR_BCC7\LIB\RTL.LIB|spfiles ACBP=A9
 0002:0004F31C 00000004 C=DATA    S=_DATA    G=DGROUP   M=D:\DEVEL\XHARBOUR_BCC7\LIB\RTL.LIB|str ACBP=A9
 0002:0004F320 0000000C C=DATA    S=_DATA    G=DGROUP   M=D:\DEVEL\XHARBOUR_BCC7\LIB\RTL.LIB|strcase ACBP=A9
 0002:0004F32C 0000000C C=DATA    S=_DATA    G=DGROUP   M=D:\DEVEL\XHARBOUR_BCC7\LIB\RTL.LIB|strtran ACBP=A9
 0002:0004F338 00000004 C=DATA    S=_DATA    G=DGROUP   M=D:\DEVEL\XHARBOUR_BCC7\LIB\RTL.LIB|stuff ACBP=A9
 0002:0004F33C 00000008 C=DATA    S=_DATA    G=DGROUP   M=D:\DEVEL\XHARBOUR_BCC7\LIB\RTL.LIB|substr ACBP=A9
 0002:0004F344 000000C0 C=DATA    S=_DATA    G=DGROUP   M=D:\DEVEL\XHARBOUR_BCC7\LIB\RTL.LIB|tprinter ACBP=A9
 0002:0004F404 00000030 C=DATA    S=_DATA    G=DGROUP   M=D:\DEVEL\XHARBOUR_BCC7\LIB\RTL.LIB|trace ACBP=A9
 0002:0004F434 00000170 C=DATA    S=_DATA    G=DGROUP   M=D:\DEVEL\XHARBOUR_BCC7\LIB\RTL.LIB|transfrm ACBP=A9
 0002:0004F5A4 00000010 C=DATA    S=_DATA    G=DGROUP   M=D:\DEVEL\XHARBOUR_BCC7\LIB\RTL.LIB|trim ACBP=A9
 0002:0004F5B4 00000008 C=DATA    S=_DATA    G=DGROUP   M=D:\DEVEL\XHARBOUR_BCC7\LIB\RTL.LIB|type ACBP=A9
 0002:0004F5BC 0000000C C=DATA    S=_DATA    G=DGROUP   M=D:\DEVEL\XHARBOUR_BCC7\LIB\RTL.LIB|valtype ACBP=A9
 0002:0004F5C8 00000020 C=DATA    S=_DATA    G=DGROUP   M=D:\DEVEL\XHARBOUR_BCC7\LIB\RTL.LIB|version ACBP=A9
 0002:0004F5E8 00000008 C=DATA    S=_DATA    G=DGROUP   M=D:\DEVEL\XHARBOUR_BCC7\LIB\RTL.LIB|word ACBP=A9
 0002:0004F5F0 00000008 C=DATA    S=_DATA    G=DGROUP   M=D:\DEVEL\XHARBOUR_BCC7\LIB\RTL.LIB|xhelp ACBP=A9
 0002:0004F5F8 00000004 C=DATA    S=_DATA    G=DGROUP   M=D:\DEVEL\XHARBOUR_BCC7\LIB\RTL.LIB|xsavescr ACBP=A9
 0002:0004F5FC 0000168C C=DATA    S=_DATA    G=DGROUP   M=D:\DEVEL\XHARBOUR_BCC7\LIB\RTL.LIB|cstr ACBP=A9
 0002:00050C88 00000164 C=DATA    S=_DATA    G=DGROUP   M=D:\DEVEL\XHARBOUR_BCC7\LIB\RTL.LIB|fieldbl ACBP=A9
 0002:00050DEC 00001018 C=DATA    S=_DATA    G=DGROUP   M=D:\DEVEL\XHARBOUR_BCC7\LIB\RTL.LIB|objfunc ACBP=A9
 0002:00051E04 0000177C C=DATA    S=_DATA    G=DGROUP   M=D:\DEVEL\XHARBOUR_BCC7\LIB\RTL.LIB|tclass ACBP=A9
 0002:00053580 00000BD4 C=DATA    S=_DATA    G=DGROUP   M=D:\DEVEL\XHARBOUR_BCC7\LIB\RTL.LIB|tobject ACBP=A9
 0002:00054154 00000494 C=DATA    S=_DATA    G=DGROUP   M=D:\DEVEL\XHARBOUR_BCC7\LIB\RTL.LIB|traceprg ACBP=A9
 0002:000545E8 00001780 C=DATA    S=_DATA    G=DGROUP   M=D:\DEVEL\XHARBOUR_BCC7\LIB\RTL.LIB|tscalar ACBP=A9
 0002:00055D68 00002104 C=DATA    S=_DATA    G=DGROUP   M=D:\DEVEL\XHARBOUR_BCC7\LIB\MACRO.LIB|macroy ACBP=A9
 0002:00057E6C 0000003F C=DATA    S=_DATA    G=DGROUP   M=D:\DEVEL\XHARBOUR_BCC7\LIB\MACRO.LIB|macroa ACBP=A9
 0002:00057EAC 00000170 C=DATA    S=_DATA    G=DGROUP   M=D:\DEVEL\XHARBOUR_BCC7\LIB\MACRO.LIB|macrob ACBP=A9
 0002:0005801C 00000D18 C=DATA    S=_DATA    G=DGROUP   M=D:\DEVEL\XHARBOUR_BCC7\LIB\MACRO.LIB|macroslx ACBP=A9
 0002:00058D34 00000008 C=DATA    S=_DATA    G=DGROUP   M=D:\DEVEL\XHARBOUR_BCC7\LIB\COMMON.LIB|hbfsapi ACBP=A9
 0002:00058D3C 00000040 C=DATA    S=_DATA    G=DGROUP   M=D:\DEVEL\XHARBOUR_BCC7\LIB\COMMON.LIB|hbgete ACBP=A9
 0002:00058D7C 00000694 C=DATA    S=_DATA    G=DGROUP   M=D:\DEVEL\XHARBOUR_BCC7\LIB\COMMON.LIB|hbstr ACBP=A9
 0002:00059410 0000002C C=DATA    S=_DATA    G=DGROUP   M=D:\DEVEL\XHARBOUR_BCC7\LIB\COMMON.LIB|hbprintf ACBP=A9
 0002:0005943C 000000C0 C=DATA    S=_DATA    G=DGROUP   M=D:\DEVEL\XHARBOUR_BCC7\LIB\COMMON.LIB|hbtrace ACBP=A9
 0002:000594FC 00001118 C=DATA    S=_DATA    G=DGROUP   M=D:\DEVEL\XHARBOUR_BCC7\LIB\COMMON.LIB|hbver ACBP=A9
 0002:0005A614 000001BC C=DATA    S=_DATA    G=DGROUP   M=D:\DEVEL\XHARBOUR_BCC7\LIB\COMMON.LIB|expropt1 ACBP=A9
 0002:0005A7D0 0000025C C=DATA    S=_DATA    G=DGROUP   M=D:\DEVEL\XHARBOUR_BCC7\LIB\COMMON.LIB|reserved ACBP=A9
 0002:0005AA2C 00000094 C=DATA    S=_DATA    G=DGROUP   M=D:\DEVEL\XHARBOUR_BCC7\LIB\COMMON.LIB|hbdate ACBP=A9
 0002:0005AAC0 000009A0 C=DATA    S=_DATA    G=DGROUP   M=D:\DEVEL\XHARBOUR_BCC7\LIB\LANG.LIB|msgen ACBP=A9
 0002:0005B460 00000018 C=DATA    S=_DATA    G=DGROUP   M=D:\DEVEL\XHARBOUR_BCC7\LIB\RDD.LIB|dbcmd ACBP=A9
 0002:0005B478 000001E0 C=DATA    S=_DATA    G=DGROUP   M=D:\DEVEL\XHARBOUR_BCC7\LIB\RDD.LIB|workarea ACBP=A9
 0002:0005B658 00000034 C=DATA    S=_DATA    G=DGROUP   M=D:\DEVEL\XHARBOUR_BCC7\LIB\RDD.LIB|wacore ACBP=A9
 0002:0005B68C 00000030 C=DATA    S=_DATA    G=DGROUP   M=D:\DEVEL\XHARBOUR_BCC7\LIB\RDD.LIB|wafunc ACBP=A9
 0002:0005B6BC 000002A0 C=DATA    S=_DATA    G=DGROUP   M=D:\DEVEL\XHARBOUR_BCC7\LIB\RDD.LIB|dbf1 ACBP=A9
 0002:0005B95C 000002E4 C=DATA    S=_DATA    G=DGROUP   M=D:\DEVEL\XHARBOUR_BCC7\LIB\RDD.LIB|rddord ACBP=A9
 0002:0005BC40 00000074 C=DATA    S=_DATA    G=DGROUP   M=D:\DEVEL\XHARBOUR_BCC7\LIB\RDD.LIB|rddsys ACBP=A9
 0002:0005BCB4 000004A0 C=DATA    S=_DATA    G=DGROUP   M=D:\DEVEL\XHARBOUR_BCC7\LIB\DBFNTX.LIB|dbfntx1 ACBP=A9
 0002:0005C154 00000280 C=DATA    S=_DATA    G=DGROUP   M=D:\DEVEL\XHARBOUR_BCC7\LIB\DBFFPT.LIB|dbffpt1 ACBP=A9
 0002:0005C3D4 00000440 C=DATA    S=_DATA    G=DGROUP   M=D:\DEVEL\XHARBOUR_BCC7\LIB\PCREPOS.LIB|pcre_chartables ACBP=A9
 0002:0005C814 00000F58 C=DATA    S=_DATA    G=DGROUP   M=D:\DEVEL\XHARBOUR_BCC7\LIB\PCREPOS.LIB|pcre_compile ACBP=A9
 0002:0005D76C 0000000C C=DATA    S=_DATA    G=DGROUP   M=D:\DEVEL\XHARBOUR_BCC7\LIB\PCREPOS.LIB|pcre_exec ACBP=A9
 0002:0005D778 00000014 C=DATA    S=_DATA    G=DGROUP   M=D:\DEVEL\XHARBOUR_BCC7\LIB\PCREPOS.LIB|pcre_globals ACBP=A9
 0002:0005D78C 000009C4 C=DATA    S=_DATA    G=DGROUP   M=D:\DEVEL\XHARBOUR_BCC7\LIB\PCREPOS.LIB|pcre_tables ACBP=A9
 0002:0005E150 00000024 C=DATA    S=_DATA    G=DGROUP   M=D:\DEVEL\XHARBOUR_BCC7\LIB\PCREPOS.LIB|pcre_version ACBP=A9
 0002:0005E174 000002D4 C=DATA    S=_DATA    G=DGROUP   M=D:\DEVEL\XHARBOUR_BCC7\LIB\PCREPOS.LIB|pcreposix ACBP=A9
 0002:0005E448 00000010 C=DATA    S=_DATA    G=DGROUP   M=D:\DEVEL\BCC72\LIB\CW32.LIB|delaop ACBP=A9
 0002:0005E458 00000010 C=DATA    S=_DATA    G=DGROUP   M=D:\DEVEL\BCC72\LIB\CW32.LIB|delop ACBP=A9
 0002:0005E468 0000002C C=DATA    S=_DATA    G=DGROUP   M=D:\DEVEL\BCC72\LIB\CW32.LIB|exceptio ACBP=A9
 0002:0005E470 00000028 C=DATA    S=_DATA    G=DGROUP   M=D:\DEVEL\BCC72\LIB\CW32.LIB|gccex ACBP=A9
 0002:0005E484 00000110 C=DATA    S=_DATA    G=DGROUP   M=D:\DEVEL\BCC72\LIB\CW32.LIB|hrdir_b ACBP=A9
 0002:0005E594 00000024 C=DATA    S=_DATA    G=DGROUP   M=D:\DEVEL\BCC72\LIB\CW32.LIB|hrdir_s ACBP=A9
 0002:0005E5B8 00000004 C=DATA    S=_DATA    G=DGROUP   M=D:\DEVEL\BCC72\LIB\CW32.LIB|_stkchk ACBP=A9
 0002:0005E5BC 000007B4 C=DATA    S=_DATA    G=DGROUP   M=D:\DEVEL\BCC72\LIB\CW32.LIB|_fastmm ACBP=A9
 0002:0005ED70 00000014 C=DATA    S=_DATA    G=DGROUP   M=D:\DEVEL\BCC72\LIB\CW32.LIB|strerror ACBP=A9
 0002:0005ED84 0000000C C=DATA    S=_DATA    G=DGROUP   M=D:\DEVEL\BCC72\LIB\CW32.LIB|__dup2 ACBP=A9
 0002:0005ED90 00000004 C=DATA    S=_DATA    G=DGROUP   M=D:\DEVEL\BCC72\LIB\CW32.LIB|_cfinfo ACBP=A9
 0002:0005ED94 00000004 C=DATA    S=_DATA    G=DGROUP   M=D:\DEVEL\BCC72\LIB\CW32.LIB|_umask ACBP=A9
 0002:0005ED98 00000004 C=DATA    S=_DATA    G=DGROUP   M=D:\DEVEL\BCC72\LIB\CW32.LIB|cfinfo ACBP=A9
 0002:0005ED9C 000004B0 C=DATA    S=_DATA    G=DGROUP   M=D:\DEVEL\BCC72\LIB\CW32.LIB|files ACBP=A9
 0002:0005F24C 000000CC C=DATA    S=_DATA    G=DGROUP   M=D:\DEVEL\BCC72\LIB\CW32.LIB|files2 ACBP=A9
 0002:0005F318 00000004 C=DATA    S=_DATA    G=DGROUP   M=D:\DEVEL\BCC72\LIB\CW32.LIB|fmode ACBP=A9
 0002:0005F31C 00000004 C=DATA    S=_DATA    G=DGROUP   M=D:\DEVEL\BCC72\LIB\CW32.LIB|fmodeptr ACBP=A9
 0002:0005F320 0000012B C=DATA    S=_DATA    G=DGROUP   M=D:\DEVEL\BCC72\LIB\CW32.LIB|ioerror ACBP=A9
 0002:0005F44C 0000000C C=DATA    S=_DATA    G=DGROUP   M=D:\DEVEL\BCC72\LIB\CW32.LIB|mkname ACBP=A9
 0002:0005F458 00000494 C=DATA    S=_DATA    G=DGROUP   M=D:\DEVEL\BCC72\LIB\CW32.LIB|perror ACBP=A9
 0002:0005F8EC 00000076 C=DATA    S=_DATA    G=DGROUP   M=D:\DEVEL\BCC72\LIB\CW32.LIB|vprinter ACBP=A9
 0002:0005F964 00000202 C=DATA    S=_DATA    G=DGROUP   M=D:\DEVEL\BCC72\LIB\CW32.LIB|bigctype ACBP=A9
 0002:0005FB68 00000100 C=DATA    S=_DATA    G=DGROUP   M=D:\DEVEL\BCC72\LIB\CW32.LIB|clower ACBP=A9
 0002:0005FC68 00000100 C=DATA    S=_DATA    G=DGROUP   M=D:\DEVEL\BCC72\LIB\CW32.LIB|cupper ACBP=A9
 0002:0005FD68 0000025C C=DATA    S=_DATA    G=DGROUP   M=D:\DEVEL\BCC72\LIB\CW32.LIB|clocale ACBP=A9
 0002:0005FFC4 00000010 C=DATA    S=_DATA    G=DGROUP   M=D:\DEVEL\BCC72\LIB\CW32.LIB|_matherr ACBP=A9
 0002:0005FFD4 000000C0 C=DATA    S=_DATA    G=DGROUP   M=D:\DEVEL\BCC72\LIB\CW32.LIB|_pow10 ACBP=A9
 0002:00060094 0000000C C=DATA    S=_DATA    G=DGROUP   M=D:\DEVEL\BCC72\LIB\CW32.LIB|cos ACBP=A9
 0002:000600A0 00000068 C=DATA    S=_DATA    G=DGROUP   M=D:\DEVEL\BCC72\LIB\CW32.LIB|cvtfak ACBP=A9
 0002:00060108 00000068 C=DATA    S=_DATA    G=DGROUP   M=D:\DEVEL\BCC72\LIB\CW32.LIB|cvtfakw ACBP=A9
 0002:00060170 00000004 C=DATA    S=_DATA    G=DGROUP   M=D:\DEVEL\BCC72\LIB\CW32.LIB|deflt87 ACBP=A9
 0002:00060174 0000000C C=DATA    S=_DATA    G=DGROUP   M=D:\DEVEL\BCC72\LIB\CW32.LIB|exp ACBP=A9
 0002:00060180 00000012 C=DATA    S=_DATA    G=DGROUP   M=D:\DEVEL\BCC72\LIB\CW32.LIB|f87exp ACBP=A9
 0002:00060194 00000016 C=DATA    S=_DATA    G=DGROUP   M=D:\DEVEL\BCC72\LIB\CW32.LIB|f87log ACBP=A9
 0002:000601AC 0000007C C=DATA    S=_DATA    G=DGROUP   M=D:\DEVEL\BCC72\LIB\CW32.LIB|hugeval ACBP=A9
 0002:00060228 00000008 C=DATA    S=_DATA    G=DGROUP   M=D:\DEVEL\BCC72\LIB\CW32.LIB|initcvt ACBP=A9
 0002:00060230 0000000C C=DATA    S=_DATA    G=DGROUP   M=D:\DEVEL\BCC72\LIB\CW32.LIB|log ACBP=A9
 0002:0006023C 00000008 C=DATA    S=_DATA    G=DGROUP   M=D:\DEVEL\BCC72\LIB\CW32.LIB|mathptr ACBP=A9
 0002:00060244 00000044 C=DATA    S=_DATA    G=DGROUP   M=D:\DEVEL\BCC72\LIB\CW32.LIB|mathwhy ACBP=A9
 0002:00060288 0000001C C=DATA    S=_DATA    G=DGROUP   M=D:\DEVEL\BCC72\LIB\CW32.LIB|pow ACBP=A9
 0002:000602A4 00000008 C=DATA    S=_DATA    G=DGROUP   M=D:\DEVEL\BCC72\LIB\CW32.LIB|rand ACBP=A9
 0002:000602AC 00000014 C=DATA    S=_DATA    G=DGROUP   M=D:\DEVEL\BCC72\LIB\CW32.LIB|realcvt ACBP=A9
 0002:000602C0 00000028 C=DATA    S=_DATA    G=DGROUP   M=D:\DEVEL\BCC72\LIB\CW32.LIB|realcvtw ACBP=A9
 0002:000602E8 00000028 C=DATA    S=_DATA    G=DGROUP   M=D:\DEVEL\BCC72\LIB\CW32.LIB|scantod ACBP=A9
 0002:00060310 00000028 C=DATA    S=_DATA    G=DGROUP   M=D:\DEVEL\BCC72\LIB\CW32.LIB|scanwtod ACBP=A9
 0002:00060338 0000000C C=DATA    S=_DATA    G=DGROUP   M=D:\DEVEL\BCC72\LIB\CW32.LIB|sin ACBP=A9
 0002:00060344 00000010 C=DATA    S=_DATA    G=DGROUP   M=D:\DEVEL\BCC72\LIB\CW32.LIB|sqrt ACBP=A9
 0002:00060354 00000048 C=DATA    S=_DATA    G=DGROUP   M=D:\DEVEL\BCC72\LIB\CW32.LIB|mbctype ACBP=A9
 0002:0006039C 00000024 C=DATA    S=_DATA    G=DGROUP   M=D:\DEVEL\BCC72\LIB\CW32.LIB|assert ACBP=A9
 0002:000603C0 00000024 C=DATA    S=_DATA    G=DGROUP   M=D:\DEVEL\BCC72\LIB\CW32.LIB|ermsghlp ACBP=A9
 0002:000603E4 00000004 C=DATA    S=_DATA    G=DGROUP   M=D:\DEVEL\BCC72\LIB\CW32.LIB|errno ACBP=A9
 0002:000603E8 00000010 C=DATA    S=_DATA    G=DGROUP   M=D:\DEVEL\BCC72\LIB\CW32.LIB|errormsg ACBP=A9
 0002:000603F8 00000018 C=DATA    S=_DATA    G=DGROUP   M=D:\DEVEL\BCC72\LIB\CW32.LIB|debug_wrapper ACBP=A9
 0002:00060410 0000003C C=DATA    S=_DATA    G=DGROUP   M=D:\DEVEL\BCC72\LIB\CW32.LIB|abort ACBP=A9
 0002:0006044C 0000000C C=DATA    S=_DATA    G=DGROUP   M=D:\DEVEL\BCC72\LIB\CW32.LIB|__exit ACBP=A9
 0002:00060458 00000008 C=DATA    S=_DATA    G=DGROUP   M=D:\DEVEL\BCC72\LIB\CW32.LIB|saptr ACBP=A9
 0002:00060460 00000008 C=DATA    S=_DATA    G=DGROUP   M=D:\DEVEL\BCC72\LIB\CW32.LIB|wsaptr ACBP=A9
 0002:00060468 00000054 C=DATA    S=_DATA    G=DGROUP   M=D:\DEVEL\BCC72\LIB\CW32.LIB|setargv ACBP=A9
 0002:000604BC 00000028 C=DATA    S=_DATA    G=DGROUP   M=D:\DEVEL\BCC72\LIB\CW32.LIB|hsargv ACBP=A9
 0002:000604E4 00000024 C=DATA    S=_DATA    G=DGROUP   M=D:\DEVEL\BCC72\LIB\CW32.LIB|whsargv ACBP=A9
 0002:00060508 00000004 C=DATA    S=_DATA    G=DGROUP   M=D:\DEVEL\BCC72\LIB\CW32.LIB|wildptr ACBP=A9
 0002:0006050C 00000004 C=DATA    S=_DATA    G=DGROUP   M=D:\DEVEL\BCC72\LIB\CW32.LIB|wwildptr ACBP=A9
 0002:00060510 00000020 C=DATA    S=_DATA    G=DGROUP   M=D:\DEVEL\BCC72\LIB\CW32.LIB|setargv0 ACBP=A9
 0002:00060530 00000054 C=DATA    S=_DATA    G=DGROUP   M=D:\DEVEL\BCC72\LIB\CW32.LIB|setenvp ACBP=A9
 0002:00060584 0000005E C=DATA    S=_DATA    G=DGROUP   M=D:\DEVEL\BCC72\LIB\CW32.LIB|signal ACBP=A9
 0002:000605E4 00000004 C=DATA    S=_DATA    G=DGROUP   M=D:\DEVEL\BCC72\LIB\CW32.LIB|globals ACBP=A9
 0002:000605E8 00000004 C=DATA    S=_DATA    G=DGROUP   M=D:\DEVEL\BCC72\LIB\CW32.LIB|initexit ACBP=A9
 0002:000605EC 000001C4 C=DATA    S=_DATA    G=DGROUP   M=D:\DEVEL\BCC72\LIB\CW32.LIB|timedata ACBP=A9
 0002:000607B0 00000008 C=DATA    S=_DATA    G=DGROUP   M=D:\DEVEL\BCC72\LIB\CW32.LIB|timefunc ACBP=A9
 0002:000607B8 00000008 C=DATA    S=_DATA    G=DGROUP   M=D:\DEVEL\BCC72\LIB\CW32.LIB|tzdata ACBP=A9
 0002:000607C0 00000014 C=DATA    S=_DATA    G=DGROUP   M=D:\DEVEL\BCC72\LIB\CW32.LIB|tzset ACBP=A9
 0002:000607D4 00000004 C=DATA    S=_DATA    G=DGROUP   M=D:\DEVEL\BCC72\LIB\CW32.LIB|xx_xpf ACBP=A9
 0002:000607D8 00000370 C=DATA    S=_DATA    G=DGROUP   M=D:\DEVEL\BCC72\LIB\CW32.LIB|xxtype ACBP=A9
 0002:00060B38 00000014 C=DATA    S=_DATA    G=DGROUP   M=D:\DEVEL\BCC72\LIB\CW32.LIB|xxut ACBP=A9
 0002:00060B40 000000E8 C=DATA    S=_DATA    G=DGROUP   M=D:\DEVEL\BCC72\LIB\CW32.LIB|xxv ACBP=A9
 0002:00060C28 00000010 C=DATA    S=_DATA    G=DGROUP   M=D:\DEVEL\BCC72\LIB\CW32.LIB|except ACBP=A9
 0002:00060C38 000009E0 C=DATA    S=_DATA    G=DGROUP   M=D:\DEVEL\BCC72\LIB\CW32.LIB|xx ACBP=A9
 0002:00061618 000000D0 C=DATA    S=_DATA    G=DGROUP   M=D:\DEVEL\BCC72\LIB\IMPORT32.LIB|inetguid ACBP=A9
 0003:00000000 00000018 C=BSS     S=_BSS     G=DGROUP   M=D:\DEVEL\XHARBOUR_BCC7\CONTRIB\HWGUI\SAMPLES\OLE\OBJ\IESAMPLE.OBJ ACBP=A9
 0003:00000018 00000018 C=BSS     S=_BSS     G=DGROUP   M=D:\DEVEL\XHARBOUR_BCC7\CONTRIB\HWGUI\LIB\HBACTIVEX.LIB|hhtml ACBP=A9
 0003:00000030 00000001 C=BSS     S=_BSS     G=DGROUP   M=D:\DEVEL\XHARBOUR_BCC7\CONTRIB\HWGUI\LIB\HBACTIVEX.LIB|htmlcore ACBP=A9
 0003:00000030 00000042 C=BSS     S=_BSS     G=DGROUP   M=D:\DEVEL\XHARBOUR_BCC7\CONTRIB\HWGUI\LIB\HWGUI.LIB|commond ACBP=A9
 0003:00000074 00000028 C=BSS     S=_BSS     G=DGROUP   M=D:\DEVEL\XHARBOUR_BCC7\CONTRIB\HWGUI\LIB\HWGUI.LIB|control ACBP=A9
 0003:0000009C 00000018 C=BSS     S=_BSS     G=DGROUP   M=D:\DEVEL\XHARBOUR_BCC7\CONTRIB\HWGUI\LIB\HWGUI.LIB|drawwidg ACBP=A9
 0003:000000B4 00000018 C=BSS     S=_BSS     G=DGROUP   M=D:\DEVEL\XHARBOUR_BCC7\CONTRIB\HWGUI\LIB\HWGUI.LIB|errorsys ACBP=A9
 0003:000000CC 00000018 C=BSS     S=_BSS     G=DGROUP   M=D:\DEVEL\XHARBOUR_BCC7\CONTRIB\HWGUI\LIB\HWGUI.LIB|guimain ACBP=A9
 0003:000000E4 00000018 C=BSS     S=_BSS     G=DGROUP   M=D:\DEVEL\XHARBOUR_BCC7\CONTRIB\HWGUI\LIB\HWGUI.LIB|hbrowse ACBP=A9
 0003:000000FC 00000018 C=BSS     S=_BSS     G=DGROUP   M=D:\DEVEL\XHARBOUR_BCC7\CONTRIB\HWGUI\LIB\HWGUI.LIB|hcombo ACBP=A9
 0003:00000114 00000018 C=BSS     S=_BSS     G=DGROUP   M=D:\DEVEL\XHARBOUR_BCC7\CONTRIB\HWGUI\LIB\HWGUI.LIB|hcontrol ACBP=A9
 0003:0000012C 00000018 C=BSS     S=_BSS     G=DGROUP   M=D:\DEVEL\XHARBOUR_BCC7\CONTRIB\HWGUI\LIB\HWGUI.LIB|hcwindow ACBP=A9
 0003:00000144 00000018 C=BSS     S=_BSS     G=DGROUP   M=D:\DEVEL\XHARBOUR_BCC7\CONTRIB\HWGUI\LIB\HWGUI.LIB|hdatepic ACBP=A9
 0003:0000015C 00000018 C=BSS     S=_BSS     G=DGROUP   M=D:\DEVEL\XHARBOUR_BCC7\CONTRIB\HWGUI\LIB\HWGUI.LIB|hdc ACBP=A9
 0003:00000174 00000018 C=BSS     S=_BSS     G=DGROUP   M=D:\DEVEL\XHARBOUR_BCC7\CONTRIB\HWGUI\LIB\HWGUI.LIB|hdialog ACBP=A9
 0003:0000018C 00000018 C=BSS     S=_BSS     G=DGROUP   M=D:\DEVEL\XHARBOUR_BCC7\CONTRIB\HWGUI\LIB\HWGUI.LIB|hedit ACBP=A9
 0003:000001A4 00000018 C=BSS     S=_BSS     G=DGROUP   M=D:\DEVEL\XHARBOUR_BCC7\CONTRIB\HWGUI\LIB\HWGUI.LIB|hnice ACBP=A9
 0003:000001BC 00000018 C=BSS     S=_BSS     G=DGROUP   M=D:\DEVEL\XHARBOUR_BCC7\CONTRIB\HWGUI\LIB\HWGUI.LIB|hownbtn ACBP=A9
 0003:000001D4 00000018 C=BSS     S=_BSS     G=DGROUP   M=D:\DEVEL\XHARBOUR_BCC7\CONTRIB\HWGUI\LIB\HWGUI.LIB|hpanel ACBP=A9
 0003:000001EC 00000018 C=BSS     S=_BSS     G=DGROUP   M=D:\DEVEL\XHARBOUR_BCC7\CONTRIB\HWGUI\LIB\HWGUI.LIB|htab ACBP=A9
 0003:00000204 00000018 C=BSS     S=_BSS     G=DGROUP   M=D:\DEVEL\XHARBOUR_BCC7\CONTRIB\HWGUI\LIB\HWGUI.LIB|htimer ACBP=A9
 0003:0000021C 00000018 C=BSS     S=_BSS     G=DGROUP   M=D:\DEVEL\XHARBOUR_BCC7\CONTRIB\HWGUI\LIB\HWGUI.LIB|hwindow ACBP=A9
 0003:00000234 00000018 C=BSS     S=_BSS     G=DGROUP   M=D:\DEVEL\XHARBOUR_BCC7\CONTRIB\HWGUI\LIB\HWGUI.LIB|menu ACBP=A9
 0003:0000024C 00000004 C=BSS     S=_BSS     G=DGROUP   M=D:\DEVEL\XHARBOUR_BCC7\CONTRIB\HWGUI\LIB\HWGUI.LIB|resource ACBP=A9
 0003:00000250 00000004 C=BSS     S=_BSS     G=DGROUP   M=D:\DEVEL\XHARBOUR_BCC7\CONTRIB\HWGUI\LIB\HWGUI.LIB|theme ACBP=A9
 0003:00000254 00000004 C=BSS     S=_BSS     G=DGROUP   M=D:\DEVEL\XHARBOUR_BCC7\CONTRIB\HWGUI\LIB\HWGUI.LIB|window ACBP=A9
 0003:00000258 00000018 C=BSS     S=_BSS     G=DGROUP   M=D:\DEVEL\XHARBOUR_BCC7\CONTRIB\HWGUI\LIB\HWGUI.LIB|procs7 ACBP=A9
 0003:00000270 00000004 C=BSS     S=_BSS     G=DGROUP   M=D:\DEVEL\XHARBOUR_BCC7\LIB\VM.LIB|errorapi ACBP=A9
 0003:00000274 000016E4 C=BSS     S=_BSS     G=DGROUP   M=D:\DEVEL\XHARBOUR_BCC7\LIB\VM.LIB|estack ACBP=A9
 0003:00001958 00000018 C=BSS     S=_BSS     G=DGROUP   M=D:\DEVEL\XHARBOUR_BCC7\LIB\VM.LIB|extend ACBP=A9
 0003:00001970 000001F0 C=BSS     S=_BSS     G=DGROUP   M=D:\DEVEL\XHARBOUR_BCC7\LIB\VM.LIB|fm ACBP=A9
 0003:00001B60 00000038 C=BSS     S=_BSS     G=DGROUP   M=D:\DEVEL\XHARBOUR_BCC7\LIB\VM.LIB|hvm ACBP=A9
 0003:00001B98 00000214 C=BSS     S=_BSS     G=DGROUP   M=D:\DEVEL\XHARBOUR_BCC7\LIB\VM.LIB|set ACBP=A9
 0003:00001DAC 0000018D C=BSS     S=_BSS     G=DGROUP   M=D:\DEVEL\XHARBOUR_BCC7\LIB\VM.LIB|hbi18n ACBP=A9
 0003:00001F3C 00000018 C=BSS     S=_BSS     G=DGROUP   M=D:\DEVEL\XHARBOUR_BCC7\LIB\VM.LIB|harbinit ACBP=A9
 0003:00001F54 00000300 C=BSS     S=_BSS     G=DGROUP   M=D:\DEVEL\XHARBOUR_BCC7\LIB\VM.LIB|mainwin ACBP=A9
 0003:00002254 00000004 C=BSS     S=_BSS     G=DGROUP   M=D:\DEVEL\XHARBOUR_BCC7\LIB\RTL.LIB|console ACBP=A9
 0003:00002258 00000004 C=BSS     S=_BSS     G=DGROUP   M=D:\DEVEL\XHARBOUR_BCC7\LIB\RTL.LIB|dirdrive ACBP=A9
 0003:0000225C 00000080 C=BSS     S=_BSS     G=DGROUP   M=D:\DEVEL\XHARBOUR_BCC7\LIB\RTL.LIB|filebuf ACBP=A9
 0003:000022DC 00000218 C=BSS     S=_BSS     G=DGROUP   M=D:\DEVEL\XHARBOUR_BCC7\LIB\RTL.LIB|filesys ACBP=A9
 0003:000024F4 00000008 C=BSS     S=_BSS     G=DGROUP   M=D:\DEVEL\XHARBOUR_BCC7\LIB\RTL.LIB|gtclip ACBP=A9
 0003:000024FC 0000010C C=BSS     S=_BSS     G=DGROUP   M=D:\DEVEL\XHARBOUR_BCC7\LIB\RTL.LIB|hbgtcore ACBP=A9
 0003:00002608 00000200 C=BSS     S=_BSS     G=DGROUP   M=D:\DEVEL\XHARBOUR_BCC7\LIB\RTL.LIB|langapi ACBP=A9
 0003:00002808 00000004 C=BSS     S=_BSS     G=DGROUP   M=D:\DEVEL\XHARBOUR_BCC7\LIB\RTL.LIB|setkey ACBP=A9
 0003:0000280C 00000004 C=BSS     S=_BSS     G=DGROUP   M=D:\DEVEL\XHARBOUR_BCC7\LIB\RTL.LIB|xsavescr ACBP=A9
 0003:00002810 00000018 C=BSS     S=_BSS     G=DGROUP   M=D:\DEVEL\XHARBOUR_BCC7\LIB\RTL.LIB|cstr ACBP=A9
 0003:00002828 00000018 C=BSS     S=_BSS     G=DGROUP   M=D:\DEVEL\XHARBOUR_BCC7\LIB\RTL.LIB|fieldbl ACBP=A9
 0003:00002840 00000018 C=BSS     S=_BSS     G=DGROUP   M=D:\DEVEL\XHARBOUR_BCC7\LIB\RTL.LIB|objfunc ACBP=A9
 0003:00002858 00000018 C=BSS     S=_BSS     G=DGROUP   M=D:\DEVEL\XHARBOUR_BCC7\LIB\RTL.LIB|tclass ACBP=A9
 0003:00002870 00000018 C=BSS     S=_BSS     G=DGROUP   M=D:\DEVEL\XHARBOUR_BCC7\LIB\RTL.LIB|tobject ACBP=A9
 0003:00002888 00000018 C=BSS     S=_BSS     G=DGROUP   M=D:\DEVEL\XHARBOUR_BCC7\LIB\RTL.LIB|traceprg ACBP=A9
 0003:000028A0 00000018 C=BSS     S=_BSS     G=DGROUP   M=D:\DEVEL\XHARBOUR_BCC7\LIB\RTL.LIB|tscalar ACBP=A9
 0003:000028B8 00000054 C=BSS     S=_BSS     G=DGROUP   M=D:\DEVEL\XHARBOUR_BCC7\LIB\MACRO.LIB|macroy ACBP=A9
 0003:0000290C 00004AE0 C=BSS     S=_BSS     G=DGROUP   M=D:\DEVEL\XHARBOUR_BCC7\LIB\MACRO.LIB|macroslx ACBP=A9
 0003:000073EC 000001A8 C=BSS     S=_BSS     G=DGROUP   M=D:\DEVEL\XHARBOUR_BCC7\LIB\RDD.LIB|dbf1 ACBP=A9
 0003:00007594 00000018 C=BSS     S=_BSS     G=DGROUP   M=D:\DEVEL\XHARBOUR_BCC7\LIB\RDD.LIB|rddord ACBP=A9
 0003:000075AC 00000018 C=BSS     S=_BSS     G=DGROUP   M=D:\DEVEL\XHARBOUR_BCC7\LIB\RDD.LIB|rddsys ACBP=A9
 0003:000075C4 000001AC C=BSS     S=_BSS     G=DGROUP   M=D:\DEVEL\XHARBOUR_BCC7\LIB\DBFNTX.LIB|dbfntx1 ACBP=A9
 0003:00007770 000001A8 C=BSS     S=_BSS     G=DGROUP   M=D:\DEVEL\XHARBOUR_BCC7\LIB\DBFFPT.LIB|dbffpt1 ACBP=A9
 0003:00007918 00000020 C=BSS     S=_BSS     G=DGROUP   M=D:\DEVEL\BCC72\LIB\CW32.LIB|hrdir_b ACBP=A9
 0003:00007938 000021FC C=BSS     S=_BSS     G=DGROUP   M=D:\DEVEL\BCC72\LIB\CW32.LIB|_fastmm ACBP=A9
 0003:00009B34 000000A1 C=BSS     S=_BSS     G=DGROUP   M=D:\DEVEL\BCC72\LIB\CW32.LIB|strerror ACBP=A9
 0003:00009BD8 00000190 C=BSS     S=_BSS     G=DGROUP   M=D:\DEVEL\BCC72\LIB\CW32.LIB|files2 ACBP=A9
 0003:00009D68 00000004 C=BSS     S=_BSS     G=DGROUP   M=D:\DEVEL\BCC72\LIB\CW32.LIB|ioerror ACBP=A9
 0003:00009D6C 00000001 C=BSS     S=_BSS     G=DGROUP   M=D:\DEVEL\BCC72\LIB\CW32.LIB|lgetc ACBP=A9
 0003:00009D70 0000000F C=BSS     S=_BSS     G=DGROUP   M=D:\DEVEL\BCC72\LIB\CW32.LIB|mkname ACBP=A9
 0003:00009D80 00000108 C=BSS     S=_BSS     G=DGROUP   M=D:\DEVEL\BCC72\LIB\CW32.LIB|mbctype ACBP=A9
 0003:00009E88 00000100 C=BSS     S=_BSS     G=DGROUP   M=D:\DEVEL\BCC72\LIB\CW32.LIB|assert ACBP=A9
 0003:00009F88 00000019 C=BSS     S=_BSS     G=DGROUP   M=D:\DEVEL\BCC72\LIB\CW32.LIB|ermsghlp ACBP=A9
 0003:00009FA4 00000008 C=BSS     S=_BSS     G=DGROUP   M=D:\DEVEL\BCC72\LIB\CW32.LIB|qsort ACBP=A9
 0003:00009FAC 00000004 C=BSS     S=_BSS     G=DGROUP   M=D:\DEVEL\BCC72\LIB\CW32.LIB|debug_wrapper ACBP=A9
 0003:00009FB0 00004004 C=BSS     S=_BSS     G=DGROUP   M=D:\DEVEL\BCC72\LIB\CW32.LIB|__atexit ACBP=A9
 0003:0000DFB4 0000000C C=BSS     S=_BSS     G=DGROUP   M=D:\DEVEL\BCC72\LIB\CW32.LIB|setargv ACBP=A9
 0003:0000DFC0 00000004 C=BSS     S=_BSS     G=DGROUP   M=D:\DEVEL\BCC72\LIB\CW32.LIB|hsargv ACBP=A9
 0003:0000DFC4 00000004 C=BSS     S=_BSS     G=DGROUP   M=D:\DEVEL\BCC72\LIB\CW32.LIB|whsargv ACBP=A9
 0003:0000DFC8 00000010 C=BSS     S=_BSS     G=DGROUP   M=D:\DEVEL\BCC72\LIB\CW32.LIB|setenvp ACBP=A9
 0003:0000DFD8 00000040 C=BSS     S=_BSS     G=DGROUP   M=D:\DEVEL\BCC72\LIB\CW32.LIB|globals ACBP=A9
 0003:0000E018 00000008 C=BSS     S=_BSS     G=DGROUP   M=D:\DEVEL\BCC72\LIB\CW32.LIB|tzset ACBP=A9
 0003:0000E020 00000408 C=BSS     S=_BSS     G=DGROUP   M=D:\DEVEL\BCC72\LIB\CW32.LIB|xxtype ACBP=A9
 0003:0000E428 00000008 C=BSS     S=_BSS     G=DGROUP   M=D:\DEVEL\BCC72\LIB\CW32.LIB|xxv ACBP=A9
 0003:0000E430 00000008 C=BSS     S=_BSS     G=DGROUP   M=D:\DEVEL\BCC72\LIB\CW32.LIB|except ACBP=A9
 0003:0000E438 00000020 C=BSS     S=_BSS     G=DGROUP   M=D:\DEVEL\BCC72\LIB\CW32.LIB|xx ACBP=A9
 0004:00000000 0000009C C=TLS     S=_TLS     G=DGROUP   M=D:\DEVEL\BCC72\LIB\CW32.LIB|xxv ACBP=A9

 Address Publics by Name

 0002:0004BAA0  @std@bad_cast@3
 0002:00061604  @std@bad_exception@3
 0002:00060B24  @std@bad_typeid@3
 0002:0004BAB4  @std@exception@3
 0003:0000018C  B101_2
 0003:00002808  B1044_1
 0003:0000280C  B1106_2
 0003:00002810  B1128_2
 0003:00002828  B1149_2
 0003:00002840  B1174_2
 0003:00002858  B1208_2
 0003:00002870  B1224_2
 0003:00002888  B1228_2
 0003:000028A0  B1236_2
 0003:000001A4  B123_2
 0003:000001BC  B125_2
 0003:000028B8  B1291_2
 0003:0000290C  B1299_2
 0003:000001D4  B129_2
 0003:000073EC  B1479_2
 0003:000001EC  B151_2
 0003:00007594  B1525_2
 0003:000075AC  B1529_2
 0003:000075C4  B1531_2
 0003:00007770  B1537_2
 0003:00000204  B153_2
 0003:0000021C  B163_2
 0003:00000234  B171_2
 0003:0000024C  B189_1
 0003:00000250  B199_2
 0003:00000254  B205_2
 0003:00007918  B2088_2
 0003:00007938  B2134_2
 0003:00000258  B217_2
 0003:00009B34  B2244_2
 0003:00009BD8  B2536_1
 0003:00009D68  B2626_2
 0003:00009D6C  B2630_1
 0003:00009D70  B2646_2
 0003:00000000  B2_2
 0003:00009D80  B3377_2
 0003:00009E88  B3517_2
 0003:00009F88  B3535_2
 0003:00009FA4  B3551_1
 0003:00009FAC  B3566_2
 0003:00009FB0  B3572_1
 0003:0000DFB4  B3636_2
 0003:0000DFC0  B3638_2
 0003:0000DFC4  B3640_2
 0003:0000DFC8  B3709_2
 0003:0000DFD8  B3737_1
 0003:0000E018  B3786_2
 0003:0000E020  B3822_2
 0003:0000E428  B3826_2
 0003:0000E430  B3832_2
 0003:0000E438  B3865_2
 0003:00000018  B43_2
 0003:00000030  B57_2
 0003:00000074  B59_2
 0003:0000009C  B71_2
 0003:00000270  B732_2
 0003:00000274  B734_2
 0003:000000B4  B73_2
 0003:00001958  B740_2
 0003:00001970  B742_2
 0003:00001B60  B748_2
 0003:00001B98  B766_2
 0003:00001DAC  B776_2
 0003:00001F3C  B790_2
 0003:00001F54  B804_2
 0003:000000CC  B81_2
 0003:00002254  B828_2
 0003:00002258  B842_2
 0003:0000225C  B856_2
 0003:000000E4  B85_2
 0003:000022DC  B864_2
 0003:000024F4  B888_1
 0003:000000FC  B89_2
 0003:00000114  B91_2
 0003:000024FC  B926_2
 0003:0000012C  B93_2
 0003:00000144  B95_2
 0003:00002608  B960_2
 0003:0000015C  B97_2
 0003:00000174  B99_2
 0001:00000E76  BStr2TStr
 0001:0000456C  ButtonSubclassProc
 0001:00061A38  C1002_0
 0001:00061B48  C1004_0
 0001:00061C50  C1006_0
 0001:00062940  C1012_0
 0001:00062A38  C1016_0
 0001:00062B68  C1018_0
 0001:0000BE94  C101_0
 0001:0000BE94  C101_3
 0001:00062BFC  C1020_0
 0001:00062D30  C1024_0
 0001:00062F2C  C1030_0
 0001:000631F8  C1038_0
 0001:000643E4  C1040_0
 0001:0006453C  C1042_0
 0001:000645A0  C1044_0
 0001:00064B40  C1046_0
 0001:00064BD0  C1048_0
 0001:00064BFC  C1054_0
 0001:00064C84  C1056_0
 0001:00064F80  C1058_0
 0001:000651C0  C1062_0
 0001:000654F8  C1066_0
 0001:00065530  C1068_0
 0001:00065BC0  C1072_0
 0001:00065EE4  C1076_0
 0001:00066064  C1078_0
 0001:000661B8  C1082_0
 0001:0006732C  C1084_0
 0001:000674DC  C1086_0
 0001:000691DC  C1088_0
 0001:0006943C  C1092_0
 0001:000694B4  C1094_0
 0001:00069554  C1096_0
 0001:0006972C  C1098_0
 0001:00069B5C  C1100_0
 0001:00069EF0  C1102_0
 0001:00069F3C  C1104_0
 0001:00069F98  C1106_0
 0001:0006A07C  C1128_0
 0001:0006A07C  C1128_3
 0001:0006A1E0  C1149_0
 0001:0006A1E0  C1149_3
 0001:0006A240  C1174_0
 0001:0006A240  C1174_3
 0001:0006A41C  C1208_0
 0001:0006A41C  C1208_3
 0001:0006A620  C1224_0
 0001:0006A620  C1224_3
 0001:0006A7C4  C1228_0
 0001:0006A7C4  C1228_3
 0001:0006A824  C1236_0
 0001:0006A824  C1236_3
 0001:0000C2FC  C123_0
 0001:0000C2FC  C123_3
 0001:0000C4DC  C125_0
 0001:0000C4DC  C125_3
 0001:0006AA94  C1291_0
 0001:0006D4CC  C1293_0
 0001:0006D828  C1295_0
 0001:000735A8  C1297_0
 0001:00073E5C  C1299_0
 0001:0000C704  C129_0
 0001:0000C704  C129_3
 0001:000761C8  C1313_0
 0001:00076208  C1315_0
 0001:000765E8  C1317_0
 0001:000766E0  C1321_0
 0001:00076CAC  C1323_0
 0001:0007834C  C1325_0
 0001:00079DF0  C1327_0
 0001:0007A018  C1329_0
 0001:0007B070  C1331_0
 0001:0007BB8C  C1333_0
 0001:0007D1D4  C1335_0
 0001:0007D234  C1337_0
 0001:0007EB50  C1339_0
 0001:0007ECD4  C1363_0
 0001:0007ECD8  C1363_2
 0001:0007ECE4  C1455_0
 0001:000824D8  C1457_0
 0001:0008313C  C1473_0
 0001:0008573C  C1475_0
 0001:00085FA8  C1477_0
 0001:0008745C  C1479_0
 0001:0008F918  C1479_3
 0001:0008F950  C1479_4
 0001:0008F960  C1513_0
 0001:0000C884  C151_0
 0001:0000C884  C151_3
 0001:0009000C  C1525_0
 0001:0009000C  C1525_3
 0001:000900E4  C1529_0
 0001:000900E4  C1529_3
 0001:00090130  C1531_0
 0001:0009ACCC  C1531_3
 0001:0009AD04  C1531_4
 0001:0009AD14  C1537_0
 0001:000A2370  C1537_3
 0001:000A23A8  C1537_4
 0001:0000CC2C  C153_0
 0001:0000CC2C  C153_3
 0001:000A23B8  C1569_0
 0001:000AA1B0  C1575_0
 0001:000B5A58  C1577_0
 0001:000B5CB8  C1585_0
[...]
 0001:000C0144  C3636_4
 0001:000C0228  __handle_setargv
 0001:000C0228  C3638_0
 0001:000C0380  __handle_exitargv
 0001:000C044C  C3640_0
 0001:000C044C  __handle_wsetargv
 0001:000C05E0  __handle_wexitargv
 0001:000C06BC  C3697_2
 0001:000C06BC  C3697_0
 0001:000C06F4  C3697_3
 0001:000C0704  C3709_4
 0001:000C0704  C3709_0
 0001:000C0738  __expandblock
 0001:000C0884  C3709_3
 0001:000C08A4  C3723_0
 0001:000C0ACC  _signal
 0001:000C0B2C  ___org_raise
 0001:000C0B2C  _raise
 0001:000C0BA0  __terminate
 0001:000C0BA0  C3738_0
 0001:000C0BB0  __init_exit_proc
 0001:000C0C90  __cleanup
 0001:000C0CC4  C3742_0
 0001:000C0CC4  __startup
 0001:000C0E30  ___CRTL_TLS_Alloc
 0001:000C0E30  C3758_0
 0001:000C0E38  ___CRTL_TLS_Free
 0001:000C0E48  ___CRTL_TLS_GetValue
 0001:000C0E58  ___CRTL_TLS_SetValue
 0001:000C0E6C  ___CRTL_TLS_InitThread
 0001:000C0E74  ___CRTL_TLS_ExitThread
 0001:000C0E7C  ___CRTL_TLS_GetInfo
 0001:000C0E80  __isDSTx
 0001:000C0E80  C3782_0
 0001:000C100C  ___isDST_hook
 0001:000C101C  __isDST
 0001:000C1054  __totalsec
 0001:000C11EC  C3784_2
 0001:000C11EC  C3784_0
 0001:000C11F4  __tzsetx
 0001:000C11F4  C3786_0
 0001:000C13BC  ____set_tzset_hook
 0001:000C13CC  __tzset
 0001:000C13E4  C3788_0
 0001:000C13E4  _tzset
 0001:000C13EC  C3814_0
 0001:000C13EC  _time
 0001:000C13EC  ___org_time
 0001:000C143C  __InitExceptBlockLDTC
 0001:000C143C  C3818_0
 0001:000C1475  __ExitExceptBlock
 0001:000C1483  __ExceptionHandler
 0001:000C14AC  C3822_0
 0001:000C1603  C3822_4
 0001:000C19AB  C3822_3
 0001:000C19D7  C3822_5
 0001:000C19F8  __typeIDname(tpid *)
 0001:000C1A30  __isSameTypeID(tpid *, tpid *)
 0001:000C1B0C  __isCompatTypeID(tpid *, tpid *, int, tpid * *)
 0001:000C1C1C  __tpdsc__ std::bad_typeid
 0001:000C1C74  __adjustClassAdr(void *, tpid *, tpid *)
 0001:000C1CF0  std::bad_typeid::~bad_typeid()
 0001:000C1D30  _InitTermAndUnexPtrs()
 0001:000C1D58  C3826_4
 0001:000C1D58  C3826_0
 0001:000C1D84  ___call_terminate
 0001:000C1DF0  ___call_unexpected
 0001:000C1E28  __ExceptInit
 0001:000C1E78  __GetExceptDLLinfoInternal
 0001:000C1EA0  C3828_0
 0001:000C1EA0  ___DefHandler
 0001:000C1EAC  C3832_0
 0001:000C1EAC  ___raiseDebuggerException
 0001:000C1FB8  __setexc
 0001:000C1FD4  __unsetexc
 0001:000C1FE4  __SetUserHandler
 0001:000C1FF8  __unsetuserhandler
 0001:000C2004  C3832_3
 0001:000C2004  __init_except
 0001:000C201C  __exit_except
 0001:000C201C  C3832_4
 0001:000C2030  __InitDefaultHander
 0001:000C2044  C3834_0
 0001:000C2044  __SetExceptionHandler
 0001:000C2059  __UnsetExceptionHandler
 0001:000C2085  __UnwindException
 0001:000C208C  C3836_0
 0001:000C208C  jump()
 0001:000C2092  ___doGlobalUnwind
 0001:000C20A7  invokeHnd()
 0001:000C20AE  ___cleanupTObject
 0001:000C20C0  C3865_0
 0001:000C20C0  C3865_3
 0001:000C3704  ___JumpToCatch__
 0001:000C370C  _ThrowExceptionLDTC(void *, void *, void *, void *, unsigned int, unsigned int, unsigned int, unsigned char *, void *)
 0001:000C3744  __Global_unwind
 0001:000C3784  _CatchCleanup()
 0001:000C3878  ____ExceptionHandler
 0001:000C3CD8  std::bad_exception::bad_exception()
 0001:000C3D14  std::bad_exception::~bad_exception()
 0001:000C3D70  __tpdsc__ std::bad_exception
 0001:000C3DCC  std::bad_exception::bad_exception(std::bad_exception&)
 0001:000C3E04  __tpdsc__ std::bad_exception *
 0002:00000000  D1_1
 0002:00000058  ___isGUI
 0002:00000090  ___isVCLPackage
 0002:00000091  ___isDLL
 0002:0000009E  ___useDynamicTLS
 0002:0000009F  __TLS_index
 0002:000000A3  __TLS_index4
 0002:000000A7  __hInstance
 0002:000000AC  ___CPPdebugHook_segment
 0002:000000AC  ___CPPdebugHook
 0002:000000B0  __PackageInfoTable
 0002:000000C8  D2_1
 0002:00000718  D43_1
 0002:00000FD8  D45_1
 0002:000010F8  _MyIDispatchVtbl
 0002:00001174  D47_1
 0002:00001178  D57_1
 0002:000011BC  D59_1
 0002:00001650  _aDialogs
 0002:00001650  D65_1
 0002:00001658  _iDialogs
 0002:00001738  D67_1
 0002:0000175C  D71_1
 0002:00003B5C  D73_1
 0002:00004478  D81_1
 0002:000068CC  D85_1
 0002:000172F0  D89_1
 0002:0001BB6C  D91_1
 0002:00025440  D93_1
 0002:00029DA4  D95_1
 0002:0002B70C  D97_1
 0002:0002CE28  D99_1
 0002:00030F78  D101_1
 0002:00037D5C  D123_1
 0002:0003937C  D125_1
 0002:0003BCCC  D129_1
 0002:0003D840  D151_1
 0002:00042F38  D153_1
 0002:00043A6C  D163_1
 0002:00049778  D171_1
 0002:0004AA74  D173_1
 0002:0004AAD4  D175_1
 0002:0004AB0C  D177_1
 0002:0004AEE8  D179_1
 0002:0004AF48  D195_1
 0002:0004AF4C  _Themed
 0002:0004AF4C  D199_1
 0002:0004AF50  _ThemeLibLoaded
 0002:0004B2E0  D205_1
 0002:0004B2E4  _aWindows
 0002:0004B2EC  _pSym_onEvent
 0002:0004B2F0  _pSym_onEven_Tool
 0002:0004B3E4  D217_1
 0002:0004BA64  __thrwl__ std::exception::exception()
 0002:0004BA68  __odtbl__ std::exception::exception()
 0002:0004BA78  __ectbl__ std::exception::exception()
 0002:0004BA90  __thrwl__ std::bad_cast::~bad_cast()
 0002:0004BA94  __ectbl__ std::bad_cast::~bad_cast()
 0002:0004BAA0  @std@bad_cast@3
 0002:0004BAB4  @std@exception@3
 0002:0004BAC8  D712_1
 0002:0004BB10  D714_1
 0002:0004BC74  D718_1
 0002:0004BC98  _hb_cls_uiArrayClass
 0002:0004BC9A  _hb_cls_uiBlockClass
 0002:0004BC9C  _hb_cls_uiCharacterClass
 0002:0004BC9E  _hb_cls_uiDateClass
 0002:0004BCA0  _hb_cls_uiTimeFlagClass
 0002:0004BCA2  _hb_cls_uiLogicalClass
 0002:0004BCA4  _hb_cls_uiNilClass
 0002:0004BCA6  _hb_cls_uiNumericClass
 0002:0004BCA8  _hb_cls_uiPointerClass
 0002:0004BCAA  _hb_cls_uiHashClass
 0002:0004C234  D722_1
 0002:0004C268  D730_1
 0002:0004C284  D732_1
 0002:0004C284  _hb_errFuncName
 0002:0004C484  D734_1
 0002:0004C484  _hb_stack_ptr
 0002:0004C488  _hb_stack_ready
 0002:0004C604  D736_1
 0002:0004C620  D738_1
 0002:0004C628  D740_1
 0002:0004C62C  D742_1
 0002:0004C6A4  D744_1
 0002:0004C6EC  D746_1
 0002:0004CA14  D748_1
 0002:0004CA20  _hb_symEval
 0002:0004CA4C  _pHVMFuncService
 0002:0004CA50  _hb_vm_bQuitRequest
 0002:0004CA54  _hb_vm_sNull
 0002:0004CA58  _hb_vm_iTry
 0002:0004CA5C  _hb_vm_BreakBlock
 0002:0004D35C  D752_1
 0002:0004D390  D754_1
 0002:0004D454  D756_1
 0002:0004D454  _hb_comp_bShortCuts
 0002:0004D480  D758_1
 0002:0004D5AC  D762_1
 0002:0004D608  D766_1
 0002:0004D6AC  D770_1
 0002:0004D6C8  D772_1
 0002:0004D6D4  _hb_hInstance
 0002:0004D6D8  _hb_hPrevInstance
 0002:0004D6DC  _hb_iCmdShow
 0002:0004D6E0  _s_WinMainParam
 0002:0004D7E8  D776_1
 0002:0004D8C8  D782_1
 0002:0004DE28  D788_1
 0002:0004DE30  D790_1
 0002:0004E268  D798_1
 0002:0004E278  D804_1
 0002:0004E280  D806_1
 0002:0004E284  D812_1
 0002:0004E290  D820_1
 0002:0004E490  _hb_uniTbl_437
 0002:0004E728  _hb_cdp_page
 0002:0004E740  D822_1
 0002:0004E748  D828_1
 0002:0004E788  D832_1
 0002:0004E798  D834_1
 0002:0004E7F4  D842_1
 0002:0004E808  D854_1
 0002:0004E80C  D856_1
 0002:0004E858  D864_1
 0002:0004E870  D872_1
 0002:0004E874  D876_1
 0002:0004E878  D882_1
 0002:0004E894  D904_1
 0002:0004E8F4  D914_1
 0002:0004EC54  D922_1
 0002:0004EC74  D926_1
 0002:0004EE40  _hb_gt_szNameDefault
 0002:0004EF08  D928_1
 0002:0004EF2C  D940_1
 0002:0004EF30  D946_1
 0002:0004EF34  D950_1
 0002:0004EF48  _hb_vm_bCollectGarbage
 0002:0004EF4C  D952_1
 0002:0004EF58  D960_1
 0002:0004EFB8  D962_1
 0002:0004EFC0  D964_1
 0002:0004EFC4  D968_1
 0002:0004F118  D974_1
 0002:0004F120  D992_1
 0002:0004F124  D1002_1
 0002:0004F128  D1004_1
 0002:0004F12C  D1006_1
 0002:0004F210  D1016_1
 0002:0004F21C  D1018_1
 0002:0004F224  D1020_1
 0002:0004F230  D1030_1
 0002:0004F238  D1038_1
 0002:0004F30C  D1040_1
 0002:0004F310  D1054_1
 0002:0004F318  D1056_1
 0002:0004F31C  D1058_1
 0002:0004F320  D1062_1
 0002:0004F32C  D1072_1
 0002:0004F338  D1076_1
 0002:0004F33C  D1078_1
 0002:0004F344  D1082_1
 0002:0004F404  D1084_1
 0002:0004F434  D1086_1
 0002:0004F5A4  D1088_1
 0002:0004F5B4  D1092_1
 0002:0004F5BC  D1098_1
 0002:0004F5C8  D1100_1
 0002:0004F5E8  D1102_1
 0002:0004F5F0  D1104_1
 0002:0004F5F8  D1106_1
 0002:0004F5FC  D1128_1
 0002:00050C88  D1149_1
 0002:00050DEC  D1174_1
 0002:00051E04  D1208_1
 0002:00053580  D1224_1
 0002:00054154  D1228_1
 0002:000545E8  D1236_1
 0002:00055D68  D1291_1
 0002:00057E6C  D1293_1
 0002:00057EAC  D1295_1
 0002:00057EAC  _hb_comp_ExprTable
 0002:0005801C  D1299_1
 0002:00058058  _yytext
 0002:00058D34  D1315_1
 0002:00058D3C  D1317_1
 0002:00058D7C  _hb_szAscii
 0002:00058D7C  D1323_1
 0002:00059410  D1325_1
 0002:0005943C  D1327_1
 0002:0005943C  _hb_tr_file_
 0002:00059440  _hb_tr_line_
 0002:00059444  _hb_tr_level_
 0002:000594FC  D1329_1
 0002:0005A614  D1331_1
 0002:0005A7D0  D1335_1
 0002:0005AA2C  D1337_1
 0002:0005AAC0  D1363_1
 0002:0005B460  D1455_1
 0002:0005B478  D1473_1
 0002:0005B658  D1475_1
 0002:0005B68C  D1477_1
 0002:0005B6BC  D1479_1
 0002:0005B95C  D1525_1
 0002:0005BC40  D1529_1
 0002:0005BCB4  D1531_1
 0002:0005C154  D1537_1
 0002:0005C3D4  __pcre_default_tables
 0002:0005C3D4  D1567_0
 0002:0005C814  D1569_1
 0002:0005D76C  D1575_1
 0002:0005D778  D1581_0
 0002:0005D778  _pcre_malloc
 0002:0005D77C  _pcre_free
 0002:0005D780  _pcre_stack_malloc
 0002:0005D784  _pcre_stack_free
 0002:0005D788  _pcre_callout
 0002:0005D78C  D1593_0
 0002:0005D78C  __pcre_hspace_list
 0002:0005D7DC  __pcre_vspace_list
 0002:0005D7FC  __pcre_utf8_table1
 0002:0005D814  __pcre_utf8_table1_size
 0002:0005D818  __pcre_utf8_table2
 0002:0005D830  __pcre_utf8_table3
 0002:0005D848  __pcre_ucp_gentype
 0002:0005D8C0  __pcre_ucp_gbtable
 0002:0005D8F4  __pcre_utt
 0002:0005DC5C  __pcre_utt_size
 0002:0005DC60  __pcre_OP_lengths
 0002:0005DCFC  __pcre_utf8_table4
 0002:0005DD3C  __pcre_utt_names
 0002:0005E150  D1597_1
 0002:0005E174  D1603_1
 0002:0005E448  D1879_1
 0002:0005E458  D1885_1
 0002:0005E468  D1893_1
 0002:0005E470  D1897_1
 0002:0005E474  __thrwl__ std::exception::~exception()
 0002:0005E478  __ectbl__ std::exception::~exception()
 0002:0005E484  D2088_1
 0002:0005E594  D2100_1
 0002:0005E598  __heap_redirector
 0002:0005E5B8  D2114_0
 0002:0005E5B8  __stkchk
 0002:0005E5BC  D2134_1
 0002:0005E5BC  __FastMM_IsMultiThread
 0002:0005E5BD  __FastMM_ReportMemoryLeaksOnShutdown
 0002:0005E5BE  __FastMM_NeverSleepOnMMThreadContention
 0002:0005E5F0  __FastMM_MemoryManager
 0002:0005E608  __FastMM_SmallBlockTypes
 0002:0005ECE8  __FastMM_MediumBlocksLocked
 0002:0005ED70  D2244_1
 0002:0005ED84  D2404_1
 0002:0005ED90  __cfinfo_get
 0002:0005ED90  D2424_1
 0002:0005ED94  D2456_1
 0002:0005ED94  __notUmask
 0002:0005ED98  D2476_0
 0002:0005ED98  __fileinfo
 0002:0005ED9C  D2534_0
 0002:0005ED9C  __streams
 0002:0005F24C  __nfile
 0002:0005F24C  D2536_0
 0002:0005F250  __openfd
 0002:0005F318  __fmode
 0002:0005F318  D2544_0
 0002:0005F31C  __fmodeptr
 0002:0005F31C  D2546_1
 0002:0005F320  __dosErrorToSV
 0002:0005F320  D2626_1
 0002:0005F44C  D2646_1
 0002:0005F458  D2652_1
 0002:0005F458  __sys_errlist
 0002:0005F520  __sys_nerr
 0002:0005F8EC  D2781_1
 0002:0005F964  D2939_0
 0002:0005F964  __chartype
 0002:0005FB68  D2945_0
 0002:0005FB68  __lower
 0002:0005FC68  __upper
 0002:0005FC68  D2949_0
 0002:0005FD68  D2967_0
 0002:0005FD68  _CMonetary
 0002:0005FD9C  _CNumeric
 0002:0005FDB2  _CTimeDate
 0002:0005FE74  _CLOCALE
 0002:0005FEA0  ___locale
 0002:0005FFC4  D3099_1
 0002:0005FFD4  D3105_1
 0002:0005FFD4  _e0to7
 0002:00060024  _e8
 0002:00060030  _e16
 0002:0006003A  _e32
 0002:00060044  _e64
 0002:0006004E  _e128
 0002:00060058  _e256
 0002:00060062  _e512
 0002:0006006C  _e1024
 0002:00060076  _e2048
 0002:00060080  _e4096
 0002:0006008A  _eINF
 0002:00060094  D3142_1
 0002:000600A0  D3160_1
 0002:000600A0  __realcvtptr
 0002:000600A4  __nextrealptr
 0002:000600A8  __scantodptr
 0002:000600AC  __scanrsltptr
 0002:00060108  __realcvtwptr
 0002:00060108  D3162_1
 0002:0006010C  __nextrealwptr
 0002:00060110  __scanwtodptr
 0002:00060114  __scanwrsltptr
 0002:00060170  __default87
 0002:00060170  D3164_0
 0002:00060174  D3170_1
 0002:00060180  D3178_1
 0002:00060194  D3180_1
 0002:000601AC  __huge_flt
 0002:000601AC  D3218_0
 0002:000601B0  __huge_dble
 0002:000601B8  __huge_ldble
 0002:000601C2  __max_flt
 0002:000601C6  __max_dble
 0002:000601CE  __max_ldble
 0002:000601D8  __indefinite
 0002:000601DC  __tiny_ldble
 0002:000601E8  ___ieee_64_p_inf
 0002:000601F0  ___ieee_64_n_inf
 0002:000601F8  ___ieee_64_p_nanq
 0002:00060200  ___ieee_64_n_nanq
 0002:00060208  ___ieee_64_p_nans
 0002:00060210  ___ieee_64_n_nans
 0002:00060218  ___ieee_64_p_zero
 0002:00060220  ___ieee_64_n_zero
 0002:00060228  __turboFloat
 0002:00060228  D3228_0
 0002:0006022C  __floatconvert
 0002:00060230  D3246_1
 0002:0006023C  __pmatherr
 0002:0006023C  D3270_1
 0002:00060240  __pmatherrl
 0002:00060244  __mathwhy
 0002:00060244  D3274_0
 0002:00060288  D3284_1
 0002:000602A4  D3296_1
 0002:000602AC  D3298_1
 0002:000602C0  D3300_1
 0002:000602E8  D3307_1
 0002:00060310  D3309_1
 0002:00060338  D3311_1
 0002:00060344  D3319_1
 0002:00060354  __kalpha
 0002:00060354  D3377_1
 0002:00060356  __kpunct
 0002:0006039C  D3517_1
 0002:000603C0  D3535_1
 0002:000603E4  _errno
 0002:000603E4  D3537_1
 0002:000603E8  D3539_1
 0002:000603E8  __messagefunc
 0002:000603EC  __messagefile
 0002:000603F8  __ectbl__ _internal_dbk_fcall_wrapper()
 0002:00060410  D3570_1
 0002:0006044C  D3608_1
 0002:0006044C  __exitbuf
 0002:00060450  __exitfopen
 0002:00060454  __exitopen
 0002:00060458  __setargv_ptr
 0002:00060458  D3632_0
 0002:0006045C  __exitargv_ptr
 0002:00060460  D3634_0
 0002:00060460  __wsetargv_ptr
 0002:00060464  __wexitargv_ptr
 0002:00060468  __setargv__
 0002:00060468  D3636_1
 0002:000604BC  D3638_1
 0002:000604BC  __cmdline_escapes
 0002:000604E4  D3640_1
 0002:00060508  __argv_expand_ptr
 0002:00060508  D3693_0
 0002:0006050C  __wargv_expand_ptr
 0002:0006050C  D3695_0
 0002:00060510  D3697_1
 0002:00060510  __argv0
 0002:00060530  D3709_1
 0002:00060530  __setenvp__
 0002:00060584  D3723_1
 0002:000605E4  __isWindows
 0002:000605E4  D3737_0
 0002:000605E8  D3738_1
 0002:000605EC  __SWeekday
 0002:000605EC  D3778_0
 0002:00060608  __LWeekday
 0002:00060624  __SMonth
 0002:00060654  __LMonth
 0002:00060684  __AmPm
 0002:0006068C  __Days
 0002:00060698  __YDays
 0002:000607B0  D3782_1
 0002:000607B0  __PREFER_END_STANDARD_TIME
 0002:000607B1  __PREFER_START_DAYLIGHT_TIME
 0002:000607B8  D3784_1
 0002:000607B8  __timezone
 0002:000607BC  __daylight
 0002:000607C0  D3786_1
 0002:000607C0  __tzname
 0002:000607D4  D3820_0
 0002:000607D4  ___xxPersonality
 0002:000607D8  D3822_1
 0002:00060B14  __thrwl__ std::bad_typeid::~bad_typeid()
 0002:00060B18  __ectbl__ std::bad_typeid::~bad_typeid()
 0002:00060B24  @std@bad_typeid@3
 0002:00060B38  ___terminatePTR
 0002:00060B38  D3824_1
 0002:00060B3C  ___unexpectdPTR
 0002:00060B40  ___CPPexceptionList
 0002:00060B40  D3826_1
 0002:00060B44  ___exceptFlags
 0002:00060B48  ___throwFileName
 0002:00060B4C  ___throwLineNumber
 0002:00060B50  ___throwExceptionName
 0002:00060B54  ___exceptStaticBuffP
 0002:00060B58  ___exceptMemAllocVars
 0002:00060B5C  ___ExceptStaticXbuff
 0002:00060BDC  __ExceptVarsSize
 0002:00060BF0  __chtbl__ __call_terminate()
 0002:00060C10  __ectbl__ __call_terminate()
 0002:00060C28  D3832_1
 0002:00060C38  D3865_1
 0002:00060C38  ___debuggerDisableTerminateCallback
 0002:0006156C  __odtbl__ ___ExceptionHandler(_EXCEPTION_RECORD *, ERRbc *, _CONTEXT *, void *, unsigned long, unsigned long, unsigned long, unsigned long, unsigned long, unsigned long)
 0002:0006157C  __ectbl__ ___ExceptionHandler(_EXCEPTION_RECORD *, ERRbc *, _CONTEXT *, void *, unsigned long, unsigned long, unsigned long, unsigned long, unsigned long, unsigned long)
 0002:000615A0  __thrwl__ std::bad_exception::bad_exception()
 0002:000615A4  __odtbl__ std::bad_exception::bad_exception()
 0002:000615B4  __ectbl__ std::bad_exception::bad_exception()
 0002:000615CC  __thrwl__ std::bad_exception::~bad_exception()
 0002:000615D0  __odtbl__ std::bad_exception::~bad_exception()
 0002:000615E0  __ectbl__ std::bad_exception::~bad_exception()
 0002:000615F8  __ectbl__ std::bad_exception::bad_exception(std::bad_exception&)
 0002:00061604  @std@bad_exception@3
 0002:00061618  _IID_IUnknown
 0002:00061628  _IID_IDispatch
 0002:00061638  _IID_IPicture
 0002:00061648  _IID_IOleInPlaceSite
 0002:00061658  _IID_IOleInPlaceObject
 0002:00061668  _IID_IOleObject
 0002:00061678  _IID_IOleClientSite
 0002:00061688  _CLSID_WebBrowser
 0002:00061698  _IID_IWebBrowser2
 0002:000616A8  _IID_IDocHostUIHandler
 0002:000616B8  _IID_IHTMLDocument2
 0002:000616C8  _IID_IHTMLElement
 0003:00000000  B2_2
 0003:00000018  B43_2
 0003:00000030  B57_2
 0003:00000074  B59_2
 0003:0000009C  B71_2
 0003:000000B4  B73_2
 0003:000000CC  B81_2
 0003:000000E4  B85_2
 0003:000000FC  B89_2
 0003:00000114  B91_2
 0003:0000012C  B93_2
 0003:00000144  B95_2
 0003:0000015C  B97_2
 0003:00000174  B99_2
 0003:0000018C  B101_2
 0003:000001A4  B123_2
 0003:000001BC  B125_2
 0003:000001D4  B129_2
 0003:000001EC  B151_2
 0003:00000204  B153_2
 0003:0000021C  B163_2
 0003:00000234  B171_2
 0003:0000024C  _hModule
 0003:0000024C  B189_1
 0003:00000250  B199_2
 0003:00000250  _m_hThemeDll
 0003:00000254  B205_2
 0003:00000258  B217_2
 0003:00000270  B732_2
 0003:00000274  _hb_stackST
 0003:00000274  B734_2
 0003:00001958  B740_2
 0003:00001970  B742_2
 0003:00001B60  B748_2
 0003:00001B98  B766_2
 0003:00001DAC  B776_2
 0003:00001F3C  B790_2
 0003:00001F54  B804_2
 0003:00002254  B828_2
 0003:00002258  B842_2
 0003:0000225C  B856_2
 0003:000022DC  B864_2
 0003:000024F4  B888_1
 0003:000024FC  B926_2
 0003:00002608  B960_2
 0003:00002808  B1044_1
 0003:0000280C  B1106_2
 0003:00002810  B1128_2
 0003:00002828  B1149_2
 0003:00002840  B1174_2
 0003:00002858  B1208_2
 0003:00002870  B1224_2
 0003:00002888  B1228_2
 0003:000028A0  B1236_2
 0003:000028B8  B1291_2
 0003:0000290C  B1299_2
 0003:000029D4  _yyleng
 0003:000029E0  _yyin
 0003:000073EC  B1479_2
 0003:00007594  B1525_2
 0003:000075AC  B1529_2
 0003:000075C4  B1531_2
 0003:00007770  B1537_2
 0003:00007918  B2088_2
 0003:00007918  __bormm_pfn_FreeMem
 0003:0000791C  __bormm_pfn_GetMem
 0003:00007920  __bormm_pfn_AllocMem
 0003:00007924  __bormm_pfn_ReallocMem
 0003:00007928  __bormm_pfn_HeapAddRef
 0003:0000792C  __bormm_pfn_HeapRelease
 0003:00007934  __borlndmm_GetMem
 0003:00007938  B2134_2
 0003:00007949  __FastMM_AllocSize2SmallBlockTypeIndX4
 0003:00007A90  __FastMM_LastSequentiallyFedMediumBlock
 0003:00007A94  __FastMM_MediumSequentialFeedBytesLeft
 0003:00007A98  __FastMM_MediumBlockBinGroupBitmap
 0003:00007A9C  __FastMM_MediumBlockBinBitmaps
 0003:00007B1C  __FastMM_MediumBlockBins
 0003:00009B34  B2244_2
 0003:00009BD8  B2536_1
 0003:00009BD8  __pidtab
 0003:00009CA0  __handles
 0003:00009D68  __doserrno
 0003:00009D68  B2626_2
 0003:00009D6C  B2630_1
 0003:00009D70  __tmpnum
 0003:00009D70  B2646_2
 0003:00009D80  B3377_2
 0003:00009D80  __mbctype
 0003:00009E84  __mbcsCodePage
 0003:00009E88  B3517_2
 0003:00009F88  B3535_2
 0003:00009FA4  B3551_1
 0003:00009FAC  B3566_2
 0003:00009FAC  __dbk_fcall_wrapper_addr
 0003:00009FB0  B3572_1
 0003:0000DFB4  __argv
 0003:0000DFB4  B3636_2
 0003:0000DFC0  B3638_2
 0003:0000DFC4  B3640_2
 0003:0000DFC8  __environ
 0003:0000DFC8  B3709_2
 0003:0000DFD0  __envsize
 0003:0000DFD4  __env_lock
 0003:0000DFD8  __C0argc
 0003:0000DFD8  B3737_1
 0003:0000DFDC  __C0argv
 0003:0000DFE0  __C0environ
 0003:0000DFE4  __oscmd
 0003:0000DFE8  __osenv
 0003:0000DFEC  __argc
 0003:0000DFF0  __dll_table
 0003:0000DFF8  __ExcRegPtr
 0003:0000DFFC  __wosenv
 0003:0000E000  __woscmd
 0003:0000E004  __wC0argv
 0003:0000E008  __wC0environ
 0003:0000E00C  __exe_table
 0003:0000E014  __stkbase
 0003:0000E018  B3786_2
 0003:0000E020  B3822_2
 0003:0000E428  __DestructorCountPtr
 0003:0000E428  B3826_2
 0003:0000E430  B3832_2
 0003:0000E430  __HandlerPtr
 0003:0000E434  __UserHandlerPtr
 0003:0000E438  B3865_2
 0003:0000E43C  ___pCPPdebugHook
 0003:0000E440  _pVCL_add_EH
 0003:0000E444  _pVCL_clear_EH
 0003:0000E448  _getExceptionObject
 0003:0000E44C  _raiseExceptObject
 0004:00000000  ___xxInfo
 0004:00000000  T3826_3
