
 Start Length Name Class
 0001:00401000 000106D64H _TEXT                  CODE
 0002:00508000 0001353E4H _DATA                  DATA
 0003:0063D3E4 00000F504H _BSS                   BSS
 0004:00000000 00000009CH _TLS                   TLS


Detailed map of segments
 0001:000005CC 00000163 C=CODE    S=_TEXT    G=(none)   M=D:\DEVEL\BCC72\LIB\C0W32.OBJ ACBP=A9
 0001:00000730 00000288 C=CODE    S=_TEXT    G=(none)   M=D:\DEVEL\HWGUI\UTILS\DESIGNER\OBJ\DESIGNER.OBJ ACBP=A9
 0001:000009B8 000002DE C=CODE    S=_TEXT    G=(none)   M=D:\DEVEL\HWGUI\UTILS\DESIGNER\OBJ\EDITOR.OBJ ACBP=A9
 0001:00000C98 00000408 C=CODE    S=_TEXT    G=(none)   M=D:\DEVEL\HWGUI\UTILS\DESIGNER\OBJ\HCTRL.OBJ ACBP=A9
 0001:000010A0 000003C0 C=CODE    S=_TEXT    G=(none)   M=D:\DEVEL\HWGUI\UTILS\DESIGNER\OBJ\HFORMGEN.OBJ ACBP=A9
 0001:00001460 00000240 C=CODE    S=_TEXT    G=(none)   M=D:\DEVEL\HWGUI\UTILS\DESIGNER\OBJ\INSPECT.OBJ ACBP=A9
 0001:000016A0 00000203 C=CODE    S=_TEXT    G=(none)   M=D:\DEVEL\HWGUI\LIB\HWGUI_XHB72.LIB|animat ACBP=A9
 0001:000018A4 00000F7F C=CODE    S=_TEXT    G=(none)   M=D:\DEVEL\HWGUI\LIB\HWGUI_XHB72.LIB|commond ACBP=A9
 0001:00002824 00003349 C=CODE    S=_TEXT    G=(none)   M=D:\DEVEL\HWGUI\LIB\HWGUI_XHB72.LIB|control ACBP=A9
 0001:00005B70 000015C6 C=CODE    S=_TEXT    G=(none)   M=D:\DEVEL\HWGUI\LIB\HWGUI_XHB72.LIB|cxshade ACBP=A9
 0001:00007138 0000126C C=CODE    S=_TEXT    G=(none)   M=D:\DEVEL\HWGUI\LIB\HWGUI_XHB72.LIB|dialog ACBP=A9
 0001:000083A4 00002217 C=CODE    S=_TEXT    G=(none)   M=D:\DEVEL\HWGUI\LIB\HWGUI_XHB72.LIB|draw ACBP=A9
 0001:0000A5BC 00000B2F C=CODE    S=_TEXT    G=(none)   M=D:\DEVEL\HWGUI\LIB\HWGUI_XHB72.LIB|drawtext ACBP=A9
 0001:0000B0EC 00000285 C=CODE    S=_TEXT    G=(none)   M=D:\DEVEL\HWGUI\LIB\HWGUI_XHB72.LIB|drawwidg ACBP=A9
 0001:0000B374 000000BD C=CODE    S=_TEXT    G=(none)   M=D:\DEVEL\HWGUI\LIB\HWGUI_XHB72.LIB|errorsys ACBP=A9
 0001:0000B434 00000BFE C=CODE    S=_TEXT    G=(none)   M=D:\DEVEL\HWGUI\LIB\HWGUI_XHB72.LIB|grid ACBP=A9
 0001:0000C034 000002E8 C=CODE    S=_TEXT    G=(none)   M=D:\DEVEL\HWGUI\LIB\HWGUI_XHB72.LIB|guimain ACBP=A9
 0001:0000C31C 0000014D C=CODE    S=_TEXT    G=(none)   M=D:\DEVEL\HWGUI\LIB\HWGUI_XHB72.LIB|hanimat ACBP=A9
 0001:0000C46C 00000840 C=CODE    S=_TEXT    G=(none)   M=D:\DEVEL\HWGUI\LIB\HWGUI_XHB72.LIB|hbrowse ACBP=A9
 0001:0000CCAC 000001AD C=CODE    S=_TEXT    G=(none)   M=D:\DEVEL\HWGUI\LIB\HWGUI_XHB72.LIB|hcheck ACBP=A9
 0001:0000CE5C 00000453 C=CODE    S=_TEXT    G=(none)   M=D:\DEVEL\HWGUI\LIB\HWGUI_XHB72.LIB|hcombo ACBP=A9
 0001:0000D2B0 00000768 C=CODE    S=_TEXT    G=(none)   M=D:\DEVEL\HWGUI\LIB\HWGUI_XHB72.LIB|hcontrol ACBP=A9
 0001:0000DA18 000003F0 C=CODE    S=_TEXT    G=(none)   M=D:\DEVEL\HWGUI\LIB\HWGUI_XHB72.LIB|hcwindow ACBP=A9
 0001:0000DE08 00000195 C=CODE    S=_TEXT    G=(none)   M=D:\DEVEL\HWGUI\LIB\HWGUI_XHB72.LIB|hdatepic ACBP=A9
 0001:0000DFA0 00000345 C=CODE    S=_TEXT    G=(none)   M=D:\DEVEL\HWGUI\LIB\HWGUI_XHB72.LIB|hdc ACBP=A9
 0001:0000E2E8 000002B8 C=CODE    S=_TEXT    G=(none)   M=D:\DEVEL\HWGUI\LIB\HWGUI_XHB72.LIB|hdialog ACBP=A9
 0001:0000E5A0 00000468 C=CODE    S=_TEXT    G=(none)   M=D:\DEVEL\HWGUI\LIB\HWGUI_XHB72.LIB|hedit ACBP=A9
 0001:0000EA08 00000348 C=CODE    S=_TEXT    G=(none)   M=D:\DEVEL\HWGUI\LIB\HWGUI_XHB72.LIB|hfrmtmpl ACBP=A9
 0001:0000ED50 00000105 C=CODE    S=_TEXT    G=(none)   M=D:\DEVEL\HWGUI\LIB\HWGUI_XHB72.LIB|hgrid ACBP=A9
 0001:0000EE58 00000135 C=CODE    S=_TEXT    G=(none)   M=D:\DEVEL\HWGUI\LIB\HWGUI_XHB72.LIB|hgridex ACBP=A9
 0001:0000EF90 00000210 C=CODE    S=_TEXT    G=(none)   M=D:\DEVEL\HWGUI\LIB\HWGUI_XHB72.LIB|hhyper ACBP=A9
 0001:0000F1A0 000001DD C=CODE    S=_TEXT    G=(none)   M=D:\DEVEL\HWGUI\LIB\HWGUI_XHB72.LIB|hlistbox ACBP=A9
 0001:0000F380 000002B0 C=CODE    S=_TEXT    G=(none)   M=D:\DEVEL\HWGUI\LIB\HWGUI_XHB72.LIB|hmonthc ACBP=A9
 0001:0000F630 000001DD C=CODE    S=_TEXT    G=(none)   M=D:\DEVEL\HWGUI\LIB\HWGUI_XHB72.LIB|hnice ACBP=A9
 0001:0000F810 00000228 C=CODE    S=_TEXT    G=(none)   M=D:\DEVEL\HWGUI\LIB\HWGUI_XHB72.LIB|hownbtn ACBP=A9
 0001:0000FA38 0000017D C=CODE    S=_TEXT    G=(none)   M=D:\DEVEL\HWGUI\LIB\HWGUI_XHB72.LIB|hpanel ACBP=A9
 0001:0000FBB8 00000270 C=CODE    S=_TEXT    G=(none)   M=D:\DEVEL\HWGUI\LIB\HWGUI_XHB72.LIB|hprinter ACBP=A9
 0001:0000FE28 0000014D C=CODE    S=_TEXT    G=(none)   M=D:\DEVEL\HWGUI\LIB\HWGUI_XHB72.LIB|hprogres ACBP=A9
 0001:0000FF78 00000240 C=CODE    S=_TEXT    G=(none)   M=D:\DEVEL\HWGUI\LIB\HWGUI_XHB72.LIB|hradio ACBP=A9
 0001:000101B8 000001DD C=CODE    S=_TEXT    G=(none)   M=D:\DEVEL\HWGUI\LIB\HWGUI_XHB72.LIB|hriched ACBP=A9
 0001:00010398 000001DD C=CODE    S=_TEXT    G=(none)   M=D:\DEVEL\HWGUI\LIB\HWGUI_XHB72.LIB|hsayimg ACBP=A9
 0001:00010578 000000BD C=CODE    S=_TEXT    G=(none)   M=D:\DEVEL\HWGUI\LIB\HWGUI_XHB72.LIB|hshbtn ACBP=A9
 0001:00010638 0000011D C=CODE    S=_TEXT    G=(none)   M=D:\DEVEL\HWGUI\LIB\HWGUI_XHB72.LIB|hsplit ACBP=A9
 0001:00010758 000003A8 C=CODE    S=_TEXT    G=(none)   M=D:\DEVEL\HWGUI\LIB\HWGUI_XHB72.LIB|htab ACBP=A9
 0001:00010B00 00000105 C=CODE    S=_TEXT    G=(none)   M=D:\DEVEL\HWGUI\LIB\HWGUI_XHB72.LIB|htimer ACBP=A9
 0001:00010C08 00000240 C=CODE    S=_TEXT    G=(none)   M=D:\DEVEL\HWGUI\LIB\HWGUI_XHB72.LIB|htool ACBP=A9
 0001:00010E48 000001B7 C=CODE    S=_TEXT    G=(none)   M=D:\DEVEL\HWGUI\LIB\HWGUI_XHB72.LIB|htrackbr ACBP=A9
 0001:00011000 000002A0 C=CODE    S=_TEXT    G=(none)   M=D:\DEVEL\HWGUI\LIB\HWGUI_XHB72.LIB|htree ACBP=A9
 0001:000112A0 000001C8 C=CODE    S=_TEXT    G=(none)   M=D:\DEVEL\HWGUI\LIB\HWGUI_XHB72.LIB|hupdown ACBP=A9
 0001:00011468 00000390 C=CODE    S=_TEXT    G=(none)   M=D:\DEVEL\HWGUI\LIB\HWGUI_XHB72.LIB|hwindow ACBP=A9
 0001:000117F8 00000165 C=CODE    S=_TEXT    G=(none)   M=D:\DEVEL\HWGUI\LIB\HWGUI_XHB72.LIB|hwinprn ACBP=A9
 0001:00011960 000000F8 C=CODE    S=_TEXT    G=(none)   M=D:\DEVEL\HWGUI\LIB\HWGUI_XHB72.LIB|listbox ACBP=A9
 0001:00011A58 000001F5 C=CODE    S=_TEXT    G=(none)   M=D:\DEVEL\HWGUI\LIB\HWGUI_XHB72.LIB|menu ACBP=A9
 0001:00011C50 00001162 C=CODE    S=_TEXT    G=(none)   M=D:\DEVEL\HWGUI\LIB\HWGUI_XHB72.LIB|menu_c ACBP=A9
 0001:00012DB4 000001B6 C=CODE    S=_TEXT    G=(none)   M=D:\DEVEL\HWGUI\LIB\HWGUI_XHB72.LIB|message ACBP=A9
 0001:00012F6C 0000167B C=CODE    S=_TEXT    G=(none)   M=D:\DEVEL\HWGUI\LIB\HWGUI_XHB72.LIB|misc ACBP=A9
 0001:000145E8 000007F5 C=CODE    S=_TEXT    G=(none)   M=D:\DEVEL\HWGUI\LIB\HWGUI_XHB72.LIB|nice ACBP=A9
 0001:00014DE0 00000422 C=CODE    S=_TEXT    G=(none)   M=D:\DEVEL\HWGUI\LIB\HWGUI_XHB72.LIB|printdos ACBP=A9
 0001:00015204 0000046B C=CODE    S=_TEXT    G=(none)   M=D:\DEVEL\HWGUI\LIB\HWGUI_XHB72.LIB|prnalone ACBP=A9
 0001:00015670 00000146 C=CODE    S=_TEXT    G=(none)   M=D:\DEVEL\HWGUI\LIB\HWGUI_XHB72.LIB|resource ACBP=A9
 0001:000157B8 00000F32 C=CODE    S=_TEXT    G=(none)   M=D:\DEVEL\HWGUI\LIB\HWGUI_XHB72.LIB|richedit ACBP=A9
 0001:000166EC 000003E3 C=CODE    S=_TEXT    G=(none)   M=D:\DEVEL\HWGUI\LIB\HWGUI_XHB72.LIB|shellapi ACBP=A9
 0001:00016AD0 000018EE C=CODE    S=_TEXT    G=(none)   M=D:\DEVEL\HWGUI\LIB\HWGUI_XHB72.LIB|theme ACBP=A9
 0001:000183C0 0000244A C=CODE    S=_TEXT    G=(none)   M=D:\DEVEL\HWGUI\LIB\HWGUI_XHB72.LIB|window ACBP=A9
 0001:0001A80C 00000F05 C=CODE    S=_TEXT    G=(none)   M=D:\DEVEL\HWGUI\LIB\HWGUI_XHB72.LIB|wprint ACBP=A9
 0001:0001B714 0000011D C=CODE    S=_TEXT    G=(none)   M=D:\DEVEL\HWGUI\LIB\HWGUI_XHB72.LIB|procs7 ACBP=A9
 0001:0001B834 000001C5 C=CODE    S=_TEXT    G=(none)   M=D:\DEVEL\HWGUI\LIB\HWGUI_XHB72.LIB|procscri ACBP=A9
 0001:0001B9FC 0000011D C=CODE    S=_TEXT    G=(none)   M=D:\DEVEL\HWGUI\LIB\HWGUI_XHB72.LIB|scrdebug ACBP=A9
 0001:0001BB1C 0000017D C=CODE    S=_TEXT    G=(none)   M=D:\DEVEL\HWGUI\LIB\HWGUI_XHB72.LIB|hxmldoc ACBP=A9
 0001:0001BC9C 00000F32 C=CODE    S=_TEXT    G=(none)   M=D:\DEVEL\HWGUI\LIB\HWGUI_XHB72.LIB|xmlparse ACBP=A9
 0001:0001CBD0 0000029D C=CODE    S=_TEXT    G=(none)   M=D:\DEVEL\HWGUI\LIB\HWGUI_XHB72.LIB|syg_hmsg ACBP=A9
 0001:0001CE70 0000146B C=CODE    S=_TEXT    G=(none)   M=D:\DEVEL\HWGUI\LIB\HWGUI_XHB72.LIB|syg_hwgui ACBP=A9
 0001:0001E2DC 000017A1 C=CODE    S=_TEXT    G=(none)   M=D:\DEVEL\XHARBOUR_BCC7\CONTRIB\SYGECOM.LIB|w32ole ACBP=A9
 0001:0001FA7D 00000229 C=CODE    S=_TEXT    G=(none)   M=D:\DEVEL\XHARBOUR_BCC7\LIB\HBZIP.LIB|ziparchive ACBP=A9
 0001:0001FBB8 000002A0 C=CODE    S=_TEXT    G=(none)   M=D:\DEVEL\XHARBOUR_BCC7\LIB\TIPSSL.LIB|client ACBP=A9
 0001:0001FE58 00000240 C=CODE    S=_TEXT    G=(none)   M=D:\DEVEL\XHARBOUR_BCC7\LIB\TIPSSL.LIB|httpcln ACBP=A9
 0001:00020098 0000318F C=CODE    S=_TEXT    G=(none)   M=D:\DEVEL\XHARBOUR_BCC7\LIB\TIPSSL.LIB|inetssl ACBP=A9
 0001:00023228 000001B4 C=CODE    S=_TEXT    G=(none)   M=D:\DEVEL\XHARBOUR_BCC7\LIB\TIP.LIB|base64x ACBP=A9
 0001:000233DC 000004E9 C=CODE    S=_TEXT    G=(none)   M=D:\DEVEL\XHARBOUR_BCC7\LIB\TIP.LIB|base64 ACBP=A9
 0001:000238C8 0000044D C=CODE    S=_TEXT    G=(none)   M=D:\DEVEL\XHARBOUR_BCC7\LIB\TIP.LIB|encb64 ACBP=A9
 0001:00023D18 000000B0 C=CODE    S=_TEXT    G=(none)   M=D:\DEVEL\XHARBOUR_BCC7\LIB\TIP.LIB|encoder ACBP=A9
 0001:00023DC8 0000038D C=CODE    S=_TEXT    G=(none)   M=D:\DEVEL\XHARBOUR_BCC7\LIB\TIP.LIB|encqp ACBP=A9
 0001:00024158 000002F3 C=CODE    S=_TEXT    G=(none)   M=D:\DEVEL\XHARBOUR_BCC7\LIB\TIP.LIB|encurl ACBP=A9
 0001:0002444C 000000C4 C=CODE    S=_TEXT    G=(none)   M=D:\DEVEL\XHARBOUR_BCC7\LIB\TIP.LIB|url ACBP=A9
 0001:00024510 00000010 C=CODE    S=_TEXT    G=(none)   M=D:\DEVEL\XHARBOUR_BCC7\LIB\CODEPAGE.LIB|cpbg866 ACBP=A9
 0001:00024520 00000010 C=CODE    S=_TEXT    G=(none)   M=D:\DEVEL\XHARBOUR_BCC7\LIB\CODEPAGE.LIB|cpbgiso ACBP=A9
 0001:00024530 00000010 C=CODE    S=_TEXT    G=(none)   M=D:\DEVEL\XHARBOUR_BCC7\LIB\CODEPAGE.LIB|cpbgmik ACBP=A9
 0001:00024540 00000010 C=CODE    S=_TEXT    G=(none)   M=D:\DEVEL\XHARBOUR_BCC7\LIB\CODEPAGE.LIB|cpbgwin ACBP=A9
 0001:00024550 00000010 C=CODE    S=_TEXT    G=(none)   M=D:\DEVEL\XHARBOUR_BCC7\LIB\CODEPAGE.LIB|cpcs852 ACBP=A9
 0001:00024560 00000010 C=CODE    S=_TEXT    G=(none)   M=D:\DEVEL\XHARBOUR_BCC7\LIB\CODEPAGE.LIB|cpcsiso ACBP=A9
 0001:00024570 00000010 C=CODE    S=_TEXT    G=(none)   M=D:\DEVEL\XHARBOUR_BCC7\LIB\CODEPAGE.LIB|cpcskam ACBP=A9
 0001:00024580 00000010 C=CODE    S=_TEXT    G=(none)   M=D:\DEVEL\XHARBOUR_BCC7\LIB\CODEPAGE.LIB|cpcswin ACBP=A9
 0001:00024590 00000010 C=CODE    S=_TEXT    G=(none)   M=D:\DEVEL\XHARBOUR_BCC7\LIB\CODEPAGE.LIB|cpde850 ACBP=A9
 0001:000245A0 00000010 C=CODE    S=_TEXT    G=(none)   M=D:\DEVEL\XHARBOUR_BCC7\LIB\CODEPAGE.LIB|cpdeiso ACBP=A9
 0001:000245B0 00000010 C=CODE    S=_TEXT    G=(none)   M=D:\DEVEL\XHARBOUR_BCC7\LIB\CODEPAGE.LIB|cpdewin ACBP=A9
 0001:000245C0 00000010 C=CODE    S=_TEXT    G=(none)   M=D:\DEVEL\XHARBOUR_BCC7\LIB\CODEPAGE.LIB|cpel737 ACBP=A9
 0001:000245D0 00000010 C=CODE    S=_TEXT    G=(none)   M=D:\DEVEL\XHARBOUR_BCC7\LIB\CODEPAGE.LIB|cpelwin ACBP=A9
 0001:000245E0 00000010 C=CODE    S=_TEXT    G=(none)   M=D:\DEVEL\XHARBOUR_BCC7\LIB\CODEPAGE.LIB|cpes850 ACBP=A9
 0001:000245F0 00000010 C=CODE    S=_TEXT    G=(none)   M=D:\DEVEL\XHARBOUR_BCC7\LIB\CODEPAGE.LIB|cpes850c ACBP=A9
 0001:00024600 00000010 C=CODE    S=_TEXT    G=(none)   M=D:\DEVEL\XHARBOUR_BCC7\LIB\CODEPAGE.LIB|cpesiso ACBP=A9
 0001:00024610 00000010 C=CODE    S=_TEXT    G=(none)   M=D:\DEVEL\XHARBOUR_BCC7\LIB\CODEPAGE.LIB|cpesisoc ACBP=A9
 0001:00024620 00000010 C=CODE    S=_TEXT    G=(none)   M=D:\DEVEL\XHARBOUR_BCC7\LIB\CODEPAGE.LIB|cpeswin ACBP=A9
 0001:00024630 00000010 C=CODE    S=_TEXT    G=(none)   M=D:\DEVEL\XHARBOUR_BCC7\LIB\CODEPAGE.LIB|cpeswinc ACBP=A9
 0001:00024640 00000010 C=CODE    S=_TEXT    G=(none)   M=D:\DEVEL\XHARBOUR_BCC7\LIB\CODEPAGE.LIB|cpfr850 ACBP=A9
 0001:00024650 00000010 C=CODE    S=_TEXT    G=(none)   M=D:\DEVEL\XHARBOUR_BCC7\LIB\CODEPAGE.LIB|cpfriso ACBP=A9
 0001:00024660 00000010 C=CODE    S=_TEXT    G=(none)   M=D:\DEVEL\XHARBOUR_BCC7\LIB\CODEPAGE.LIB|cpfrwin ACBP=A9
 0001:00024670 00000010 C=CODE    S=_TEXT    G=(none)   M=D:\DEVEL\XHARBOUR_BCC7\LIB\CODEPAGE.LIB|cphr437 ACBP=A9
 0001:00024680 00000010 C=CODE    S=_TEXT    G=(none)   M=D:\DEVEL\XHARBOUR_BCC7\LIB\CODEPAGE.LIB|cphr852 ACBP=A9
 0001:00024690 00000010 C=CODE    S=_TEXT    G=(none)   M=D:\DEVEL\XHARBOUR_BCC7\LIB\CODEPAGE.LIB|cphrwin ACBP=A9
 0001:000246A0 00000010 C=CODE    S=_TEXT    G=(none)   M=D:\DEVEL\XHARBOUR_BCC7\LIB\CODEPAGE.LIB|cphu852 ACBP=A9
 0001:000246B0 00000010 C=CODE    S=_TEXT    G=(none)   M=D:\DEVEL\XHARBOUR_BCC7\LIB\CODEPAGE.LIB|cphu852s ACBP=A9
 0001:000246C0 00000010 C=CODE    S=_TEXT    G=(none)   M=D:\DEVEL\XHARBOUR_BCC7\LIB\CODEPAGE.LIB|cphuiso ACBP=A9
 0001:000246D0 00000010 C=CODE    S=_TEXT    G=(none)   M=D:\DEVEL\XHARBOUR_BCC7\LIB\CODEPAGE.LIB|cphuisos ACBP=A9
 0001:000246E0 00000010 C=CODE    S=_TEXT    G=(none)   M=D:\DEVEL\XHARBOUR_BCC7\LIB\CODEPAGE.LIB|cphuwin ACBP=A9
 0001:000246F0 00000010 C=CODE    S=_TEXT    G=(none)   M=D:\DEVEL\XHARBOUR_BCC7\LIB\CODEPAGE.LIB|cphuwins ACBP=A9
 0001:00024700 00000010 C=CODE    S=_TEXT    G=(none)   M=D:\DEVEL\XHARBOUR_BCC7\LIB\CODEPAGE.LIB|cpit437 ACBP=A9
 0001:00024710 00000010 C=CODE    S=_TEXT    G=(none)   M=D:\DEVEL\XHARBOUR_BCC7\LIB\CODEPAGE.LIB|cpit850 ACBP=A9
 0001:00024720 00000010 C=CODE    S=_TEXT    G=(none)   M=D:\DEVEL\XHARBOUR_BCC7\LIB\CODEPAGE.LIB|cpitisb ACBP=A9
 0001:00024730 00000010 C=CODE    S=_TEXT    G=(none)   M=D:\DEVEL\XHARBOUR_BCC7\LIB\CODEPAGE.LIB|cpitiso ACBP=A9
 0001:00024740 00000010 C=CODE    S=_TEXT    G=(none)   M=D:\DEVEL\XHARBOUR_BCC7\LIB\CODEPAGE.LIB|cpitwin ACBP=A9
 0001:00024750 00000010 C=CODE    S=_TEXT    G=(none)   M=D:\DEVEL\XHARBOUR_BCC7\LIB\CODEPAGE.LIB|cpltwin ACBP=A9
 0001:00024760 00000010 C=CODE    S=_TEXT    G=(none)   M=D:\DEVEL\XHARBOUR_BCC7\LIB\CODEPAGE.LIB|cppl852 ACBP=A9
 0001:00024770 00000010 C=CODE    S=_TEXT    G=(none)   M=D:\DEVEL\XHARBOUR_BCC7\LIB\CODEPAGE.LIB|cppliso ACBP=A9
 0001:00024780 00000010 C=CODE    S=_TEXT    G=(none)   M=D:\DEVEL\XHARBOUR_BCC7\LIB\CODEPAGE.LIB|cpplmaz ACBP=A9
 0001:00024790 00000010 C=CODE    S=_TEXT    G=(none)   M=D:\DEVEL\XHARBOUR_BCC7\LIB\CODEPAGE.LIB|cpplwin ACBP=A9
 0001:000247A0 00000010 C=CODE    S=_TEXT    G=(none)   M=D:\DEVEL\XHARBOUR_BCC7\LIB\CODEPAGE.LIB|cppt850 ACBP=A9
 0001:000247B0 00000010 C=CODE    S=_TEXT    G=(none)   M=D:\DEVEL\XHARBOUR_BCC7\LIB\CODEPAGE.LIB|cpptiso ACBP=A9
 0001:000247C0 00000010 C=CODE    S=_TEXT    G=(none)   M=D:\DEVEL\XHARBOUR_BCC7\LIB\CODEPAGE.LIB|cpro852 ACBP=A9
 0001:000247D0 00000010 C=CODE    S=_TEXT    G=(none)   M=D:\DEVEL\XHARBOUR_BCC7\LIB\CODEPAGE.LIB|cproiso ACBP=A9
 0001:000247E0 00000010 C=CODE    S=_TEXT    G=(none)   M=D:\DEVEL\XHARBOUR_BCC7\LIB\CODEPAGE.LIB|cprowin ACBP=A9
 0001:000247F0 00000010 C=CODE    S=_TEXT    G=(none)   M=D:\DEVEL\XHARBOUR_BCC7\LIB\CODEPAGE.LIB|cpru866 ACBP=A9
 0001:00024800 00000010 C=CODE    S=_TEXT    G=(none)   M=D:\DEVEL\XHARBOUR_BCC7\LIB\CODEPAGE.LIB|cpruiso ACBP=A9
 0001:00024810 00000010 C=CODE    S=_TEXT    G=(none)   M=D:\DEVEL\XHARBOUR_BCC7\LIB\CODEPAGE.LIB|cprukoi ACBP=A9
 0001:00024820 00000010 C=CODE    S=_TEXT    G=(none)   M=D:\DEVEL\XHARBOUR_BCC7\LIB\CODEPAGE.LIB|cpruwin ACBP=A9
 0001:00024830 00000010 C=CODE    S=_TEXT    G=(none)   M=D:\DEVEL\XHARBOUR_BCC7\LIB\CODEPAGE.LIB|cpsk852 ACBP=A9
 0001:00024840 00000010 C=CODE    S=_TEXT    G=(none)   M=D:\DEVEL\XHARBOUR_BCC7\LIB\CODEPAGE.LIB|cpskiso ACBP=A9
 0001:00024850 00000010 C=CODE    S=_TEXT    G=(none)   M=D:\DEVEL\XHARBOUR_BCC7\LIB\CODEPAGE.LIB|cpskkam ACBP=A9
 0001:00024860 00000010 C=CODE    S=_TEXT    G=(none)   M=D:\DEVEL\XHARBOUR_BCC7\LIB\CODEPAGE.LIB|cpskwin ACBP=A9
 0001:00024870 00000010 C=CODE    S=_TEXT    G=(none)   M=D:\DEVEL\XHARBOUR_BCC7\LIB\CODEPAGE.LIB|cpsl437 ACBP=A9
 0001:00024880 00000010 C=CODE    S=_TEXT    G=(none)   M=D:\DEVEL\XHARBOUR_BCC7\LIB\CODEPAGE.LIB|cpsl852 ACBP=A9
 0001:00024890 00000010 C=CODE    S=_TEXT    G=(none)   M=D:\DEVEL\XHARBOUR_BCC7\LIB\CODEPAGE.LIB|cpsliso ACBP=A9
 0001:000248A0 00000010 C=CODE    S=_TEXT    G=(none)   M=D:\DEVEL\XHARBOUR_BCC7\LIB\CODEPAGE.LIB|cpslwin ACBP=A9
 0001:000248B0 00000010 C=CODE    S=_TEXT    G=(none)   M=D:\DEVEL\XHARBOUR_BCC7\LIB\CODEPAGE.LIB|cpsrwin ACBP=A9
 0001:000248C0 00000010 C=CODE    S=_TEXT    G=(none)   M=D:\DEVEL\XHARBOUR_BCC7\LIB\CODEPAGE.LIB|cpsv850 ACBP=A9
 0001:000248D0 00000010 C=CODE    S=_TEXT    G=(none)   M=D:\DEVEL\XHARBOUR_BCC7\LIB\CODEPAGE.LIB|cpsvclip ACBP=A9
 0001:000248E0 00000010 C=CODE    S=_TEXT    G=(none)   M=D:\DEVEL\XHARBOUR_BCC7\LIB\CODEPAGE.LIB|cpsviso ACBP=A9
 0001:000248F0 00000010 C=CODE    S=_TEXT    G=(none)   M=D:\DEVEL\XHARBOUR_BCC7\LIB\CODEPAGE.LIB|cpsvwin ACBP=A9
 0001:00024900 00000010 C=CODE    S=_TEXT    G=(none)   M=D:\DEVEL\XHARBOUR_BCC7\LIB\CODEPAGE.LIB|cptr857 ACBP=A9
 0001:00024910 00000010 C=CODE    S=_TEXT    G=(none)   M=D:\DEVEL\XHARBOUR_BCC7\LIB\CODEPAGE.LIB|cptrwin ACBP=A9
 0001:00024920 00000010 C=CODE    S=_TEXT    G=(none)   M=D:\DEVEL\XHARBOUR_BCC7\LIB\CODEPAGE.LIB|cpua1125 ACBP=A9
 0001:00024930 00000010 C=CODE    S=_TEXT    G=(none)   M=D:\DEVEL\XHARBOUR_BCC7\LIB\CODEPAGE.LIB|cpua866 ACBP=A9
 0001:00024940 00000010 C=CODE    S=_TEXT    G=(none)   M=D:\DEVEL\XHARBOUR_BCC7\LIB\CODEPAGE.LIB|cpuakoi ACBP=A9
 0001:00024950 00000010 C=CODE    S=_TEXT    G=(none)   M=D:\DEVEL\XHARBOUR_BCC7\LIB\CODEPAGE.LIB|cpuawin ACBP=A9
 0001:00024960 00001D31 C=CODE    S=_TEXT    G=(none)   M=D:\DEVEL\XHARBOUR_BCC7\LIB\VM.LIB|arrays ACBP=A9
 0001:00026694 000035EF C=CODE    S=_TEXT    G=(none)   M=D:\DEVEL\XHARBOUR_BCC7\LIB\VM.LIB|arrayshb ACBP=A9
 0001:00029C84 00000685 C=CODE    S=_TEXT    G=(none)   M=D:\DEVEL\XHARBOUR_BCC7\LIB\VM.LIB|asort ACBP=A9
 0001:0002A30C 00005AF3 C=CODE    S=_TEXT    G=(none)   M=D:\DEVEL\XHARBOUR_BCC7\LIB\VM.LIB|classes ACBP=A9
 0001:0002FE00 000002E1 C=CODE    S=_TEXT    G=(none)   M=D:\DEVEL\XHARBOUR_BCC7\LIB\VM.LIB|codebloc ACBP=A9
 0001:000300E4 00000416 C=CODE    S=_TEXT    G=(none)   M=D:\DEVEL\XHARBOUR_BCC7\LIB\VM.LIB|debug ACBP=A9
 0001:000304FC 00000166 C=CODE    S=_TEXT    G=(none)   M=D:\DEVEL\XHARBOUR_BCC7\LIB\VM.LIB|do ACBP=A9
 0001:00030664 00000794 C=CODE    S=_TEXT    G=(none)   M=D:\DEVEL\XHARBOUR_BCC7\LIB\VM.LIB|dynsym ACBP=A9
 0001:00030DF8 00002195 C=CODE    S=_TEXT    G=(none)   M=D:\DEVEL\XHARBOUR_BCC7\LIB\VM.LIB|errorapi ACBP=A9
 0001:00032F90 00000B09 C=CODE    S=_TEXT    G=(none)   M=D:\DEVEL\XHARBOUR_BCC7\LIB\VM.LIB|estack ACBP=A9
 0001:00033A9C 00000AB4 C=CODE    S=_TEXT    G=(none)   M=D:\DEVEL\XHARBOUR_BCC7\LIB\VM.LIB|eval ACBP=A9
 0001:00034550 00000085 C=CODE    S=_TEXT    G=(none)   M=D:\DEVEL\XHARBOUR_BCC7\LIB\VM.LIB|evalhb ACBP=A9
 0001:000345D8 00001D6A C=CODE    S=_TEXT    G=(none)   M=D:\DEVEL\XHARBOUR_BCC7\LIB\VM.LIB|extend ACBP=A9
 0001:00036344 000041D5 C=CODE    S=_TEXT    G=(none)   M=D:\DEVEL\XHARBOUR_BCC7\LIB\VM.LIB|fm ACBP=A9
 0001:0003A51C 00000EA0 C=CODE    S=_TEXT    G=(none)   M=D:\DEVEL\XHARBOUR_BCC7\LIB\VM.LIB|garbage ACBP=A9
 0001:0003B3BC 000034E2 C=CODE    S=_TEXT    G=(none)   M=D:\DEVEL\XHARBOUR_BCC7\LIB\VM.LIB|hash ACBP=A9
 0001:0003E8A0 000132B3 C=CODE    S=_TEXT    G=(none)   M=D:\DEVEL\XHARBOUR_BCC7\LIB\VM.LIB|hvm ACBP=A9
 0001:00051B54 00000030 C=CODE    S=_TEXT    G=(none)   M=D:\DEVEL\XHARBOUR_BCC7\LIB\VM.LIB|initexit ACBP=A9
 0001:00051B84 00002138 C=CODE    S=_TEXT    G=(none)   M=D:\DEVEL\XHARBOUR_BCC7\LIB\VM.LIB|itemapi ACBP=A9
 0001:00053CBC 00000957 C=CODE    S=_TEXT    G=(none)   M=D:\DEVEL\XHARBOUR_BCC7\LIB\VM.LIB|fastitem ACBP=A9
 0001:00054614 00001CB4 C=CODE    S=_TEXT    G=(none)   M=D:\DEVEL\XHARBOUR_BCC7\LIB\VM.LIB|macro ACBP=A9
 0001:000562C8 00001E2E C=CODE    S=_TEXT    G=(none)   M=D:\DEVEL\XHARBOUR_BCC7\LIB\VM.LIB|memvars ACBP=A9
 0001:000580F8 0000002B C=CODE    S=_TEXT    G=(none)   M=D:\DEVEL\XHARBOUR_BCC7\LIB\VM.LIB|pcount ACBP=A9
 0001:00058124 00000355 C=CODE    S=_TEXT    G=(none)   M=D:\DEVEL\XHARBOUR_BCC7\LIB\VM.LIB|proc ACBP=A9
 0001:0005847C 0000009C C=CODE    S=_TEXT    G=(none)   M=D:\DEVEL\XHARBOUR_BCC7\LIB\VM.LIB|pvalue ACBP=A9
 0001:00058518 00004C22 C=CODE    S=_TEXT    G=(none)   M=D:\DEVEL\XHARBOUR_BCC7\LIB\VM.LIB|set ACBP=A9
 0001:0005D13C 00000268 C=CODE    S=_TEXT    G=(none)   M=D:\DEVEL\XHARBOUR_BCC7\LIB\VM.LIB|thread ACBP=A9
 0001:0005D3A4 000005CF C=CODE    S=_TEXT    G=(none)   M=D:\DEVEL\XHARBOUR_BCC7\LIB\VM.LIB|cmdarg ACBP=A9
 0001:0005D974 000011C9 C=CODE    S=_TEXT    G=(none)   M=D:\DEVEL\XHARBOUR_BCC7\LIB\VM.LIB|hbi18n ACBP=A9
 0001:0005EB40 00002B41 C=CODE    S=_TEXT    G=(none)   M=D:\DEVEL\XHARBOUR_BCC7\LIB\VM.LIB|inet ACBP=A9
 0001:00061684 00000014 C=CODE    S=_TEXT    G=(none)   M=D:\DEVEL\XHARBOUR_BCC7\LIB\VM.LIB|break ACBP=A9
 0001:00061698 00000019 C=CODE    S=_TEXT    G=(none)   M=D:\DEVEL\XHARBOUR_BCC7\LIB\VM.LIB|initsymb ACBP=A9
 0001:000616B4 0000004A C=CODE    S=_TEXT    G=(none)   M=D:\DEVEL\XHARBOUR_BCC7\LIB\VM.LIB|memvclip ACBP=A9
 0001:00061700 00000E66 C=CODE    S=_TEXT    G=(none)   M=D:\DEVEL\XHARBOUR_BCC7\LIB\VM.LIB|runner ACBP=A9
 0001:00062568 00000076 C=CODE    S=_TEXT    G=(none)   M=D:\DEVEL\XHARBOUR_BCC7\LIB\VM.LIB|throw ACBP=A9
 0001:000625E0 00000100 C=CODE    S=_TEXT    G=(none)   M=D:\DEVEL\XHARBOUR_BCC7\LIB\VM.LIB|harbinit ACBP=A9
 0001:000626E0 0000004C C=CODE    S=_TEXT    G=(none)   M=D:\DEVEL\XHARBOUR_BCC7\LIB\VM.LIB|errlogmt ACBP=A9
 0001:0006272C 00000674 C=CODE    S=_TEXT    G=(none)   M=D:\DEVEL\XHARBOUR_BCC7\LIB\VM.LIB|bkgtsks ACBP=A9
 0001:00062DA0 0000012C C=CODE    S=_TEXT    G=(none)   M=D:\DEVEL\XHARBOUR_BCC7\LIB\VM.LIB|mainwin ACBP=A9
 0001:00062ECC 000001BC C=CODE    S=_TEXT    G=(none)   M=D:\DEVEL\XHARBOUR_BCC7\LIB\RTL.LIB|abs ACBP=A9
 0001:00063088 000000E4 C=CODE    S=_TEXT    G=(none)   M=D:\DEVEL\XHARBOUR_BCC7\LIB\RTL.LIB|accept ACBP=A9
 0001:0006316C 00000108 C=CODE    S=_TEXT    G=(none)   M=D:\DEVEL\XHARBOUR_BCC7\LIB\RTL.LIB|ampm ACBP=A9
 0001:00063274 00000497 C=CODE    S=_TEXT    G=(none)   M=D:\DEVEL\XHARBOUR_BCC7\LIB\RTL.LIB|at ACBP=A9
 0001:0006370C 00000130 C=CODE    S=_TEXT    G=(none)   M=D:\DEVEL\XHARBOUR_BCC7\LIB\RTL.LIB|binnum ACBP=A9
 0001:0006383C 00000161 C=CODE    S=_TEXT    G=(none)   M=D:\DEVEL\XHARBOUR_BCC7\LIB\RTL.LIB|binnumx ACBP=A9
 0001:000639A0 0000026D C=CODE    S=_TEXT    G=(none)   M=D:\DEVEL\XHARBOUR_BCC7\LIB\RTL.LIB|box ACBP=A9
 0001:00063C10 000025C6 C=CODE    S=_TEXT    G=(none)   M=D:\DEVEL\XHARBOUR_BCC7\LIB\RTL.LIB|cdpapi ACBP=A9
 0001:000661D8 000000AF C=CODE    S=_TEXT    G=(none)   M=D:\DEVEL\XHARBOUR_BCC7\LIB\RTL.LIB|chrasc ACBP=A9
 0001:00066288 000000D5 C=CODE    S=_TEXT    G=(none)   M=D:\DEVEL\XHARBOUR_BCC7\LIB\RTL.LIB|colorind ACBP=A9
 0001:00066360 00000B75 C=CODE    S=_TEXT    G=(none)   M=D:\DEVEL\XHARBOUR_BCC7\LIB\RTL.LIB|console ACBP=A9
 0001:00066ED8 00000302 C=CODE    S=_TEXT    G=(none)   M=D:\DEVEL\XHARBOUR_BCC7\LIB\RTL.LIB|copyfile ACBP=A9
 0001:000671DC 00000167 C=CODE    S=_TEXT    G=(none)   M=D:\DEVEL\XHARBOUR_BCC7\LIB\RTL.LIB|datec ACBP=A9
 0001:00067344 000011E7 C=CODE    S=_TEXT    G=(none)   M=D:\DEVEL\XHARBOUR_BCC7\LIB\RTL.LIB|dateshb ACBP=A9
 0001:0006852C 00000076 C=CODE    S=_TEXT    G=(none)   M=D:\DEVEL\XHARBOUR_BCC7\LIB\RTL.LIB|defpath ACBP=A9
 0001:000685A4 0000016C C=CODE    S=_TEXT    G=(none)   M=D:\DEVEL\XHARBOUR_BCC7\LIB\RTL.LIB|descend ACBP=A9
 0001:00068710 0000054A C=CODE    S=_TEXT    G=(none)   M=D:\DEVEL\XHARBOUR_BCC7\LIB\RTL.LIB|dirdrive ACBP=A9
 0001:00068C5C 00000848 C=CODE    S=_TEXT    G=(none)   M=D:\DEVEL\XHARBOUR_BCC7\LIB\RTL.LIB|direct ACBP=A9
 0001:000694A4 000001CC C=CODE    S=_TEXT    G=(none)   M=D:\DEVEL\XHARBOUR_BCC7\LIB\RTL.LIB|diskspac ACBP=A9
 0001:00069670 0000038C C=CODE    S=_TEXT    G=(none)   M=D:\DEVEL\XHARBOUR_BCC7\LIB\RTL.LIB|disksphb ACBP=A9
 0001:000699FC 00000EBB C=CODE    S=_TEXT    G=(none)   M=D:\DEVEL\XHARBOUR_BCC7\LIB\RTL.LIB|dllcall ACBP=A9
 0001:0006A8B8 00000254 C=CODE    S=_TEXT    G=(none)   M=D:\DEVEL\XHARBOUR_BCC7\LIB\RTL.LIB|empty ACBP=A9
 0001:0006AB0C 00000154 C=CODE    S=_TEXT    G=(none)   M=D:\DEVEL\XHARBOUR_BCC7\LIB\RTL.LIB|file ACBP=A9
 0001:0006AC60 00000C39 C=CODE    S=_TEXT    G=(none)   M=D:\DEVEL\XHARBOUR_BCC7\LIB\RTL.LIB|filebuf ACBP=A9
 0001:0006B89C 00000074 C=CODE    S=_TEXT    G=(none)   M=D:\DEVEL\XHARBOUR_BCC7\LIB\RTL.LIB|filehb ACBP=A9
 0001:0006B910 00001D92 C=CODE    S=_TEXT    G=(none)   M=D:\DEVEL\XHARBOUR_BCC7\LIB\RTL.LIB|filesys ACBP=A9
 0001:0006D6A4 000000D5 C=CODE    S=_TEXT    G=(none)   M=D:\DEVEL\XHARBOUR_BCC7\LIB\RTL.LIB|fserror ACBP=A9
 0001:0006D77C 0000008D C=CODE    S=_TEXT    G=(none)   M=D:\DEVEL\XHARBOUR_BCC7\LIB\RTL.LIB|fkmax ACBP=A9
 0001:0006D80C 000000D0 C=CODE    S=_TEXT    G=(none)   M=D:\DEVEL\XHARBOUR_BCC7\LIB\RTL.LIB|fnsplit ACBP=A9
 0001:0006D8DC 00000996 C=CODE    S=_TEXT    G=(none)   M=D:\DEVEL\XHARBOUR_BCC7\LIB\RTL.LIB|fparse ACBP=A9
 0001:0006E274 00000107 C=CODE    S=_TEXT    G=(none)   M=D:\DEVEL\XHARBOUR_BCC7\LIB\RTL.LIB|fssize ACBP=A9
 0001:0006E37C 000003EF C=CODE    S=_TEXT    G=(none)   M=D:\DEVEL\XHARBOUR_BCC7\LIB\RTL.LIB|fstemp ACBP=A9
 0001:0006E76C 00000116 C=CODE    S=_TEXT    G=(none)   M=D:\DEVEL\XHARBOUR_BCC7\LIB\RTL.LIB|gete ACBP=A9
 0001:0006E884 00000028 C=CODE    S=_TEXT    G=(none)   M=D:\DEVEL\XHARBOUR_BCC7\LIB\RTL.LIB|gt ACBP=A9
 0001:0006E8AC 00000F46 C=CODE    S=_TEXT    G=(none)   M=D:\DEVEL\XHARBOUR_BCC7\LIB\RTL.LIB|gtapi ACBP=A9
 0001:0006F7F4 000002B7 C=CODE    S=_TEXT    G=(none)   M=D:\DEVEL\XHARBOUR_BCC7\LIB\RTL.LIB|gtclip ACBP=A9
 0001:0006FAAC 0000042E C=CODE    S=_TEXT    G=(none)   M=D:\DEVEL\XHARBOUR_BCC7\LIB\RTL.LIB|gtfunc ACBP=A9
 0001:0006FEDC 00000001 C=CODE    S=_TEXT    G=(none)   M=D:\DEVEL\XHARBOUR_BCC7\LIB\RTL.LIB|gtsys ACBP=A9
 0001:0006FEE0 000000C7 C=CODE    S=_TEXT    G=(none)   M=D:\DEVEL\XHARBOUR_BCC7\LIB\RTL.LIB|gx ACBP=A9
 0001:0006FFA8 00000088 C=CODE    S=_TEXT    G=(none)   M=D:\DEVEL\XHARBOUR_BCC7\LIB\RTL.LIB|hardcr ACBP=A9
 0001:00070030 00000496 C=CODE    S=_TEXT    G=(none)   M=D:\DEVEL\XHARBOUR_BCC7\LIB\RTL.LIB|hbbitf ACBP=A9
 0001:000704C8 000007F7 C=CODE    S=_TEXT    G=(none)   M=D:\DEVEL\XHARBOUR_BCC7\LIB\RTL.LIB|hbserv ACBP=A9
 0001:00070CC0 000006CA C=CODE    S=_TEXT    G=(none)   M=D:\DEVEL\XHARBOUR_BCC7\LIB\RTL.LIB|hbcrypt ACBP=A9
 0001:0007138C 000007F9 C=CODE    S=_TEXT    G=(none)   M=D:\DEVEL\XHARBOUR_BCC7\LIB\RTL.LIB|hbffind ACBP=A9
 0001:00071B88 00003D71 C=CODE    S=_TEXT    G=(none)   M=D:\DEVEL\XHARBOUR_BCC7\LIB\RTL.LIB|hbgtcore ACBP=A9
 0001:000758FC 00000489 C=CODE    S=_TEXT    G=(none)   M=D:\DEVEL\XHARBOUR_BCC7\LIB\RTL.LIB|hbhex2n ACBP=A9
 0001:00075D88 000001B2 C=CODE    S=_TEXT    G=(none)   M=D:\DEVEL\XHARBOUR_BCC7\LIB\RTL.LIB|hbntos ACBP=A9
 0001:00075F3C 0000007E C=CODE    S=_TEXT    G=(none)   M=D:\DEVEL\XHARBOUR_BCC7\LIB\RTL.LIB|hboutdbg ACBP=A9
 0001:00075FBC 000002DC C=CODE    S=_TEXT    G=(none)   M=D:\DEVEL\XHARBOUR_BCC7\LIB\RTL.LIB|hbrandom ACBP=A9
 0001:00076298 0000062A C=CODE    S=_TEXT    G=(none)   M=D:\DEVEL\XHARBOUR_BCC7\LIB\RTL.LIB|hbtoken ACBP=A9
 0001:000768C4 0000047E C=CODE    S=_TEXT    G=(none)   M=D:\DEVEL\XHARBOUR_BCC7\LIB\RTL.LIB|idle ACBP=A9
 0001:00076D44 00000487 C=CODE    S=_TEXT    G=(none)   M=D:\DEVEL\XHARBOUR_BCC7\LIB\RTL.LIB|inkey ACBP=A9
 0001:000771CC 00000119 C=CODE    S=_TEXT    G=(none)   M=D:\DEVEL\XHARBOUR_BCC7\LIB\RTL.LIB|inkeyapi ACBP=A9
 0001:000772E8 0000049E C=CODE    S=_TEXT    G=(none)   M=D:\DEVEL\XHARBOUR_BCC7\LIB\RTL.LIB|is ACBP=A9
 0001:00077788 00000309 C=CODE    S=_TEXT    G=(none)   M=D:\DEVEL\XHARBOUR_BCC7\LIB\RTL.LIB|isprint ACBP=A9
 0001:00077A94 0000029F C=CODE    S=_TEXT    G=(none)   M=D:\DEVEL\XHARBOUR_BCC7\LIB\RTL.LIB|langapi ACBP=A9
 0001:00077D34 000000CC C=CODE    S=_TEXT    G=(none)   M=D:\DEVEL\XHARBOUR_BCC7\LIB\RTL.LIB|left ACBP=A9
 0001:00077E00 00000093 C=CODE    S=_TEXT    G=(none)   M=D:\DEVEL\XHARBOUR_BCC7\LIB\RTL.LIB|len ACBP=A9
 0001:00077E94 0000005A C=CODE    S=_TEXT    G=(none)   M=D:\DEVEL\XHARBOUR_BCC7\LIB\RTL.LIB|lennum ACBP=A9
 0001:00077EF0 00000A80 C=CODE    S=_TEXT    G=(none)   M=D:\DEVEL\XHARBOUR_BCC7\LIB\RTL.LIB|math ACBP=A9
 0001:00078970 0000014F C=CODE    S=_TEXT    G=(none)   M=D:\DEVEL\XHARBOUR_BCC7\LIB\RTL.LIB|maxrow ACBP=A9
 0001:00078AC0 0000020B C=CODE    S=_TEXT    G=(none)   M=D:\DEVEL\XHARBOUR_BCC7\LIB\RTL.LIB|memofile ACBP=A9
 0001:00078CCC 000006A6 C=CODE    S=_TEXT    G=(none)   M=D:\DEVEL\XHARBOUR_BCC7\LIB\RTL.LIB|minmax ACBP=A9
 0001:00079374 00000976 C=CODE    S=_TEXT    G=(none)   M=D:\DEVEL\XHARBOUR_BCC7\LIB\RTL.LIB|mlcfunc ACBP=A9
 0001:00079CEC 00000198 C=CODE    S=_TEXT    G=(none)   M=D:\DEVEL\XHARBOUR_BCC7\LIB\RTL.LIB|mod ACBP=A9
 0001:00079E84 00000292 C=CODE    S=_TEXT    G=(none)   M=D:\DEVEL\XHARBOUR_BCC7\LIB\RTL.LIB|mouseapi ACBP=A9
 0001:0007A118 000000ED C=CODE    S=_TEXT    G=(none)   M=D:\DEVEL\XHARBOUR_BCC7\LIB\RTL.LIB|mousex ACBP=A9
 0001:0007A208 000002E5 C=CODE    S=_TEXT    G=(none)   M=D:\DEVEL\XHARBOUR_BCC7\LIB\RTL.LIB|mouse53 ACBP=A9
 0001:0007A4F0 00000140 C=CODE    S=_TEXT    G=(none)   M=D:\DEVEL\XHARBOUR_BCC7\LIB\RTL.LIB|mtran ACBP=A9
 0001:0007A630 00000180 C=CODE    S=_TEXT    G=(none)   M=D:\DEVEL\XHARBOUR_BCC7\LIB\RTL.LIB|natmsg ACBP=A9
 0001:0007A7B0 00000071 C=CODE    S=_TEXT    G=(none)   M=D:\DEVEL\XHARBOUR_BCC7\LIB\RTL.LIB|net ACBP=A9
 0001:0007A824 000000DE C=CODE    S=_TEXT    G=(none)   M=D:\DEVEL\XHARBOUR_BCC7\LIB\RTL.LIB|oemansi ACBP=A9
 0001:0007A904 0000019D C=CODE    S=_TEXT    G=(none)   M=D:\DEVEL\XHARBOUR_BCC7\LIB\RTL.LIB|oldbox ACBP=A9
 0001:0007AAA4 00000085 C=CODE    S=_TEXT    G=(none)   M=D:\DEVEL\XHARBOUR_BCC7\LIB\RTL.LIB|oldclear ACBP=A9
 0001:0007AB2C 00000006 C=CODE    S=_TEXT    G=(none)   M=D:\DEVEL\XHARBOUR_BCC7\LIB\RTL.LIB|pad ACBP=A9
 0001:0007AB34 00000141 C=CODE    S=_TEXT    G=(none)   M=D:\DEVEL\XHARBOUR_BCC7\LIB\RTL.LIB|padc ACBP=A9
 0001:0007AC78 0000010F C=CODE    S=_TEXT    G=(none)   M=D:\DEVEL\XHARBOUR_BCC7\LIB\RTL.LIB|padl ACBP=A9
 0001:0007AD88 00000108 C=CODE    S=_TEXT    G=(none)   M=D:\DEVEL\XHARBOUR_BCC7\LIB\RTL.LIB|padr ACBP=A9
 0001:0007AE90 00000CEE C=CODE    S=_TEXT    G=(none)   M=D:\DEVEL\XHARBOUR_BCC7\LIB\RTL.LIB|philes ACBP=A9
 0001:0007BB80 0000003B C=CODE    S=_TEXT    G=(none)   M=D:\DEVEL\XHARBOUR_BCC7\LIB\RTL.LIB|philes53 ACBP=A9
 0001:0007BBBC 0000008D C=CODE    S=_TEXT    G=(none)   M=D:\DEVEL\XHARBOUR_BCC7\LIB\RTL.LIB|philesx ACBP=A9
 0001:0007BC4C 000000F8 C=CODE    S=_TEXT    G=(none)   M=D:\DEVEL\XHARBOUR_BCC7\LIB\RTL.LIB|rat ACBP=A9
 0001:0007BD44 0000012F C=CODE    S=_TEXT    G=(none)   M=D:\DEVEL\XHARBOUR_BCC7\LIB\RTL.LIB|replic ACBP=A9
 0001:0007BE74 00000093 C=CODE    S=_TEXT    G=(none)   M=D:\DEVEL\XHARBOUR_BCC7\LIB\RTL.LIB|right ACBP=A9
 0001:0007BF08 00000132 C=CODE    S=_TEXT    G=(none)   M=D:\DEVEL\XHARBOUR_BCC7\LIB\RTL.LIB|round ACBP=A9
 0001:0007C03C 00000051 C=CODE    S=_TEXT    G=(none)   M=D:\DEVEL\XHARBOUR_BCC7\LIB\RTL.LIB|run ACBP=A9
 0001:0007C090 000001FC C=CODE    S=_TEXT    G=(none)   M=D:\DEVEL\XHARBOUR_BCC7\LIB\RTL.LIB|samples ACBP=A9
 0001:0007C28C 000001D4 C=CODE    S=_TEXT    G=(none)   M=D:\DEVEL\XHARBOUR_BCC7\LIB\RTL.LIB|saverest ACBP=A9
 0001:0007C460 00000271 C=CODE    S=_TEXT    G=(none)   M=D:\DEVEL\XHARBOUR_BCC7\LIB\RTL.LIB|scroll ACBP=A9
 0001:0007C6D4 000002CC C=CODE    S=_TEXT    G=(none)   M=D:\DEVEL\XHARBOUR_BCC7\LIB\RTL.LIB|seconds ACBP=A9
 0001:0007C9A0 0000004C C=CODE    S=_TEXT    G=(none)   M=D:\DEVEL\XHARBOUR_BCC7\LIB\RTL.LIB|readexit ACBP=A9
 0001:0007C9EC 0000004C C=CODE    S=_TEXT    G=(none)   M=D:\DEVEL\XHARBOUR_BCC7\LIB\RTL.LIB|readins ACBP=A9
 0001:0007CA38 000011EA C=CODE    S=_TEXT    G=(none)   M=D:\DEVEL\XHARBOUR_BCC7\LIB\RTL.LIB|regex ACBP=A9
 0001:0007DC24 00000155 C=CODE    S=_TEXT    G=(none)   M=D:\DEVEL\XHARBOUR_BCC7\LIB\RTL.LIB|setcolor ACBP=A9
 0001:0007DD7C 00000064 C=CODE    S=_TEXT    G=(none)   M=D:\DEVEL\XHARBOUR_BCC7\LIB\RTL.LIB|setcurs ACBP=A9
 0001:0007DDE0 0000059D C=CODE    S=_TEXT    G=(none)   M=D:\DEVEL\XHARBOUR_BCC7\LIB\RTL.LIB|setkey ACBP=A9
 0001:0007E380 0000008D C=CODE    S=_TEXT    G=(none)   M=D:\DEVEL\XHARBOUR_BCC7\LIB\RTL.LIB|setpos ACBP=A9
 0001:0007E410 0000002A C=CODE    S=_TEXT    G=(none)   M=D:\DEVEL\XHARBOUR_BCC7\LIB\RTL.LIB|setposbs ACBP=A9
 0001:0007E43C 000000AA C=CODE    S=_TEXT    G=(none)   M=D:\DEVEL\XHARBOUR_BCC7\LIB\RTL.LIB|shadow ACBP=A9
 0001:0007E4E8 000000D1 C=CODE    S=_TEXT    G=(none)   M=D:\DEVEL\XHARBOUR_BCC7\LIB\RTL.LIB|soundex ACBP=A9
 0001:0007E5BC 00000086 C=CODE    S=_TEXT    G=(none)   M=D:\DEVEL\XHARBOUR_BCC7\LIB\RTL.LIB|space ACBP=A9
 0001:0007E644 000002FA C=CODE    S=_TEXT    G=(none)   M=D:\DEVEL\XHARBOUR_BCC7\LIB\RTL.LIB|spfiles ACBP=A9
 0001:0007E940 0000023D C=CODE    S=_TEXT    G=(none)   M=D:\DEVEL\XHARBOUR_BCC7\LIB\RTL.LIB|str ACBP=A9
 0001:0007EB80 00000336 C=CODE    S=_TEXT    G=(none)   M=D:\DEVEL\XHARBOUR_BCC7\LIB\RTL.LIB|strcase ACBP=A9
 0001:0007EEB8 00000141 C=CODE    S=_TEXT    G=(none)   M=D:\DEVEL\XHARBOUR_BCC7\LIB\RTL.LIB|strdel ACBP=A9
 0001:0007EFFC 00000035 C=CODE    S=_TEXT    G=(none)   M=D:\DEVEL\XHARBOUR_BCC7\LIB\RTL.LIB|strings ACBP=A9
 0001:0007F034 0000068D C=CODE    S=_TEXT    G=(none)   M=D:\DEVEL\XHARBOUR_BCC7\LIB\RTL.LIB|strmatch ACBP=A9
 0001:0007F6C4 00000157 C=CODE    S=_TEXT    G=(none)   M=D:\DEVEL\XHARBOUR_BCC7\LIB\RTL.LIB|strpeek ACBP=A9
 0001:0007F81C 00000324 C=CODE    S=_TEXT    G=(none)   M=D:\DEVEL\XHARBOUR_BCC7\LIB\RTL.LIB|strtran ACBP=A9
 0001:0007FB40 00000143 C=CODE    S=_TEXT    G=(none)   M=D:\DEVEL\XHARBOUR_BCC7\LIB\RTL.LIB|strzero ACBP=A9
 0001:0007FC84 0000017E C=CODE    S=_TEXT    G=(none)   M=D:\DEVEL\XHARBOUR_BCC7\LIB\RTL.LIB|stuff ACBP=A9
 0001:0007FE04 00000153 C=CODE    S=_TEXT    G=(none)   M=D:\DEVEL\XHARBOUR_BCC7\LIB\RTL.LIB|substr ACBP=A9
 0001:0007FF58 00000354 C=CODE    S=_TEXT    G=(none)   M=D:\DEVEL\XHARBOUR_BCC7\LIB\RTL.LIB|tone ACBP=A9
 0001:000802AC 00001174 C=CODE    S=_TEXT    G=(none)   M=D:\DEVEL\XHARBOUR_BCC7\LIB\RTL.LIB|tprinter ACBP=A9
 0001:00081420 000001B0 C=CODE    S=_TEXT    G=(none)   M=D:\DEVEL\XHARBOUR_BCC7\LIB\RTL.LIB|trace ACBP=A9
 0001:000815D0 00001D00 C=CODE    S=_TEXT    G=(none)   M=D:\DEVEL\XHARBOUR_BCC7\LIB\RTL.LIB|transfrm ACBP=A9
 0001:000832D0 0000025E C=CODE    S=_TEXT    G=(none)   M=D:\DEVEL\XHARBOUR_BCC7\LIB\RTL.LIB|trim ACBP=A9
 0001:00083530 000005E7 C=CODE    S=_TEXT    G=(none)   M=D:\DEVEL\XHARBOUR_BCC7\LIB\RTL.LIB|txtline ACBP=A9
 0001:00083B18 00000077 C=CODE    S=_TEXT    G=(none)   M=D:\DEVEL\XHARBOUR_BCC7\LIB\RTL.LIB|type ACBP=A9
 0001:00083B90 0000009D C=CODE    S=_TEXT    G=(none)   M=D:\DEVEL\XHARBOUR_BCC7\LIB\RTL.LIB|val ACBP=A9
 0001:00083C30 000001D7 C=CODE    S=_TEXT    G=(none)   M=D:\DEVEL\XHARBOUR_BCC7\LIB\RTL.LIB|valtostr ACBP=A9
 0001:00083E08 0000042E C=CODE    S=_TEXT    G=(none)   M=D:\DEVEL\XHARBOUR_BCC7\LIB\RTL.LIB|valtype ACBP=A9
 0001:00084238 00000394 C=CODE    S=_TEXT    G=(none)   M=D:\DEVEL\XHARBOUR_BCC7\LIB\RTL.LIB|version ACBP=A9
 0001:000845CC 0000004A C=CODE    S=_TEXT    G=(none)   M=D:\DEVEL\XHARBOUR_BCC7\LIB\RTL.LIB|word ACBP=A9
 0001:00084618 0000005C C=CODE    S=_TEXT    G=(none)   M=D:\DEVEL\XHARBOUR_BCC7\LIB\RTL.LIB|xhelp ACBP=A9
 0001:00084674 000000E4 C=CODE    S=_TEXT    G=(none)   M=D:\DEVEL\XHARBOUR_BCC7\LIB\RTL.LIB|xsavescr ACBP=A9
 0001:00084758 00000267 C=CODE    S=_TEXT    G=(none)   M=D:\DEVEL\XHARBOUR_BCC7\LIB\RTL.LIB|achoice ACBP=A9
 0001:000849C0 0000004C C=CODE    S=_TEXT    G=(none)   M=D:\DEVEL\XHARBOUR_BCC7\LIB\RTL.LIB|adir ACBP=A9
 0001:00084A0C 00000074 C=CODE    S=_TEXT    G=(none)   M=D:\DEVEL\XHARBOUR_BCC7\LIB\RTL.LIB|alert ACBP=A9
 0001:00084A80 0000004C C=CODE    S=_TEXT    G=(none)   M=D:\DEVEL\XHARBOUR_BCC7\LIB\RTL.LIB|browdb ACBP=A9
 0001:00084ACC 00000114 C=CODE    S=_TEXT    G=(none)   M=D:\DEVEL\XHARBOUR_BCC7\LIB\RTL.LIB|browse ACBP=A9
 0001:00084BE0 00000100 C=CODE    S=_TEXT    G=(none)   M=D:\DEVEL\XHARBOUR_BCC7\LIB\RTL.LIB|checkbox ACBP=A9
 0001:00084CE0 00000088 C=CODE    S=_TEXT    G=(none)   M=D:\DEVEL\XHARBOUR_BCC7\LIB\RTL.LIB|clpclass ACBP=A9
 0001:00084D68 00000150 C=CODE    S=_TEXT    G=(none)   M=D:\DEVEL\XHARBOUR_BCC7\LIB\RTL.LIB|color53 ACBP=A9
 0001:00084EB8 00000164 C=CODE    S=_TEXT    G=(none)   M=D:\DEVEL\XHARBOUR_BCC7\LIB\RTL.LIB|cstr ACBP=A9
 0001:0008501C 000000EC C=CODE    S=_TEXT    G=(none)   M=D:\DEVEL\XHARBOUR_BCC7\LIB\RTL.LIB|dbedit ACBP=A9
 0001:00085108 0000004C C=CODE    S=_TEXT    G=(none)   M=D:\DEVEL\XHARBOUR_BCC7\LIB\RTL.LIB|devoutp ACBP=A9
 0001:00085154 00000074 C=CODE    S=_TEXT    G=(none)   M=D:\DEVEL\XHARBOUR_BCC7\LIB\RTL.LIB|dircmd ACBP=A9
 0001:000851C8 00000055 C=CODE    S=_TEXT    G=(none)   M=D:\DEVEL\XHARBOUR_BCC7\LIB\RTL.LIB|dummy ACBP=A9
 0001:00085220 000000EC C=CODE    S=_TEXT    G=(none)   M=D:\DEVEL\XHARBOUR_BCC7\LIB\RTL.LIB|dumpvar ACBP=A9
 0001:0008530C 0000020B C=CODE    S=_TEXT    G=(none)   M=D:\DEVEL\XHARBOUR_BCC7\LIB\RTL.LIB|errorsys ACBP=A9
 0001:00085518 00000060 C=CODE    S=_TEXT    G=(none)   M=D:\DEVEL\XHARBOUR_BCC7\LIB\RTL.LIB|fieldbl ACBP=A9
 0001:00085578 00000088 C=CODE    S=_TEXT    G=(none)   M=D:\DEVEL\XHARBOUR_BCC7\LIB\RTL.LIB|getlist ACBP=A9
 0001:00085600 00000204 C=CODE    S=_TEXT    G=(none)   M=D:\DEVEL\XHARBOUR_BCC7\LIB\RTL.LIB|getsys ACBP=A9
 0001:00085804 0000004C C=CODE    S=_TEXT    G=(none)   M=D:\DEVEL\XHARBOUR_BCC7\LIB\RTL.LIB|input ACBP=A9
 0001:00085850 00000320 C=CODE    S=_TEXT    G=(none)   M=D:\DEVEL\XHARBOUR_BCC7\LIB\RTL.LIB|listbox ACBP=A9
 0001:00085B70 000000D8 C=CODE    S=_TEXT    G=(none)   M=D:\DEVEL\XHARBOUR_BCC7\LIB\RTL.LIB|memoedit ACBP=A9
 0001:00085C48 0000004C C=CODE    S=_TEXT    G=(none)   M=D:\DEVEL\XHARBOUR_BCC7\LIB\RTL.LIB|memvarbl ACBP=A9
 0001:00085C94 00000088 C=CODE    S=_TEXT    G=(none)   M=D:\DEVEL\XHARBOUR_BCC7\LIB\RTL.LIB|menuto ACBP=A9
 0001:00085D1C 00000100 C=CODE    S=_TEXT    G=(none)   M=D:\DEVEL\XHARBOUR_BCC7\LIB\RTL.LIB|mssgline ACBP=A9
 0001:00085E1C 000001DC C=CODE    S=_TEXT    G=(none)   M=D:\DEVEL\XHARBOUR_BCC7\LIB\RTL.LIB|objfunc ACBP=A9
 0001:00085FF8 0000009C C=CODE    S=_TEXT    G=(none)   M=D:\DEVEL\XHARBOUR_BCC7\LIB\RTL.LIB|persist ACBP=A9
 0001:00086094 0000013C C=CODE    S=_TEXT    G=(none)   M=D:\DEVEL\XHARBOUR_BCC7\LIB\RTL.LIB|pushbtn ACBP=A9
 0001:000861D0 0000013C C=CODE    S=_TEXT    G=(none)   M=D:\DEVEL\XHARBOUR_BCC7\LIB\RTL.LIB|radiobtn ACBP=A9
 0001:0008630C 000001C8 C=CODE    S=_TEXT    G=(none)   M=D:\DEVEL\XHARBOUR_BCC7\LIB\RTL.LIB|radiogrp ACBP=A9
 0001:000864D4 0000004C C=CODE    S=_TEXT    G=(none)   M=D:\DEVEL\XHARBOUR_BCC7\LIB\RTL.LIB|readkey ACBP=A9
 0001:00086520 00000060 C=CODE    S=_TEXT    G=(none)   M=D:\DEVEL\XHARBOUR_BCC7\LIB\RTL.LIB|readvar ACBP=A9
 0001:00086580 00000060 C=CODE    S=_TEXT    G=(none)   M=D:\DEVEL\XHARBOUR_BCC7\LIB\RTL.LIB|regexrpl ACBP=A9
 0001:000865E0 00000164 C=CODE    S=_TEXT    G=(none)   M=D:\DEVEL\XHARBOUR_BCC7\LIB\RTL.LIB|scrollbr ACBP=A9
 0001:00086744 0000004C C=CODE    S=_TEXT    G=(none)   M=D:\DEVEL\XHARBOUR_BCC7\LIB\RTL.LIB|setta ACBP=A9
 0001:00086790 0000004C C=CODE    S=_TEXT    G=(none)   M=D:\DEVEL\XHARBOUR_BCC7\LIB\RTL.LIB|sprintf ACBP=A9
 0001:000867DC 000000D8 C=CODE    S=_TEXT    G=(none)   M=D:\DEVEL\XHARBOUR_BCC7\LIB\RTL.LIB|tbcolumn ACBP=A9
 0001:000868B4 00000690 C=CODE    S=_TEXT    G=(none)   M=D:\DEVEL\XHARBOUR_BCC7\LIB\RTL.LIB|tbrowse ACBP=A9
 0001:00086F44 00000204 C=CODE    S=_TEXT    G=(none)   M=D:\DEVEL\XHARBOUR_BCC7\LIB\RTL.LIB|tclass ACBP=A9
 0001:00087148 00000564 C=CODE    S=_TEXT    G=(none)   M=D:\DEVEL\XHARBOUR_BCC7\LIB\RTL.LIB|teditor ACBP=A9
 0001:000876AC 00000074 C=CODE    S=_TEXT    G=(none)   M=D:\DEVEL\XHARBOUR_BCC7\LIB\RTL.LIB|text ACBP=A9
 0001:00087720 000003D4 C=CODE    S=_TEXT    G=(none)   M=D:\DEVEL\XHARBOUR_BCC7\LIB\RTL.LIB|tget ACBP=A9
 0001:00087AF4 00000074 C=CODE    S=_TEXT    G=(none)   M=D:\DEVEL\XHARBOUR_BCC7\LIB\RTL.LIB|tgetint ACBP=A9
 0001:00087B68 00000258 C=CODE    S=_TEXT    G=(none)   M=D:\DEVEL\XHARBOUR_BCC7\LIB\RTL.LIB|tgetlist ACBP=A9
 0001:00087DC0 000000EC C=CODE    S=_TEXT    G=(none)   M=D:\DEVEL\XHARBOUR_BCC7\LIB\RTL.LIB|tlabel ACBP=A9
 0001:00087EAC 0000009C C=CODE    S=_TEXT    G=(none)   M=D:\DEVEL\XHARBOUR_BCC7\LIB\RTL.LIB|tmenuitm ACBP=A9
 0001:00087F48 000001A3 C=CODE    S=_TEXT    G=(none)   M=D:\DEVEL\XHARBOUR_BCC7\LIB\RTL.LIB|tobject ACBP=A9
 0001:000880EC 00000218 C=CODE    S=_TEXT    G=(none)   M=D:\DEVEL\XHARBOUR_BCC7\LIB\RTL.LIB|tpopup ACBP=A9
 0001:00088304 00000060 C=CODE    S=_TEXT    G=(none)   M=D:\DEVEL\XHARBOUR_BCC7\LIB\RTL.LIB|traceprg ACBP=A9
 0001:00088364 0000018C C=CODE    S=_TEXT    G=(none)   M=D:\DEVEL\XHARBOUR_BCC7\LIB\RTL.LIB|treport ACBP=A9
 0001:000884F0 0000026E C=CODE    S=_TEXT    G=(none)   M=D:\DEVEL\XHARBOUR_BCC7\LIB\RTL.LIB|tscalar ACBP=A9
 0001:00088760 00000074 C=CODE    S=_TEXT    G=(none)   M=D:\DEVEL\XHARBOUR_BCC7\LIB\RTL.LIB|ttextlin ACBP=A9
 0001:000887D4 00000294 C=CODE    S=_TEXT    G=(none)   M=D:\DEVEL\XHARBOUR_BCC7\LIB\RTL.LIB|ttopbar ACBP=A9
 0001:00088A68 00000060 C=CODE    S=_TEXT    G=(none)   M=D:\DEVEL\XHARBOUR_BCC7\LIB\RTL.LIB|typefile ACBP=A9
 0001:00088AC8 0000004C C=CODE    S=_TEXT    G=(none)   M=D:\DEVEL\XHARBOUR_BCC7\LIB\RTL.LIB|wait ACBP=A9
 0001:00088B14 00000240 C=CODE    S=_TEXT    G=(none)   M=D:\DEVEL\XHARBOUR_BCC7\LIB\RTL.LIB|win32ole ACBP=A9
 0001:00088D54 0000284C C=CODE    S=_TEXT    G=(none)   M=D:\DEVEL\XHARBOUR_BCC7\LIB\RTL.LIB|hbwinole ACBP=A9
 0001:0008B5A0 000005B8 C=CODE    S=_TEXT    G=(none)   M=D:\DEVEL\XHARBOUR_BCC7\LIB\RTL.LIB|winos ACBP=A9
 0001:0008BB58 0000035A C=CODE    S=_TEXT    G=(none)   M=D:\DEVEL\XHARBOUR_BCC7\LIB\RTL.LIB|winreg ACBP=A9
 0001:0008BEB4 00002A35 C=CODE    S=_TEXT    G=(none)   M=D:\DEVEL\XHARBOUR_BCC7\LIB\MACRO.LIB|macroy ACBP=A9
 0001:0008E8EC 00000359 C=CODE    S=_TEXT    G=(none)   M=D:\DEVEL\XHARBOUR_BCC7\LIB\MACRO.LIB|macroa ACBP=A9
 0001:0008EC48 00005D7D C=CODE    S=_TEXT    G=(none)   M=D:\DEVEL\XHARBOUR_BCC7\LIB\MACRO.LIB|macrob ACBP=A9
 0001:000949C8 000008B4 C=CODE    S=_TEXT    G=(none)   M=D:\DEVEL\XHARBOUR_BCC7\LIB\MACRO.LIB|macroc ACBP=A9
 0001:0009527C 00002369 C=CODE    S=_TEXT    G=(none)   M=D:\DEVEL\XHARBOUR_BCC7\LIB\MACRO.LIB|macroslx ACBP=A9
 0001:000975E8 00000052 C=CODE    S=_TEXT    G=(none)   M=D:\DEVEL\XHARBOUR_BCC7\LIB\PP.LIB|pptable ACBP=A9
 0001:0009763C 00009ACD C=CODE    S=_TEXT    G=(none)   M=D:\DEVEL\XHARBOUR_BCC7\LIB\PP.LIB|ppcore ACBP=A9
 0001:000A110C 00000307 C=CODE    S=_TEXT    G=(none)   M=D:\DEVEL\XHARBOUR_BCC7\LIB\PP.LIB|pplib ACBP=A9
 0001:000A1414 00000014 C=CODE    S=_TEXT    G=(none)   M=D:\DEVEL\XHARBOUR_BCC7\LIB\PP.LIB|pplib2 ACBP=A9
 0001:000A1428 000001A1 C=CODE    S=_TEXT    G=(none)   M=D:\DEVEL\XHARBOUR_BCC7\LIB\PP.LIB|pplib3 ACBP=A9
 0001:000A15CC 0000003F C=CODE    S=_TEXT    G=(none)   M=D:\DEVEL\XHARBOUR_BCC7\LIB\COMMON.LIB|hbfopen ACBP=A9
 0001:000A160C 000003DF C=CODE    S=_TEXT    G=(none)   M=D:\DEVEL\XHARBOUR_BCC7\LIB\COMMON.LIB|hbfsapi ACBP=A9
 0001:000A19EC 000000F7 C=CODE    S=_TEXT    G=(none)   M=D:\DEVEL\XHARBOUR_BCC7\LIB\COMMON.LIB|hbgete ACBP=A9
 0001:000A1AE4 000005CA C=CODE    S=_TEXT    G=(none)   M=D:\DEVEL\XHARBOUR_BCC7\LIB\COMMON.LIB|hbmem ACBP=A9
 0001:000A20B0 0000169E C=CODE    S=_TEXT    G=(none)   M=D:\DEVEL\XHARBOUR_BCC7\LIB\COMMON.LIB|hbstr ACBP=A9
 0001:000A3750 00001AA1 C=CODE    S=_TEXT    G=(none)   M=D:\DEVEL\XHARBOUR_BCC7\LIB\COMMON.LIB|hbprintf ACBP=A9
 0001:000A51F4 00000226 C=CODE    S=_TEXT    G=(none)   M=D:\DEVEL\XHARBOUR_BCC7\LIB\COMMON.LIB|hbtrace ACBP=A9
 0001:000A541C 00001056 C=CODE    S=_TEXT    G=(none)   M=D:\DEVEL\XHARBOUR_BCC7\LIB\COMMON.LIB|hbver ACBP=A9
 0001:000A6474 00000B1A C=CODE    S=_TEXT    G=(none)   M=D:\DEVEL\XHARBOUR_BCC7\LIB\COMMON.LIB|expropt1 ACBP=A9
 0001:000A6F90 00001645 C=CODE    S=_TEXT    G=(none)   M=D:\DEVEL\XHARBOUR_BCC7\LIB\COMMON.LIB|expropt2 ACBP=A9
 0001:000A85D8 00000060 C=CODE    S=_TEXT    G=(none)   M=D:\DEVEL\XHARBOUR_BCC7\LIB\COMMON.LIB|reserved ACBP=A9
 0001:000A8638 00001919 C=CODE    S=_TEXT    G=(none)   M=D:\DEVEL\XHARBOUR_BCC7\LIB\COMMON.LIB|hbdate ACBP=A9
 0001:000A9F54 00000181 C=CODE    S=_TEXT    G=(none)   M=D:\DEVEL\XHARBOUR_BCC7\LIB\COMMON.LIB|hbwince ACBP=A9
 0001:000AA0D8 00000010 C=CODE    S=_TEXT    G=(none)   M=D:\DEVEL\XHARBOUR_BCC7\LIB\LANG.LIB|msgen ACBP=A9
 0001:000AA0E8 000037F3 C=CODE    S=_TEXT    G=(none)   M=D:\DEVEL\XHARBOUR_BCC7\LIB\RDD.LIB|dbcmd ACBP=A9
 0001:000AD8DC 00000C62 C=CODE    S=_TEXT    G=(none)   M=D:\DEVEL\XHARBOUR_BCC7\LIB\RDD.LIB|dbcmd53 ACBP=A9
 0001:000AE540 0000028E C=CODE    S=_TEXT    G=(none)   M=D:\DEVEL\XHARBOUR_BCC7\LIB\RDD.LIB|dbcmdx ACBP=A9
 0001:000AE7D0 0000000E C=CODE    S=_TEXT    G=(none)   M=D:\DEVEL\XHARBOUR_BCC7\LIB\RDD.LIB|dbcmdhb ACBP=A9
 0001:000AE7E0 00000006 C=CODE    S=_TEXT    G=(none)   M=D:\DEVEL\XHARBOUR_BCC7\LIB\RDD.LIB|dbdrop ACBP=A9
 0001:000AE7E8 00000006 C=CODE    S=_TEXT    G=(none)   M=D:\DEVEL\XHARBOUR_BCC7\LIB\RDD.LIB|dbexists ACBP=A9
 0001:000AE7F0 00000026 C=CODE    S=_TEXT    G=(none)   M=D:\DEVEL\XHARBOUR_BCC7\LIB\RDD.LIB|fieldhb ACBP=A9
 0001:000AE818 00000006 C=CODE    S=_TEXT    G=(none)   M=D:\DEVEL\XHARBOUR_BCC7\LIB\RDD.LIB|rddinfo ACBP=A9
 0001:000AE820 000025FE C=CODE    S=_TEXT    G=(none)   M=D:\DEVEL\XHARBOUR_BCC7\LIB\RDD.LIB|workarea ACBP=A9
 0001:000B0E20 0000086B C=CODE    S=_TEXT    G=(none)   M=D:\DEVEL\XHARBOUR_BCC7\LIB\RDD.LIB|wacore ACBP=A9
 0001:000B168C 000014B3 C=CODE    S=_TEXT    G=(none)   M=D:\DEVEL\XHARBOUR_BCC7\LIB\RDD.LIB|wafunc ACBP=A9
 0001:000B2B40 00008504 C=CODE    S=_TEXT    G=(none)   M=D:\DEVEL\XHARBOUR_BCC7\LIB\RDD.LIB|dbf1 ACBP=A9
 0001:000BB044 000000BE C=CODE    S=_TEXT    G=(none)   M=D:\DEVEL\XHARBOUR_BCC7\LIB\RDD.LIB|dbnubs ACBP=A9
 0001:000BB104 00001EF4 C=CODE    S=_TEXT    G=(none)   M=D:\DEVEL\XHARBOUR_BCC7\LIB\RDD.LIB|delim1 ACBP=A9
 0001:000BCFF8 00001988 C=CODE    S=_TEXT    G=(none)   M=D:\DEVEL\XHARBOUR_BCC7\LIB\RDD.LIB|sdf1 ACBP=A9
 0001:000BE980 0000004C C=CODE    S=_TEXT    G=(none)   M=D:\DEVEL\XHARBOUR_BCC7\LIB\RDD.LIB|dbdelim ACBP=A9
 0001:000BE9CC 00000088 C=CODE    S=_TEXT    G=(none)   M=D:\DEVEL\XHARBOUR_BCC7\LIB\RDD.LIB|dbjoin ACBP=A9
 0001:000BEA54 0000004C C=CODE    S=_TEXT    G=(none)   M=D:\DEVEL\XHARBOUR_BCC7\LIB\RDD.LIB|dbsdf ACBP=A9
 0001:000BEAA0 00000074 C=CODE    S=_TEXT    G=(none)   M=D:\DEVEL\XHARBOUR_BCC7\LIB\RDD.LIB|dbtotal ACBP=A9
 0001:000BEB14 0000004C C=CODE    S=_TEXT    G=(none)   M=D:\DEVEL\XHARBOUR_BCC7\LIB\RDD.LIB|dblist ACBP=A9
 0001:000BEB60 0000004C C=CODE    S=_TEXT    G=(none)   M=D:\DEVEL\XHARBOUR_BCC7\LIB\RDD.LIB|dbsort ACBP=A9
 0001:000BEBAC 000006AB C=CODE    S=_TEXT    G=(none)   M=D:\DEVEL\XHARBOUR_BCC7\LIB\RDD.LIB|hbdbsort ACBP=A9
 0001:000BF258 000000C4 C=CODE    S=_TEXT    G=(none)   M=D:\DEVEL\XHARBOUR_BCC7\LIB\RDD.LIB|dbstrux ACBP=A9
 0001:000BF31C 0000004C C=CODE    S=_TEXT    G=(none)   M=D:\DEVEL\XHARBOUR_BCC7\LIB\RDD.LIB|dbstruxu ACBP=A9
 0001:000BF368 0000004C C=CODE    S=_TEXT    G=(none)   M=D:\DEVEL\XHARBOUR_BCC7\LIB\RDD.LIB|dbupdat ACBP=A9
 0001:000BF3B4 000000D8 C=CODE    S=_TEXT    G=(none)   M=D:\DEVEL\XHARBOUR_BCC7\LIB\RDD.LIB|rddord ACBP=A9
 0001:000BF48C 0000004C C=CODE    S=_TEXT    G=(none)   M=D:\DEVEL\XHARBOUR_BCC7\LIB\RDD.LIB|rddsys ACBP=A9
 0001:000BF4D8 0000ABE4 C=CODE    S=_TEXT    G=(none)   M=D:\DEVEL\XHARBOUR_BCC7\LIB\DBFNTX.LIB|dbfntx1 ACBP=A9
 0001:000CA0BC 0000DA54 C=CODE    S=_TEXT    G=(none)   M=D:\DEVEL\XHARBOUR_BCC7\LIB\DBFCDX.LIB|dbfcdx1 ACBP=A9
 0001:000D7B10 000076A4 C=CODE    S=_TEXT    G=(none)   M=D:\DEVEL\XHARBOUR_BCC7\LIB\DBFFPT.LIB|dbffpt1 ACBP=A9
 0001:000DF1B4 00007DF8 C=CODE    S=_TEXT    G=(none)   M=D:\DEVEL\XHARBOUR_BCC7\LIB\PCREPOS.LIB|pcre_compile ACBP=A9
 0001:000E6FAC 0000B8A8 C=CODE    S=_TEXT    G=(none)   M=D:\DEVEL\XHARBOUR_BCC7\LIB\PCREPOS.LIB|pcre_exec ACBP=A9
 0001:000F2854 0000025E C=CODE    S=_TEXT    G=(none)   M=D:\DEVEL\XHARBOUR_BCC7\LIB\PCREPOS.LIB|pcre_fullinfo ACBP=A9
 0001:000F2AB4 000003E6 C=CODE    S=_TEXT    G=(none)   M=D:\DEVEL\XHARBOUR_BCC7\LIB\PCREPOS.LIB|pcre_newline ACBP=A9
 0001:000F2E9C 0000004F C=CODE    S=_TEXT    G=(none)   M=D:\DEVEL\XHARBOUR_BCC7\LIB\PCREPOS.LIB|pcre_ord2utf8 ACBP=A9
 0001:000F2EEC 00000474 C=CODE    S=_TEXT    G=(none)   M=D:\DEVEL\XHARBOUR_BCC7\LIB\PCREPOS.LIB|pcre_valid_utf8 ACBP=A9
 0001:000F3360 00000016 C=CODE    S=_TEXT    G=(none)   M=D:\DEVEL\XHARBOUR_BCC7\LIB\PCREPOS.LIB|pcre_version ACBP=A9
 0001:000F3378 00000411 C=CODE    S=_TEXT    G=(none)   M=D:\DEVEL\XHARBOUR_BCC7\LIB\PCREPOS.LIB|pcre_xclass ACBP=A9
 0001:000F378C 000003C5 C=CODE    S=_TEXT    G=(none)   M=D:\DEVEL\XHARBOUR_BCC7\LIB\PCREPOS.LIB|pcreposix ACBP=A9
 0001:000F3B54 000003BF C=CODE    S=_TEXT    G=(none)   M=D:\DEVEL\XHARBOUR_BCC7\LIB\HBSIX.LIB|sxcrypt ACBP=A9
 0001:000F3F14 000000F8 C=CODE    S=_TEXT    G=(none)   M=D:\DEVEL\XHARBOUR_BCC7\LIB\HBSIX.LIB|sxdate ACBP=A9
 0001:000F400C 0000056F C=CODE    S=_TEXT    G=(none)   M=D:\DEVEL\XHARBOUR_BCC7\LIB\CT.LIB|datetime ACBP=A9
 0001:000F457C 00000481 C=CODE    S=_TEXT    G=(none)   M=D:\DEVEL\XHARBOUR_BCC7\LIB\CT.LIB|disk ACBP=A9
 0001:000F4A00 00000885 C=CODE    S=_TEXT    G=(none)   M=D:\DEVEL\XHARBOUR_BCC7\LIB\CT.LIB|files ACBP=A9
 0001:000F5288 0000054B C=CODE    S=_TEXT    G=(none)   M=D:\DEVEL\XHARBOUR_BCC7\LIB\CT.LIB|strfile ACBP=A9
 0001:000F57D4 000002FF C=CODE    S=_TEXT    G=(none)   M=D:\DEVEL\XHARBOUR_BCC7\LIB\CT.LIB|dattime3 ACBP=A9
 0001:000F5AD4 00000114 C=CODE    S=_TEXT    G=(none)   M=D:\DEVEL\XHARBOUR_BCC7\LIB\CT.LIB|diskutil ACBP=A9
 0001:000F5BE8 00000074 C=CODE    S=_TEXT    G=(none)   M=D:\DEVEL\XHARBOUR_BCC7\LIB\CT.LIB|cttime ACBP=A9
 0001:000F5C5C 00000074 C=CODE    S=_TEXT    G=(none)   M=D:\DEVEL\XHARBOUR_BCC7\LIB\CT.LIB|util ACBP=A9
 0001:000F5CD0 00000377 C=CODE    S=_TEXT    G=(none)   M=D:\DEVEL\XHARBOUR_BCC7\LIB\ZLIB.LIB|adler32 ACBP=A9
 0001:000F6048 00000028 C=CODE    S=_TEXT    G=(none)   M=D:\DEVEL\BCC72\LIB\CW32.LIB|delaop ACBP=A9
 0001:000F6070 0000002E C=CODE    S=_TEXT    G=(none)   M=D:\DEVEL\BCC72\LIB\CW32.LIB|delop ACBP=A9
 0001:000F60A0 0000004E C=CODE    S=_TEXT    G=(none)   M=D:\DEVEL\BCC72\LIB\CW32.LIB|exceptio ACBP=A9
 0001:000F60D5 00000099 C=CODE    S=_TEXT    G=(none)   M=D:\DEVEL\BCC72\LIB\CW32.LIB|gccex ACBP=A9
 0001:000F6124 0000014B C=CODE    S=_TEXT    G=(none)   M=D:\DEVEL\BCC72\LIB\CW32.LIB|hrdir_b ACBP=A9
 0001:000F6270 00000020 C=CODE    S=_TEXT    G=(none)   M=D:\DEVEL\BCC72\LIB\CW32.LIB|hrdir_mf ACBP=A9
 0001:000F6290 000000DC C=CODE    S=_TEXT    G=(none)   M=D:\DEVEL\BCC72\LIB\CW32.LIB|hrdir_s ACBP=A9
 0001:000F636C 00000001 C=CODE    S=_TEXT    G=(none)   M=D:\DEVEL\BCC72\LIB\CW32.LIB|hrdir_us ACBP=A9
 0001:000F6370 00000DC2 C=CODE    S=_TEXT    G=(none)   M=D:\DEVEL\BCC72\LIB\CW32.LIB|_fastmm ACBP=A9
 0001:000F7134 00000B42 C=CODE    S=_TEXT    G=(none)   M=D:\DEVEL\BCC72\LIB\CW32.LIB|_fastmma ACBP=A9
 0001:000F7C78 0000004A C=CODE    S=_TEXT    G=(none)   M=D:\DEVEL\BCC72\LIB\CW32.LIB|heap ACBP=A9
 0001:000F7CC4 00000065 C=CODE    S=_TEXT    G=(none)   M=D:\DEVEL\BCC72\LIB\CW32.LIB|realloc ACBP=A9
 0001:000F7D2C 00000001 C=CODE    S=_TEXT    G=(none)   M=D:\DEVEL\BCC72\LIB\CW32.LIB|crtlst_i ACBP=A9
 0001:000F7D30 00000001 C=CODE    S=_TEXT    G=(none)   M=D:\DEVEL\BCC72\LIB\CW32.LIB|crtlst_l ACBP=A9
 0001:000F7D34 00000032 C=CODE    S=_TEXT    G=(none)   M=D:\DEVEL\BCC72\LIB\CW32.LIB|strdup ACBP=A9
 0001:000F7D68 000000A3 C=CODE    S=_TEXT    G=(none)   M=D:\DEVEL\BCC72\LIB\CW32.LIB|strerror ACBP=A9
 0001:000F7E0C 0000004F C=CODE    S=_TEXT    G=(none)   M=D:\DEVEL\BCC72\LIB\CW32.LIB|strncpy ACBP=A9
 0001:000F7E5C 0000002D C=CODE    S=_TEXT    G=(none)   M=D:\DEVEL\BCC72\LIB\CW32.LIB|strpbrk ACBP=A9
 0001:000F7E8C 00000029 C=CODE    S=_TEXT    G=(none)   M=D:\DEVEL\BCC72\LIB\CW32.LIB|strrchr ACBP=A9
 0001:000F7EB8 00000060 C=CODE    S=_TEXT    G=(none)   M=D:\DEVEL\BCC72\LIB\CW32.LIB|strstr ACBP=A9
 0001:000F7F18 0000003F C=CODE    S=_TEXT    G=(none)   M=D:\DEVEL\BCC72\LIB\CW32.LIB|wcscpy ACBP=A9
 0001:000F7F58 00000018 C=CODE    S=_TEXT    G=(none)   M=D:\DEVEL\BCC72\LIB\CW32.LIB|wcslen ACBP=A9
 0001:000F7F70 00000037 C=CODE    S=_TEXT    G=(none)   M=D:\DEVEL\BCC72\LIB\CW32.LIB|_stpcpy ACBP=A9
 0001:000F7FA8 00000055 C=CODE    S=_TEXT    G=(none)   M=D:\DEVEL\BCC72\LIB\CW32.LIB|memchr ACBP=A9
 0001:000F8000 0000006C C=CODE    S=_TEXT    G=(none)   M=D:\DEVEL\BCC72\LIB\CW32.LIB|memcmp ACBP=A9
 0001:000F806C 00000016 C=CODE    S=_TEXT    G=(none)   M=D:\DEVEL\BCC72\LIB\CW32.LIB|memcpy ACBP=A9
 0001:000F8084 00000117 C=CODE    S=_TEXT    G=(none)   M=D:\DEVEL\BCC72\LIB\CW32.LIB|memmove ACBP=A9
 0001:000F819C 000000B3 C=CODE    S=_TEXT    G=(none)   M=D:\DEVEL\BCC72\LIB\CW32.LIB|memset ACBP=A9
 0001:000F8250 0000005D C=CODE    S=_TEXT    G=(none)   M=D:\DEVEL\BCC72\LIB\CW32.LIB|strcat ACBP=A9
 0001:000F82B0 0000004E C=CODE    S=_TEXT    G=(none)   M=D:\DEVEL\BCC72\LIB\CW32.LIB|strchr ACBP=A9
 0001:000F8300 0000004D C=CODE    S=_TEXT    G=(none)   M=D:\DEVEL\BCC72\LIB\CW32.LIB|strcmp ACBP=A9
 0001:000F8350 00000049 C=CODE    S=_TEXT    G=(none)   M=D:\DEVEL\BCC72\LIB\CW32.LIB|strcpy ACBP=A9
 0001:000F839C 0000005A C=CODE    S=_TEXT    G=(none)   M=D:\DEVEL\BCC72\LIB\CW32.LIB|strlen ACBP=A9
 0001:000F83F8 0000007A C=CODE    S=_TEXT    G=(none)   M=D:\DEVEL\BCC72\LIB\CW32.LIB|strncat ACBP=A9
 0001:000F8474 0000005F C=CODE    S=_TEXT    G=(none)   M=D:\DEVEL\BCC72\LIB\CW32.LIB|strncmp ACBP=A9
 0001:000F84D4 000000DF C=CODE    S=_TEXT    G=(none)   M=D:\DEVEL\BCC72\LIB\CW32.LIB|wmemset ACBP=A9
 0001:000F85B4 00000040 C=CODE    S=_TEXT    G=(none)   M=D:\DEVEL\BCC72\LIB\CW32.LIB|__access ACBP=A9
 0001:000F85F4 00000063 C=CODE    S=_TEXT    G=(none)   M=D:\DEVEL\BCC72\LIB\CW32.LIB|__close ACBP=A9
 0001:000F8658 00000013 C=CODE    S=_TEXT    G=(none)   M=D:\DEVEL\BCC72\LIB\CW32.LIB|__dup ACBP=A9
 0001:000F866C 000000EF C=CODE    S=_TEXT    G=(none)   M=D:\DEVEL\BCC72\LIB\CW32.LIB|__dup2 ACBP=A9
 0001:000F875C 00000086 C=CODE    S=_TEXT    G=(none)   M=D:\DEVEL\BCC72\LIB\CW32.LIB|__eof ACBP=A9
 0001:000F87E4 00000047 C=CODE    S=_TEXT    G=(none)   M=D:\DEVEL\BCC72\LIB\CW32.LIB|__isatty ACBP=A9
 0001:000F882C 00000076 C=CODE    S=_TEXT    G=(none)   M=D:\DEVEL\BCC72\LIB\CW32.LIB|__lseek ACBP=A9
 0001:000F88A4 00000214 C=CODE    S=_TEXT    G=(none)   M=D:\DEVEL\BCC72\LIB\CW32.LIB|__open ACBP=A9
 0001:000F8AB8 0000019A C=CODE    S=_TEXT    G=(none)   M=D:\DEVEL\BCC72\LIB\CW32.LIB|__read ACBP=A9
 0001:000F8C54 0000011C C=CODE    S=_TEXT    G=(none)   M=D:\DEVEL\BCC72\LIB\CW32.LIB|__write ACBP=A9
 0001:000F8D70 00000011 C=CODE    S=_TEXT    G=(none)   M=D:\DEVEL\BCC72\LIB\CW32.LIB|_cfinfo ACBP=A9
 0001:000F8D84 00000075 C=CODE    S=_TEXT    G=(none)   M=D:\DEVEL\BCC72\LIB\CW32.LIB|_read ACBP=A9
 0001:000F8DF9 00000017 C=CODE    S=_TEXT    G=(none)   M=D:\DEVEL\BCC72\LIB\CW32.LIB|_umask ACBP=A9
 0001:000F8DFC 00000061 C=CODE    S=_TEXT    G=(none)   M=D:\DEVEL\BCC72\LIB\CW32.LIB|_write ACBP=A9
 0001:000F8E60 0000007D C=CODE    S=_TEXT    G=(none)   M=D:\DEVEL\BCC72\LIB\CW32.LIB|allocbuf ACBP=A9
 0001:000F8EE0 0000009C C=CODE    S=_TEXT    G=(none)   M=D:\DEVEL\BCC72\LIB\CW32.LIB|chdrive ACBP=A9
 0001:000F8F7C 0000008E C=CODE    S=_TEXT    G=(none)   M=D:\DEVEL\BCC72\LIB\CW32.LIB|fclose ACBP=A9
 0001:000F900C 0000007F C=CODE    S=_TEXT    G=(none)   M=D:\DEVEL\BCC72\LIB\CW32.LIB|fflush ACBP=A9
 0001:000F908C 0000005A C=CODE    S=_TEXT    G=(none)   M=D:\DEVEL\BCC72\LIB\CW32.LIB|flushout ACBP=A9
 0001:000F90E8 00000023 C=CODE    S=_TEXT    G=(none)   M=D:\DEVEL\BCC72\LIB\CW32.LIB|fmodeptr ACBP=A9
 0001:000F910C 0000021B C=CODE    S=_TEXT    G=(none)   M=D:\DEVEL\BCC72\LIB\CW32.LIB|fopen ACBP=A9
 0001:000F9328 00000022 C=CODE    S=_TEXT    G=(none)   M=D:\DEVEL\BCC72\LIB\CW32.LIB|fprintf ACBP=A9
 0001:000F934C 000000DC C=CODE    S=_TEXT    G=(none)   M=D:\DEVEL\BCC72\LIB\CW32.LIB|fputn ACBP=A9
 0001:000F9428 00000056 C=CODE    S=_TEXT    G=(none)   M=D:\DEVEL\BCC72\LIB\CW32.LIB|fputs ACBP=A9
 0001:000F9480 00000167 C=CODE    S=_TEXT    G=(none)   M=D:\DEVEL\BCC72\LIB\CW32.LIB|fread ACBP=A9
 0001:000F95E8 0000014C C=CODE    S=_TEXT    G=(none)   M=D:\DEVEL\BCC72\LIB\CW32.LIB|fseek ACBP=A9
 0001:000F9734 000000DB C=CODE    S=_TEXT    G=(none)   M=D:\DEVEL\BCC72\LIB\CW32.LIB|fullpath ACBP=A9
 0001:000F9810 00000031 C=CODE    S=_TEXT    G=(none)   M=D:\DEVEL\BCC72\LIB\CW32.LIB|fwrite ACBP=A9
 0001:000F9844 00000148 C=CODE    S=_TEXT    G=(none)   M=D:\DEVEL\BCC72\LIB\CW32.LIB|getdcwd ACBP=A9
 0001:000F998C 000002B9 C=CODE    S=_TEXT    G=(none)   M=D:\DEVEL\BCC72\LIB\CW32.LIB|handles ACBP=A9
 0001:000F9C48 0000007E C=CODE    S=_TEXT    G=(none)   M=D:\DEVEL\BCC72\LIB\CW32.LIB|ioerror ACBP=A9
 0001:000F9CC8 000001A6 C=CODE    S=_TEXT    G=(none)   M=D:\DEVEL\BCC72\LIB\CW32.LIB|lgetc ACBP=A9
 0001:000F9E70 0000011A C=CODE    S=_TEXT    G=(none)   M=D:\DEVEL\BCC72\LIB\CW32.LIB|lputc ACBP=A9
 0001:000F9F8C 00000091 C=CODE    S=_TEXT    G=(none)   M=D:\DEVEL\BCC72\LIB\CW32.LIB|mkname ACBP=A9
 0001:000FA01D 00000083 C=CODE    S=_TEXT    G=(none)   M=D:\DEVEL\BCC72\LIB\CW32.LIB|perror ACBP=A9
 0001:000FA020 00000023 C=CODE    S=_TEXT    G=(none)   M=D:\DEVEL\BCC72\LIB\CW32.LIB|printf ACBP=A9
 0001:000FA044 00000832 C=CODE    S=_TEXT    G=(none)   M=D:\DEVEL\BCC72\LIB\CW32.LIB|scanner ACBP=A9
 0001:000FA878 00000284 C=CODE    S=_TEXT    G=(none)   M=D:\DEVEL\BCC72\LIB\CW32.LIB|scn2i64 ACBP=A9
 0001:000FAAFC 0000006E C=CODE    S=_TEXT    G=(none)   M=D:\DEVEL\BCC72\LIB\CW32.LIB|setmode ACBP=A9
 0001:000FAB6C 0000004D C=CODE    S=_TEXT    G=(none)   M=D:\DEVEL\BCC72\LIB\CW32.LIB|setvbuf ACBP=A9
 0001:000FABBC 00000100 C=CODE    S=_TEXT    G=(none)   M=D:\DEVEL\BCC72\LIB\CW32.LIB|snprntf ACBP=A9
 0001:000FACBC 00000078 C=CODE    S=_TEXT    G=(none)   M=D:\DEVEL\BCC72\LIB\CW32.LIB|sprintf ACBP=A9
 0001:000FAD34 00000073 C=CODE    S=_TEXT    G=(none)   M=D:\DEVEL\BCC72\LIB\CW32.LIB|sscanf ACBP=A9
 0001:000FADA8 00000101 C=CODE    S=_TEXT    G=(none)   M=D:\DEVEL\BCC72\LIB\CW32.LIB|streams ACBP=A9
 0001:000FAEAC 0000001A C=CODE    S=_TEXT    G=(none)   M=D:\DEVEL\BCC72\LIB\CW32.LIB|unlink ACBP=A9
 0001:000FAEC8 00000022 C=CODE    S=_TEXT    G=(none)   M=D:\DEVEL\BCC72\LIB\CW32.LIB|vfprintf ACBP=A9
 0001:000FAEEC 00000A98 C=CODE    S=_TEXT    G=(none)   M=D:\DEVEL\BCC72\LIB\CW32.LIB|vprinter ACBP=A9
 0001:000FB984 0000001A C=CODE    S=_TEXT    G=(none)   M=D:\DEVEL\BCC72\LIB\CW32.LIB|wunlink ACBP=A9
 0001:000FB9A0 0000002E C=CODE    S=_TEXT    G=(none)   M=D:\DEVEL\BCC72\LIB\CW32.LIB|xfclose ACBP=A9
 0001:000FB9D0 00000027 C=CODE    S=_TEXT    G=(none)   M=D:\DEVEL\BCC72\LIB\CW32.LIB|xfflush ACBP=A9
 0001:000FB9F8 00000008 C=CODE    S=_TEXT    G=(none)   M=D:\DEVEL\BCC72\LIB\CW32.LIB|access ACBP=A9
 0001:000FBA00 00000008 C=CODE    S=_TEXT    G=(none)   M=D:\DEVEL\BCC72\LIB\CW32.LIB|close ACBP=A9
 0001:000FBA08 00000008 C=CODE    S=_TEXT    G=(none)   M=D:\DEVEL\BCC72\LIB\CW32.LIB|dup ACBP=A9
 0001:000FBA10 00000010 C=CODE    S=_TEXT    G=(none)   M=D:\DEVEL\BCC72\LIB\CW32.LIB|remove ACBP=A9
 0001:000FBA20 00000006 C=CODE    S=_TEXT    G=(none)   M=D:\DEVEL\BCC72\LIB\CW32.LIB|cconv ACBP=A9
 0001:000FBA28 000002CC C=CODE    S=_TEXT    G=(none)   M=D:\DEVEL\BCC72\LIB\CW32.LIB|convt ACBP=A9
 0001:000FBCF4 0000006C C=CODE    S=_TEXT    G=(none)   M=D:\DEVEL\BCC72\LIB\CW32.LIB|getinfo ACBP=A9
 0001:000FBD60 00000116 C=CODE    S=_TEXT    G=(none)   M=D:\DEVEL\BCC72\LIB\CW32.LIB|is ACBP=A9
 0001:000FBE78 0000011B C=CODE    S=_TEXT    G=(none)   M=D:\DEVEL\BCC72\LIB\CW32.LIB|wis ACBP=A9
 0001:000FBF94 0000009F C=CODE    S=_TEXT    G=(none)   M=D:\DEVEL\BCC72\LIB\CW32.LIB|isctype ACBP=A9
 0001:000FC034 000000E6 C=CODE    S=_TEXT    G=(none)   M=D:\DEVEL\BCC72\LIB\CW32.LIB|iswctype ACBP=A9
 0001:000FC11C 0000118F C=CODE    S=_TEXT    G=(none)   M=D:\DEVEL\BCC72\LIB\CW32.LIB|locale ACBP=A9
 0001:000FD2AC 00000816 C=CODE    S=_TEXT    G=(none)   M=D:\DEVEL\BCC72\LIB\CW32.LIB|initcat ACBP=A9
 0001:000FDAC4 000000DD C=CODE    S=_TEXT    G=(none)   M=D:\DEVEL\BCC72\LIB\CW32.LIB|lconv ACBP=A9
 0001:000FDBA4 00000024 C=CODE    S=_TEXT    G=(none)   M=D:\DEVEL\BCC72\LIB\CW32.LIB|lstrlwr ACBP=A9
 0001:000FDBC8 000000C0 C=CODE    S=_TEXT    G=(none)   M=D:\DEVEL\BCC72\LIB\CW32.LIB|ltolower ACBP=A9
 0001:000FDC88 000000C0 C=CODE    S=_TEXT    G=(none)   M=D:\DEVEL\BCC72\LIB\CW32.LIB|ltoupper ACBP=A9
 0001:000FDD48 00000681 C=CODE    S=_TEXT    G=(none)   M=D:\DEVEL\BCC72\LIB\CW32.LIB|mbyte1 ACBP=A9
 0001:000FE3CC 00000268 C=CODE    S=_TEXT    G=(none)   M=D:\DEVEL\BCC72\LIB\CW32.LIB|_ll ACBP=A9
 0001:000FE634 0000001D C=CODE    S=_TEXT    G=(none)   M=D:\DEVEL\BCC72\LIB\CW32.LIB|_finite ACBP=A9
 0001:000FE654 0000001E C=CODE    S=_TEXT    G=(none)   M=D:\DEVEL\BCC72\LIB\CW32.LIB|_finitel ACBP=A9
 0001:000FE674 0000002B C=CODE    S=_TEXT    G=(none)   M=D:\DEVEL\BCC72\LIB\CW32.LIB|_ftoul ACBP=A9
 0001:000FE6A0 00000045 C=CODE    S=_TEXT    G=(none)   M=D:\DEVEL\BCC72\LIB\CW32.LIB|_isnan ACBP=A9
 0001:000FE6E8 00000049 C=CODE    S=_TEXT    G=(none)   M=D:\DEVEL\BCC72\LIB\CW32.LIB|_isnanl ACBP=A9
 0001:000FE734 000000B0 C=CODE    S=_TEXT    G=(none)   M=D:\DEVEL\BCC72\LIB\CW32.LIB|_matherr ACBP=A9
 0001:000FE7E4 00000184 C=CODE    S=_TEXT    G=(none)   M=D:\DEVEL\BCC72\LIB\CW32.LIB|_pow10 ACBP=A9
 0001:000FE968 00000077 C=CODE    S=_TEXT    G=(none)   M=D:\DEVEL\BCC72\LIB\CW32.LIB|atol ACBP=A9
 0001:000FE9E0 0000001C C=CODE    S=_TEXT    G=(none)   M=D:\DEVEL\BCC72\LIB\CW32.LIB|ceil ACBP=A9
 0001:000FE9FC 00000013 C=CODE    S=_TEXT    G=(none)   M=D:\DEVEL\BCC72\LIB\CW32.LIB|clear87 ACBP=A9
 0001:000FEA10 0000003F C=CODE    S=_TEXT    G=(none)   M=D:\DEVEL\BCC72\LIB\CW32.LIB|cos ACBP=A9
 0001:000FEA50 0000002F C=CODE    S=_TEXT    G=(none)   M=D:\DEVEL\BCC72\LIB\CW32.LIB|ctrl87 ACBP=A9
 0001:000FEA80 00000018 C=CODE    S=_TEXT    G=(none)   M=D:\DEVEL\BCC72\LIB\CW32.LIB|cvtentry ACBP=A9
 0001:000FEA98 00000018 C=CODE    S=_TEXT    G=(none)   M=D:\DEVEL\BCC72\LIB\CW32.LIB|cvtfak ACBP=A9
 0001:000FEAB0 00000018 C=CODE    S=_TEXT    G=(none)   M=D:\DEVEL\BCC72\LIB\CW32.LIB|cvtfakw ACBP=A9
 0001:000FEAC8 00000016 C=CODE    S=_TEXT    G=(none)   M=D:\DEVEL\BCC72\LIB\CW32.LIB|div ACBP=A9
 0001:000FEAE0 0000006C C=CODE    S=_TEXT    G=(none)   M=D:\DEVEL\BCC72\LIB\CW32.LIB|exp ACBP=A9
 0001:000FEB4C 000000D2 C=CODE    S=_TEXT    G=(none)   M=D:\DEVEL\BCC72\LIB\CW32.LIB|f87exp ACBP=A9
 0001:000FEC20 00000048 C=CODE    S=_TEXT    G=(none)   M=D:\DEVEL\BCC72\LIB\CW32.LIB|f87log ACBP=A9
 0001:000FEC68 0000004D C=CODE    S=_TEXT    G=(none)   M=D:\DEVEL\BCC72\LIB\CW32.LIB|fmod ACBP=A9
 0001:000FECB8 00000016 C=CODE    S=_TEXT    G=(none)   M=D:\DEVEL\BCC72\LIB\CW32.LIB|fpreset ACBP=A9
 0001:000FECD0 00000030 C=CODE    S=_TEXT    G=(none)   M=D:\DEVEL\BCC72\LIB\CW32.LIB|ftol ACBP=A9
 0001:000FED00 0000002D C=CODE    S=_TEXT    G=(none)   M=D:\DEVEL\BCC72\LIB\CW32.LIB|fuildq ACBP=A9
 0001:000FED30 00000021 C=CODE    S=_TEXT    G=(none)   M=D:\DEVEL\BCC72\LIB\CW32.LIB|fuistq ACBP=A9
 0001:000FED54 00000011 C=CODE    S=_TEXT    G=(none)   M=D:\DEVEL\BCC72\LIB\CW32.LIB|fxam ACBP=A9
 0001:000FED68 000000B1 C=CODE    S=_TEXT    G=(none)   M=D:\DEVEL\BCC72\LIB\CW32.LIB|int64toa ACBP=A9
 0001:000FEE1C 0000011B C=CODE    S=_TEXT    G=(none)   M=D:\DEVEL\BCC72\LIB\CW32.LIB|ldtrunc ACBP=A9
 0001:000FEF38 0000006D C=CODE    S=_TEXT    G=(none)   M=D:\DEVEL\BCC72\LIB\CW32.LIB|log ACBP=A9
 0001:000FEFA8 0000008F C=CODE    S=_TEXT    G=(none)   M=D:\DEVEL\BCC72\LIB\CW32.LIB|longtoa ACBP=A9
 0001:000FF038 00000075 C=CODE    S=_TEXT    G=(none)   M=D:\DEVEL\BCC72\LIB\CW32.LIB|ltoa1 ACBP=A9
 0001:000FF0B0 0000002E C=CODE    S=_TEXT    G=(none)   M=D:\DEVEL\BCC72\LIB\CW32.LIB|matherrl ACBP=A9
 0001:000FF0E0 00000016 C=CODE    S=_TEXT    G=(none)   M=D:\DEVEL\BCC72\LIB\CW32.LIB|mathptr ACBP=A9
 0001:000FF0F8 00000030 C=CODE    S=_TEXT    G=(none)   M=D:\DEVEL\BCC72\LIB\CW32.LIB|modf ACBP=A9
 0001:000FF128 00000030 C=CODE    S=_TEXT    G=(none)   M=D:\DEVEL\BCC72\LIB\CW32.LIB|modfl ACBP=A9
 0001:000FF158 000001DC C=CODE    S=_TEXT    G=(none)   M=D:\DEVEL\BCC72\LIB\CW32.LIB|pow ACBP=A9
 0001:000FF334 00000025 C=CODE    S=_TEXT    G=(none)   M=D:\DEVEL\BCC72\LIB\CW32.LIB|qdiv10 ACBP=A9
 0001:000FF35C 0000002E C=CODE    S=_TEXT    G=(none)   M=D:\DEVEL\BCC72\LIB\CW32.LIB|qmul10 ACBP=A9
 0001:000FF38C 00000084 C=CODE    S=_TEXT    G=(none)   M=D:\DEVEL\BCC72\LIB\CW32.LIB|rand ACBP=A9
 0001:000FF410 000002F9 C=CODE    S=_TEXT    G=(none)   M=D:\DEVEL\BCC72\LIB\CW32.LIB|realcvt ACBP=A9
 0001:000FF70C 00000331 C=CODE    S=_TEXT    G=(none)   M=D:\DEVEL\BCC72\LIB\CW32.LIB|realcvtw ACBP=A9
 0001:000FFA40 0000002C C=CODE    S=_TEXT    G=(none)   M=D:\DEVEL\BCC72\LIB\CW32.LIB|round ACBP=A9
 0001:000FFA6C 000004E9 C=CODE    S=_TEXT    G=(none)   M=D:\DEVEL\BCC72\LIB\CW32.LIB|scantod ACBP=A9
 0001:000FFF58 000004F5 C=CODE    S=_TEXT    G=(none)   M=D:\DEVEL\BCC72\LIB\CW32.LIB|scanwtod ACBP=A9
 0001:00100450 0000003F C=CODE    S=_TEXT    G=(none)   M=D:\DEVEL\BCC72\LIB\CW32.LIB|sin ACBP=A9
 0001:00100490 0000003A C=CODE    S=_TEXT    G=(none)   M=D:\DEVEL\BCC72\LIB\CW32.LIB|sqrt ACBP=A9
 0001:001004CC 000002D8 C=CODE    S=_TEXT    G=(none)   M=D:\DEVEL\BCC72\LIB\CW32.LIB|xcvt ACBP=A9
 0001:001007A4 000002F7 C=CODE    S=_TEXT    G=(none)   M=D:\DEVEL\BCC72\LIB\CW32.LIB|xcvtw ACBP=A9
 0001:00100A9C 0000014D C=CODE    S=_TEXT    G=(none)   M=D:\DEVEL\BCC72\LIB\CW32.LIB|mbctype ACBP=A9
 0001:00100BEC 0000003D C=CODE    S=_TEXT    G=(none)   M=D:\DEVEL\BCC72\LIB\CW32.LIB|mbisalp ACBP=A9
 0001:00100C2C 0000001A C=CODE    S=_TEXT    G=(none)   M=D:\DEVEL\BCC72\LIB\CW32.LIB|mbisdgt ACBP=A9
 0001:00100C48 0000001A C=CODE    S=_TEXT    G=(none)   M=D:\DEVEL\BCC72\LIB\CW32.LIB|mbisspc ACBP=A9
 0001:00100C64 00000052 C=CODE    S=_TEXT    G=(none)   M=D:\DEVEL\BCC72\LIB\CW32.LIB|mbschr ACBP=A9
 0001:00100CB8 00000055 C=CODE    S=_TEXT    G=(none)   M=D:\DEVEL\BCC72\LIB\CW32.LIB|mbsdec ACBP=A9
 0001:00100D10 0000009B C=CODE    S=_TEXT    G=(none)   M=D:\DEVEL\BCC72\LIB\CW32.LIB|mbsicmp ACBP=A9
 0001:00100DAC 00000054 C=CODE    S=_TEXT    G=(none)   M=D:\DEVEL\BCC72\LIB\CW32.LIB|mbsnbcpy ACBP=A9
 0001:00100E00 000000BF C=CODE    S=_TEXT    G=(none)   M=D:\DEVEL\BCC72\LIB\CW32.LIB|mbsnbicm ACBP=A9
 0001:00100EC0 00000058 C=CODE    S=_TEXT    G=(none)   M=D:\DEVEL\BCC72\LIB\CW32.LIB|mbsrchr ACBP=A9
 0001:00100F18 000000A6 C=CODE    S=_TEXT    G=(none)   M=D:\DEVEL\BCC72\LIB\CW32.LIB|assert ACBP=A9
 0001:00100FC0 000000BA C=CODE    S=_TEXT    G=(none)   M=D:\DEVEL\BCC72\LIB\CW32.LIB|ermsghlp ACBP=A9
 0001:0010107C 00000006 C=CODE    S=_TEXT    G=(none)   M=D:\DEVEL\BCC72\LIB\CW32.LIB|errno ACBP=A9
 0001:00101084 0000019F C=CODE    S=_TEXT    G=(none)   M=D:\DEVEL\BCC72\LIB\CW32.LIB|errormsg ACBP=A9
 0001:00101224 00000089 C=CODE    S=_TEXT    G=(none)   M=D:\DEVEL\BCC72\LIB\CW32.LIB|platform ACBP=A9
 0001:001012B0 00000236 C=CODE    S=_TEXT    G=(none)   M=D:\DEVEL\BCC72\LIB\CW32.LIB|qsort ACBP=A9
 0001:001014E8 00000348 C=CODE    S=_TEXT    G=(none)   M=D:\DEVEL\BCC72\LIB\CW32.LIB|debug_wrapper ACBP=A9
 0001:0010182C 000000A6 C=CODE    S=_TEXT    G=(none)   M=D:\DEVEL\BCC72\LIB\CW32.LIB|abort ACBP=A9
 0001:001018D4 0000011E C=CODE    S=_TEXT    G=(none)   M=D:\DEVEL\BCC72\LIB\CW32.LIB|__atexit ACBP=A9
 0001:001019F4 00000047 C=CODE    S=_TEXT    G=(none)   M=D:\DEVEL\BCC72\LIB\CW32.LIB|__exit ACBP=A9
 0001:00101A3C 00000065 C=CODE    S=_TEXT    G=(none)   M=D:\DEVEL\BCC72\LIB\CW32.LIB|exit ACBP=A9
 0001:00101AA4 00000067 C=CODE    S=_TEXT    G=(none)   M=D:\DEVEL\BCC72\LIB\CW32.LIB|getenv ACBP=A9
 0001:00101B0C 0000001A C=CODE    S=_TEXT    G=(none)   M=D:\DEVEL\BCC72\LIB\CW32.LIB|initwild ACBP=A9
 0001:00101B28 00000011 C=CODE    S=_TEXT    G=(none)   M=D:\DEVEL\BCC72\LIB\CW32.LIB|exparg ACBP=A9
 0001:00101B3C 00000011 C=CODE    S=_TEXT    G=(none)   M=D:\DEVEL\BCC72\LIB\CW32.LIB|wexparg ACBP=A9
 0001:00101B50 00000027 C=CODE    S=_TEXT    G=(none)   M=D:\DEVEL\BCC72\LIB\CW32.LIB|initargv ACBP=A9
 0001:00101B78 0000016C C=CODE    S=_TEXT    G=(none)   M=D:\DEVEL\BCC72\LIB\CW32.LIB|setargv ACBP=A9
 0001:00101CE4 00000224 C=CODE    S=_TEXT    G=(none)   M=D:\DEVEL\BCC72\LIB\CW32.LIB|hsargv ACBP=A9
 0001:00101F08 0000026D C=CODE    S=_TEXT    G=(none)   M=D:\DEVEL\BCC72\LIB\CW32.LIB|whsargv ACBP=A9
 0001:00102178 0000002D C=CODE    S=_TEXT    G=(none)   M=D:\DEVEL\BCC72\LIB\CW32.LIB|srchenv ACBP=A9
 0001:001021A8 000000F5 C=CODE    S=_TEXT    G=(none)   M=D:\DEVEL\BCC72\LIB\CW32.LIB|srchstr ACBP=A9
 0001:001022A0 00000045 C=CODE    S=_TEXT    G=(none)   M=D:\DEVEL\BCC72\LIB\CW32.LIB|setargv0 ACBP=A9
 0001:001022E8 00000663 C=CODE    S=_TEXT    G=(none)   M=D:\DEVEL\BCC72\LIB\CW32.LIB|loadprog ACBP=A9
 0001:0010294C 000001A0 C=CODE    S=_TEXT    G=(none)   M=D:\DEVEL\BCC72\LIB\CW32.LIB|setenvp ACBP=A9
 0001:00102AEC 000000E7 C=CODE    S=_TEXT    G=(none)   M=D:\DEVEL\BCC72\LIB\CW32.LIB|system ACBP=A9
 0001:00102BD4 000002FA C=CODE    S=_TEXT    G=(none)   M=D:\DEVEL\BCC72\LIB\CW32.LIB|signal ACBP=A9
 0001:00102ED0 00000122 C=CODE    S=_TEXT    G=(none)   M=D:\DEVEL\BCC72\LIB\CW32.LIB|initexit ACBP=A9
 0001:00102FF4 0000016C C=CODE    S=_TEXT    G=(none)   M=D:\DEVEL\BCC72\LIB\CW32.LIB|startup ACBP=A9
 0001:00103160 0000004F C=CODE    S=_TEXT    G=(none)   M=D:\DEVEL\BCC72\LIB\CW32.LIB|tlsstat ACBP=A9
 0001:001031B0 00000369 C=CODE    S=_TEXT    G=(none)   M=D:\DEVEL\BCC72\LIB\CW32.LIB|timefunc ACBP=A9
 0001:0010351C 00000006 C=CODE    S=_TEXT    G=(none)   M=D:\DEVEL\BCC72\LIB\CW32.LIB|tzdata ACBP=A9
 0001:00103524 000001EE C=CODE    S=_TEXT    G=(none)   M=D:\DEVEL\BCC72\LIB\CW32.LIB|tzset ACBP=A9
 0001:00103714 00000008 C=CODE    S=_TEXT    G=(none)   M=D:\DEVEL\BCC72\LIB\CW32.LIB|_tzset ACBP=A9
 0001:0010371C 0000004E C=CODE    S=_TEXT    G=(none)   M=D:\DEVEL\BCC72\LIB\CW32.LIB|time ACBP=A9
 0001:0010376C 00000070 C=CODE    S=_TEXT    G=(none)   M=D:\DEVEL\BCC72\LIB\CW32.LIB|xxa ACBP=A9
 0001:001037DC 000008B9 C=CODE    S=_TEXT    G=(none)   M=D:\DEVEL\BCC72\LIB\CW32.LIB|xxtype ACBP=A9
 0001:0010405F 0000005A C=CODE    S=_TEXT    G=(none)   M=D:\DEVEL\BCC72\LIB\CW32.LIB|xxut ACBP=A9
 0001:00104088 00000147 C=CODE    S=_TEXT    G=(none)   M=D:\DEVEL\BCC72\LIB\CW32.LIB|xxv ACBP=A9
 0001:001041D0 0000000A C=CODE    S=_TEXT    G=(none)   M=D:\DEVEL\BCC72\LIB\CW32.LIB|defhandl ACBP=A9
 0001:001041DC 00000195 C=CODE    S=_TEXT    G=(none)   M=D:\DEVEL\BCC72\LIB\CW32.LIB|except ACBP=A9
 0001:00104374 00000046 C=CODE    S=_TEXT    G=(none)   M=D:\DEVEL\BCC72\LIB\CW32.LIB|setexc ACBP=A9
 0001:001043BC 00000031 C=CODE    S=_TEXT    G=(none)   M=D:\DEVEL\BCC72\LIB\CW32.LIB|ta ACBP=A9
 0001:001043F0 00001DAC C=CODE    S=_TEXT    G=(none)   M=D:\DEVEL\BCC72\LIB\CW32.LIB|xx ACBP=A9
 0002:00000000 000000C8 C=DATA    S=_DATA    G=DGROUP   M=D:\DEVEL\BCC72\LIB\C0W32.OBJ ACBP=A9
 0002:000000C8 00009908 C=DATA    S=_DATA    G=DGROUP   M=D:\DEVEL\HWGUI\UTILS\DESIGNER\OBJ\DESIGNER.OBJ ACBP=A9
 0002:000099D0 00003310 C=DATA    S=_DATA    G=DGROUP   M=D:\DEVEL\HWGUI\UTILS\DESIGNER\OBJ\EDITOR.OBJ ACBP=A9
 0002:0000CCE0 00004AFC C=DATA    S=_DATA    G=DGROUP   M=D:\DEVEL\HWGUI\UTILS\DESIGNER\OBJ\HCTRL.OBJ ACBP=A9
 0002:000117DC 00007234 C=DATA    S=_DATA    G=DGROUP   M=D:\DEVEL\HWGUI\UTILS\DESIGNER\OBJ\HFORMGEN.OBJ ACBP=A9
 0002:00018A10 000039F8 C=DATA    S=_DATA    G=DGROUP   M=D:\DEVEL\HWGUI\UTILS\DESIGNER\OBJ\INSPECT.OBJ ACBP=A9
 0002:0001C408 00000010 C=DATA    S=_DATA    G=DGROUP   M=D:\DEVEL\HWGUI\LIB\HWGUI_XHB72.LIB|animat ACBP=A9
 0002:0001C418 00000044 C=DATA    S=_DATA    G=DGROUP   M=D:\DEVEL\HWGUI\LIB\HWGUI_XHB72.LIB|commond ACBP=A9
 0002:0001C45C 00000494 C=DATA    S=_DATA    G=DGROUP   M=D:\DEVEL\HWGUI\LIB\HWGUI_XHB72.LIB|control ACBP=A9
 0002:0001C8F0 000000E8 C=DATA    S=_DATA    G=DGROUP   M=D:\DEVEL\HWGUI\LIB\HWGUI_XHB72.LIB|dialog ACBP=A9
 0002:0001C9D8 00000024 C=DATA    S=_DATA    G=DGROUP   M=D:\DEVEL\HWGUI\LIB\HWGUI_XHB72.LIB|draw ACBP=A9
 0002:0001C9FC 00002400 C=DATA    S=_DATA    G=DGROUP   M=D:\DEVEL\HWGUI\LIB\HWGUI_XHB72.LIB|drawwidg ACBP=A9
 0002:0001EDFC 000008A8 C=DATA    S=_DATA    G=DGROUP   M=D:\DEVEL\HWGUI\LIB\HWGUI_XHB72.LIB|errorsys ACBP=A9
 0002:0001F6A4 00000310 C=DATA    S=_DATA    G=DGROUP   M=D:\DEVEL\HWGUI\LIB\HWGUI_XHB72.LIB|grid ACBP=A9
 0002:0001F9B4 0000224C C=DATA    S=_DATA    G=DGROUP   M=D:\DEVEL\HWGUI\LIB\HWGUI_XHB72.LIB|guimain ACBP=A9
 0002:00021C00 00000B80 C=DATA    S=_DATA    G=DGROUP   M=D:\DEVEL\HWGUI\LIB\HWGUI_XHB72.LIB|hanimat ACBP=A9
 0002:00022780 00010B6C C=DATA    S=_DATA    G=DGROUP   M=D:\DEVEL\HWGUI\LIB\HWGUI_XHB72.LIB|hbrowse ACBP=A9
 0002:000332EC 00001868 C=DATA    S=_DATA    G=DGROUP   M=D:\DEVEL\HWGUI\LIB\HWGUI_XHB72.LIB|hcheck ACBP=A9
 0002:00034B54 00004968 C=DATA    S=_DATA    G=DGROUP   M=D:\DEVEL\HWGUI\LIB\HWGUI_XHB72.LIB|hcombo ACBP=A9
 0002:000394BC 00009B00 C=DATA    S=_DATA    G=DGROUP   M=D:\DEVEL\HWGUI\LIB\HWGUI_XHB72.LIB|hcontrol ACBP=A9
 0002:00042FBC 00004A44 C=DATA    S=_DATA    G=DGROUP   M=D:\DEVEL\HWGUI\LIB\HWGUI_XHB72.LIB|hcwindow ACBP=A9
 0002:00047A00 00001A7C C=DATA    S=_DATA    G=DGROUP   M=D:\DEVEL\HWGUI\LIB\HWGUI_XHB72.LIB|hdatepic ACBP=A9
 0002:0004947C 0000171C C=DATA    S=_DATA    G=DGROUP   M=D:\DEVEL\HWGUI\LIB\HWGUI_XHB72.LIB|hdc ACBP=A9
 0002:0004AB98 00004258 C=DATA    S=_DATA    G=DGROUP   M=D:\DEVEL\HWGUI\LIB\HWGUI_XHB72.LIB|hdialog ACBP=A9
 0002:0004EDF0 00006E98 C=DATA    S=_DATA    G=DGROUP   M=D:\DEVEL\HWGUI\LIB\HWGUI_XHB72.LIB|hedit ACBP=A9
 0002:00055C88 00008A98 C=DATA    S=_DATA    G=DGROUP   M=D:\DEVEL\HWGUI\LIB\HWGUI_XHB72.LIB|hfrmtmpl ACBP=A9
 0002:0005E720 000015B0 C=DATA    S=_DATA    G=DGROUP   M=D:\DEVEL\HWGUI\LIB\HWGUI_XHB72.LIB|hgrid ACBP=A9
 0002:0005FCD0 00001CA0 C=DATA    S=_DATA    G=DGROUP   M=D:\DEVEL\HWGUI\LIB\HWGUI_XHB72.LIB|hgridex ACBP=A9
 0002:00061970 00002260 C=DATA    S=_DATA    G=DGROUP   M=D:\DEVEL\HWGUI\LIB\HWGUI_XHB72.LIB|hhyper ACBP=A9
 0002:00063BD0 000019C4 C=DATA    S=_DATA    G=DGROUP   M=D:\DEVEL\HWGUI\LIB\HWGUI_XHB72.LIB|hlistbox ACBP=A9
 0002:00065594 00000BEC C=DATA    S=_DATA    G=DGROUP   M=D:\DEVEL\HWGUI\LIB\HWGUI_XHB72.LIB|hmonthc ACBP=A9
 0002:00066180 00001620 C=DATA    S=_DATA    G=DGROUP   M=D:\DEVEL\HWGUI\LIB\HWGUI_XHB72.LIB|hnice ACBP=A9
 0002:000677A0 00002A9C C=DATA    S=_DATA    G=DGROUP   M=D:\DEVEL\HWGUI\LIB\HWGUI_XHB72.LIB|hownbtn ACBP=A9
 0002:0006A23C 00001B74 C=DATA    S=_DATA    G=DGROUP   M=D:\DEVEL\HWGUI\LIB\HWGUI_XHB72.LIB|hpanel ACBP=A9
 0002:0006BDB0 00003F84 C=DATA    S=_DATA    G=DGROUP   M=D:\DEVEL\HWGUI\LIB\HWGUI_XHB72.LIB|hprinter ACBP=A9
 0002:0006FD34 00001238 C=DATA    S=_DATA    G=DGROUP   M=D:\DEVEL\HWGUI\LIB\HWGUI_XHB72.LIB|hprogres ACBP=A9
 0002:00070F6C 00002554 C=DATA    S=_DATA    G=DGROUP   M=D:\DEVEL\HWGUI\LIB\HWGUI_XHB72.LIB|hradio ACBP=A9
 0002:000734C0 00001A70 C=DATA    S=_DATA    G=DGROUP   M=D:\DEVEL\HWGUI\LIB\HWGUI_XHB72.LIB|hriched ACBP=A9
 0002:00074F30 0000183C C=DATA    S=_DATA    G=DGROUP   M=D:\DEVEL\HWGUI\LIB\HWGUI_XHB72.LIB|hsayimg ACBP=A9
 0002:0007676C 0000067C C=DATA    S=_DATA    G=DGROUP   M=D:\DEVEL\HWGUI\LIB\HWGUI_XHB72.LIB|hshbtn ACBP=A9
 0002:00076DE8 000013E0 C=DATA    S=_DATA    G=DGROUP   M=D:\DEVEL\HWGUI\LIB\HWGUI_XHB72.LIB|hsplit ACBP=A9
 0002:000781C8 000053C8 C=DATA    S=_DATA    G=DGROUP   M=D:\DEVEL\HWGUI\LIB\HWGUI_XHB72.LIB|htab ACBP=A9
 0002:0007D590 00000B34 C=DATA    S=_DATA    G=DGROUP   M=D:\DEVEL\HWGUI\LIB\HWGUI_XHB72.LIB|htimer ACBP=A9
 0002:0007E0C4 0000308C C=DATA    S=_DATA    G=DGROUP   M=D:\DEVEL\HWGUI\LIB\HWGUI_XHB72.LIB|htool ACBP=A9
 0002:00081150 00000D5C C=DATA    S=_DATA    G=DGROUP   M=D:\DEVEL\HWGUI\LIB\HWGUI_XHB72.LIB|htrackbr ACBP=A9
 0002:00081EAC 00003300 C=DATA    S=_DATA    G=DGROUP   M=D:\DEVEL\HWGUI\LIB\HWGUI_XHB72.LIB|htree ACBP=A9
 0002:000851AC 00002488 C=DATA    S=_DATA    G=DGROUP   M=D:\DEVEL\HWGUI\LIB\HWGUI_XHB72.LIB|hupdown ACBP=A9
 0002:00087634 00005E38 C=DATA    S=_DATA    G=DGROUP   M=D:\DEVEL\HWGUI\LIB\HWGUI_XHB72.LIB|hwindow ACBP=A9
 0002:0008D46C 00001EE4 C=DATA    S=_DATA    G=DGROUP   M=D:\DEVEL\HWGUI\LIB\HWGUI_XHB72.LIB|hwinprn ACBP=A9
 0002:0008F350 0000000C C=DATA    S=_DATA    G=DGROUP   M=D:\DEVEL\HWGUI\LIB\HWGUI_XHB72.LIB|listbox ACBP=A9
 0002:0008F35C 000013A0 C=DATA    S=_DATA    G=DGROUP   M=D:\DEVEL\HWGUI\LIB\HWGUI_XHB72.LIB|menu ACBP=A9
 0002:000906FC 00000060 C=DATA    S=_DATA    G=DGROUP   M=D:\DEVEL\HWGUI\LIB\HWGUI_XHB72.LIB|menu_c ACBP=A9
 0002:0009075C 00000038 C=DATA    S=_DATA    G=DGROUP   M=D:\DEVEL\HWGUI\LIB\HWGUI_XHB72.LIB|message ACBP=A9
 0002:00090794 000003DC C=DATA    S=_DATA    G=DGROUP   M=D:\DEVEL\HWGUI\LIB\HWGUI_XHB72.LIB|misc ACBP=A9
 0002:00090B70 00000060 C=DATA    S=_DATA    G=DGROUP   M=D:\DEVEL\HWGUI\LIB\HWGUI_XHB72.LIB|nice ACBP=A9
 0002:00090BD0 00002254 C=DATA    S=_DATA    G=DGROUP   M=D:\DEVEL\HWGUI\LIB\HWGUI_XHB72.LIB|printdos ACBP=A9
 0002:00092E24 00000034 C=DATA    S=_DATA    G=DGROUP   M=D:\DEVEL\HWGUI\LIB\HWGUI_XHB72.LIB|richedit ACBP=A9
 0002:00092E58 00000004 C=DATA    S=_DATA    G=DGROUP   M=D:\DEVEL\HWGUI\LIB\HWGUI_XHB72.LIB|shellapi ACBP=A9
 0002:00092E5C 00000394 C=DATA    S=_DATA    G=DGROUP   M=D:\DEVEL\HWGUI\LIB\HWGUI_XHB72.LIB|theme ACBP=A9
 0002:000931F0 00000104 C=DATA    S=_DATA    G=DGROUP   M=D:\DEVEL\HWGUI\LIB\HWGUI_XHB72.LIB|window ACBP=A9
 0002:000932F4 00000100 C=DATA    S=_DATA    G=DGROUP   M=D:\DEVEL\HWGUI\LIB\HWGUI_XHB72.LIB|wprint ACBP=A9
 0002:000933F4 00000680 C=DATA    S=_DATA    G=DGROUP   M=D:\DEVEL\HWGUI\LIB\HWGUI_XHB72.LIB|procs7 ACBP=A9
 0002:00093A74 00001980 C=DATA    S=_DATA    G=DGROUP   M=D:\DEVEL\HWGUI\LIB\HWGUI_XHB72.LIB|procscri ACBP=A9
 0002:000953F4 00001508 C=DATA    S=_DATA    G=DGROUP   M=D:\DEVEL\HWGUI\LIB\HWGUI_XHB72.LIB|scrdebug ACBP=A9
 0002:000968FC 000011C8 C=DATA    S=_DATA    G=DGROUP   M=D:\DEVEL\HWGUI\LIB\HWGUI_XHB72.LIB|hxmldoc ACBP=A9
 0002:00097AC4 000000B8 C=DATA    S=_DATA    G=DGROUP   M=D:\DEVEL\HWGUI\LIB\HWGUI_XHB72.LIB|xmlparse ACBP=A9
 0002:00097B7C 00001FE4 C=DATA    S=_DATA    G=DGROUP   M=D:\DEVEL\HWGUI\LIB\HWGUI_XHB72.LIB|syg_hmsg ACBP=A9
 0002:00099B60 0000C470 C=DATA    S=_DATA    G=DGROUP   M=D:\DEVEL\HWGUI\LIB\HWGUI_XHB72.LIB|syg_hwgui ACBP=A9
 0002:000A5FD0 00001174 C=DATA    S=_DATA    G=DGROUP   M=D:\DEVEL\XHARBOUR_BCC7\CONTRIB\SYGECOM.LIB|w32ole ACBP=A9
 0002:000A7144 00000068 C=DATA    S=_DATA    G=DGROUP   M=D:\DEVEL\XHARBOUR_BCC7\LIB\HBZIP.LIB|ziparchive ACBP=A9
 0002:000A71A8 00003060 C=DATA    S=_DATA    G=DGROUP   M=D:\DEVEL\XHARBOUR_BCC7\LIB\TIPSSL.LIB|client ACBP=A9
 0002:000AA208 00002A00 C=DATA    S=_DATA    G=DGROUP   M=D:\DEVEL\XHARBOUR_BCC7\LIB\TIPSSL.LIB|httpcln ACBP=A9
 0002:000ACC08 0000080C C=DATA    S=_DATA    G=DGROUP   M=D:\DEVEL\XHARBOUR_BCC7\LIB\TIPSSL.LIB|inetssl ACBP=A9
 0002:000AD414 00000041 C=DATA    S=_DATA    G=DGROUP   M=D:\DEVEL\XHARBOUR_BCC7\LIB\TIP.LIB|base64x ACBP=A9
 0002:000AD458 00000040 C=DATA    S=_DATA    G=DGROUP   M=D:\DEVEL\XHARBOUR_BCC7\LIB\TIP.LIB|base64 ACBP=A9
 0002:000AD498 000003D8 C=DATA    S=_DATA    G=DGROUP   M=D:\DEVEL\XHARBOUR_BCC7\LIB\TIP.LIB|encb64 ACBP=A9
 0002:000AD870 0000052C C=DATA    S=_DATA    G=DGROUP   M=D:\DEVEL\XHARBOUR_BCC7\LIB\TIP.LIB|encoder ACBP=A9
 0002:000ADD9C 00000380 C=DATA    S=_DATA    G=DGROUP   M=D:\DEVEL\XHARBOUR_BCC7\LIB\TIP.LIB|encqp ACBP=A9
 0002:000AE11C 0000036C C=DATA    S=_DATA    G=DGROUP   M=D:\DEVEL\XHARBOUR_BCC7\LIB\TIP.LIB|encurl ACBP=A9
 0002:000AE488 00000D74 C=DATA    S=_DATA    G=DGROUP   M=D:\DEVEL\XHARBOUR_BCC7\LIB\TIP.LIB|url ACBP=A9
 0002:000AF1FC 00000094 C=DATA    S=_DATA    G=DGROUP   M=D:\DEVEL\XHARBOUR_BCC7\LIB\CODEPAGE.LIB|cpbg866 ACBP=A9
 0002:000AF290 00000098 C=DATA    S=_DATA    G=DGROUP   M=D:\DEVEL\XHARBOUR_BCC7\LIB\CODEPAGE.LIB|cpbgiso ACBP=A9
 0002:000AF328 00000094 C=DATA    S=_DATA    G=DGROUP   M=D:\DEVEL\XHARBOUR_BCC7\LIB\CODEPAGE.LIB|cpbgmik ACBP=A9
 0002:000AF3BC 00000094 C=DATA    S=_DATA    G=DGROUP   M=D:\DEVEL\XHARBOUR_BCC7\LIB\CODEPAGE.LIB|cpbgwin ACBP=A9
 0002:000AF450 000000D4 C=DATA    S=_DATA    G=DGROUP   M=D:\DEVEL\XHARBOUR_BCC7\LIB\CODEPAGE.LIB|cpcs852 ACBP=A9
 0002:000AF524 000000D8 C=DATA    S=_DATA    G=DGROUP   M=D:\DEVEL\XHARBOUR_BCC7\LIB\CODEPAGE.LIB|cpcsiso ACBP=A9
 0002:000AF5FC 000000D8 C=DATA    S=_DATA    G=DGROUP   M=D:\DEVEL\XHARBOUR_BCC7\LIB\CODEPAGE.LIB|cpcskam ACBP=A9
 0002:000AF6D4 000000D4 C=DATA    S=_DATA    G=DGROUP   M=D:\DEVEL\XHARBOUR_BCC7\LIB\CODEPAGE.LIB|cpcswin ACBP=A9
 0002:000AF7A8 00000090 C=DATA    S=_DATA    G=DGROUP   M=D:\DEVEL\XHARBOUR_BCC7\LIB\CODEPAGE.LIB|cpde850 ACBP=A9
[...]
 0002:000B4DFA  _hb_cls_uiNumericClass
 0002:000B4DFC  _hb_cls_uiPointerClass
 0002:000B4DFE  _hb_cls_uiHashClass
 0002:000B5388  D750_1
 0002:000B53BC  D752_1
 0002:000B53EC  D754_1
 0002:000B53F0  D758_1
 0002:000B540C  D760_1
 0002:000B540C  _hb_errFuncName
 0002:000B560C  D762_1
 0002:000B560C  _hb_stack_ptr
 0002:000B5610  _hb_stack_ready
 0002:000B578C  D764_1
 0002:000B57A8  D766_1
 0002:000B57B0  D768_1
 0002:000B57B4  D770_1
 0002:000B582C  D772_1
 0002:000B5874  D774_1
 0002:000B5B9C  D776_1
 0002:000B5BA8  _hb_symEval
 0002:000B5BD4  _pHVMFuncService
 0002:000B5BD8  _hb_vm_bQuitRequest
 0002:000B5BDC  _hb_vm_sNull
 0002:000B5BE0  _hb_vm_iTry
 0002:000B5BE4  _hb_vm_BreakBlock
 0002:000B64E4  D780_1
 0002:000B6518  D782_1
 0002:000B65DC  D784_1
 0002:000B65DC  _hb_comp_bShortCuts
 0002:000B6608  D786_1
 0002:000B6734  D790_1
 0002:000B6790  D794_1
 0002:000B6834  D798_1
 0002:000B6850  D800_1
 0002:000B685C  _hb_hInstance
 0002:000B6860  _hb_hPrevInstance
 0002:000B6864  _hb_iCmdShow
 0002:000B6868  _s_WinMainParam
 0002:000B6970  D804_1
 0002:000B6A50  D806_1
 0002:000B6D20  D810_1
 0002:000B7280  D814_1
 0002:000B7360  D816_1
 0002:000B7368  D818_1
 0002:000B77A0  D820_1
 0002:000B77E4  D826_1
 0002:000B77F4  D832_1
 0002:000B77FC  D834_1
 0002:000B7800  D836_1
 0002:000B7904  D838_1
 0002:000B790C  D840_1
 0002:000B7918  D846_1
 0002:000B7924  D848_1
 0002:000B7B24  _hb_uniTbl_437
 0002:000B7DBC  _hb_cdp_page
 0002:000B7DD4  D850_1
 0002:000B7DDC  D854_1
 0002:000B7DE0  D856_1
 0002:000B7E20  D858_1
 0002:000B7E70  D860_1
 0002:000B7E80  D862_1
 0002:000B7EDC  D868_1
 0002:000B7EE0  D870_1
 0002:000B7EF4  D872_1
 0002:000B7F6C  D874_1
 0002:000B7F90  D876_1
 0002:000B7FB4  D878_1
 0002:000B8100  D882_1
 0002:000B8104  D884_1
 0002:000B8150  D892_1
 0002:000B8168  D896_1
 0002:000B816C  D900_1
 0002:000B8170  D904_1
 0002:000B8174  D906_1
 0002:000B8178  D910_1
 0002:000B8194  D918_1
 0002:000B81C4  D930_1
 0002:000B81C8  D932_1
 0002:000B8228  D942_1
 0002:000B8588  D950_1
 0002:000B85A8  D954_1
 0002:000B8774  _hb_gt_szNameDefault
 0002:000B883C  D956_1
 0002:000B8860  D968_1
 0002:000B8864  D974_1
 0002:000B8868  D978_1
 0002:000B887C  _hb_vm_bCollectGarbage
 0002:000B8880  D980_1
 0002:000B888C  D988_1
 0002:000B88EC  D990_1
 0002:000B88F4  D992_1
 0002:000B88F8  D996_1
 0002:000B8A4C  D1002_1
 0002:000B8A54  D1006_1
 0002:000B8A58  D1016_1
 0002:000B8A90  D1020_1
 0002:000B8A94  D1022_1
 0002:000B8AA0  D1028_1
 0002:000B8AA4  D1030_1
 0002:000B8AA8  D1032_1
 0002:000B8AAC  D1034_1
 0002:000B8B90  D1038_1
 0002:000B8BA8  D1044_1
 0002:000B8BB4  D1046_1
 0002:000B8BBC  D1048_1
 0002:000B8BC8  D1058_1
 0002:000B8BD0  D1066_1
 0002:000B8CA4  D1068_1
 0002:000B8CA8  D1080_1
 0002:000B8CC4  D1082_1
 0002:000B8CCC  D1084_1
 0002:000B8CD0  D1086_1
 0002:000B8CD4  D1090_1
 0002:000B8CE0  D1092_1
 0002:000B8CE4  D1098_1
 0002:000B8CF4  D1100_1
 0002:000B8D00  D1102_1
 0002:000B8D0C  D1104_1
 0002:000B8D10  D1106_1
 0002:000B8D18  D1110_1
 0002:000B8DD8  D1112_1
 0002:000B8E08  D1114_1
 0002:000B8F78  D1116_1
 0002:000B8F88  D1118_1
 0002:000B8F94  D1120_1
 0002:000B8F9C  D1126_1
 0002:000B8FA8  D1128_1
 0002:000B8FC8  D1130_1
 0002:000B8FD0  D1132_1
 0002:000B8FD8  D1134_1
 0002:000B8FDC  D1136_1
 0002:000BAF0C  D1138_1
 0002:000BB160  D1140_1
 0002:000BB624  D1144_1
 0002:000BB76C  D1148_1
 0002:000BCE40  D1150_1
 0002:000BDD00  D1152_1
 0002:000BDE80  D1154_1
 0002:000BE52C  D1156_1
 0002:000BFBB8  D1160_1
 0002:000C179C  D1164_1
 0002:000C18AC  D1166_1
 0002:000C1CE0  D1168_1
 0002:000C1D18  D1170_1
 0002:000C2C14  D1175_1
 0002:000C52E4  D1177_1
 0002:000C5448  D1179_1
 0002:000C5554  D1181_1
 0002:000C634C  D1191_1
 0002:000C63C8  D1192_1
 0002:000C9BA8  D1194_1
 0002:000CB224  D1196_1
 0002:000CB300  D1198_1
 0002:000CBB68  D1200_1
 0002:000CC740  D1202_1
 0002:000CD758  D1206_1
 0002:000CE414  D1210_1
 0002:000CF6BC  D1212_1
 0002:000D0740  D1214_1
 0002:000D2048  D1216_1
 0002:000D214C  D1218_1
 0002:000D2220  D1220_1
 0002:000D271C  D1222_1
 0002:000D3E04  D1226_1
 0002:000D3E58  D1228_1
 0002:000D43B0  D1232_1
 0002:000D5654  D1234_1
 0002:000DFA2C  D1236_1
 0002:000E11A8  D1238_1
 0002:000E8234  D1240_1
 0002:000E8334  D1242_1
 0002:000EEB08  D1244_1
 0002:000EEE88  D1246_1
 0002:000F2A18  D1248_1
 0002:000F3C58  D1250_1
 0002:000F433C  D1252_1
 0002:000F4F10  D1254_1
 0002:000F6B80  D1256_1
 0002:000F7014  D1258_1
 0002:000F9880  D1264_1
 0002:000FB000  D1268_1
 0002:000FB364  D1270_1
 0002:000FDBB4  D1274_1
 0002:000FE1B4  D1276_1
 0002:000FE320  D1278_1
 0002:0010010C  D1282_1
 0002:001003E8  D1286_1
 0002:00100B00  D1287_1
 0002:00100E7C  D1319_1
 0002:00102F80  D1321_1
 0002:00102FC0  D1323_1
 0002:00102FC0  _hb_comp_ExprTable
 0002:00103130  D1327_1
 0002:0010316C  _yytext
 0002:00103E48  D1329_1
 0002:00126F68  D1331_1
 0002:00127BF0  D1333_1
 0002:00127C08  D1337_1
 0002:00127CA0  D1343_1
 0002:00127CA8  D1345_1
 0002:00127CE8  _hb_szAscii
 0002:00127CE8  D1351_1
 0002:0012837C  D1353_1
 0002:001283A8  D1355_1
 0002:001283A8  _hb_tr_file_
 0002:001283AC  _hb_tr_line_
 0002:001283B0  _hb_tr_level_
 0002:00128468  D1357_1
 0002:00129580  D1359_1
 0002:0012973C  D1363_1
 0002:00129998  D1365_1
 0002:00129A2C  D1391_1
 0002:0012A3CC  D1483_1
 0002:0012A3E4  D1501_1
 0002:0012A5C4  D1503_1
 0002:0012A5F8  D1505_1
 0002:0012A628  D1507_1
 0002:0012A8C8  D1513_1
 0002:0012AAF0  D1515_1
 0002:0012AD04  D1517_1
 0002:0012AE7C  D1523_1
 0002:0012B3C4  D1527_1
 0002:0012B478  D1529_1
 0002:0012BB9C  D1533_1
 0002:0012BFB8  D1537_1
 0002:0012C140  D1543_1
 0002:0012CF40  D1547_1
 0002:0012CFA0  D1549_1
 0002:0012D150  D1553_1
 0002:0012D434  D1557_1
 0002:0012D4A8  D1559_1
 0002:0012D948  D1563_1
 0002:0012E7F8  D1565_1
 0002:0012EA78  D1595_0
 0002:0012EA78  __pcre_default_tables
 0002:0012EEB8  D1597_1
 0002:0012FE10  D1603_1
 0002:0012FE1C  _pcre_malloc
 0002:0012FE1C  D1609_0
 0002:0012FE20  _pcre_free
 0002:0012FE24  _pcre_stack_malloc
 0002:0012FE28  _pcre_stack_free
 0002:0012FE2C  _pcre_callout
 0002:0012FE30  __pcre_hspace_list
 0002:0012FE30  D1621_0
 0002:0012FE80  __pcre_vspace_list
 0002:0012FEA0  __pcre_utf8_table1
 0002:0012FEB8  __pcre_utf8_table1_size
 0002:0012FEBC  __pcre_utf8_table2
 0002:0012FED4  __pcre_utf8_table3
 0002:0012FEEC  __pcre_ucp_gentype
 0002:0012FF64  __pcre_ucp_gbtable
 0002:0012FF98  __pcre_utt
 0002:00130300  __pcre_utt_size
 0002:00130304  __pcre_OP_lengths
 0002:001303A0  __pcre_utf8_table4
 0002:001303E0  __pcre_utt_names
 0002:001307F4  D1625_1
 0002:00130818  D1631_1
 0002:00130AEC  D1733_1
 0002:00130BF8  D1739_1
 0002:00130C20  D1797_1
 0002:00130C28  D1821_1
 0002:00130C48  D1823_1
 0002:001319D4  D1853_1
 0002:00131D1C  D1855_1
 0002:00131E90  D1907_1
 0002:00131EA0  D1913_1
 0002:00131EB0  D1921_1
 0002:00131EB8  D1925_1
 0002:00131EBC  __thrwl__ std::exception::~exception()
 0002:00131EC0  __ectbl__ std::exception::~exception()
 0002:00131ECC  D2116_1
 0002:00131FDC  D2128_1
 0002:00131FE0  __heap_redirector
 0002:00132000  D2142_0
 0002:00132000  __stkchk
 0002:00132004  D2162_1
 0002:00132004  __FastMM_IsMultiThread
 0002:00132005  __FastMM_ReportMemoryLeaksOnShutdown
 0002:00132006  __FastMM_NeverSleepOnMMThreadContention
 0002:00132038  __FastMM_MemoryManager
 0002:00132050  __FastMM_SmallBlockTypes
 0002:00132730  __FastMM_MediumBlocksLocked
 0002:001327B8  D2272_1
 0002:001327CC  D2432_1
 0002:001327D8  __cfinfo_get
 0002:001327D8  D2452_1
 0002:001327DC  D2484_1
 0002:001327DC  __notUmask
 0002:001327E0  __fileinfo
 0002:001327E0  D2504_0
 0002:001327E4  __streams
 0002:001327E4  D2562_0
 0002:00132C94  D2564_0
 0002:00132C94  __nfile
 0002:00132C98  __openfd
 0002:00132D60  D2572_0
 0002:00132D60  __fmode
 0002:00132D64  D2574_1
 0002:00132D64  __fmodeptr
 0002:00132D68  D2654_1
 0002:00132D68  __dosErrorToSV
 0002:00132E94  D2674_1
 0002:00132EA0  D2680_1
 0002:00132EA0  __sys_errlist
 0002:00132F68  __sys_nerr
 0002:00133334  D2712_1
 0002:001333B8  D2809_1
 0002:00133430  D2967_0
 0002:00133430  __chartype
 0002:00133634  D2969_1
 0002:00133634  __localeconvention
 0002:00133664  ___force
 0002:00133674  D2971_1
 0002:001336C4  D2973_0
 0002:001336C4  __lower
 0002:001337C4  D2977_0
 0002:001337C4  __upper
 0002:001338C4  D2993_1
 0002:001338C4  ___mb_cur_max
 0002:001338C8  ___localeLock
 0002:001339DC  D2995_0
 0002:001339DC  _CMonetary
 0002:00133A10  _CNumeric
 0002:00133A26  _CTimeDate
 0002:00133AE8  _CLOCALE
 0002:00133B14  ___locale
 0002:00133C38  D2997_1
 0002:00133CC4  D3127_1
 0002:00133CD4  _e0to7
 0002:00133CD4  D3133_1
 0002:00133D24  _e8
 0002:00133D30  _e16
 0002:00133D3A  _e32
 0002:00133D44  _e64
 0002:00133D4E  _e128
 0002:00133D58  _e256
 0002:00133D62  _e512
 0002:00133D6C  _e1024
 0002:00133D76  _e2048
 0002:00133D80  _e4096
 0002:00133D8A  _eINF
 0002:00133D94  D3170_1
 0002:00133DA0  D3188_1
 0002:00133DA0  __realcvtptr
 0002:00133DA4  __nextrealptr
 0002:00133DA8  __scantodptr
 0002:00133DAC  __scanrsltptr
 0002:00133E08  D3190_1
 0002:00133E08  __realcvtwptr
 0002:00133E0C  __nextrealwptr
 0002:00133E10  __scanwtodptr
 0002:00133E14  __scanwrsltptr
 0002:00133E70  __default87
 0002:00133E70  D3192_0
 0002:00133E74  D3198_1
 0002:00133E80  D3206_1
 0002:00133E94  D3208_1
 0002:00133EAC  __huge_flt
 0002:00133EAC  D3246_0
 0002:00133EB0  __huge_dble
 0002:00133EB8  __huge_ldble
 0002:00133EC2  __max_flt
 0002:00133EC6  __max_dble
 0002:00133ECE  __max_ldble
 0002:00133ED8  __indefinite
 0002:00133EDC  __tiny_ldble
 0002:00133EE8  ___ieee_64_p_inf
 0002:00133EF0  ___ieee_64_n_inf
 0002:00133EF8  ___ieee_64_p_nanq
 0002:00133F00  ___ieee_64_n_nanq
 0002:00133F08  ___ieee_64_p_nans
 0002:00133F10  ___ieee_64_n_nans
 0002:00133F18  ___ieee_64_p_zero
 0002:00133F20  ___ieee_64_n_zero
 0002:00133F28  D3256_0
 0002:00133F28  __turboFloat
 0002:00133F2C  __floatconvert
 0002:00133F30  D3274_1
 0002:00133F3C  __pmatherr
 0002:00133F3C  D3298_1
 0002:00133F40  __pmatherrl
 0002:00133F44  __mathwhy
 0002:00133F44  D3302_0
 0002:00133F88  D3312_1
 0002:00133FA4  D3324_1
 0002:00133FAC  D3326_1
 0002:00133FC0  D3328_1
 0002:00133FE8  D3335_1
 0002:00134010  D3337_1
 0002:00134038  D3339_1
 0002:00134044  D3347_1
 0002:00134054  D3405_1
 0002:00134054  __kalpha
 0002:00134056  __kpunct
 0002:0013409C  D3545_1
 0002:001340C0  D3563_1
 0002:001340E4  _errno
 0002:001340E4  D3565_1
 0002:001340E8  D3567_1
 0002:001340E8  __messagefunc
 0002:001340EC  __messagefile
 0002:001340F8  D3575_1
 0002:00134120  __ectbl__ _internal_dbk_fcall_wrapper()
 0002:00134138  D3598_1
 0002:00134174  D3636_1
 0002:00134174  __exitbuf
 0002:00134178  __exitfopen
 0002:0013417C  __exitopen
 0002:00134180  __setargv_ptr
 0002:00134180  D3660_0
 0002:00134184  __exitargv_ptr
 0002:00134188  __wsetargv_ptr
 0002:00134188  D3662_0
 0002:0013418C  __wexitargv_ptr
 0002:00134190  D3664_1
 0002:00134190  __setargv__
 0002:001341E4  D3666_1
 0002:001341E4  __cmdline_escapes
 0002:0013420C  D3668_1
 0002:00134230  D3704_1
 0002:00134234  D3712_1
 0002:00134238  __argv_expand_ptr
 0002:00134238  D3721_0
 0002:0013423C  D3723_0
 0002:0013423C  __wargv_expand_ptr
 0002:00134240  D3725_1
 0002:00134240  __argv0
 0002:00134260  D3729_1
 0002:00134260  __add_pid_ptr
 0002:00134290  D3737_1
 0002:00134290  __setenvp__
 0002:001342E4  D3743_1
 0002:00134300  D3751_1
 0002:00134360  D3765_0
 0002:00134360  __isWindows
 0002:00134364  D3766_1
 0002:00134368  __SWeekday
 0002:00134368  D3806_0
 0002:00134384  __LWeekday
 0002:001343A0  __SMonth
 0002:001343D0  __LMonth
 0002:00134400  __AmPm
 0002:00134408  __Days
 0002:00134414  __YDays
 0002:0013452C  __PREFER_END_STANDARD_TIME
 0002:0013452C  D3810_1
 0002:0013452D  __PREFER_START_DAYLIGHT_TIME
 0002:00134534  __timezone
 0002:00134534  D3812_1
 0002:00134538  __daylight
 0002:0013453C  __tzname
 0002:0013453C  D3814_1
 0002:00134550  ___xxPersonality
 0002:00134550  D3848_0
 0002:00134554  D3850_1
 0002:00134890  __thrwl__ std::bad_typeid::~bad_typeid()
 0002:00134894  __ectbl__ std::bad_typeid::~bad_typeid()
 0002:001348A0  @std@bad_typeid@3
 0002:001348B4  D3852_1
 0002:001348B4  ___terminatePTR
 0002:001348B8  ___unexpectdPTR
 0002:001348BC  ___CPPexceptionList
 0002:001348BC  D3854_1
 0002:001348C0  ___exceptFlags
 0002:001348C4  ___throwFileName
 0002:001348C8  ___throwLineNumber
 0002:001348CC  ___throwExceptionName
 0002:001348D0  ___exceptStaticBuffP
 0002:001348D4  ___exceptMemAllocVars
 0002:001348D8  ___ExceptStaticXbuff
 0002:00134958  __ExceptVarsSize
 0002:0013496C  __chtbl__ __call_terminate()
 0002:0013498C  __ectbl__ __call_terminate()
 0002:001349A4  D3860_1
 0002:001349B4  ___debuggerDisableTerminateCallback
 0002:001349B4  D3893_1
 0002:001352E8  __odtbl__ ___ExceptionHandler(_EXCEPTION_RECORD *, ERRbc *, _CONTEXT *, void *, unsigned long, unsigned long, unsigned long, unsigned long, unsigned long, unsigned long)
 0002:001352F8  __ectbl__ ___ExceptionHandler(_EXCEPTION_RECORD *, ERRbc *, _CONTEXT *, void *, unsigned long, unsigned long, unsigned long, unsigned long, unsigned long, unsigned long)
 0002:0013531C  __thrwl__ std::bad_exception::bad_exception()
 0002:00135320  __odtbl__ std::bad_exception::bad_exception()
 0002:00135330  __ectbl__ std::bad_exception::bad_exception()
 0002:00135348  __thrwl__ std::bad_exception::~bad_exception()
 0002:0013534C  __odtbl__ std::bad_exception::~bad_exception()
 0002:0013535C  __ectbl__ std::bad_exception::~bad_exception()
 0002:00135374  __ectbl__ std::bad_exception::bad_exception(std::bad_exception&)
 0002:00135380  @std@bad_exception@3
 0002:00135394  D4050_0
 0002:00135394  _GUID_NULL
 0002:001353A4  _IID_IEnumVARIANT
 0002:001353B4  _IID_IDispatch
 0002:001353C4  _IID_IPicture
 0002:001353D4  _IID_IClassFactory2
 0003:00000000  B2_2
 0003:00000018  B3_2
 0003:00000030  B4_2
 0003:00000048  B5_2
 0003:00000060  B6_2
 0003:00000078  B57_2
 0003:000000BC  B59_2
 0003:000000E4  B71_2
 0003:000000FC  B73_2
 0003:00000114  B81_2
 0003:0000012C  B83_2
 0003:00000144  B85_2
 0003:0000015C  B87_2
 0003:00000174  B89_2
 0003:0000018C  B91_2
 0003:000001A4  B93_2
 0003:000001BC  B95_2
 0003:000001D4  B97_2
 0003:000001EC  B99_2
 0003:00000204  B101_2
 0003:0000021C  B107_2
 0003:00000234  B111_2
 0003:0000024C  B113_2
 0003:00000264  B115_2
 0003:0000027C  B119_2
 0003:00000294  B121_2
 0003:000002AC  B123_2
 0003:000002C4  B125_2
 0003:000002DC  B129_2
 0003:000002F4  B131_2
 0003:0000030C  B133_2
 0003:00000324  B135_2
 0003:0000033C  B141_2
 0003:00000354  B143_2
 0003:0000036C  B145_2
 0003:00000384  B149_2
 0003:0000039C  B151_2
 0003:000003B4  B153_2
 0003:000003CC  B155_2
 0003:000003E4  B157_2
 0003:000003FC  B159_2
 0003:00000414  B161_2
 0003:0000042C  B163_2
 0003:00000444  B165_2
 0003:0000045C  B171_2
 0003:00000474  B183_2
 0003:0000048C  B189_1
 0003:0000048C  _hModule
 0003:00000490  B191_2
 0003:00000494  B197_2
 0003:00000494  _m_hThemeDll
 0003:00000498  B203_2
 0003:0000049C  B215_2
 0003:000004B4  B217_2
 0003:000004CC  B221_2
 0003:000004E4  B223_2
 0003:000004FC  B225_2
 0003:00000508  B231_2
 0003:00000520  B235_2
 0003:00000538  _fnIsWow64Process
 0003:0000053C  B317_2
 0003:000005B8  B391_2
 0003:000005D0  B393_2
 0003:000005E8  B417_2
 0003:00000600  B419_2
 0003:00000618  B421_2
 0003:00000630  B423_2
 0003:00000648  B434_2
 0003:00000660  B760_2
 0003:00000664  _hb_stackST
 0003:00000664  B762_2
 0003:00001D48  B768_2
 0003:00001D60  B770_2
 0003:00001F50  B776_2
 0003:00001F88  B794_2
 0003:0000219C  B804_2
 0003:0000232C  B818_2
 0003:00002344  B820_2
 0003:0000235C  B832_2
 0003:0000265C  B856_2
 0003:00002660  B870_2
 0003:00002664  B872_2
 0003:0000267C  B878_2
 0003:0000268C  B884_2
 0003:0000270C  B892_2
 0003:00002924  B916_1
 0003:0000292C  B954_2
 0003:00002A38  B988_2
 0003:00002C38  B1072_1
 0003:00002C3C  B1134_2
 0003:00002C40  B1136_2
 0003:00002C58  B1138_2
 0003:00002C70  B1140_2
 0003:00002C88  B1144_2
 0003:00002CA0  B1148_2
 0003:00002CB8  B1150_2
 0003:00002CD0  B1152_2
 0003:00002CE8  B1154_2
 0003:00002D00  B1156_2
 0003:00002D18  B1160_2
 0003:00002D30  B1164_2
 0003:00002D48  B1166_2
 0003:00002D60  B1168_2
 0003:00002D78  B1170_2
 0003:00002D90  B1175_2
 0003:00002DA8  B1177_2
 0003:00002DC0  B1179_2
 0003:00002DD8  B1181_2
 0003:00002DF0  B1191_2
 0003:00002E08  B1192_2
 0003:00002E20  B1194_2
 0003:00002E38  B1196_2
 0003:00002E50  B1198_2
 0003:00002E68  B1200_2
 0003:00002E80  B1202_2
 0003:00002E98  B1206_2
 0003:00002EB0  B1210_2
 0003:00002EC8  B1212_2
 0003:00002EE0  B1214_2
 0003:00002EF8  B1216_2
 0003:00002F10  B1218_2
 0003:00002F28  B1220_2
 0003:00002F40  B1222_2
 0003:00002F58  B1226_2
 0003:00002F70  B1228_2
 0003:00002F88  B1232_2
 0003:00002FA0  B1234_2
 0003:00002FB8  B1236_2
 0003:00002FD0  B1238_2
 0003:00002FE8  B1240_2
 0003:00003000  B1242_2
 0003:00003018  B1244_2
 0003:00003030  B1246_2
 0003:00003048  B1248_2
 0003:00003060  B1250_2
 0003:00003078  B1252_2
 0003:00003090  B1254_2
 0003:000030A8  B1256_2
 0003:000030C0  B1258_2
 0003:000030D8  B1264_2
 0003:000030F0  B1268_2
 0003:00003108  B1270_2
 0003:00003120  B1274_2
 0003:00003138  B1276_2
 0003:00003150  B1278_2
 0003:00003168  B1282_2
 0003:000031B8  B1286_2
 0003:000031D0  B1287_2
 0003:000031E8  B1319_2
 0003:0000323C  B1327_2
 0003:00003304  _yyleng
 0003:00003310  _yyin
 0003:00007D1C  B1333_2
 0003:00007D20  B1337_2
 0003:00007D38  B1507_2
 0003:00007EE0  B1513_2
 0003:00008088  B1515_2
 0003:00008230  B1517_2
 0003:00008248  B1523_2
 0003:00008260  B1527_2
 0003:00008278  B1529_2
 0003:00008290  B1533_2
 0003:000082A8  B1537_2
 0003:000082C0  B1543_2
 0003:000082D8  B1547_2
 0003:000082F0  B1549_2
 0003:00008308  B1553_2
 0003:00008320  B1557_2
 0003:00008338  B1559_2
 0003:000084E4  B1563_2
 0003:0000868C  B1565_2
 0003:00008834  B1739_2
 0003:00008978  B1823_2
 0003:00008990  B1853_2
 0003:000089A8  B1855_2
 0003:000089C0  __bormm_pfn_FreeMem
 0003:000089C0  B2116_2
 0003:000089C4  __bormm_pfn_GetMem
 0003:000089C8  __bormm_pfn_AllocMem
 0003:000089CC  __bormm_pfn_ReallocMem
 0003:000089D0  __bormm_pfn_HeapAddRef
 0003:000089D4  __bormm_pfn_HeapRelease
 0003:000089DC  __borlndmm_GetMem
 0003:000089E0  B2162_2
 0003:000089F1  __FastMM_AllocSize2SmallBlockTypeIndX4
 0003:00008B38  __FastMM_LastSequentiallyFedMediumBlock
 0003:00008B3C  __FastMM_MediumSequentialFeedBytesLeft
 0003:00008B40  __FastMM_MediumBlockBinGroupBitmap
 0003:00008B44  __FastMM_MediumBlockBinBitmaps
 0003:00008BC4  __FastMM_MediumBlockBins
 0003:0000ABDC  B2272_2
 0003:0000AC80  __pidtab
 0003:0000AC80  B2564_1
 0003:0000AD48  __handles
 0003:0000AE10  __doserrno
 0003:0000AE10  B2654_2
 0003:0000AE14  B2658_1
 0003:0000AE18  B2674_2
 0003:0000AE18  __tmpnum
 0003:0000AE28  __mbctype
 0003:0000AE28  B3405_2
 0003:0000AF2C  __mbcsCodePage
 0003:0000AF30  B3545_2
 0003:0000B030  B3563_2
 0003:0000B04C  B3575_2
 0003:0000B04C  __ostype
 0003:0000B050  B3579_1
 0003:0000B058  B3594_2
 0003:0000B058  __dbk_fcall_wrapper_addr
 0003:0000B05C  B3600_1
 0003:0000F060  __argv
 0003:0000F060  B3664_2
 0003:0000F06C  B3666_2
 0003:0000F070  B3668_2
 0003:0000F074  B3737_2
 0003:0000F074  __environ
 0003:0000F07C  __envsize
 0003:0000F080  __env_lock
 0003:0000F084  __C0argc
 0003:0000F084  B3765_1
 0003:0000F088  __C0argv
 0003:0000F08C  __C0environ
 0003:0000F090  __oscmd
 0003:0000F094  __osenv
 0003:0000F098  __argc
 0003:0000F09C  __dll_table
 0003:0000F0A4  __ExcRegPtr
 0003:0000F0A8  __wosenv
 0003:0000F0AC  __woscmd
 0003:0000F0B0  __wC0argv
 0003:0000F0B4  __wC0environ
 0003:0000F0B8  __exe_table
 0003:0000F0C0  __stkbase
 0003:0000F0C4  B3814_2
 0003:0000F0CC  B3850_2
 0003:0000F4D4  B3854_2
 0003:0000F4D4  __DestructorCountPtr
 0003:0000F4DC  B3860_2
 0003:0000F4DC  __HandlerPtr
 0003:0000F4E0  __UserHandlerPtr
 0003:0000F4E4  B3893_2
 0003:0000F4E8  ___pCPPdebugHook
 0003:0000F4EC  _pVCL_add_EH
 0003:0000F4F0  _pVCL_clear_EH
 0003:0000F4F4  _getExceptionObject
 0003:0000F4F8  _raiseExceptObject
 0004:00000000  T3854_3
 0004:00000000  ___xxInfo
