
 Start Length Name Class
 0001:00401000 00017325CH _TEXT                  CODE
 0002:00575000 00010D194H _DATA                  DATA
 0003:00682194 00000F380H _BSS                   BSS
 0004:00000000 00000009CH _TLS                   TLS


Detailed map of segments
 0001:0000032C 00000163 C=CODE    S=_TEXT    G=(none)   M=D:\DEVEL\BCC72\LIB\C0W32.OBJ ACBP=A9
 0001:00000490 00000150 C=CODE    S=_TEXT    G=(none)   M=C:\AULAS_XHARBOUR\SCM\OBJ72\SCM.OBJ ACBP=A9
 0001:000005E0 00000075 C=CODE    S=_TEXT    G=(none)   M=C:\AULAS_XHARBOUR\SCM\OBJ72\ATUALIZA.OBJ ACBP=A9
 0001:00000658 00000168 C=CODE    S=_TEXT    G=(none)   M=C:\AULAS_XHARBOUR\SCM\OBJ72\CADASTRO.OBJ ACBP=A9
 0001:000007C0 000000D5 C=CODE    S=_TEXT    G=(none)   M=C:\AULAS_XHARBOUR\SCM\OBJ72\CADSETOR.OBJ ACBP=A9
 0001:00000898 00000258 C=CODE    S=_TEXT    G=(none)   M=C:\AULAS_XHARBOUR\SCM\OBJ72\CARNE.OBJ ACBP=A9
 0001:00000AF0 00000105 C=CODE    S=_TEXT    G=(none)   M=C:\AULAS_XHARBOUR\SCM\OBJ72\ERRORSYS.OBJ ACBP=A9
 0001:00000BF8 000000ED C=CODE    S=_TEXT    G=(none)   M=C:\AULAS_XHARBOUR\SCM\OBJ72\PESQUISA.OBJ ACBP=A9
 0001:00000CE8 00000135 C=CODE    S=_TEXT    G=(none)   M=C:\AULAS_XHARBOUR\SCM\OBJ72\RELATORIOS.OBJ ACBP=A9
 0001:00000E20 0000093B C=CODE    S=_TEXT    G=(none)   M=C:\AULAS_XHARBOUR\SCM\OBJ72\ROTINA.OBJ ACBP=A9
 0001:0000175C 000000ED C=CODE    S=_TEXT    G=(none)   M=C:\AULAS_XHARBOUR\SCM\OBJ72\SCM001.OBJ ACBP=A9
 0001:0000184C 000001B0 C=CODE    S=_TEXT    G=(none)   M=C:\AULAS_XHARBOUR\SCM\OBJ72\SCM002.OBJ ACBP=A9
 0001:000019FC 00000150 C=CODE    S=_TEXT    G=(none)   M=C:\AULAS_XHARBOUR\SCM\OBJ72\SCM003.OBJ ACBP=A9
 0001:00001B4C 00000DD5 C=CODE    S=_TEXT    G=(none)   M=C:\AULAS_XHARBOUR\SCM\OBJ72\SCM004.OBJ ACBP=A9
 0001:00002924 00000203 C=CODE    S=_TEXT    G=(none)   M=C:\AULAS_XHARBOUR\DEVEL\HWGUI\LIB\HWGUI_XHB72.LIB|animat ACBP=A9
 0001:00002B28 00000F7F C=CODE    S=_TEXT    G=(none)   M=C:\AULAS_XHARBOUR\DEVEL\HWGUI\LIB\HWGUI_XHB72.LIB|commond ACBP=A9
 0001:00003AA8 00003349 C=CODE    S=_TEXT    G=(none)   M=C:\AULAS_XHARBOUR\DEVEL\HWGUI\LIB\HWGUI_XHB72.LIB|control ACBP=A9
 0001:00006DF4 0000126C C=CODE    S=_TEXT    G=(none)   M=C:\AULAS_XHARBOUR\DEVEL\HWGUI\LIB\HWGUI_XHB72.LIB|dialog ACBP=A9
 0001:00008060 00002217 C=CODE    S=_TEXT    G=(none)   M=C:\AULAS_XHARBOUR\DEVEL\HWGUI\LIB\HWGUI_XHB72.LIB|draw ACBP=A9
 0001:0000A278 00000B2F C=CODE    S=_TEXT    G=(none)   M=C:\AULAS_XHARBOUR\DEVEL\HWGUI\LIB\HWGUI_XHB72.LIB|drawtext ACBP=A9
 0001:0000ADA8 00000285 C=CODE    S=_TEXT    G=(none)   M=C:\AULAS_XHARBOUR\DEVEL\HWGUI\LIB\HWGUI_XHB72.LIB|drawwidg ACBP=A9
 0001:0000B030 000002E8 C=CODE    S=_TEXT    G=(none)   M=C:\AULAS_XHARBOUR\DEVEL\HWGUI\LIB\HWGUI_XHB72.LIB|guimain ACBP=A9
 0001:0000B318 0000014D C=CODE    S=_TEXT    G=(none)   M=C:\AULAS_XHARBOUR\DEVEL\HWGUI\LIB\HWGUI_XHB72.LIB|hanimat ACBP=A9
 0001:0000B468 00000840 C=CODE    S=_TEXT    G=(none)   M=C:\AULAS_XHARBOUR\DEVEL\HWGUI\LIB\HWGUI_XHB72.LIB|hbrowse ACBP=A9
 0001:0000BCA8 00000453 C=CODE    S=_TEXT    G=(none)   M=C:\AULAS_XHARBOUR\DEVEL\HWGUI\LIB\HWGUI_XHB72.LIB|hcombo ACBP=A9
 0001:0000C0FC 00000768 C=CODE    S=_TEXT    G=(none)   M=C:\AULAS_XHARBOUR\DEVEL\HWGUI\LIB\HWGUI_XHB72.LIB|hcontrol ACBP=A9
 0001:0000C864 000003F0 C=CODE    S=_TEXT    G=(none)   M=C:\AULAS_XHARBOUR\DEVEL\HWGUI\LIB\HWGUI_XHB72.LIB|hcwindow ACBP=A9
 0001:0000CC54 00000195 C=CODE    S=_TEXT    G=(none)   M=C:\AULAS_XHARBOUR\DEVEL\HWGUI\LIB\HWGUI_XHB72.LIB|hdatepic ACBP=A9
 0001:0000CDEC 00000345 C=CODE    S=_TEXT    G=(none)   M=C:\AULAS_XHARBOUR\DEVEL\HWGUI\LIB\HWGUI_XHB72.LIB|hdc ACBP=A9
 0001:0000D134 000002B8 C=CODE    S=_TEXT    G=(none)   M=C:\AULAS_XHARBOUR\DEVEL\HWGUI\LIB\HWGUI_XHB72.LIB|hdialog ACBP=A9
 0001:0000D3EC 00000468 C=CODE    S=_TEXT    G=(none)   M=C:\AULAS_XHARBOUR\DEVEL\HWGUI\LIB\HWGUI_XHB72.LIB|hedit ACBP=A9
 0001:0000D854 00000210 C=CODE    S=_TEXT    G=(none)   M=C:\AULAS_XHARBOUR\DEVEL\HWGUI\LIB\HWGUI_XHB72.LIB|hhyper ACBP=A9
 0001:0000DA64 000001DD C=CODE    S=_TEXT    G=(none)   M=C:\AULAS_XHARBOUR\DEVEL\HWGUI\LIB\HWGUI_XHB72.LIB|hnice ACBP=A9
 0001:0000DC44 00000228 C=CODE    S=_TEXT    G=(none)   M=C:\AULAS_XHARBOUR\DEVEL\HWGUI\LIB\HWGUI_XHB72.LIB|hownbtn ACBP=A9
 0001:0000DE6C 0000017D C=CODE    S=_TEXT    G=(none)   M=C:\AULAS_XHARBOUR\DEVEL\HWGUI\LIB\HWGUI_XHB72.LIB|hpanel ACBP=A9
 0001:0000DFEC 0000014D C=CODE    S=_TEXT    G=(none)   M=C:\AULAS_XHARBOUR\DEVEL\HWGUI\LIB\HWGUI_XHB72.LIB|hprogres ACBP=A9
 0001:0000E13C 00000240 C=CODE    S=_TEXT    G=(none)   M=C:\AULAS_XHARBOUR\DEVEL\HWGUI\LIB\HWGUI_XHB72.LIB|hradio ACBP=A9
 0001:0000E37C 000001DD C=CODE    S=_TEXT    G=(none)   M=C:\AULAS_XHARBOUR\DEVEL\HWGUI\LIB\HWGUI_XHB72.LIB|hriched ACBP=A9
 0001:0000E55C 000001DD C=CODE    S=_TEXT    G=(none)   M=C:\AULAS_XHARBOUR\DEVEL\HWGUI\LIB\HWGUI_XHB72.LIB|hsayimg ACBP=A9
 0001:0000E73C 0000011D C=CODE    S=_TEXT    G=(none)   M=C:\AULAS_XHARBOUR\DEVEL\HWGUI\LIB\HWGUI_XHB72.LIB|hsplit ACBP=A9
 0001:0000E85C 000003A8 C=CODE    S=_TEXT    G=(none)   M=C:\AULAS_XHARBOUR\DEVEL\HWGUI\LIB\HWGUI_XHB72.LIB|htab ACBP=A9
 0001:0000EC04 00000105 C=CODE    S=_TEXT    G=(none)   M=C:\AULAS_XHARBOUR\DEVEL\HWGUI\LIB\HWGUI_XHB72.LIB|htimer ACBP=A9
 0001:0000ED0C 000002A0 C=CODE    S=_TEXT    G=(none)   M=C:\AULAS_XHARBOUR\DEVEL\HWGUI\LIB\HWGUI_XHB72.LIB|htree ACBP=A9
 0001:0000EFAC 00000390 C=CODE    S=_TEXT    G=(none)   M=C:\AULAS_XHARBOUR\DEVEL\HWGUI\LIB\HWGUI_XHB72.LIB|hwindow ACBP=A9
 0001:0000F33C 000001F5 C=CODE    S=_TEXT    G=(none)   M=C:\AULAS_XHARBOUR\DEVEL\HWGUI\LIB\HWGUI_XHB72.LIB|menu ACBP=A9
 0001:0000F534 00001162 C=CODE    S=_TEXT    G=(none)   M=C:\AULAS_XHARBOUR\DEVEL\HWGUI\LIB\HWGUI_XHB72.LIB|menu_c ACBP=A9
 0001:00010698 000001B6 C=CODE    S=_TEXT    G=(none)   M=C:\AULAS_XHARBOUR\DEVEL\HWGUI\LIB\HWGUI_XHB72.LIB|message ACBP=A9
 0001:00010850 0000167B C=CODE    S=_TEXT    G=(none)   M=C:\AULAS_XHARBOUR\DEVEL\HWGUI\LIB\HWGUI_XHB72.LIB|misc ACBP=A9
 0001:00011ECC 000007F5 C=CODE    S=_TEXT    G=(none)   M=C:\AULAS_XHARBOUR\DEVEL\HWGUI\LIB\HWGUI_XHB72.LIB|nice ACBP=A9
 0001:000126C4 0000046B C=CODE    S=_TEXT    G=(none)   M=C:\AULAS_XHARBOUR\DEVEL\HWGUI\LIB\HWGUI_XHB72.LIB|prnalone ACBP=A9
 0001:00012B30 00000146 C=CODE    S=_TEXT    G=(none)   M=C:\AULAS_XHARBOUR\DEVEL\HWGUI\LIB\HWGUI_XHB72.LIB|resource ACBP=A9
 0001:00012C78 00000F32 C=CODE    S=_TEXT    G=(none)   M=C:\AULAS_XHARBOUR\DEVEL\HWGUI\LIB\HWGUI_XHB72.LIB|richedit ACBP=A9
 0001:00013BAC 000003E3 C=CODE    S=_TEXT    G=(none)   M=C:\AULAS_XHARBOUR\DEVEL\HWGUI\LIB\HWGUI_XHB72.LIB|shellapi ACBP=A9
 0001:00013F90 000018EE C=CODE    S=_TEXT    G=(none)   M=C:\AULAS_XHARBOUR\DEVEL\HWGUI\LIB\HWGUI_XHB72.LIB|theme ACBP=A9
 0001:00015880 0000244A C=CODE    S=_TEXT    G=(none)   M=C:\AULAS_XHARBOUR\DEVEL\HWGUI\LIB\HWGUI_XHB72.LIB|window ACBP=A9
 0001:00017CCC 00000F05 C=CODE    S=_TEXT    G=(none)   M=C:\AULAS_XHARBOUR\DEVEL\HWGUI\LIB\HWGUI_XHB72.LIB|wprint ACBP=A9
 0001:00018BD4 0000011D C=CODE    S=_TEXT    G=(none)   M=C:\AULAS_XHARBOUR\DEVEL\HWGUI\LIB\HWGUI_XHB72.LIB|procs7 ACBP=A9
 0001:00018CF4 0000029D C=CODE    S=_TEXT    G=(none)   M=C:\AULAS_XHARBOUR\DEVEL\HWGUI\LIB\HWGUI_XHB72.LIB|syg_hmsg ACBP=A9
 0001:00018F94 00001782 C=CODE    S=_TEXT    G=(none)   M=C:\AULAS_XHARBOUR\DEVEL\XHARBOUR_BCC72\CONTRIB\SQLRDD\LIB\BC5\SQL.LIB|sqly ACBP=A9
 0001:0001A718 00000300 C=CODE    S=_TEXT    G=(none)   M=C:\AULAS_XHARBOUR\DEVEL\XHARBOUR_BCC72\CONTRIB\SQLRDD\LIB\BC5\SQL.LIB|sqlconnection ACBP=A9
 0001:0001AA18 00000836 C=CODE    S=_TEXT    G=(none)   M=C:\AULAS_XHARBOUR\DEVEL\XHARBOUR_BCC72\CONTRIB\SQLRDD\LIB\BC5\SQL.LIB|sqlrdd0 ACBP=A9
 0001:0001B250 00000AE0 C=CODE    S=_TEXT    G=(none)   M=C:\AULAS_XHARBOUR\DEVEL\XHARBOUR_BCC72\CONTRIB\SQLRDD\LIB\BC5\SQL.LIB|sqlrdd2 ACBP=A9
 0001:0001BD30 0000077F C=CODE    S=_TEXT    G=(none)   M=C:\AULAS_XHARBOUR\DEVEL\XHARBOUR_BCC72\CONTRIB\SQLRDD\LIB\BC5\SQL.LIB|utils ACBP=A9
 0001:0001C4B0 000002A4 C=CODE    S=_TEXT    G=(none)   M=C:\AULAS_XHARBOUR\DEVEL\XHARBOUR_BCC72\CONTRIB\SQLRDD\LIB\BC5\SQL.LIB|sqlgen1 ACBP=A9
 0001:0001C754 00000164 C=CODE    S=_TEXT    G=(none)   M=C:\AULAS_XHARBOUR\DEVEL\XHARBOUR_BCC72\CONTRIB\SQLRDD\LIB\BC5\SQL.LIB|utilslang ACBP=A9
 0001:0001C8B8 000001AD C=CODE    S=_TEXT    G=(none)   M=C:\AULAS_XHARBOUR\DEVEL\XHARBOUR_BCC72\CONTRIB\SQLRDD\LIB\BC5\SQL.LIB|sqlpgs ACBP=A9
 0001:0001CA68 000014EA C=CODE    S=_TEXT    G=(none)   M=C:\AULAS_XHARBOUR\DEVEL\XHARBOUR_BCC72\CONTRIB\SQLRDD\LIB\BC5\SQL.LIB|sqlact ACBP=A9
 0001:0001DF54 00001646 C=CODE    S=_TEXT    G=(none)   M=C:\AULAS_XHARBOUR\DEVEL\XHARBOUR_BCC72\CONTRIB\SQLRDD\LIB\BC5\SQL.LIB|sqllex ACBP=A9
 0001:0001F59C 00001664 C=CODE    S=_TEXT    G=(none)   M=C:\AULAS_XHARBOUR\DEVEL\XHARBOUR_BCC72\CONTRIB\SQLRDD\LIB\BC5\SQL.LIB|pgs ACBP=A9
 0001:00020C00 0000554B C=CODE    S=_TEXT    G=(none)   M=C:\AULAS_XHARBOUR\DEVEL\XHARBOUR_BCC72\CONTRIB\SQLRDD\LIB\BC5\SQL.LIB|sqlrdd1 ACBP=A9
 0001:0002614C 000004E1 C=CODE    S=_TEXT    G=(none)   M=C:\AULAS_XHARBOUR\DEVEL\XHARBOUR_BCC72\LIB\PDFLIB.LIB|pdf1 ACBP=A9
 0001:00026630 000004ED C=CODE    S=_TEXT    G=(none)   M=C:\AULAS_XHARBOUR\DEVEL\XHARBOUR_BCC72\LIB\PDFLIB.LIB|pdfhbdocs ACBP=A9
 0001:00026B1D 000266D7 C=CODE    S=_TEXT    G=(none)   M=C:\AULAS_XHARBOUR\DEVEL\XHARBOUR_BCC72\LIB\HBZIP.LIB|ziparchive ACBP=A9
 0001:0004D1F4 00001B6A C=CODE    S=_TEXT    G=(none)   M=C:\AULAS_XHARBOUR\DEVEL\XHARBOUR_BCC72\LIB\HBZIP.LIB|zip ACBP=A9
 0001:0004ED5E 0000817D C=CODE    S=_TEXT    G=(none)   M=C:\AULAS_XHARBOUR\DEVEL\XHARBOUR_BCC72\LIB\HBZIP.LIB|zipplatform ACBP=A9
 0001:00056EB3 00008BB3 C=CODE    S=_TEXT    G=(none)   M=C:\AULAS_XHARBOUR\DEVEL\XHARBOUR_BCC72\LIB\HBZIP.LIB|zipstorage ACBP=A9
 0001:0005FA5F 00002A61 C=CODE    S=_TEXT    G=(none)   M=C:\AULAS_XHARBOUR\DEVEL\XHARBOUR_BCC72\LIB\HBZIP.LIB|zipstring ACBP=A9
 0001:00062498 00001464 C=CODE    S=_TEXT    G=(none)   M=C:\AULAS_XHARBOUR\DEVEL\XHARBOUR_BCC72\LIB\HBZIP.LIB|zipplatformcomm ACBP=A9
 0001:000638D4 00006C5E C=CODE    S=_TEXT    G=(none)   M=C:\AULAS_XHARBOUR\DEVEL\XHARBOUR_BCC72\LIB\HBZIP.LIB|zippathcomponent ACBP=A9
 0001:0006A50A 000010DF C=CODE    S=_TEXT    G=(none)   M=C:\AULAS_XHARBOUR\DEVEL\XHARBOUR_BCC72\LIB\HBZIP.LIB|zipmemfile ACBP=A9
 0001:0006B5C1 00001437 C=CODE    S=_TEXT    G=(none)   M=C:\AULAS_XHARBOUR\DEVEL\XHARBOUR_BCC72\LIB\HBZIP.LIB|zipfileheader ACBP=A9
 0001:0006C9D0 0000100E C=CODE    S=_TEXT    G=(none)   M=C:\AULAS_XHARBOUR\DEVEL\XHARBOUR_BCC72\LIB\HBZIP.LIB|zipfile ACBP=A9
 0001:0006D9B6 0000EEE1 C=CODE    S=_TEXT    G=(none)   M=C:\AULAS_XHARBOUR\DEVEL\XHARBOUR_BCC72\LIB\HBZIP.LIB|zipnew ACBP=A9
 0001:0007C7A7 00001299 C=CODE    S=_TEXT    G=(none)   M=C:\AULAS_XHARBOUR\DEVEL\XHARBOUR_BCC72\LIB\HBZIP.LIB|zipcomp ACBP=A9
 0001:0007D950 00000AB4 C=CODE    S=_TEXT    G=(none)   M=C:\AULAS_XHARBOUR\DEVEL\XHARBOUR_BCC72\LIB\HBZIP.LIB|zipexception ACBP=A9
 0001:0007E3DC 00000692 C=CODE    S=_TEXT    G=(none)   M=C:\AULAS_XHARBOUR\DEVEL\XHARBOUR_BCC72\LIB\HBZIP.LIB|zipcompatibility ACBP=A9
 0001:0007EA46 000069F5 C=CODE    S=_TEXT    G=(none)   M=C:\AULAS_XHARBOUR\DEVEL\XHARBOUR_BCC72\LIB\HBZIP.LIB|zipcentraldir ACBP=A9
 0001:000853A7 00000282 C=CODE    S=_TEXT    G=(none)   M=C:\AULAS_XHARBOUR\DEVEL\XHARBOUR_BCC72\LIB\HBZIP.LIB|zipautobuffer ACBP=A9
 0001:000855E0 000002A0 C=CODE    S=_TEXT    G=(none)   M=C:\AULAS_XHARBOUR\DEVEL\XHARBOUR_BCC72\LIB\TIPSSL.LIB|client ACBP=A9
 0001:00085880 00000240 C=CODE    S=_TEXT    G=(none)   M=C:\AULAS_XHARBOUR\DEVEL\XHARBOUR_BCC72\LIB\TIPSSL.LIB|httpcln ACBP=A9
 0001:00085AC0 0000318F C=CODE    S=_TEXT    G=(none)   M=C:\AULAS_XHARBOUR\DEVEL\XHARBOUR_BCC72\LIB\TIPSSL.LIB|inetssl ACBP=A9
 0001:00088C50 000001B4 C=CODE    S=_TEXT    G=(none)   M=C:\AULAS_XHARBOUR\DEVEL\XHARBOUR_BCC72\LIB\TIP.LIB|base64x ACBP=A9
 0001:00088E04 0000044D C=CODE    S=_TEXT    G=(none)   M=C:\AULAS_XHARBOUR\DEVEL\XHARBOUR_BCC72\LIB\TIP.LIB|encb64 ACBP=A9
 0001:00089254 000000B0 C=CODE    S=_TEXT    G=(none)   M=C:\AULAS_XHARBOUR\DEVEL\XHARBOUR_BCC72\LIB\TIP.LIB|encoder ACBP=A9
 0001:00089304 0000038D C=CODE    S=_TEXT    G=(none)   M=C:\AULAS_XHARBOUR\DEVEL\XHARBOUR_BCC72\LIB\TIP.LIB|encqp ACBP=A9
 0001:00089694 000002F3 C=CODE    S=_TEXT    G=(none)   M=C:\AULAS_XHARBOUR\DEVEL\XHARBOUR_BCC72\LIB\TIP.LIB|encurl ACBP=A9
 0001:00089988 000000C4 C=CODE    S=_TEXT    G=(none)   M=C:\AULAS_XHARBOUR\DEVEL\XHARBOUR_BCC72\LIB\TIP.LIB|url ACBP=A9
 0001:00089A4C 00000010 C=CODE    S=_TEXT    G=(none)   M=C:\AULAS_XHARBOUR\DEVEL\XHARBOUR_BCC72\LIB\CODEPAGE.LIB|cpptiso ACBP=A9
 0001:00089A5C 00001D31 C=CODE    S=_TEXT    G=(none)   M=D:\DEVEL\XHARBOUR_BCC7\LIB\VM.LIB|arrays ACBP=A9
 0001:0008B790 000035EF C=CODE    S=_TEXT    G=(none)   M=D:\DEVEL\XHARBOUR_BCC7\LIB\VM.LIB|arrayshb ACBP=A9
 0001:0008ED80 00000685 C=CODE    S=_TEXT    G=(none)   M=D:\DEVEL\XHARBOUR_BCC7\LIB\VM.LIB|asort ACBP=A9
 0001:0008F408 00005AF3 C=CODE    S=_TEXT    G=(none)   M=D:\DEVEL\XHARBOUR_BCC7\LIB\VM.LIB|classes ACBP=A9
 0001:00094EFC 000002E1 C=CODE    S=_TEXT    G=(none)   M=D:\DEVEL\XHARBOUR_BCC7\LIB\VM.LIB|codebloc ACBP=A9
 0001:000951E0 00000794 C=CODE    S=_TEXT    G=(none)   M=D:\DEVEL\XHARBOUR_BCC7\LIB\VM.LIB|dynsym ACBP=A9
 0001:00095974 00002195 C=CODE    S=_TEXT    G=(none)   M=D:\DEVEL\XHARBOUR_BCC7\LIB\VM.LIB|errorapi ACBP=A9
 0001:00097B0C 00000B09 C=CODE    S=_TEXT    G=(none)   M=D:\DEVEL\XHARBOUR_BCC7\LIB\VM.LIB|estack ACBP=A9
 0001:00098618 00000AB4 C=CODE    S=_TEXT    G=(none)   M=D:\DEVEL\XHARBOUR_BCC7\LIB\VM.LIB|eval ACBP=A9
 0001:000990CC 00000085 C=CODE    S=_TEXT    G=(none)   M=D:\DEVEL\XHARBOUR_BCC7\LIB\VM.LIB|evalhb ACBP=A9
 0001:00099154 00001D6A C=CODE    S=_TEXT    G=(none)   M=D:\DEVEL\XHARBOUR_BCC7\LIB\VM.LIB|extend ACBP=A9
 0001:0009AEC0 000041D5 C=CODE    S=_TEXT    G=(none)   M=D:\DEVEL\XHARBOUR_BCC7\LIB\VM.LIB|fm ACBP=A9
 0001:0009F098 00000EA0 C=CODE    S=_TEXT    G=(none)   M=D:\DEVEL\XHARBOUR_BCC7\LIB\VM.LIB|garbage ACBP=A9
 0001:0009FF38 000034E2 C=CODE    S=_TEXT    G=(none)   M=D:\DEVEL\XHARBOUR_BCC7\LIB\VM.LIB|hash ACBP=A9
 0001:000A341C 000132B3 C=CODE    S=_TEXT    G=(none)   M=D:\DEVEL\XHARBOUR_BCC7\LIB\VM.LIB|hvm ACBP=A9
 0001:000B66D0 00000030 C=CODE    S=_TEXT    G=(none)   M=D:\DEVEL\XHARBOUR_BCC7\LIB\VM.LIB|initexit ACBP=A9
 0001:000B6700 00002138 C=CODE    S=_TEXT    G=(none)   M=D:\DEVEL\XHARBOUR_BCC7\LIB\VM.LIB|itemapi ACBP=A9
 0001:000B8838 00000957 C=CODE    S=_TEXT    G=(none)   M=D:\DEVEL\XHARBOUR_BCC7\LIB\VM.LIB|fastitem ACBP=A9
 0001:000B9190 00001CB4 C=CODE    S=_TEXT    G=(none)   M=D:\DEVEL\XHARBOUR_BCC7\LIB\VM.LIB|macro ACBP=A9
 0001:000BAE44 00001E2E C=CODE    S=_TEXT    G=(none)   M=D:\DEVEL\XHARBOUR_BCC7\LIB\VM.LIB|memvars ACBP=A9
 0001:000BCC74 0000002B C=CODE    S=_TEXT    G=(none)   M=D:\DEVEL\XHARBOUR_BCC7\LIB\VM.LIB|pcount ACBP=A9
 0001:000BCCA0 00000355 C=CODE    S=_TEXT    G=(none)   M=D:\DEVEL\XHARBOUR_BCC7\LIB\VM.LIB|proc ACBP=A9
 0001:000BCFF8 00004C22 C=CODE    S=_TEXT    G=(none)   M=D:\DEVEL\XHARBOUR_BCC7\LIB\VM.LIB|set ACBP=A9
 0001:000C1C1C 00000268 C=CODE    S=_TEXT    G=(none)   M=D:\DEVEL\XHARBOUR_BCC7\LIB\VM.LIB|thread ACBP=A9
 0001:000C1E84 000005CF C=CODE    S=_TEXT    G=(none)   M=D:\DEVEL\XHARBOUR_BCC7\LIB\VM.LIB|cmdarg ACBP=A9
 0001:000C2454 000011C9 C=CODE    S=_TEXT    G=(none)   M=D:\DEVEL\XHARBOUR_BCC7\LIB\VM.LIB|hbi18n ACBP=A9
 0001:000C3620 00002B41 C=CODE    S=_TEXT    G=(none)   M=D:\DEVEL\XHARBOUR_BCC7\LIB\VM.LIB|inet ACBP=A9
 0001:000C6164 00000014 C=CODE    S=_TEXT    G=(none)   M=D:\DEVEL\XHARBOUR_BCC7\LIB\VM.LIB|break ACBP=A9
 0001:000C6178 00000019 C=CODE    S=_TEXT    G=(none)   M=D:\DEVEL\XHARBOUR_BCC7\LIB\VM.LIB|initsymb ACBP=A9
 0001:000C6194 00000076 C=CODE    S=_TEXT    G=(none)   M=D:\DEVEL\XHARBOUR_BCC7\LIB\VM.LIB|throw ACBP=A9
 0001:000C620C 00000100 C=CODE    S=_TEXT    G=(none)   M=D:\DEVEL\XHARBOUR_BCC7\LIB\VM.LIB|harbinit ACBP=A9
 0001:000C630C 00000674 C=CODE    S=_TEXT    G=(none)   M=D:\DEVEL\XHARBOUR_BCC7\LIB\VM.LIB|bkgtsks ACBP=A9
 0001:000C6980 0000012C C=CODE    S=_TEXT    G=(none)   M=D:\DEVEL\XHARBOUR_BCC7\LIB\VM.LIB|mainwin ACBP=A9
 0001:000C6AAC 000001BC C=CODE    S=_TEXT    G=(none)   M=D:\DEVEL\XHARBOUR_BCC7\LIB\RTL.LIB|abs ACBP=A9
 0001:000C6C68 00000497 C=CODE    S=_TEXT    G=(none)   M=D:\DEVEL\XHARBOUR_BCC7\LIB\RTL.LIB|at ACBP=A9
 0001:000C7100 00000130 C=CODE    S=_TEXT    G=(none)   M=D:\DEVEL\XHARBOUR_BCC7\LIB\RTL.LIB|binnum ACBP=A9
 0001:000C7230 00000161 C=CODE    S=_TEXT    G=(none)   M=D:\DEVEL\XHARBOUR_BCC7\LIB\RTL.LIB|binnumx ACBP=A9
 0001:000C7394 0000026D C=CODE    S=_TEXT    G=(none)   M=D:\DEVEL\XHARBOUR_BCC7\LIB\RTL.LIB|box ACBP=A9
 0001:000C7604 000025C6 C=CODE    S=_TEXT    G=(none)   M=D:\DEVEL\XHARBOUR_BCC7\LIB\RTL.LIB|cdpapi ACBP=A9
 0001:000C9BCC 000000AF C=CODE    S=_TEXT    G=(none)   M=D:\DEVEL\XHARBOUR_BCC7\LIB\RTL.LIB|chrasc ACBP=A9
 0001:000C9C7C 00000B75 C=CODE    S=_TEXT    G=(none)   M=D:\DEVEL\XHARBOUR_BCC7\LIB\RTL.LIB|console ACBP=A9
 0001:000CA7F4 00000302 C=CODE    S=_TEXT    G=(none)   M=D:\DEVEL\XHARBOUR_BCC7\LIB\RTL.LIB|copyfile ACBP=A9
 0001:000CAAF8 00000167 C=CODE    S=_TEXT    G=(none)   M=D:\DEVEL\XHARBOUR_BCC7\LIB\RTL.LIB|datec ACBP=A9
 0001:000CAC60 000011E7 C=CODE    S=_TEXT    G=(none)   M=D:\DEVEL\XHARBOUR_BCC7\LIB\RTL.LIB|dateshb ACBP=A9
 0001:000CBE48 0000054A C=CODE    S=_TEXT    G=(none)   M=D:\DEVEL\XHARBOUR_BCC7\LIB\RTL.LIB|dirdrive ACBP=A9
 0001:000CC394 00000848 C=CODE    S=_TEXT    G=(none)   M=D:\DEVEL\XHARBOUR_BCC7\LIB\RTL.LIB|direct ACBP=A9
 0001:000CCBDC 0000038C C=CODE    S=_TEXT    G=(none)   M=D:\DEVEL\XHARBOUR_BCC7\LIB\RTL.LIB|disksphb ACBP=A9
 0001:000CCF68 00000EBB C=CODE    S=_TEXT    G=(none)   M=D:\DEVEL\XHARBOUR_BCC7\LIB\RTL.LIB|dllcall ACBP=A9
 0001:000CDE24 00000254 C=CODE    S=_TEXT    G=(none)   M=D:\DEVEL\XHARBOUR_BCC7\LIB\RTL.LIB|empty ACBP=A9
 0001:000CE078 00000154 C=CODE    S=_TEXT    G=(none)   M=D:\DEVEL\XHARBOUR_BCC7\LIB\RTL.LIB|file ACBP=A9
 0001:000CE1CC 00000C39 C=CODE    S=_TEXT    G=(none)   M=D:\DEVEL\XHARBOUR_BCC7\LIB\RTL.LIB|filebuf ACBP=A9
 0001:000CEE08 00000074 C=CODE    S=_TEXT    G=(none)   M=D:\DEVEL\XHARBOUR_BCC7\LIB\RTL.LIB|filehb ACBP=A9
 0001:000CEE7C 00001D92 C=CODE    S=_TEXT    G=(none)   M=D:\DEVEL\XHARBOUR_BCC7\LIB\RTL.LIB|filesys ACBP=A9
 0001:000D0C10 000000D5 C=CODE    S=_TEXT    G=(none)   M=D:\DEVEL\XHARBOUR_BCC7\LIB\RTL.LIB|fserror ACBP=A9
 0001:000D0CE8 000000D0 C=CODE    S=_TEXT    G=(none)   M=D:\DEVEL\XHARBOUR_BCC7\LIB\RTL.LIB|fnsplit ACBP=A9
 0001:000D0DB8 00000996 C=CODE    S=_TEXT    G=(none)   M=D:\DEVEL\XHARBOUR_BCC7\LIB\RTL.LIB|fparse ACBP=A9
 0001:000D1750 00000107 C=CODE    S=_TEXT    G=(none)   M=D:\DEVEL\XHARBOUR_BCC7\LIB\RTL.LIB|fssize ACBP=A9
 0001:000D1858 000003EF C=CODE    S=_TEXT    G=(none)   M=D:\DEVEL\XHARBOUR_BCC7\LIB\RTL.LIB|fstemp ACBP=A9
 0001:000D1C48 00000116 C=CODE    S=_TEXT    G=(none)   M=D:\DEVEL\XHARBOUR_BCC7\LIB\RTL.LIB|gete ACBP=A9
 0001:000D1D60 00000028 C=CODE    S=_TEXT    G=(none)   M=D:\DEVEL\XHARBOUR_BCC7\LIB\RTL.LIB|gt ACBP=A9
 0001:000D1D88 00000F46 C=CODE    S=_TEXT    G=(none)   M=D:\DEVEL\XHARBOUR_BCC7\LIB\RTL.LIB|gtapi ACBP=A9
 0001:000D2CD0 000002B7 C=CODE    S=_TEXT    G=(none)   M=D:\DEVEL\XHARBOUR_BCC7\LIB\RTL.LIB|gtclip ACBP=A9
 0001:000D2F88 00000001 C=CODE    S=_TEXT    G=(none)   M=D:\DEVEL\XHARBOUR_BCC7\LIB\RTL.LIB|gtsys ACBP=A9
 0001:000D2F8C 00000496 C=CODE    S=_TEXT    G=(none)   M=D:\DEVEL\XHARBOUR_BCC7\LIB\RTL.LIB|hbbitf ACBP=A9
 0001:000D3424 0000096F C=CODE    S=_TEXT    G=(none)   M=D:\DEVEL\XHARBOUR_BCC7\LIB\RTL.LIB|hbcomprs ACBP=A9
 0001:000D3D94 000007F7 C=CODE    S=_TEXT    G=(none)   M=D:\DEVEL\XHARBOUR_BCC7\LIB\RTL.LIB|hbserv ACBP=A9
 0001:000D458C 000006CA C=CODE    S=_TEXT    G=(none)   M=D:\DEVEL\XHARBOUR_BCC7\LIB\RTL.LIB|hbcrypt ACBP=A9
 0001:000D4C58 000007F9 C=CODE    S=_TEXT    G=(none)   M=D:\DEVEL\XHARBOUR_BCC7\LIB\RTL.LIB|hbffind ACBP=A9
 0001:000D5454 00003D71 C=CODE    S=_TEXT    G=(none)   M=D:\DEVEL\XHARBOUR_BCC7\LIB\RTL.LIB|hbgtcore ACBP=A9
 0001:000D91C8 00000489 C=CODE    S=_TEXT    G=(none)   M=D:\DEVEL\XHARBOUR_BCC7\LIB\RTL.LIB|hbhex2n ACBP=A9
 0001:000D9654 000002DC C=CODE    S=_TEXT    G=(none)   M=D:\DEVEL\XHARBOUR_BCC7\LIB\RTL.LIB|hbrandom ACBP=A9
 0001:000D9930 000009DF C=CODE    S=_TEXT    G=(none)   M=D:\DEVEL\XHARBOUR_BCC7\LIB\RTL.LIB|hbsrlraw ACBP=A9
 0001:000DA310 0000062A C=CODE    S=_TEXT    G=(none)   M=D:\DEVEL\XHARBOUR_BCC7\LIB\RTL.LIB|hbtoken ACBP=A9
 0001:000DA93C 0000047E C=CODE    S=_TEXT    G=(none)   M=D:\DEVEL\XHARBOUR_BCC7\LIB\RTL.LIB|idle ACBP=A9
 0001:000DADBC 00000487 C=CODE    S=_TEXT    G=(none)   M=D:\DEVEL\XHARBOUR_BCC7\LIB\RTL.LIB|inkey ACBP=A9
 0001:000DB244 00000119 C=CODE    S=_TEXT    G=(none)   M=D:\DEVEL\XHARBOUR_BCC7\LIB\RTL.LIB|inkeyapi ACBP=A9
 0001:000DB360 0000049E C=CODE    S=_TEXT    G=(none)   M=D:\DEVEL\XHARBOUR_BCC7\LIB\RTL.LIB|is ACBP=A9
 0001:000DB800 0000029F C=CODE    S=_TEXT    G=(none)   M=D:\DEVEL\XHARBOUR_BCC7\LIB\RTL.LIB|langapi ACBP=A9
 0001:000DBAA0 000000CC C=CODE    S=_TEXT    G=(none)   M=D:\DEVEL\XHARBOUR_BCC7\LIB\RTL.LIB|left ACBP=A9
 0001:000DBB6C 00000093 C=CODE    S=_TEXT    G=(none)   M=D:\DEVEL\XHARBOUR_BCC7\LIB\RTL.LIB|len ACBP=A9
 0001:000DBC00 00000A80 C=CODE    S=_TEXT    G=(none)   M=D:\DEVEL\XHARBOUR_BCC7\LIB\RTL.LIB|math ACBP=A9
 0001:000DC680 0000014F C=CODE    S=_TEXT    G=(none)   M=D:\DEVEL\XHARBOUR_BCC7\LIB\RTL.LIB|maxrow ACBP=A9
 0001:000DC7D0 0000020B C=CODE    S=_TEXT    G=(none)   M=D:\DEVEL\XHARBOUR_BCC7\LIB\RTL.LIB|memofile ACBP=A9
 0001:000DC9DC 000006A6 C=CODE    S=_TEXT    G=(none)   M=D:\DEVEL\XHARBOUR_BCC7\LIB\RTL.LIB|minmax ACBP=A9
 0001:000DD084 00000976 C=CODE    S=_TEXT    G=(none)   M=D:\DEVEL\XHARBOUR_BCC7\LIB\RTL.LIB|mlcfunc ACBP=A9
 0001:000DD9FC 00000292 C=CODE    S=_TEXT    G=(none)   M=D:\DEVEL\XHARBOUR_BCC7\LIB\RTL.LIB|mouseapi ACBP=A9
 0001:000DDC90 000002E5 C=CODE    S=_TEXT    G=(none)   M=D:\DEVEL\XHARBOUR_BCC7\LIB\RTL.LIB|mouse53 ACBP=A9
 0001:000DDF78 00000071 C=CODE    S=_TEXT    G=(none)   M=D:\DEVEL\XHARBOUR_BCC7\LIB\RTL.LIB|net ACBP=A9
 0001:000DDFEC 000000DE C=CODE    S=_TEXT    G=(none)   M=D:\DEVEL\XHARBOUR_BCC7\LIB\RTL.LIB|oemansi ACBP=A9
 0001:000DE0CC 00000141 C=CODE    S=_TEXT    G=(none)   M=D:\DEVEL\XHARBOUR_BCC7\LIB\RTL.LIB|padc ACBP=A9
 0001:000DE210 0000010F C=CODE    S=_TEXT    G=(none)   M=D:\DEVEL\XHARBOUR_BCC7\LIB\RTL.LIB|padl ACBP=A9
 0001:000DE320 00000108 C=CODE    S=_TEXT    G=(none)   M=D:\DEVEL\XHARBOUR_BCC7\LIB\RTL.LIB|padr ACBP=A9
 0001:000DE428 00000CEE C=CODE    S=_TEXT    G=(none)   M=D:\DEVEL\XHARBOUR_BCC7\LIB\RTL.LIB|philes ACBP=A9
 0001:000DF118 0000008D C=CODE    S=_TEXT    G=(none)   M=D:\DEVEL\XHARBOUR_BCC7\LIB\RTL.LIB|philesx ACBP=A9
 0001:000DF1A8 000000F8 C=CODE    S=_TEXT    G=(none)   M=D:\DEVEL\XHARBOUR_BCC7\LIB\RTL.LIB|rat ACBP=A9
 0001:000DF2A0 0000012F C=CODE    S=_TEXT    G=(none)   M=D:\DEVEL\XHARBOUR_BCC7\LIB\RTL.LIB|replic ACBP=A9
 0001:000DF3D0 00000093 C=CODE    S=_TEXT    G=(none)   M=D:\DEVEL\XHARBOUR_BCC7\LIB\RTL.LIB|right ACBP=A9
 0001:000DF464 00000132 C=CODE    S=_TEXT    G=(none)   M=D:\DEVEL\XHARBOUR_BCC7\LIB\RTL.LIB|round ACBP=A9
 0001:000DF598 00000051 C=CODE    S=_TEXT    G=(none)   M=D:\DEVEL\XHARBOUR_BCC7\LIB\RTL.LIB|run ACBP=A9
 0001:000DF5EC 000001FC C=CODE    S=_TEXT    G=(none)   M=D:\DEVEL\XHARBOUR_BCC7\LIB\RTL.LIB|samples ACBP=A9
 0001:000DF7E8 000001D4 C=CODE    S=_TEXT    G=(none)   M=D:\DEVEL\XHARBOUR_BCC7\LIB\RTL.LIB|saverest ACBP=A9
 0001:000DF9BC 000002CC C=CODE    S=_TEXT    G=(none)   M=D:\DEVEL\XHARBOUR_BCC7\LIB\RTL.LIB|seconds ACBP=A9
 0001:000DFC88 000011EA C=CODE    S=_TEXT    G=(none)   M=D:\DEVEL\XHARBOUR_BCC7\LIB\RTL.LIB|regex ACBP=A9
 0001:000E0E74 00000155 C=CODE    S=_TEXT    G=(none)   M=D:\DEVEL\XHARBOUR_BCC7\LIB\RTL.LIB|setcolor ACBP=A9
 0001:000E0FCC 00000064 C=CODE    S=_TEXT    G=(none)   M=D:\DEVEL\XHARBOUR_BCC7\LIB\RTL.LIB|setcurs ACBP=A9
 0001:000E1030 0000059D C=CODE    S=_TEXT    G=(none)   M=D:\DEVEL\XHARBOUR_BCC7\LIB\RTL.LIB|setkey ACBP=A9
 0001:000E15D0 0000008D C=CODE    S=_TEXT    G=(none)   M=D:\DEVEL\XHARBOUR_BCC7\LIB\RTL.LIB|setpos ACBP=A9
 0001:000E1660 0000002A C=CODE    S=_TEXT    G=(none)   M=D:\DEVEL\XHARBOUR_BCC7\LIB\RTL.LIB|setposbs ACBP=A9
 0001:000E168C 00000086 C=CODE    S=_TEXT    G=(none)   M=D:\DEVEL\XHARBOUR_BCC7\LIB\RTL.LIB|space ACBP=A9
 0001:000E1714 000002FA C=CODE    S=_TEXT    G=(none)   M=D:\DEVEL\XHARBOUR_BCC7\LIB\RTL.LIB|spfiles ACBP=A9
 0001:000E1A10 0000023D C=CODE    S=_TEXT    G=(none)   M=D:\DEVEL\XHARBOUR_BCC7\LIB\RTL.LIB|str ACBP=A9
 0001:000E1C50 00000336 C=CODE    S=_TEXT    G=(none)   M=D:\DEVEL\XHARBOUR_BCC7\LIB\RTL.LIB|strcase ACBP=A9
 0001:000E1F88 00000035 C=CODE    S=_TEXT    G=(none)   M=D:\DEVEL\XHARBOUR_BCC7\LIB\RTL.LIB|strings ACBP=A9
 0001:000E1FC0 0000068D C=CODE    S=_TEXT    G=(none)   M=D:\DEVEL\XHARBOUR_BCC7\LIB\RTL.LIB|strmatch ACBP=A9
 0001:000E2650 00000324 C=CODE    S=_TEXT    G=(none)   M=D:\DEVEL\XHARBOUR_BCC7\LIB\RTL.LIB|strtran ACBP=A9
 0001:000E2974 00000143 C=CODE    S=_TEXT    G=(none)   M=D:\DEVEL\XHARBOUR_BCC7\LIB\RTL.LIB|strzero ACBP=A9
 0001:000E2AB8 0000017E C=CODE    S=_TEXT    G=(none)   M=D:\DEVEL\XHARBOUR_BCC7\LIB\RTL.LIB|stuff ACBP=A9
 0001:000E2C38 00000153 C=CODE    S=_TEXT    G=(none)   M=D:\DEVEL\XHARBOUR_BCC7\LIB\RTL.LIB|substr ACBP=A9
 0001:000E2D8C 00001174 C=CODE    S=_TEXT    G=(none)   M=D:\DEVEL\XHARBOUR_BCC7\LIB\RTL.LIB|tprinter ACBP=A9
 0001:000E3F00 000001B0 C=CODE    S=_TEXT    G=(none)   M=D:\DEVEL\XHARBOUR_BCC7\LIB\RTL.LIB|trace ACBP=A9
 0001:000E40B0 00001D00 C=CODE    S=_TEXT    G=(none)   M=D:\DEVEL\XHARBOUR_BCC7\LIB\RTL.LIB|transfrm ACBP=A9
 0001:000E5DB0 0000025E C=CODE    S=_TEXT    G=(none)   M=D:\DEVEL\XHARBOUR_BCC7\LIB\RTL.LIB|trim ACBP=A9
 0001:000E6010 00000077 C=CODE    S=_TEXT    G=(none)   M=D:\DEVEL\XHARBOUR_BCC7\LIB\RTL.LIB|type ACBP=A9
 0001:000E6088 0000009D C=CODE    S=_TEXT    G=(none)   M=D:\DEVEL\XHARBOUR_BCC7\LIB\RTL.LIB|val ACBP=A9
 0001:000E6128 000001D7 C=CODE    S=_TEXT    G=(none)   M=D:\DEVEL\XHARBOUR_BCC7\LIB\RTL.LIB|valtostr ACBP=A9
 0001:000E6300 0000042E C=CODE    S=_TEXT    G=(none)   M=D:\DEVEL\XHARBOUR_BCC7\LIB\RTL.LIB|valtype ACBP=A9
 0001:000E6730 00000394 C=CODE    S=_TEXT    G=(none)   M=D:\DEVEL\XHARBOUR_BCC7\LIB\RTL.LIB|version ACBP=A9
 0001:000E6AC4 0000004A C=CODE    S=_TEXT    G=(none)   M=D:\DEVEL\XHARBOUR_BCC7\LIB\RTL.LIB|word ACBP=A9
 0001:000E6B10 0000005C C=CODE    S=_TEXT    G=(none)   M=D:\DEVEL\XHARBOUR_BCC7\LIB\RTL.LIB|xhelp ACBP=A9
 0001:000E6B6C 000000E4 C=CODE    S=_TEXT    G=(none)   M=D:\DEVEL\XHARBOUR_BCC7\LIB\RTL.LIB|xsavescr ACBP=A9
 0001:000E6C50 00000164 C=CODE    S=_TEXT    G=(none)   M=D:\DEVEL\XHARBOUR_BCC7\LIB\RTL.LIB|cstr ACBP=A9
 0001:000E6DB4 00000060 C=CODE    S=_TEXT    G=(none)   M=D:\DEVEL\XHARBOUR_BCC7\LIB\RTL.LIB|fieldbl ACBP=A9
 0001:000E6E14 00000074 C=CODE    S=_TEXT    G=(none)   M=D:\DEVEL\XHARBOUR_BCC7\LIB\RTL.LIB|hbserial ACBP=A9
 0001:000E6E88 000001DC C=CODE    S=_TEXT    G=(none)   M=D:\DEVEL\XHARBOUR_BCC7\LIB\RTL.LIB|objfunc ACBP=A9
 0001:000E7064 0000004C C=CODE    S=_TEXT    G=(none)   M=D:\DEVEL\XHARBOUR_BCC7\LIB\RTL.LIB|sprintf ACBP=A9
 0001:000E70B0 00000204 C=CODE    S=_TEXT    G=(none)   M=D:\DEVEL\XHARBOUR_BCC7\LIB\RTL.LIB|tclass ACBP=A9
 0001:000E72B4 000001A3 C=CODE    S=_TEXT    G=(none)   M=D:\DEVEL\XHARBOUR_BCC7\LIB\RTL.LIB|tobject ACBP=A9
 0001:000E7458 00000060 C=CODE    S=_TEXT    G=(none)   M=D:\DEVEL\XHARBOUR_BCC7\LIB\RTL.LIB|traceprg ACBP=A9
 0001:000E74B8 0000026E C=CODE    S=_TEXT    G=(none)   M=D:\DEVEL\XHARBOUR_BCC7\LIB\RTL.LIB|tscalar ACBP=A9
 0001:000E7728 00000424 C=CODE    S=_TEXT    G=(none)   M=D:\DEVEL\XHARBOUR_BCC7\LIB\RTL.LIB|ttable ACBP=A9
 0001:000E7B4C 00000240 C=CODE    S=_TEXT    G=(none)   M=D:\DEVEL\XHARBOUR_BCC7\LIB\RTL.LIB|win32ole ACBP=A9
 0001:000E7D8C 0000284C C=CODE    S=_TEXT    G=(none)   M=D:\DEVEL\XHARBOUR_BCC7\LIB\RTL.LIB|hbwinole ACBP=A9
 0001:000EA5D8 0000172F C=CODE    S=_TEXT    G=(none)   M=D:\DEVEL\XHARBOUR_BCC7\LIB\RTL.LIB|win32prn ACBP=A9
 0001:000EBD08 000005B8 C=CODE    S=_TEXT    G=(none)   M=D:\DEVEL\XHARBOUR_BCC7\LIB\RTL.LIB|winos ACBP=A9
 0001:000EC2C0 0000035A C=CODE    S=_TEXT    G=(none)   M=D:\DEVEL\XHARBOUR_BCC7\LIB\RTL.LIB|winreg ACBP=A9
 0001:000EC61C 00002A35 C=CODE    S=_TEXT    G=(none)   M=D:\DEVEL\XHARBOUR_BCC7\LIB\MACRO.LIB|macroy ACBP=A9
 0001:000EF054 00000359 C=CODE    S=_TEXT    G=(none)   M=D:\DEVEL\XHARBOUR_BCC7\LIB\MACRO.LIB|macroa ACBP=A9
 0001:000EF3B0 00005D7D C=CODE    S=_TEXT    G=(none)   M=D:\DEVEL\XHARBOUR_BCC7\LIB\MACRO.LIB|macrob ACBP=A9
 0001:000F5130 000008B4 C=CODE    S=_TEXT    G=(none)   M=D:\DEVEL\XHARBOUR_BCC7\LIB\MACRO.LIB|macroc ACBP=A9
 0001:000F59E4 00002369 C=CODE    S=_TEXT    G=(none)   M=D:\DEVEL\XHARBOUR_BCC7\LIB\MACRO.LIB|macroslx ACBP=A9
 0001:000F7D50 0000003F C=CODE    S=_TEXT    G=(none)   M=D:\DEVEL\XHARBOUR_BCC7\LIB\COMMON.LIB|hbfopen ACBP=A9
 0001:000F7D90 000003DF C=CODE    S=_TEXT    G=(none)   M=D:\DEVEL\XHARBOUR_BCC7\LIB\COMMON.LIB|hbfsapi ACBP=A9
 0001:000F8170 000000F7 C=CODE    S=_TEXT    G=(none)   M=D:\DEVEL\XHARBOUR_BCC7\LIB\COMMON.LIB|hbgete ACBP=A9
 0001:000F8268 000005CA C=CODE    S=_TEXT    G=(none)   M=D:\DEVEL\XHARBOUR_BCC7\LIB\COMMON.LIB|hbmem ACBP=A9
 0001:000F8834 0000169E C=CODE    S=_TEXT    G=(none)   M=D:\DEVEL\XHARBOUR_BCC7\LIB\COMMON.LIB|hbstr ACBP=A9
 0001:000F9ED4 00001AA1 C=CODE    S=_TEXT    G=(none)   M=D:\DEVEL\XHARBOUR_BCC7\LIB\COMMON.LIB|hbprintf ACBP=A9
 0001:000FB978 00000226 C=CODE    S=_TEXT    G=(none)   M=D:\DEVEL\XHARBOUR_BCC7\LIB\COMMON.LIB|hbtrace ACBP=A9
 0001:000FBBA0 00001056 C=CODE    S=_TEXT    G=(none)   M=D:\DEVEL\XHARBOUR_BCC7\LIB\COMMON.LIB|hbver ACBP=A9
 0001:000FCBF8 00000B1A C=CODE    S=_TEXT    G=(none)   M=D:\DEVEL\XHARBOUR_BCC7\LIB\COMMON.LIB|expropt1 ACBP=A9
 0001:000FD714 00001645 C=CODE    S=_TEXT    G=(none)   M=D:\DEVEL\XHARBOUR_BCC7\LIB\COMMON.LIB|expropt2 ACBP=A9
 0001:000FED5C 00000060 C=CODE    S=_TEXT    G=(none)   M=D:\DEVEL\XHARBOUR_BCC7\LIB\COMMON.LIB|reserved ACBP=A9
 0001:000FEDBC 00001919 C=CODE    S=_TEXT    G=(none)   M=D:\DEVEL\XHARBOUR_BCC7\LIB\COMMON.LIB|hbdate ACBP=A9
 0001:001006D8 00000181 C=CODE    S=_TEXT    G=(none)   M=D:\DEVEL\XHARBOUR_BCC7\LIB\COMMON.LIB|hbwince ACBP=A9
 0001:0010085C 00000010 C=CODE    S=_TEXT    G=(none)   M=D:\DEVEL\XHARBOUR_BCC7\LIB\LANG.LIB|msgen ACBP=A9
 0001:0010086C 00000010 C=CODE    S=_TEXT    G=(none)   M=D:\DEVEL\XHARBOUR_BCC7\LIB\LANG.LIB|msgpt ACBP=A9
 0001:0010087C 000037F3 C=CODE    S=_TEXT    G=(none)   M=D:\DEVEL\XHARBOUR_BCC7\LIB\RDD.LIB|dbcmd ACBP=A9
 0001:00104070 00000C62 C=CODE    S=_TEXT    G=(none)   M=D:\DEVEL\XHARBOUR_BCC7\LIB\RDD.LIB|dbcmd53 ACBP=A9
 0001:00104CD4 000025FE C=CODE    S=_TEXT    G=(none)   M=D:\DEVEL\XHARBOUR_BCC7\LIB\RDD.LIB|workarea ACBP=A9
 0001:001072D4 0000086B C=CODE    S=_TEXT    G=(none)   M=D:\DEVEL\XHARBOUR_BCC7\LIB\RDD.LIB|wacore ACBP=A9
 0001:00107B40 000014B3 C=CODE    S=_TEXT    G=(none)   M=D:\DEVEL\XHARBOUR_BCC7\LIB\RDD.LIB|wafunc ACBP=A9
 0001:00108FF4 00008504 C=CODE    S=_TEXT    G=(none)   M=D:\DEVEL\XHARBOUR_BCC7\LIB\RDD.LIB|dbf1 ACBP=A9
 0001:001114F8 000006AB C=CODE    S=_TEXT    G=(none)   M=D:\DEVEL\XHARBOUR_BCC7\LIB\RDD.LIB|hbdbsort ACBP=A9
 0001:00111BA4 000000D8 C=CODE    S=_TEXT    G=(none)   M=D:\DEVEL\XHARBOUR_BCC7\LIB\RDD.LIB|rddord ACBP=A9
 0001:00111C7C 0000004C C=CODE    S=_TEXT    G=(none)   M=D:\DEVEL\XHARBOUR_BCC7\LIB\RDD.LIB|rddsys ACBP=A9
 0001:00111CC8 0000ABE4 C=CODE    S=_TEXT    G=(none)   M=D:\DEVEL\XHARBOUR_BCC7\LIB\DBFNTX.LIB|dbfntx1 ACBP=A9
 0001:0011C8AC 0000DA54 C=CODE    S=_TEXT    G=(none)   M=D:\DEVEL\XHARBOUR_BCC7\LIB\DBFCDX.LIB|dbfcdx1 ACBP=A9
 0001:0012A300 000076A4 C=CODE    S=_TEXT    G=(none)   M=D:\DEVEL\XHARBOUR_BCC7\LIB\DBFFPT.LIB|dbffpt1 ACBP=A9
 0001:001319A4 00007DF8 C=CODE    S=_TEXT    G=(none)   M=D:\DEVEL\XHARBOUR_BCC7\LIB\PCREPOS.LIB|pcre_compile ACBP=A9
 0001:0013979C 0000B8A8 C=CODE    S=_TEXT    G=(none)   M=D:\DEVEL\XHARBOUR_BCC7\LIB\PCREPOS.LIB|pcre_exec ACBP=A9
 0001:00145044 0000025E C=CODE    S=_TEXT    G=(none)   M=D:\DEVEL\XHARBOUR_BCC7\LIB\PCREPOS.LIB|pcre_fullinfo ACBP=A9
 0001:001452A4 000003E6 C=CODE    S=_TEXT    G=(none)   M=D:\DEVEL\XHARBOUR_BCC7\LIB\PCREPOS.LIB|pcre_newline ACBP=A9
 0001:0014568C 0000004F C=CODE    S=_TEXT    G=(none)   M=D:\DEVEL\XHARBOUR_BCC7\LIB\PCREPOS.LIB|pcre_ord2utf8 ACBP=A9
 0001:001456DC 00000474 C=CODE    S=_TEXT    G=(none)   M=D:\DEVEL\XHARBOUR_BCC7\LIB\PCREPOS.LIB|pcre_valid_utf8 ACBP=A9
 0001:00145B50 00000016 C=CODE    S=_TEXT    G=(none)   M=D:\DEVEL\XHARBOUR_BCC7\LIB\PCREPOS.LIB|pcre_version ACBP=A9
 0001:00145B68 00000411 C=CODE    S=_TEXT    G=(none)   M=D:\DEVEL\XHARBOUR_BCC7\LIB\PCREPOS.LIB|pcre_xclass ACBP=A9
 0001:00145F7C 000003C5 C=CODE    S=_TEXT    G=(none)   M=D:\DEVEL\XHARBOUR_BCC7\LIB\PCREPOS.LIB|pcreposix ACBP=A9
 0001:00146344 000003BF C=CODE    S=_TEXT    G=(none)   M=D:\DEVEL\XHARBOUR_BCC7\LIB\HBSIX.LIB|sxcrypt ACBP=A9
 0001:00146704 000000F8 C=CODE    S=_TEXT    G=(none)   M=D:\DEVEL\XHARBOUR_BCC7\LIB\HBSIX.LIB|sxdate ACBP=A9
 0001:001467FC 000002A2 C=CODE    S=_TEXT    G=(none)   M=D:\DEVEL\XHARBOUR_BCC7\LIB\CT.LIB|ctc ACBP=A9
 0001:00146AA0 00000105 C=CODE    S=_TEXT    G=(none)   M=D:\DEVEL\XHARBOUR_BCC7\LIB\CT.LIB|ctmath ACBP=A9
 0001:00146BA8 000004FD C=CODE    S=_TEXT    G=(none)   M=D:\DEVEL\XHARBOUR_BCC7\LIB\CT.LIB|ctstr ACBP=A9
 0001:001470A8 00000B94 C=CODE    S=_TEXT    G=(none)   M=D:\DEVEL\XHARBOUR_BCC7\LIB\CT.LIB|dattime2 ACBP=A9
 0001:00147C3C 00000481 C=CODE    S=_TEXT    G=(none)   M=D:\DEVEL\XHARBOUR_BCC7\LIB\CT.LIB|disk ACBP=A9
 0001:001480C0 00000885 C=CODE    S=_TEXT    G=(none)   M=D:\DEVEL\XHARBOUR_BCC7\LIB\CT.LIB|files ACBP=A9
 0001:00148948 0000054B C=CODE    S=_TEXT    G=(none)   M=D:\DEVEL\XHARBOUR_BCC7\LIB\CT.LIB|strfile ACBP=A9
 0001:00148E94 00000EF4 C=CODE    S=_TEXT    G=(none)   M=D:\DEVEL\XHARBOUR_BCC7\LIB\CT.LIB|trig ACBP=A9
 0001:00149D88 000002FF C=CODE    S=_TEXT    G=(none)   M=D:\DEVEL\XHARBOUR_BCC7\LIB\CT.LIB|dattime3 ACBP=A9
 0001:0014A088 00000114 C=CODE    S=_TEXT    G=(none)   M=D:\DEVEL\XHARBOUR_BCC7\LIB\CT.LIB|diskutil ACBP=A9
 0001:0014A19C 00000074 C=CODE    S=_TEXT    G=(none)   M=D:\DEVEL\XHARBOUR_BCC7\LIB\CT.LIB|cttime ACBP=A9
 0001:0014A210 00000074 C=CODE    S=_TEXT    G=(none)   M=D:\DEVEL\XHARBOUR_BCC7\LIB\CT.LIB|util ACBP=A9
 0001:0014A284 00000377 C=CODE    S=_TEXT    G=(none)   M=D:\DEVEL\XHARBOUR_BCC7\LIB\ZLIB.LIB|adler32 ACBP=A9
 0001:0014A5FC 000000E4 C=CODE    S=_TEXT    G=(none)   M=D:\DEVEL\XHARBOUR_BCC7\LIB\ZLIB.LIB|compress ACBP=A9
 0001:0014A6E0 0000091F C=CODE    S=_TEXT    G=(none)   M=D:\DEVEL\XHARBOUR_BCC7\LIB\ZLIB.LIB|crc32 ACBP=A9
 0001:0014B000 00002605 C=CODE    S=_TEXT    G=(none)   M=D:\DEVEL\XHARBOUR_BCC7\LIB\ZLIB.LIB|deflate ACBP=A9
 0001:0014D608 00000495 C=CODE    S=_TEXT    G=(none)   M=D:\DEVEL\XHARBOUR_BCC7\LIB\ZLIB.LIB|inffast ACBP=A9
 0001:0014DAA0 00001D89 C=CODE    S=_TEXT    G=(none)   M=D:\DEVEL\XHARBOUR_BCC7\LIB\ZLIB.LIB|inflate ACBP=A9
 0001:0014F82C 00000429 C=CODE    S=_TEXT    G=(none)   M=D:\DEVEL\XHARBOUR_BCC7\LIB\ZLIB.LIB|inftrees ACBP=A9
 0001:0014FC58 00001CE7 C=CODE    S=_TEXT    G=(none)   M=D:\DEVEL\XHARBOUR_BCC7\LIB\ZLIB.LIB|trees ACBP=A9
 0001:00151940 000000B1 C=CODE    S=_TEXT    G=(none)   M=D:\DEVEL\XHARBOUR_BCC7\LIB\ZLIB.LIB|uncompr ACBP=A9
 0001:001519F4 000000EF C=CODE    S=_TEXT    G=(none)   M=D:\DEVEL\XHARBOUR_BCC7\LIB\ZLIB.LIB|zutil ACBP=A9
 0001:00151AE4 00000028 C=CODE    S=_TEXT    G=(none)   M=D:\DEVEL\BCC72\LIB\CW32.LIB|delaop ACBP=A9
 0001:00151B0C 0000002E C=CODE    S=_TEXT    G=(none)   M=D:\DEVEL\BCC72\LIB\CW32.LIB|delop ACBP=A9
 0001:00151B3C 0000004E C=CODE    S=_TEXT    G=(none)   M=D:\DEVEL\BCC72\LIB\CW32.LIB|exceptio ACBP=A9
 0001:00151B71 00000099 C=CODE    S=_TEXT    G=(none)   M=D:\DEVEL\BCC72\LIB\CW32.LIB|gccex ACBP=A9
 0001:00151BBE 000005CE C=CODE    S=_TEXT    G=(none)   M=D:\DEVEL\BCC72\LIB\CW32.LIB|inst ACBP=A9
 0001:00152164 0000245C C=CODE    S=_TEXT    G=(none)   M=D:\DEVEL\BCC72\LIB\CW32.LIB|ios ACBP=A9
 0001:00154598 000049C2 C=CODE    S=_TEXT    G=(none)   M=D:\DEVEL\BCC72\LIB\CW32.LIB|iostream ACBP=A9
 0001:00158F34 000002EF C=CODE    S=_TEXT    G=(none)   M=D:\DEVEL\BCC72\LIB\CW32.LIB|dwlocale ACBP=A9
 0001:001591FC 00002106 C=CODE    S=_TEXT    G=(none)   M=D:\DEVEL\BCC72\LIB\CW32.LIB|locale0 ACBP=A9
 0001:0015B302 00000019 C=CODE    S=_TEXT    G=(none)   M=D:\DEVEL\BCC72\LIB\CW32.LIB|new ACBP=A9
 0001:0015B304 00000074 C=CODE    S=_TEXT    G=(none)   M=D:\DEVEL\BCC72\LIB\CW32.LIB|newaop ACBP=A9
 0001:0015B32C 0000011E C=CODE    S=_TEXT    G=(none)   M=D:\DEVEL\BCC72\LIB\CW32.LIB|newop ACBP=A9
 0001:0015B427 00000EB1 C=CODE    S=_TEXT    G=(none)   M=D:\DEVEL\BCC72\LIB\CW32.LIB|string ACBP=A9
 0001:0015C2B0 000043B1 C=CODE    S=_TEXT    G=(none)   M=D:\DEVEL\BCC72\LIB\CW32.LIB|wiostrea ACBP=A9
 0001:00160639 000000D4 C=CODE    S=_TEXT    G=(none)   M=D:\DEVEL\BCC72\LIB\CW32.LIB|xlocinfo ACBP=A9
 0001:00160710 00000110 C=CODE    S=_TEXT    G=(none)   M=D:\DEVEL\BCC72\LIB\CW32.LIB|xstart ACBP=A9
 0001:00160820 00000027 C=CODE    S=_TEXT    G=(none)   M=D:\DEVEL\BCC72\LIB\CW32.LIB|wchar ACBP=A9
 0001:00160848 0000014B C=CODE    S=_TEXT    G=(none)   M=D:\DEVEL\BCC72\LIB\CW32.LIB|hrdir_b ACBP=A9
 0001:00160994 00000020 C=CODE    S=_TEXT    G=(none)   M=D:\DEVEL\BCC72\LIB\CW32.LIB|hrdir_mf ACBP=A9
 0001:001609B4 000000DC C=CODE    S=_TEXT    G=(none)   M=D:\DEVEL\BCC72\LIB\CW32.LIB|hrdir_s ACBP=A9
 0001:00160A90 00000001 C=CODE    S=_TEXT    G=(none)   M=D:\DEVEL\BCC72\LIB\CW32.LIB|hrdir_us ACBP=A9
 0001:00160A94 00000DC2 C=CODE    S=_TEXT    G=(none)   M=D:\DEVEL\BCC72\LIB\CW32.LIB|_fastmm ACBP=A9
 0001:00161858 00000B42 C=CODE    S=_TEXT    G=(none)   M=D:\DEVEL\BCC72\LIB\CW32.LIB|_fastmma ACBP=A9
 0001:0016239C 0000004A C=CODE    S=_TEXT    G=(none)   M=D:\DEVEL\BCC72\LIB\CW32.LIB|heap ACBP=A9
 0001:001623E8 00000065 C=CODE    S=_TEXT    G=(none)   M=D:\DEVEL\BCC72\LIB\CW32.LIB|realloc ACBP=A9
 0001:00162450 00000001 C=CODE    S=_TEXT    G=(none)   M=D:\DEVEL\BCC72\LIB\CW32.LIB|crtlst_i ACBP=A9
 0001:00162454 00000001 C=CODE    S=_TEXT    G=(none)   M=D:\DEVEL\BCC72\LIB\CW32.LIB|crtlst_l ACBP=A9
 0001:00162458 00000032 C=CODE    S=_TEXT    G=(none)   M=D:\DEVEL\BCC72\LIB\CW32.LIB|strdup ACBP=A9
 0001:0016248C 000000A3 C=CODE    S=_TEXT    G=(none)   M=D:\DEVEL\BCC72\LIB\CW32.LIB|strerror ACBP=A9
 0001:00162530 0000004F C=CODE    S=_TEXT    G=(none)   M=D:\DEVEL\BCC72\LIB\CW32.LIB|strncpy ACBP=A9
 0001:00162580 0000002D C=CODE    S=_TEXT    G=(none)   M=D:\DEVEL\BCC72\LIB\CW32.LIB|strpbrk ACBP=A9
 0001:001625B0 00000029 C=CODE    S=_TEXT    G=(none)   M=D:\DEVEL\BCC72\LIB\CW32.LIB|strrchr ACBP=A9
 0001:001625DC 00000060 C=CODE    S=_TEXT    G=(none)   M=D:\DEVEL\BCC72\LIB\CW32.LIB|strstr ACBP=A9
 0001:0016263C 0000003F C=CODE    S=_TEXT    G=(none)   M=D:\DEVEL\BCC72\LIB\CW32.LIB|wcscpy ACBP=A9
 0001:0016267C 00000018 C=CODE    S=_TEXT    G=(none)   M=D:\DEVEL\BCC72\LIB\CW32.LIB|wcslen ACBP=A9
 0001:00162694 00000014 C=CODE    S=_TEXT    G=(none)   M=D:\DEVEL\BCC72\LIB\CW32.LIB|__memchr ACBP=A9
 0001:001626A8 0000000A C=CODE    S=_TEXT    G=(none)   M=D:\DEVEL\BCC72\LIB\CW32.LIB|__strstr ACBP=A9
 0001:001626B4 00000037 C=CODE    S=_TEXT    G=(none)   M=D:\DEVEL\BCC72\LIB\CW32.LIB|_stpcpy ACBP=A9
 0001:001626EC 00000055 C=CODE    S=_TEXT    G=(none)   M=D:\DEVEL\BCC72\LIB\CW32.LIB|memchr ACBP=A9
 0001:00162744 0000006C C=CODE    S=_TEXT    G=(none)   M=D:\DEVEL\BCC72\LIB\CW32.LIB|memcmp ACBP=A9
 0001:001627B0 00000016 C=CODE    S=_TEXT    G=(none)   M=D:\DEVEL\BCC72\LIB\CW32.LIB|memcpy ACBP=A9
 0001:001627C8 00000117 C=CODE    S=_TEXT    G=(none)   M=D:\DEVEL\BCC72\LIB\CW32.LIB|memmove ACBP=A9
 0001:001628E0 000000B3 C=CODE    S=_TEXT    G=(none)   M=D:\DEVEL\BCC72\LIB\CW32.LIB|memset ACBP=A9
 0001:00162994 0000005D C=CODE    S=_TEXT    G=(none)   M=D:\DEVEL\BCC72\LIB\CW32.LIB|strcat ACBP=A9
 0001:001629F4 0000004E C=CODE    S=_TEXT    G=(none)   M=D:\DEVEL\BCC72\LIB\CW32.LIB|strchr ACBP=A9
 0001:00162A44 0000004D C=CODE    S=_TEXT    G=(none)   M=D:\DEVEL\BCC72\LIB\CW32.LIB|strcmp ACBP=A9
 0001:00162A94 00000049 C=CODE    S=_TEXT    G=(none)   M=D:\DEVEL\BCC72\LIB\CW32.LIB|strcpy ACBP=A9
 0001:00162AE0 0000005A C=CODE    S=_TEXT    G=(none)   M=D:\DEVEL\BCC72\LIB\CW32.LIB|strlen ACBP=A9
 0001:00162B3C 0000007A C=CODE    S=_TEXT    G=(none)   M=D:\DEVEL\BCC72\LIB\CW32.LIB|strncat ACBP=A9
 0001:00162BB8 0000005F C=CODE    S=_TEXT    G=(none)   M=D:\DEVEL\BCC72\LIB\CW32.LIB|strncmp ACBP=A9
 0001:00162C18 00000071 C=CODE    S=_TEXT    G=(none)   M=D:\DEVEL\BCC72\LIB\CW32.LIB|wmemchr ACBP=A9
 0001:00162C8C 0000001C C=CODE    S=_TEXT    G=(none)   M=D:\DEVEL\BCC72\LIB\CW32.LIB|wmemcpy ACBP=A9
 0001:00162CA8 000000DF C=CODE    S=_TEXT    G=(none)   M=D:\DEVEL\BCC72\LIB\CW32.LIB|wmemset ACBP=A9
 0001:00162D88 00000040 C=CODE    S=_TEXT    G=(none)   M=D:\DEVEL\BCC72\LIB\CW32.LIB|__access ACBP=A9
 0001:00162DC8 00000063 C=CODE    S=_TEXT    G=(none)   M=D:\DEVEL\BCC72\LIB\CW32.LIB|__close ACBP=A9
 0001:00162E2C 00000013 C=CODE    S=_TEXT    G=(none)   M=D:\DEVEL\BCC72\LIB\CW32.LIB|__dup ACBP=A9
 0001:00162E40 000000EF C=CODE    S=_TEXT    G=(none)   M=D:\DEVEL\BCC72\LIB\CW32.LIB|__dup2 ACBP=A9
 0001:00162F30 00000086 C=CODE    S=_TEXT    G=(none)   M=D:\DEVEL\BCC72\LIB\CW32.LIB|__eof ACBP=A9
 0001:00162FB8 00000123 C=CODE    S=_TEXT    G=(none)   M=D:\DEVEL\BCC72\LIB\CW32.LIB|__ftrunc ACBP=A9
 0001:001630DC 00000047 C=CODE    S=_TEXT    G=(none)   M=D:\DEVEL\BCC72\LIB\CW32.LIB|__isatty ACBP=A9
 0001:00163124 00000076 C=CODE    S=_TEXT    G=(none)   M=D:\DEVEL\BCC72\LIB\CW32.LIB|__lseek ACBP=A9
 0001:0016319C 00000214 C=CODE    S=_TEXT    G=(none)   M=D:\DEVEL\BCC72\LIB\CW32.LIB|__open ACBP=A9
 0001:001633B0 0000019A C=CODE    S=_TEXT    G=(none)   M=D:\DEVEL\BCC72\LIB\CW32.LIB|__read ACBP=A9
 0001:0016354C 000001DD C=CODE    S=_TEXT    G=(none)   M=D:\DEVEL\BCC72\LIB\CW32.LIB|__wread ACBP=A9
 0001:0016372C 0000011C C=CODE    S=_TEXT    G=(none)   M=D:\DEVEL\BCC72\LIB\CW32.LIB|__write ACBP=A9
 0001:00163848 00000011 C=CODE    S=_TEXT    G=(none)   M=D:\DEVEL\BCC72\LIB\CW32.LIB|_cfinfo ACBP=A9
 0001:0016385C 0000001F C=CODE    S=_TEXT    G=(none)   M=D:\DEVEL\BCC72\LIB\CW32.LIB|_close ACBP=A9
 0001:0016387C 0000003D C=CODE    S=_TEXT    G=(none)   M=D:\DEVEL\BCC72\LIB\CW32.LIB|_commit ACBP=A9
 0001:001638BC 00000075 C=CODE    S=_TEXT    G=(none)   M=D:\DEVEL\BCC72\LIB\CW32.LIB|_read ACBP=A9
 0001:00163931 00000017 C=CODE    S=_TEXT    G=(none)   M=D:\DEVEL\BCC72\LIB\CW32.LIB|_umask ACBP=A9
 0001:00163934 00000061 C=CODE    S=_TEXT    G=(none)   M=D:\DEVEL\BCC72\LIB\CW32.LIB|_write ACBP=A9
 0001:00163998 0000007D C=CODE    S=_TEXT    G=(none)   M=D:\DEVEL\BCC72\LIB\CW32.LIB|allocbuf ACBP=A9
 0001:00163A18 0000008F C=CODE    S=_TEXT    G=(none)   M=D:\DEVEL\BCC72\LIB\CW32.LIB|chdir ACBP=A9
 0001:00163AA8 0000009C C=CODE    S=_TEXT    G=(none)   M=D:\DEVEL\BCC72\LIB\CW32.LIB|chdrive ACBP=A9
 0001:00163B44 0000008E C=CODE    S=_TEXT    G=(none)   M=D:\DEVEL\BCC72\LIB\CW32.LIB|fclose ACBP=A9
 0001:00163BD4 0000007F C=CODE    S=_TEXT    G=(none)   M=D:\DEVEL\BCC72\LIB\CW32.LIB|fflush ACBP=A9
 0001:00163C54 0000001E C=CODE    S=_TEXT    G=(none)   M=D:\DEVEL\BCC72\LIB\CW32.LIB|fgetpos ACBP=A9
 0001:00163C74 0000005A C=CODE    S=_TEXT    G=(none)   M=D:\DEVEL\BCC72\LIB\CW32.LIB|flushout ACBP=A9
 0001:00163CD0 00000023 C=CODE    S=_TEXT    G=(none)   M=D:\DEVEL\BCC72\LIB\CW32.LIB|fmodeptr ACBP=A9
 0001:00163CF4 0000021B C=CODE    S=_TEXT    G=(none)   M=D:\DEVEL\BCC72\LIB\CW32.LIB|fopen ACBP=A9
 0001:00163F10 00000022 C=CODE    S=_TEXT    G=(none)   M=D:\DEVEL\BCC72\LIB\CW32.LIB|fprintf ACBP=A9
 0001:00163F34 000000DC C=CODE    S=_TEXT    G=(none)   M=D:\DEVEL\BCC72\LIB\CW32.LIB|fputn ACBP=A9
 0001:00164010 00000167 C=CODE    S=_TEXT    G=(none)   M=D:\DEVEL\BCC72\LIB\CW32.LIB|fread ACBP=A9
 0001:00164178 0000014C C=CODE    S=_TEXT    G=(none)   M=D:\DEVEL\BCC72\LIB\CW32.LIB|fseek ACBP=A9
 0001:001642C4 00000019 C=CODE    S=_TEXT    G=(none)   M=D:\DEVEL\BCC72\LIB\CW32.LIB|fsetpos ACBP=A9
 0001:001642E0 000000DB C=CODE    S=_TEXT    G=(none)   M=D:\DEVEL\BCC72\LIB\CW32.LIB|fullpath ACBP=A9
 0001:001643BC 00000031 C=CODE    S=_TEXT    G=(none)   M=D:\DEVEL\BCC72\LIB\CW32.LIB|fwrite ACBP=A9
 0001:001643F0 00000148 C=CODE    S=_TEXT    G=(none)   M=D:\DEVEL\BCC72\LIB\CW32.LIB|getdcwd ACBP=A9
 0001:00164538 000002B9 C=CODE    S=_TEXT    G=(none)   M=D:\DEVEL\BCC72\LIB\CW32.LIB|handles ACBP=A9
 0001:001647F4 0000007E C=CODE    S=_TEXT    G=(none)   M=D:\DEVEL\BCC72\LIB\CW32.LIB|ioerror ACBP=A9
 0001:00164874 000001A6 C=CODE    S=_TEXT    G=(none)   M=D:\DEVEL\BCC72\LIB\CW32.LIB|lgetc ACBP=A9
 0001:00164A1C 000001A8 C=CODE    S=_TEXT    G=(none)   M=D:\DEVEL\BCC72\LIB\CW32.LIB|lgetwc ACBP=A9
 0001:00164BC4 0000011A C=CODE    S=_TEXT    G=(none)   M=D:\DEVEL\BCC72\LIB\CW32.LIB|lputc ACBP=A9
 0001:00164CE0 00000144 C=CODE    S=_TEXT    G=(none)   M=D:\DEVEL\BCC72\LIB\CW32.LIB|lputwc ACBP=A9
 0001:00164E24 00000091 C=CODE    S=_TEXT    G=(none)   M=D:\DEVEL\BCC72\LIB\CW32.LIB|mkname ACBP=A9
 0001:00164EB8 0000006D C=CODE    S=_TEXT    G=(none)   M=D:\DEVEL\BCC72\LIB\CW32.LIB|oshandle ACBP=A9
 0001:00164F25 00000083 C=CODE    S=_TEXT    G=(none)   M=D:\DEVEL\BCC72\LIB\CW32.LIB|perror ACBP=A9
 0001:00164F28 00000023 C=CODE    S=_TEXT    G=(none)   M=D:\DEVEL\BCC72\LIB\CW32.LIB|printf ACBP=A9
 0001:00164F4C 00000832 C=CODE    S=_TEXT    G=(none)   M=D:\DEVEL\BCC72\LIB\CW32.LIB|scanner ACBP=A9
 0001:00165780 00000284 C=CODE    S=_TEXT    G=(none)   M=D:\DEVEL\BCC72\LIB\CW32.LIB|scn2i64 ACBP=A9
 0001:00165A04 0000006E C=CODE    S=_TEXT    G=(none)   M=D:\DEVEL\BCC72\LIB\CW32.LIB|setmode ACBP=A9
 0001:00165A74 0000004D C=CODE    S=_TEXT    G=(none)   M=D:\DEVEL\BCC72\LIB\CW32.LIB|setvbuf ACBP=A9
 0001:00165AC4 00000100 C=CODE    S=_TEXT    G=(none)   M=D:\DEVEL\BCC72\LIB\CW32.LIB|snprntf ACBP=A9
 0001:00165BC4 00000038 C=CODE    S=_TEXT    G=(none)   M=D:\DEVEL\BCC72\LIB\CW32.LIB|sopen ACBP=A9
 0001:00165BFC 000002CD C=CODE    S=_TEXT    G=(none)   M=D:\DEVEL\BCC72\LIB\CW32.LIB|splitpth ACBP=A9
 0001:00165ECC 00000078 C=CODE    S=_TEXT    G=(none)   M=D:\DEVEL\BCC72\LIB\CW32.LIB|sprintf ACBP=A9
 0001:00165F44 00000073 C=CODE    S=_TEXT    G=(none)   M=D:\DEVEL\BCC72\LIB\CW32.LIB|sscanf ACBP=A9
 0001:00165FB8 00000207 C=CODE    S=_TEXT    G=(none)   M=D:\DEVEL\BCC72\LIB\CW32.LIB|stat ACBP=A9
 0001:001661C0 00000101 C=CODE    S=_TEXT    G=(none)   M=D:\DEVEL\BCC72\LIB\CW32.LIB|streams ACBP=A9
 0001:001662C4 00000015 C=CODE    S=_TEXT    G=(none)   M=D:\DEVEL\BCC72\LIB\CW32.LIB|tell ACBP=A9
 0001:001662DC 00000052 C=CODE    S=_TEXT    G=(none)   M=D:\DEVEL\BCC72\LIB\CW32.LIB|ungetc ACBP=A9
 0001:00166330 0000005C C=CODE    S=_TEXT    G=(none)   M=D:\DEVEL\BCC72\LIB\CW32.LIB|ungetwc ACBP=A9
 0001:0016638C 0000001A C=CODE    S=_TEXT    G=(none)   M=D:\DEVEL\BCC72\LIB\CW32.LIB|unlink ACBP=A9
 0001:001663A8 0000025C C=CODE    S=_TEXT    G=(none)   M=D:\DEVEL\BCC72\LIB\CW32.LIB|utime ACBP=A9
 0001:00166604 00000022 C=CODE    S=_TEXT    G=(none)   M=D:\DEVEL\BCC72\LIB\CW32.LIB|vfprintf ACBP=A9
 0001:00166628 00000A98 C=CODE    S=_TEXT    G=(none)   M=D:\DEVEL\BCC72\LIB\CW32.LIB|vprinter ACBP=A9
 0001:001670C0 0000001A C=CODE    S=_TEXT    G=(none)   M=D:\DEVEL\BCC72\LIB\CW32.LIB|wunlink ACBP=A9
 0001:001670DC 0000002E C=CODE    S=_TEXT    G=(none)   M=D:\DEVEL\BCC72\LIB\CW32.LIB|xfclose ACBP=A9
 0001:0016710C 00000027 C=CODE    S=_TEXT    G=(none)   M=D:\DEVEL\BCC72\LIB\CW32.LIB|xfflush ACBP=A9
 0001:00167134 00000008 C=CODE    S=_TEXT    G=(none)   M=D:\DEVEL\BCC72\LIB\CW32.LIB|_stat ACBP=A9
 0001:0016713C 00000008 C=CODE    S=_TEXT    G=(none)   M=D:\DEVEL\BCC72\LIB\CW32.LIB|access ACBP=A9
 0001:00167144 00000008 C=CODE    S=_TEXT    G=(none)   M=D:\DEVEL\BCC72\LIB\CW32.LIB|chsize ACBP=A9
 0001:0016714C 00000008 C=CODE    S=_TEXT    G=(none)   M=D:\DEVEL\BCC72\LIB\CW32.LIB|close ACBP=A9
 0001:00167154 00000008 C=CODE    S=_TEXT    G=(none)   M=D:\DEVEL\BCC72\LIB\CW32.LIB|dup ACBP=A9
 0001:0016715C 00000008 C=CODE    S=_TEXT    G=(none)   M=D:\DEVEL\BCC72\LIB\CW32.LIB|lseek ACBP=A9
 0001:00167164 00000010 C=CODE    S=_TEXT    G=(none)   M=D:\DEVEL\BCC72\LIB\CW32.LIB|open ACBP=A9
 0001:00167174 00000008 C=CODE    S=_TEXT    G=(none)   M=D:\DEVEL\BCC72\LIB\CW32.LIB|read ACBP=A9
 0001:0016717C 00000010 C=CODE    S=_TEXT    G=(none)   M=D:\DEVEL\BCC72\LIB\CW32.LIB|remove ACBP=A9
 0001:0016718C 00000008 C=CODE    S=_TEXT    G=(none)   M=D:\DEVEL\BCC72\LIB\CW32.LIB|write ACBP=A9
 0001:00167194 00000006 C=CODE    S=_TEXT    G=(none)   M=D:\DEVEL\BCC72\LIB\CW32.LIB|cconv ACBP=A9
 0001:0016719C 000002CC C=CODE    S=_TEXT    G=(none)   M=D:\DEVEL\BCC72\LIB\CW32.LIB|convt ACBP=A9
 0001:00167468 0000006C C=CODE    S=_TEXT    G=(none)   M=D:\DEVEL\BCC72\LIB\CW32.LIB|getinfo ACBP=A9
 0001:001674D4 00000116 C=CODE    S=_TEXT    G=(none)   M=D:\DEVEL\BCC72\LIB\CW32.LIB|is ACBP=A9
 0001:001675EC 0000011B C=CODE    S=_TEXT    G=(none)   M=D:\DEVEL\BCC72\LIB\CW32.LIB|wis ACBP=A9
 0001:00167708 0000009F C=CODE    S=_TEXT    G=(none)   M=D:\DEVEL\BCC72\LIB\CW32.LIB|isctype ACBP=A9
 0001:001677A8 000000E6 C=CODE    S=_TEXT    G=(none)   M=D:\DEVEL\BCC72\LIB\CW32.LIB|iswctype ACBP=A9
 0001:00167890 0000118F C=CODE    S=_TEXT    G=(none)   M=D:\DEVEL\BCC72\LIB\CW32.LIB|locale ACBP=A9
 0001:00168A20 00000816 C=CODE    S=_TEXT    G=(none)   M=D:\DEVEL\BCC72\LIB\CW32.LIB|initcat ACBP=A9
 0001:00169238 000000DD C=CODE    S=_TEXT    G=(none)   M=D:\DEVEL\BCC72\LIB\CW32.LIB|lconv ACBP=A9
 0001:00169318 0000005A C=CODE    S=_TEXT    G=(none)   M=D:\DEVEL\BCC72\LIB\CW32.LIB|lstrcoll ACBP=A9
 0001:00169374 00000024 C=CODE    S=_TEXT    G=(none)   M=D:\DEVEL\BCC72\LIB\CW32.LIB|lstrlwr ACBP=A9
 0001:00169398 000000C0 C=CODE    S=_TEXT    G=(none)   M=D:\DEVEL\BCC72\LIB\CW32.LIB|ltolower ACBP=A9
 0001:00169458 000000C0 C=CODE    S=_TEXT    G=(none)   M=D:\DEVEL\BCC72\LIB\CW32.LIB|ltoupper ACBP=A9
 0001:00169518 00000681 C=CODE    S=_TEXT    G=(none)   M=D:\DEVEL\BCC72\LIB\CW32.LIB|mbyte1 ACBP=A9
 0001:00169B9C 00000252 C=CODE    S=_TEXT    G=(none)   M=D:\DEVEL\BCC72\LIB\CW32.LIB|mbrtowc ACBP=A9
 0001:00169DF0 00000016 C=CODE    S=_TEXT    G=(none)   M=D:\DEVEL\BCC72\LIB\CW32.LIB|lsetlocl ACBP=A9
 0001:00169E08 00000268 C=CODE    S=_TEXT    G=(none)   M=D:\DEVEL\BCC72\LIB\CW32.LIB|_ll ACBP=A9
 0001:0016A070 0000001D C=CODE    S=_TEXT    G=(none)   M=D:\DEVEL\BCC72\LIB\CW32.LIB|_finite ACBP=A9
 0001:0016A090 0000001E C=CODE    S=_TEXT    G=(none)   M=D:\DEVEL\BCC72\LIB\CW32.LIB|_finitel ACBP=A9
 0001:0016A0B0 0000002B C=CODE    S=_TEXT    G=(none)   M=D:\DEVEL\BCC72\LIB\CW32.LIB|_ftoul ACBP=A9
 0001:0016A0DC 00000045 C=CODE    S=_TEXT    G=(none)   M=D:\DEVEL\BCC72\LIB\CW32.LIB|_isnan ACBP=A9
 0001:0016A124 00000049 C=CODE    S=_TEXT    G=(none)   M=D:\DEVEL\BCC72\LIB\CW32.LIB|_isnanl ACBP=A9
 0001:0016A170 000000B0 C=CODE    S=_TEXT    G=(none)   M=D:\DEVEL\BCC72\LIB\CW32.LIB|_matherr ACBP=A9
 0001:0016A220 00000184 C=CODE    S=_TEXT    G=(none)   M=D:\DEVEL\BCC72\LIB\CW32.LIB|_pow10 ACBP=A9
 0001:0016A3A4 0000011C C=CODE    S=_TEXT    G=(none)   M=D:\DEVEL\BCC72\LIB\CW32.LIB|acosasin ACBP=A9
 0001:0016A4C0 0000000F C=CODE    S=_TEXT    G=(none)   M=D:\DEVEL\BCC72\LIB\CW32.LIB|atan ACBP=A9
 0001:0016A4D0 000000B3 C=CODE    S=_TEXT    G=(none)   M=D:\DEVEL\BCC72\LIB\CW32.LIB|atan2 ACBP=A9
 0001:0016A584 00000077 C=CODE    S=_TEXT    G=(none)   M=D:\DEVEL\BCC72\LIB\CW32.LIB|atol ACBP=A9
 0001:0016A5FC 0000001C C=CODE    S=_TEXT    G=(none)   M=D:\DEVEL\BCC72\LIB\CW32.LIB|ceil ACBP=A9
 0001:0016A618 00000013 C=CODE    S=_TEXT    G=(none)   M=D:\DEVEL\BCC72\LIB\CW32.LIB|clear87 ACBP=A9
 0001:0016A62C 0000003F C=CODE    S=_TEXT    G=(none)   M=D:\DEVEL\BCC72\LIB\CW32.LIB|cos ACBP=A9
 0001:0016A66C 0000006A C=CODE    S=_TEXT    G=(none)   M=D:\DEVEL\BCC72\LIB\CW32.LIB|cosh ACBP=A9
 0001:0016A6D8 0000002F C=CODE    S=_TEXT    G=(none)   M=D:\DEVEL\BCC72\LIB\CW32.LIB|ctrl87 ACBP=A9
 0001:0016A708 00000018 C=CODE    S=_TEXT    G=(none)   M=D:\DEVEL\BCC72\LIB\CW32.LIB|cvtentry ACBP=A9
 0001:0016A720 00000018 C=CODE    S=_TEXT    G=(none)   M=D:\DEVEL\BCC72\LIB\CW32.LIB|cvtfak ACBP=A9
 0001:0016A738 00000018 C=CODE    S=_TEXT    G=(none)   M=D:\DEVEL\BCC72\LIB\CW32.LIB|cvtfakw ACBP=A9
 0001:0016A750 00000016 C=CODE    S=_TEXT    G=(none)   M=D:\DEVEL\BCC72\LIB\CW32.LIB|div ACBP=A9
 0001:0016A768 0000006C C=CODE    S=_TEXT    G=(none)   M=D:\DEVEL\BCC72\LIB\CW32.LIB|exp ACBP=A9
 0001:0016A7D4 0000005F C=CODE    S=_TEXT    G=(none)   M=D:\DEVEL\BCC72\LIB\CW32.LIB|f87atan ACBP=A9
 0001:0016A834 000000D2 C=CODE    S=_TEXT    G=(none)   M=D:\DEVEL\BCC72\LIB\CW32.LIB|f87exp ACBP=A9
 0001:0016A908 00000048 C=CODE    S=_TEXT    G=(none)   M=D:\DEVEL\BCC72\LIB\CW32.LIB|f87log ACBP=A9
 0001:0016A950 0000004D C=CODE    S=_TEXT    G=(none)   M=D:\DEVEL\BCC72\LIB\CW32.LIB|fmod ACBP=A9
 0001:0016A9A0 00000016 C=CODE    S=_TEXT    G=(none)   M=D:\DEVEL\BCC72\LIB\CW32.LIB|fpreset ACBP=A9
 0001:0016A9B8 00000030 C=CODE    S=_TEXT    G=(none)   M=D:\DEVEL\BCC72\LIB\CW32.LIB|ftol ACBP=A9
 0001:0016A9E8 0000002D C=CODE    S=_TEXT    G=(none)   M=D:\DEVEL\BCC72\LIB\CW32.LIB|fuildq ACBP=A9
 0001:0016AA18 00000021 C=CODE    S=_TEXT    G=(none)   M=D:\DEVEL\BCC72\LIB\CW32.LIB|fuistq ACBP=A9
 0001:0016AA3C 00000011 C=CODE    S=_TEXT    G=(none)   M=D:\DEVEL\BCC72\LIB\CW32.LIB|fxam ACBP=A9
 0001:0016AA50 000000B1 C=CODE    S=_TEXT    G=(none)   M=D:\DEVEL\BCC72\LIB\CW32.LIB|int64toa ACBP=A9
 0001:0016AB04 0000011B C=CODE    S=_TEXT    G=(none)   M=D:\DEVEL\BCC72\LIB\CW32.LIB|ldtrunc ACBP=A9
 0001:0016AC20 0000006D C=CODE    S=_TEXT    G=(none)   M=D:\DEVEL\BCC72\LIB\CW32.LIB|log ACBP=A9
 0001:0016AC90 0000008F C=CODE    S=_TEXT    G=(none)   M=D:\DEVEL\BCC72\LIB\CW32.LIB|longtoa ACBP=A9
 0001:0016AD20 00000075 C=CODE    S=_TEXT    G=(none)   M=D:\DEVEL\BCC72\LIB\CW32.LIB|ltoa1 ACBP=A9
 0001:0016AD98 0000002E C=CODE    S=_TEXT    G=(none)   M=D:\DEVEL\BCC72\LIB\CW32.LIB|matherrl ACBP=A9
 0001:0016ADC8 00000016 C=CODE    S=_TEXT    G=(none)   M=D:\DEVEL\BCC72\LIB\CW32.LIB|mathptr ACBP=A9
 0001:0016ADE0 00000030 C=CODE    S=_TEXT    G=(none)   M=D:\DEVEL\BCC72\LIB\CW32.LIB|modf ACBP=A9
 0001:0016AE10 00000030 C=CODE    S=_TEXT    G=(none)   M=D:\DEVEL\BCC72\LIB\CW32.LIB|modfl ACBP=A9
 0001:0016AE40 000001DC C=CODE    S=_TEXT    G=(none)   M=D:\DEVEL\BCC72\LIB\CW32.LIB|pow ACBP=A9
 0001:0016B01C 00000025 C=CODE    S=_TEXT    G=(none)   M=D:\DEVEL\BCC72\LIB\CW32.LIB|qdiv10 ACBP=A9
 0001:0016B044 0000002E C=CODE    S=_TEXT    G=(none)   M=D:\DEVEL\BCC72\LIB\CW32.LIB|qmul10 ACBP=A9
 0001:0016B074 00000084 C=CODE    S=_TEXT    G=(none)   M=D:\DEVEL\BCC72\LIB\CW32.LIB|rand ACBP=A9
 0001:0016B0F8 000002F9 C=CODE    S=_TEXT    G=(none)   M=D:\DEVEL\BCC72\LIB\CW32.LIB|realcvt ACBP=A9
 0001:0016B3F4 00000331 C=CODE    S=_TEXT    G=(none)   M=D:\DEVEL\BCC72\LIB\CW32.LIB|realcvtw ACBP=A9
 0001:0016B728 0000002C C=CODE    S=_TEXT    G=(none)   M=D:\DEVEL\BCC72\LIB\CW32.LIB|round ACBP=A9
 0001:0016B754 000004E9 C=CODE    S=_TEXT    G=(none)   M=D:\DEVEL\BCC72\LIB\CW32.LIB|scantod ACBP=A9
 0001:0016BC40 000004F5 C=CODE    S=_TEXT    G=(none)   M=D:\DEVEL\BCC72\LIB\CW32.LIB|scanwtod ACBP=A9
 0001:0016C138 0000003F C=CODE    S=_TEXT    G=(none)   M=D:\DEVEL\BCC72\LIB\CW32.LIB|sin ACBP=A9
 0001:0016C178 00000095 C=CODE    S=_TEXT    G=(none)   M=D:\DEVEL\BCC72\LIB\CW32.LIB|sinh ACBP=A9
 0001:0016C210 0000003A C=CODE    S=_TEXT    G=(none)   M=D:\DEVEL\BCC72\LIB\CW32.LIB|sqrt ACBP=A9
 0001:0016C24C 00000041 C=CODE    S=_TEXT    G=(none)   M=D:\DEVEL\BCC72\LIB\CW32.LIB|tan ACBP=A9
 0001:0016C290 00000065 C=CODE    S=_TEXT    G=(none)   M=D:\DEVEL\BCC72\LIB\CW32.LIB|tanh ACBP=A9
 0001:0016C2F8 000002D8 C=CODE    S=_TEXT    G=(none)   M=D:\DEVEL\BCC72\LIB\CW32.LIB|xcvt ACBP=A9
 0001:0016C5D0 000002F7 C=CODE    S=_TEXT    G=(none)   M=D:\DEVEL\BCC72\LIB\CW32.LIB|xcvtw ACBP=A9
 0001:0016C8C8 0000006D C=CODE    S=_TEXT    G=(none)   M=D:\DEVEL\BCC72\LIB\CW32.LIB|mbbtype ACBP=A9
 0001:0016C938 0000014D C=CODE    S=_TEXT    G=(none)   M=D:\DEVEL\BCC72\LIB\CW32.LIB|mbctype ACBP=A9
 0001:0016CA88 0000003D C=CODE    S=_TEXT    G=(none)   M=D:\DEVEL\BCC72\LIB\CW32.LIB|mbisalp ACBP=A9
 0001:0016CAC8 0000001A C=CODE    S=_TEXT    G=(none)   M=D:\DEVEL\BCC72\LIB\CW32.LIB|mbisdgt ACBP=A9
 0001:0016CAE4 0000001A C=CODE    S=_TEXT    G=(none)   M=D:\DEVEL\BCC72\LIB\CW32.LIB|mbisspc ACBP=A9
 0001:0016CB00 0000002F C=CODE    S=_TEXT    G=(none)   M=D:\DEVEL\BCC72\LIB\CW32.LIB|mbsbtype ACBP=A9
 0001:0016CB30 00000052 C=CODE    S=_TEXT    G=(none)   M=D:\DEVEL\BCC72\LIB\CW32.LIB|mbschr ACBP=A9
 0001:0016CB84 00000055 C=CODE    S=_TEXT    G=(none)   M=D:\DEVEL\BCC72\LIB\CW32.LIB|mbsdec ACBP=A9
 0001:0016CBDC 0000009B C=CODE    S=_TEXT    G=(none)   M=D:\DEVEL\BCC72\LIB\CW32.LIB|mbsicmp ACBP=A9
 0001:0016CC78 00000054 C=CODE    S=_TEXT    G=(none)   M=D:\DEVEL\BCC72\LIB\CW32.LIB|mbsnbcpy ACBP=A9
 0001:0016CCCC 000000BF C=CODE    S=_TEXT    G=(none)   M=D:\DEVEL\BCC72\LIB\CW32.LIB|mbsnbicm ACBP=A9
 0001:0016CD8C 0000006C C=CODE    S=_TEXT    G=(none)   M=D:\DEVEL\BCC72\LIB\CW32.LIB|mbspbrk ACBP=A9
 0001:0016CDF8 00000058 C=CODE    S=_TEXT    G=(none)   M=D:\DEVEL\BCC72\LIB\CW32.LIB|mbsrchr ACBP=A9
 0001:0016CE50 0000001D C=CODE    S=_TEXT    G=(none)   M=D:\DEVEL\BCC72\LIB\CW32.LIB|mbtoupr ACBP=A9
 0001:0016CE70 000000A6 C=CODE    S=_TEXT    G=(none)   M=D:\DEVEL\BCC72\LIB\CW32.LIB|assert ACBP=A9
 0001:0016CF18 000000BA C=CODE    S=_TEXT    G=(none)   M=D:\DEVEL\BCC72\LIB\CW32.LIB|ermsghlp ACBP=A9
 0001:0016CFD4 00000006 C=CODE    S=_TEXT    G=(none)   M=D:\DEVEL\BCC72\LIB\CW32.LIB|errno ACBP=A9
 0001:0016CFDC 0000019F C=CODE    S=_TEXT    G=(none)   M=D:\DEVEL\BCC72\LIB\CW32.LIB|errormsg ACBP=A9
 0001:0016D17C 00000089 C=CODE    S=_TEXT    G=(none)   M=D:\DEVEL\BCC72\LIB\CW32.LIB|platform ACBP=A9
 0001:0016D205 00000013 C=CODE    S=_TEXT    G=(none)   M=D:\DEVEL\BCC72\LIB\CW32.LIB|pureerr ACBP=A9
 0001:0016D218 00000236 C=CODE    S=_TEXT    G=(none)   M=D:\DEVEL\BCC72\LIB\CW32.LIB|qsort ACBP=A9
 0001:0016D450 00000348 C=CODE    S=_TEXT    G=(none)   M=D:\DEVEL\BCC72\LIB\CW32.LIB|debug_wrapper ACBP=A9
 0001:0016D794 000000A6 C=CODE    S=_TEXT    G=(none)   M=D:\DEVEL\BCC72\LIB\CW32.LIB|abort ACBP=A9
 0001:0016D83C 0000011E C=CODE    S=_TEXT    G=(none)   M=D:\DEVEL\BCC72\LIB\CW32.LIB|__atexit ACBP=A9
 0001:0016D95C 00000047 C=CODE    S=_TEXT    G=(none)   M=D:\DEVEL\BCC72\LIB\CW32.LIB|__exit ACBP=A9
 0001:0016D9A4 00000065 C=CODE    S=_TEXT    G=(none)   M=D:\DEVEL\BCC72\LIB\CW32.LIB|exit ACBP=A9
 0001:0016DA0C 00000067 C=CODE    S=_TEXT    G=(none)   M=D:\DEVEL\BCC72\LIB\CW32.LIB|getenv ACBP=A9
 0001:0016DA74 0000001A C=CODE    S=_TEXT    G=(none)   M=D:\DEVEL\BCC72\LIB\CW32.LIB|initwild ACBP=A9
 0001:0016DA90 00000011 C=CODE    S=_TEXT    G=(none)   M=D:\DEVEL\BCC72\LIB\CW32.LIB|exparg ACBP=A9
 0001:0016DAA4 00000011 C=CODE    S=_TEXT    G=(none)   M=D:\DEVEL\BCC72\LIB\CW32.LIB|wexparg ACBP=A9
 0001:0016DAB8 00000027 C=CODE    S=_TEXT    G=(none)   M=D:\DEVEL\BCC72\LIB\CW32.LIB|initargv ACBP=A9
 0001:0016DAE0 0000016C C=CODE    S=_TEXT    G=(none)   M=D:\DEVEL\BCC72\LIB\CW32.LIB|setargv ACBP=A9
 0001:0016DC4C 00000224 C=CODE    S=_TEXT    G=(none)   M=D:\DEVEL\BCC72\LIB\CW32.LIB|hsargv ACBP=A9
 0001:0016DE70 0000026D C=CODE    S=_TEXT    G=(none)   M=D:\DEVEL\BCC72\LIB\CW32.LIB|whsargv ACBP=A9
 0001:0016E0E0 0000002D C=CODE    S=_TEXT    G=(none)   M=D:\DEVEL\BCC72\LIB\CW32.LIB|srchenv ACBP=A9
 0001:0016E110 000000F5 C=CODE    S=_TEXT    G=(none)   M=D:\DEVEL\BCC72\LIB\CW32.LIB|srchstr ACBP=A9
 0001:0016E208 00000045 C=CODE    S=_TEXT    G=(none)   M=D:\DEVEL\BCC72\LIB\CW32.LIB|setargv0 ACBP=A9
 0001:0016E250 00000663 C=CODE    S=_TEXT    G=(none)   M=D:\DEVEL\BCC72\LIB\CW32.LIB|loadprog ACBP=A9
 0001:0016E8B4 000001A0 C=CODE    S=_TEXT    G=(none)   M=D:\DEVEL\BCC72\LIB\CW32.LIB|setenvp ACBP=A9
 0001:0016EA54 000000E7 C=CODE    S=_TEXT    G=(none)   M=D:\DEVEL\BCC72\LIB\CW32.LIB|system ACBP=A9
 0001:0016EB3C 000002FA C=CODE    S=_TEXT    G=(none)   M=D:\DEVEL\BCC72\LIB\CW32.LIB|signal ACBP=A9
 0001:0016EE38 00000122 C=CODE    S=_TEXT    G=(none)   M=D:\DEVEL\BCC72\LIB\CW32.LIB|initexit ACBP=A9
 0001:0016EF5C 0000016C C=CODE    S=_TEXT    G=(none)   M=D:\DEVEL\BCC72\LIB\CW32.LIB|startup ACBP=A9
 0001:0016F0C8 0000004F C=CODE    S=_TEXT    G=(none)   M=D:\DEVEL\BCC72\LIB\CW32.LIB|tlsstat ACBP=A9
 0001:0016F118 000001DD C=CODE    S=_TEXT    G=(none)   M=D:\DEVEL\BCC72\LIB\CW32.LIB|gmtime ACBP=A9
 0001:0016F2F8 00000055 C=CODE    S=_TEXT    G=(none)   M=D:\DEVEL\BCC72\LIB\CW32.LIB|mktime ACBP=A9
 0001:0016F350 00000369 C=CODE    S=_TEXT    G=(none)   M=D:\DEVEL\BCC72\LIB\CW32.LIB|timefunc ACBP=A9
 0001:0016F6BC 00000006 C=CODE    S=_TEXT    G=(none)   M=D:\DEVEL\BCC72\LIB\CW32.LIB|tzdata ACBP=A9
 0001:0016F6C4 000001EE C=CODE    S=_TEXT    G=(none)   M=D:\DEVEL\BCC72\LIB\CW32.LIB|tzset ACBP=A9
 0001:0016F8B4 00000008 C=CODE    S=_TEXT    G=(none)   M=D:\DEVEL\BCC72\LIB\CW32.LIB|_tzset ACBP=A9
 0001:0016F8BC 00000156 C=CODE    S=_TEXT    G=(none)   M=D:\DEVEL\BCC72\LIB\CW32.LIB|statcvt ACBP=A9
 0001:0016FA14 0000004E C=CODE    S=_TEXT    G=(none)   M=D:\DEVEL\BCC72\LIB\CW32.LIB|time ACBP=A9
 0001:0016FA64 00000070 C=CODE    S=_TEXT    G=(none)   M=D:\DEVEL\BCC72\LIB\CW32.LIB|xxa ACBP=A9
 0001:0016FAD4 000008B9 C=CODE    S=_TEXT    G=(none)   M=D:\DEVEL\BCC72\LIB\CW32.LIB|xxtype ACBP=A9
 0001:00170357 0000005A C=CODE    S=_TEXT    G=(none)   M=D:\DEVEL\BCC72\LIB\CW32.LIB|xxut ACBP=A9
 0001:00170380 00000147 C=CODE    S=_TEXT    G=(none)   M=D:\DEVEL\BCC72\LIB\CW32.LIB|xxv ACBP=A9
 0001:001704C8 0000000A C=CODE    S=_TEXT    G=(none)   M=D:\DEVEL\BCC72\LIB\CW32.LIB|defhandl ACBP=A9
 0001:001704D4 00000195 C=CODE    S=_TEXT    G=(none)   M=D:\DEVEL\BCC72\LIB\CW32.LIB|except ACBP=A9
 0001:0017066C 00000046 C=CODE    S=_TEXT    G=(none)   M=D:\DEVEL\BCC72\LIB\CW32.LIB|setexc ACBP=A9
 0001:001706B4 00000031 C=CODE    S=_TEXT    G=(none)   M=D:\DEVEL\BCC72\LIB\CW32.LIB|ta ACBP=A9
 0001:001706E8 00001F44 C=CODE    S=_TEXT    G=(none)   M=D:\DEVEL\BCC72\LIB\CW32.LIB|xx ACBP=A9
 0002:00000000 000000C8 C=DATA    S=_DATA    G=DGROUP   M=D:\DEVEL\BCC72\LIB\C0W32.OBJ ACBP=A9
 0002:000000C8 00004A84 C=DATA    S=_DATA    G=DGROUP   M=C:\AULAS_XHARBOUR\SCM\OBJ72\SCM.OBJ ACBP=A9
 0002:00004B4C 00001578 C=DATA    S=_DATA    G=DGROUP   M=C:\AULAS_XHARBOUR\SCM\OBJ72\ATUALIZA.OBJ ACBP=A9
 0002:000060C4 00006380 C=DATA    S=_DATA    G=DGROUP   M=C:\AULAS_XHARBOUR\SCM\OBJ72\CADASTRO.OBJ ACBP=A9
 0002:0000C444 000010DC C=DATA    S=_DATA    G=DGROUP   M=C:\AULAS_XHARBOUR\SCM\OBJ72\CADSETOR.OBJ ACBP=A9
 0002:0000D520 000081BC C=DATA    S=_DATA    G=DGROUP   M=C:\AULAS_XHARBOUR\SCM\OBJ72\CARNE.OBJ ACBP=A9
 0002:000156DC 000012DC C=DATA    S=_DATA    G=DGROUP   M=C:\AULAS_XHARBOUR\SCM\OBJ72\ERRORSYS.OBJ ACBP=A9
 0002:000169B8 00002874 C=DATA    S=_DATA    G=DGROUP   M=C:\AULAS_XHARBOUR\SCM\OBJ72\PESQUISA.OBJ ACBP=A9
 0002:0001922C 000027B8 C=DATA    S=_DATA    G=DGROUP   M=C:\AULAS_XHARBOUR\SCM\OBJ72\RELATORIOS.OBJ ACBP=A9
 0002:0001B9E4 0000A898 C=DATA    S=_DATA    G=DGROUP   M=C:\AULAS_XHARBOUR\SCM\OBJ72\ROTINA.OBJ ACBP=A9
 0002:0002627C 00001CE0 C=DATA    S=_DATA    G=DGROUP   M=C:\AULAS_XHARBOUR\SCM\OBJ72\SCM001.OBJ ACBP=A9
 0002:00027F5C 000020E8 C=DATA    S=_DATA    G=DGROUP   M=C:\AULAS_XHARBOUR\SCM\OBJ72\SCM002.OBJ ACBP=A9
 0002:0002A044 000028DC C=DATA    S=_DATA    G=DGROUP   M=C:\AULAS_XHARBOUR\SCM\OBJ72\SCM003.OBJ ACBP=A9
 0002:0002C920 00001A10 C=DATA    S=_DATA    G=DGROUP   M=C:\AULAS_XHARBOUR\SCM\OBJ72\SCM004.OBJ ACBP=A9
 0002:0002E330 00000010 C=DATA    S=_DATA    G=DGROUP   M=C:\AULAS_XHARBOUR\DEVEL\HWGUI\LIB\HWGUI_XHB72.LIB|animat ACBP=A9
 0002:0002E340 00000044 C=DATA    S=_DATA    G=DGROUP   M=C:\AULAS_XHARBOUR\DEVEL\HWGUI\LIB\HWGUI_XHB72.LIB|commond ACBP=A9
 0002:0002E384 00000494 C=DATA    S=_DATA    G=DGROUP   M=C:\AULAS_XHARBOUR\DEVEL\HWGUI\LIB\HWGUI_XHB72.LIB|control ACBP=A9
 0002:0002E818 000000E8 C=DATA    S=_DATA    G=DGROUP   M=C:\AULAS_XHARBOUR\DEVEL\HWGUI\LIB\HWGUI_XHB72.LIB|dialog ACBP=A9
 0002:0002E900 00000024 C=DATA    S=_DATA    G=DGROUP   M=C:\AULAS_XHARBOUR\DEVEL\HWGUI\LIB\HWGUI_XHB72.LIB|draw ACBP=A9
 0002:0002E924 00002400 C=DATA    S=_DATA    G=DGROUP   M=C:\AULAS_XHARBOUR\DEVEL\HWGUI\LIB\HWGUI_XHB72.LIB|drawwidg ACBP=A9
 0002:00030D24 0000224C C=DATA    S=_DATA    G=DGROUP   M=C:\AULAS_XHARBOUR\DEVEL\HWGUI\LIB\HWGUI_XHB72.LIB|guimain ACBP=A9
 0002:00032F70 00000B80 C=DATA    S=_DATA    G=DGROUP   M=C:\AULAS_XHARBOUR\DEVEL\HWGUI\LIB\HWGUI_XHB72.LIB|hanimat ACBP=A9
 0002:00033AF0 00010B80 C=DATA    S=_DATA    G=DGROUP   M=C:\AULAS_XHARBOUR\DEVEL\HWGUI\LIB\HWGUI_XHB72.LIB|hbrowse ACBP=A9
 0002:00044670 00004968 C=DATA    S=_DATA    G=DGROUP   M=C:\AULAS_XHARBOUR\DEVEL\HWGUI\LIB\HWGUI_XHB72.LIB|hcombo ACBP=A9
 0002:00048FD8 00009B00 C=DATA    S=_DATA    G=DGROUP   M=C:\AULAS_XHARBOUR\DEVEL\HWGUI\LIB\HWGUI_XHB72.LIB|hcontrol ACBP=A9
 0002:00052AD8 00004A44 C=DATA    S=_DATA    G=DGROUP   M=C:\AULAS_XHARBOUR\DEVEL\HWGUI\LIB\HWGUI_XHB72.LIB|hcwindow ACBP=A9
 0002:0005751C 00001A7C C=DATA    S=_DATA    G=DGROUP   M=C:\AULAS_XHARBOUR\DEVEL\HWGUI\LIB\HWGUI_XHB72.LIB|hdatepic ACBP=A9
 0002:00058F98 0000171C C=DATA    S=_DATA    G=DGROUP   M=C:\AULAS_XHARBOUR\DEVEL\HWGUI\LIB\HWGUI_XHB72.LIB|hdc ACBP=A9
 0002:0005A6B4 00004258 C=DATA    S=_DATA    G=DGROUP   M=C:\AULAS_XHARBOUR\DEVEL\HWGUI\LIB\HWGUI_XHB72.LIB|hdialog ACBP=A9
 0002:0005E90C 00006E98 C=DATA    S=_DATA    G=DGROUP   M=C:\AULAS_XHARBOUR\DEVEL\HWGUI\LIB\HWGUI_XHB72.LIB|hedit ACBP=A9
 0002:000657A4 00002260 C=DATA    S=_DATA    G=DGROUP   M=C:\AULAS_XHARBOUR\DEVEL\HWGUI\LIB\HWGUI_XHB72.LIB|hhyper ACBP=A9
 0002:00067A04 00001620 C=DATA    S=_DATA    G=DGROUP   M=C:\AULAS_XHARBOUR\DEVEL\HWGUI\LIB\HWGUI_XHB72.LIB|hnice ACBP=A9
 0002:00069024 00002A9C C=DATA    S=_DATA    G=DGROUP   M=C:\AULAS_XHARBOUR\DEVEL\HWGUI\LIB\HWGUI_XHB72.LIB|hownbtn ACBP=A9
 0002:0006BAC0 00001B74 C=DATA    S=_DATA    G=DGROUP   M=C:\AULAS_XHARBOUR\DEVEL\HWGUI\LIB\HWGUI_XHB72.LIB|hpanel ACBP=A9
 0002:0006D634 00001238 C=DATA    S=_DATA    G=DGROUP   M=C:\AULAS_XHARBOUR\DEVEL\HWGUI\LIB\HWGUI_XHB72.LIB|hprogres ACBP=A9
 0002:0006E86C 00002554 C=DATA    S=_DATA    G=DGROUP   M=C:\AULAS_XHARBOUR\DEVEL\HWGUI\LIB\HWGUI_XHB72.LIB|hradio ACBP=A9
 0002:00070DC0 00001A70 C=DATA    S=_DATA    G=DGROUP   M=C:\AULAS_XHARBOUR\DEVEL\HWGUI\LIB\HWGUI_XHB72.LIB|hriched ACBP=A9
 0002:00072830 0000183C C=DATA    S=_DATA    G=DGROUP   M=C:\AULAS_XHARBOUR\DEVEL\HWGUI\LIB\HWGUI_XHB72.LIB|hsayimg ACBP=A9
 0002:0007406C 000013E0 C=DATA    S=_DATA    G=DGROUP   M=C:\AULAS_XHARBOUR\DEVEL\HWGUI\LIB\HWGUI_XHB72.LIB|hsplit ACBP=A9
 0002:0007544C 000053C8 C=DATA    S=_DATA    G=DGROUP   M=C:\AULAS_XHARBOUR\DEVEL\HWGUI\LIB\HWGUI_XHB72.LIB|htab ACBP=A9
 0002:0007A814 00000B34 C=DATA    S=_DATA    G=DGROUP   M=C:\AULAS_XHARBOUR\DEVEL\HWGUI\LIB\HWGUI_XHB72.LIB|htimer ACBP=A9
 0002:0007B348 00003300 C=DATA    S=_DATA    G=DGROUP   M=C:\AULAS_XHARBOUR\DEVEL\HWGUI\LIB\HWGUI_XHB72.LIB|htree ACBP=A9
 0002:0007E648 00005E38 C=DATA    S=_DATA    G=DGROUP   M=C:\AULAS_XHARBOUR\DEVEL\HWGUI\LIB\HWGUI_XHB72.LIB|hwindow ACBP=A9
 0002:00084480 000013A0 C=DATA    S=_DATA    G=DGROUP   M=C:\AULAS_XHARBOUR\DEVEL\HWGUI\LIB\HWGUI_XHB72.LIB|menu ACBP=A9
 0002:00085820 00000060 C=DATA    S=_DATA    G=DGROUP   M=C:\AULAS_XHARBOUR\DEVEL\HWGUI\LIB\HWGUI_XHB72.LIB|menu_c ACBP=A9
 0002:00085880 00000038 C=DATA    S=_DATA    G=DGROUP   M=C:\AULAS_XHARBOUR\DEVEL\HWGUI\LIB\HWGUI_XHB72.LIB|message ACBP=A9
 0002:000858B8 000003DC C=DATA    S=_DATA    G=DGROUP   M=C:\AULAS_XHARBOUR\DEVEL\HWGUI\LIB\HWGUI_XHB72.LIB|misc ACBP=A9
 0002:00085C94 00000060 C=DATA    S=_DATA    G=DGROUP   M=C:\AULAS_XHARBOUR\DEVEL\HWGUI\LIB\HWGUI_XHB72.LIB|nice ACBP=A9
 0002:00085CF4 00000034 C=DATA    S=_DATA    G=DGROUP   M=C:\AULAS_XHARBOUR\DEVEL\HWGUI\LIB\HWGUI_XHB72.LIB|richedit ACBP=A9
 0002:00085D28 00000004 C=DATA    S=_DATA    G=DGROUP   M=C:\AULAS_XHARBOUR\DEVEL\HWGUI\LIB\HWGUI_XHB72.LIB|shellapi ACBP=A9
 0002:00085D2C 00000394 C=DATA    S=_DATA    G=DGROUP   M=C:\AULAS_XHARBOUR\DEVEL\HWGUI\LIB\HWGUI_XHB72.LIB|theme ACBP=A9
 0002:000860C0 00000104 C=DATA    S=_DATA    G=DGROUP   M=C:\AULAS_XHARBOUR\DEVEL\HWGUI\LIB\HWGUI_XHB72.LIB|window ACBP=A9
 0002:000861C4 00000100 C=DATA    S=_DATA    G=DGROUP   M=C:\AULAS_XHARBOUR\DEVEL\HWGUI\LIB\HWGUI_XHB72.LIB|wprint ACBP=A9
 0002:000862C4 00000680 C=DATA    S=_DATA    G=DGROUP   M=C:\AULAS_XHARBOUR\DEVEL\HWGUI\LIB\HWGUI_XHB72.LIB|procs7 ACBP=A9
 0002:00086944 00001FE4 C=DATA    S=_DATA    G=DGROUP   M=C:\AULAS_XHARBOUR\DEVEL\HWGUI\LIB\HWGUI_XHB72.LIB|syg_hmsg ACBP=A9
 0002:00088928 00001158 C=DATA    S=_DATA    G=DGROUP   M=C:\AULAS_XHARBOUR\DEVEL\XHARBOUR_BCC72\CONTRIB\SQLRDD\LIB\BC5\SQL.LIB|sqly ACBP=A9
 0002:00089A80 0000520C C=DATA    S=_DATA    G=DGROUP   M=C:\AULAS_XHARBOUR\DEVEL\XHARBOUR_BCC72\CONTRIB\SQLRDD\LIB\BC5\SQL.LIB|sqlconnection ACBP=A9
 0002:0008EC8C 000077C4 C=DATA    S=_DATA    G=DGROUP   M=C:\AULAS_XHARBOUR\DEVEL\XHARBOUR_BCC72\CONTRIB\SQLRDD\LIB\BC5\SQL.LIB|sqlrdd0 ACBP=A9
 0002:00096450 00026ED0 C=DATA    S=_DATA    G=DGROUP   M=C:\AULAS_XHARBOUR\DEVEL\XHARBOUR_BCC72\CONTRIB\SQLRDD\LIB\BC5\SQL.LIB|sqlrdd2 ACBP=A9
 0002:000BD320 00005704 C=DATA    S=_DATA    G=DGROUP   M=C:\AULAS_XHARBOUR\DEVEL\XHARBOUR_BCC72\CONTRIB\SQLRDD\LIB\BC5\SQL.LIB|utils ACBP=A9
 0002:000C2A24 00005798 C=DATA    S=_DATA    G=DGROUP   M=C:\AULAS_XHARBOUR\DEVEL\XHARBOUR_BCC72\CONTRIB\SQLRDD\LIB\BC5\SQL.LIB|sqlgen1 ACBP=A9
 0002:000C81BC 00002330 C=DATA    S=_DATA    G=DGROUP   M=C:\AULAS_XHARBOUR\DEVEL\XHARBOUR_BCC72\CONTRIB\SQLRDD\LIB\BC5\SQL.LIB|utilslang ACBP=A9
 0002:000CA4EC 00001678 C=DATA    S=_DATA    G=DGROUP   M=C:\AULAS_XHARBOUR\DEVEL\XHARBOUR_BCC72\CONTRIB\SQLRDD\LIB\BC5\SQL.LIB|sqlpgs ACBP=A9
 0002:000CBB64 000000B8 C=DATA    S=_DATA    G=DGROUP   M=C:\AULAS_XHARBOUR\DEVEL\XHARBOUR_BCC72\CONTRIB\SQLRDD\LIB\BC5\SQL.LIB|sqlact ACBP=A9
 0002:000CBC1C 00000010 C=DATA    S=_DATA    G=DGROUP   M=C:\AULAS_XHARBOUR\DEVEL\XHARBOUR_BCC72\CONTRIB\SQLRDD\LIB\BC5\SQL.LIB|sqllex ACBP=A9
 0002:000CBC2C 00000218 C=DATA    S=_DATA    G=DGROUP   M=C:\AULAS_XHARBOUR\DEVEL\XHARBOUR_BCC72\CONTRIB\SQLRDD\LIB\BC5\SQL.LIB|pgs ACBP=A9
 0002:000CBE44 000004BC C=DATA    S=_DATA    G=DGROUP   M=C:\AULAS_XHARBOUR\DEVEL\XHARBOUR_BCC72\CONTRIB\SQLRDD\LIB\BC5\SQL.LIB|sqlrdd1 ACBP=A9
 0002:000CC300 000055E8 C=DATA    S=_DATA    G=DGROUP   M=C:\AULAS_XHARBOUR\DEVEL\XHARBOUR_BCC72\LIB\PDFLIB.LIB|pdf1 ACBP=A9
 0002:000D18E8 00003330 C=DATA    S=_DATA    G=DGROUP   M=C:\AULAS_XHARBOUR\DEVEL\XHARBOUR_BCC72\LIB\PDFLIB.LIB|pdfhbdocs ACBP=A9
 0002:000D4C18 00002014 C=DATA    S=_DATA    G=DGROUP   M=C:\AULAS_XHARBOUR\DEVEL\XHARBOUR_BCC72\LIB\HBZIP.LIB|ziparchive ACBP=A9
 0002:000D6C28 0000005C C=DATA    S=_DATA    G=DGROUP   M=C:\AULAS_XHARBOUR\DEVEL\XHARBOUR_BCC72\LIB\HBZIP.LIB|zip ACBP=A9
 0002:000D6C84 000003D8 C=DATA    S=_DATA    G=DGROUP   M=C:\AULAS_XHARBOUR\DEVEL\XHARBOUR_BCC72\LIB\HBZIP.LIB|zipplatform ACBP=A9
 0002:000D7058 00000798 C=DATA    S=_DATA    G=DGROUP   M=C:\AULAS_XHARBOUR\DEVEL\XHARBOUR_BCC72\LIB\HBZIP.LIB|zipstorage ACBP=A9
 0002:000D77EC 00000120 C=DATA    S=_DATA    G=DGROUP   M=C:\AULAS_XHARBOUR\DEVEL\XHARBOUR_BCC72\LIB\HBZIP.LIB|zipstring ACBP=A9
 0002:000D7908 00000124 C=DATA    S=_DATA    G=DGROUP   M=C:\AULAS_XHARBOUR\DEVEL\XHARBOUR_BCC72\LIB\HBZIP.LIB|zipplatformcomm ACBP=A9
 0002:000D7A28 00000238 C=DATA    S=_DATA    G=DGROUP   M=C:\AULAS_XHARBOUR\DEVEL\XHARBOUR_BCC72\LIB\HBZIP.LIB|zippathcomponent ACBP=A9
 0002:000D7C5C 0000010C C=DATA    S=_DATA    G=DGROUP   M=C:\AULAS_XHARBOUR\DEVEL\XHARBOUR_BCC72\LIB\HBZIP.LIB|zipmemfile ACBP=A9
 0002:000D7D64 000001E8 C=DATA    S=_DATA    G=DGROUP   M=C:\AULAS_XHARBOUR\DEVEL\XHARBOUR_BCC72\LIB\HBZIP.LIB|zipfileheader ACBP=A9
 0002:000D7F48 000000B0 C=DATA    S=_DATA    G=DGROUP   M=C:\AULAS_XHARBOUR\DEVEL\XHARBOUR_BCC72\LIB\HBZIP.LIB|zipfile ACBP=A9
 0002:000D7FF4 000011C0 C=DATA    S=_DATA    G=DGROUP   M=C:\AULAS_XHARBOUR\DEVEL\XHARBOUR_BCC72\LIB\HBZIP.LIB|zipnew ACBP=A9
 0002:000D91B0 00000344 C=DATA    S=_DATA    G=DGROUP   M=C:\AULAS_XHARBOUR\DEVEL\XHARBOUR_BCC72\LIB\HBZIP.LIB|zipcomp ACBP=A9
 0002:000D94F0 00000074 C=DATA    S=_DATA    G=DGROUP   M=C:\AULAS_XHARBOUR\DEVEL\XHARBOUR_BCC72\LIB\HBZIP.LIB|zipexception ACBP=A9
 0002:000D9560 00000090 C=DATA    S=_DATA    G=DGROUP   M=C:\AULAS_XHARBOUR\DEVEL\XHARBOUR_BCC72\LIB\HBZIP.LIB|zipcompatibility ACBP=A9
 0002:000D95EC 00000990 C=DATA    S=_DATA    G=DGROUP   M=C:\AULAS_XHARBOUR\DEVEL\XHARBOUR_BCC72\LIB\HBZIP.LIB|zipcentraldir ACBP=A9
 0002:000D9F78 00000088 C=DATA    S=_DATA    G=DGROUP   M=C:\AULAS_XHARBOUR\DEVEL\XHARBOUR_BCC72\LIB\HBZIP.LIB|zipautobuffer ACBP=A9
 0002:000DA000 00003060 C=DATA    S=_DATA    G=DGROUP   M=C:\AULAS_XHARBOUR\DEVEL\XHARBOUR_BCC72\LIB\TIPSSL.LIB|client ACBP=A9
 0002:000DD060 00002A00 C=DATA    S=_DATA    G=DGROUP   M=C:\AULAS_XHARBOUR\DEVEL\XHARBOUR_BCC72\LIB\TIPSSL.LIB|httpcln ACBP=A9
 0002:000DFA60 0000080C C=DATA    S=_DATA    G=DGROUP   M=C:\AULAS_XHARBOUR\DEVEL\XHARBOUR_BCC72\LIB\TIPSSL.LIB|inetssl ACBP=A9
 0002:000E026C 00000041 C=DATA    S=_DATA    G=DGROUP   M=C:\AULAS_XHARBOUR\DEVEL\XHARBOUR_BCC72\LIB\TIP.LIB|base64x ACBP=A9
 0002:000E02B0 000003D8 C=DATA    S=_DATA    G=DGROUP   M=C:\AULAS_XHARBOUR\DEVEL\XHARBOUR_BCC72\LIB\TIP.LIB|encb64 ACBP=A9
 0002:000E0688 0000052C C=DATA    S=_DATA    G=DGROUP   M=C:\AULAS_XHARBOUR\DEVEL\XHARBOUR_BCC72\LIB\TIP.LIB|encoder ACBP=A9
 0002:000E0BB4 00000380 C=DATA    S=_DATA    G=DGROUP   M=C:\AULAS_XHARBOUR\DEVEL\XHARBOUR_BCC72\LIB\TIP.LIB|encqp ACBP=A9
 0002:000E0F34 0000036C C=DATA    S=_DATA    G=DGROUP   M=C:\AULAS_XHARBOUR\DEVEL\XHARBOUR_BCC72\LIB\TIP.LIB|encurl ACBP=A9
 0002:000E12A0 00000D74 C=DATA    S=_DATA    G=DGROUP   M=C:\AULAS_XHARBOUR\DEVEL\XHARBOUR_BCC72\LIB\TIP.LIB|url ACBP=A9
 0002:000E2014 000000BC C=DATA    S=_DATA    G=DGROUP   M=C:\AULAS_XHARBOUR\DEVEL\XHARBOUR_BCC72\LIB\CODEPAGE.LIB|cpptiso ACBP=A9
 0002:000E20D0 0000021C C=DATA    S=_DATA    G=DGROUP   M=C:\AULAS_XHARBOUR\DEVEL\XHARBOUR_BCC72\LIB\CODEPAGE.LIB|uc8859_1 ACBP=A9
 0002:000E22EC 00000048 C=DATA    S=_DATA    G=DGROUP   M=D:\DEVEL\XHARBOUR_BCC7\LIB\VM.LIB|arrays ACBP=A9
 0002:000E2334 00000164 C=DATA    S=_DATA    G=DGROUP   M=D:\DEVEL\XHARBOUR_BCC7\LIB\VM.LIB|arrayshb ACBP=A9
 0002:000E2498 000005C0 C=DATA    S=_DATA    G=DGROUP   M=D:\DEVEL\XHARBOUR_BCC7\LIB\VM.LIB|classes ACBP=A9
 0002:000E2A58 00000034 C=DATA    S=_DATA    G=DGROUP   M=D:\DEVEL\XHARBOUR_BCC7\LIB\VM.LIB|codebloc ACBP=A9
 0002:000E2A8C 0000001C C=DATA    S=_DATA    G=DGROUP   M=D:\DEVEL\XHARBOUR_BCC7\LIB\VM.LIB|dynsym ACBP=A9
 0002:000E2AA8 00000200 C=DATA    S=_DATA    G=DGROUP   M=D:\DEVEL\XHARBOUR_BCC7\LIB\VM.LIB|errorapi ACBP=A9
 0002:000E2CA8 00000180 C=DATA    S=_DATA    G=DGROUP   M=D:\DEVEL\XHARBOUR_BCC7\LIB\VM.LIB|estack ACBP=A9
 0002:000E2E28 0000001C C=DATA    S=_DATA    G=DGROUP   M=D:\DEVEL\XHARBOUR_BCC7\LIB\VM.LIB|eval ACBP=A9
 0002:000E2E44 00000008 C=DATA    S=_DATA    G=DGROUP   M=D:\DEVEL\XHARBOUR_BCC7\LIB\VM.LIB|evalhb ACBP=A9
 0002:000E2E4C 00000004 C=DATA    S=_DATA    G=DGROUP   M=D:\DEVEL\XHARBOUR_BCC7\LIB\VM.LIB|extend ACBP=A9
 0002:000E2E50 00000078 C=DATA    S=_DATA    G=DGROUP   M=D:\DEVEL\XHARBOUR_BCC7\LIB\VM.LIB|fm ACBP=A9
 0002:000E2EC8 00000048 C=DATA    S=_DATA    G=DGROUP   M=D:\DEVEL\XHARBOUR_BCC7\LIB\VM.LIB|garbage ACBP=A9
 0002:000E2F10 00000328 C=DATA    S=_DATA    G=DGROUP   M=D:\DEVEL\XHARBOUR_BCC7\LIB\VM.LIB|hash ACBP=A9
 0002:000E3238 00000948 C=DATA    S=_DATA    G=DGROUP   M=D:\DEVEL\XHARBOUR_BCC7\LIB\VM.LIB|hvm ACBP=A9
 0002:000E3B80 00000034 C=DATA    S=_DATA    G=DGROUP   M=D:\DEVEL\XHARBOUR_BCC7\LIB\VM.LIB|itemapi ACBP=A9
 0002:000E3BB4 000000C4 C=DATA    S=_DATA    G=DGROUP   M=D:\DEVEL\XHARBOUR_BCC7\LIB\VM.LIB|fastitem ACBP=A9
 0002:000E3C78 0000002C C=DATA    S=_DATA    G=DGROUP   M=D:\DEVEL\XHARBOUR_BCC7\LIB\VM.LIB|macro ACBP=A9
 0002:000E3CA4 0000012C C=DATA    S=_DATA    G=DGROUP   M=D:\DEVEL\XHARBOUR_BCC7\LIB\VM.LIB|memvars ACBP=A9
 0002:000E3DD0 0000005C C=DATA    S=_DATA    G=DGROUP   M=D:\DEVEL\XHARBOUR_BCC7\LIB\VM.LIB|proc ACBP=A9
 0002:000E3E2C 000000A4 C=DATA    S=_DATA    G=DGROUP   M=D:\DEVEL\XHARBOUR_BCC7\LIB\VM.LIB|set ACBP=A9
 0002:000E3ED0 0000001C C=DATA    S=_DATA    G=DGROUP   M=D:\DEVEL\XHARBOUR_BCC7\LIB\VM.LIB|thread ACBP=A9
 0002:000E3EEC 00000120 C=DATA    S=_DATA    G=DGROUP   M=D:\DEVEL\XHARBOUR_BCC7\LIB\VM.LIB|cmdarg ACBP=A9
 0002:000E400C 000000E0 C=DATA    S=_DATA    G=DGROUP   M=D:\DEVEL\XHARBOUR_BCC7\LIB\VM.LIB|hbi18n ACBP=A9
 0002:000E40EC 000002D0 C=DATA    S=_DATA    G=DGROUP   M=D:\DEVEL\XHARBOUR_BCC7\LIB\VM.LIB|inet ACBP=A9
 0002:000E43BC 00000560 C=DATA    S=_DATA    G=DGROUP   M=D:\DEVEL\XHARBOUR_BCC7\LIB\VM.LIB|initsymb ACBP=A9
 0002:000E491C 00000008 C=DATA    S=_DATA    G=DGROUP   M=D:\DEVEL\XHARBOUR_BCC7\LIB\VM.LIB|throw ACBP=A9
 0002:000E4924 00000438 C=DATA    S=_DATA    G=DGROUP   M=D:\DEVEL\XHARBOUR_BCC7\LIB\VM.LIB|harbinit ACBP=A9
 0002:000E4D5C 00000010 C=DATA    S=_DATA    G=DGROUP   M=D:\DEVEL\XHARBOUR_BCC7\LIB\VM.LIB|bkgtsks ACBP=A9
 0002:000E4D6C 00000008 C=DATA    S=_DATA    G=DGROUP   M=D:\DEVEL\XHARBOUR_BCC7\LIB\VM.LIB|mainwin ACBP=A9
 0002:000E4D74 00000004 C=DATA    S=_DATA    G=DGROUP   M=D:\DEVEL\XHARBOUR_BCC7\LIB\RTL.LIB|abs ACBP=A9
 0002:000E4D78 0000000C C=DATA    S=_DATA    G=DGROUP   M=D:\DEVEL\XHARBOUR_BCC7\LIB\RTL.LIB|at ACBP=A9
 0002:000E4D84 0000000C C=DATA    S=_DATA    G=DGROUP   M=D:\DEVEL\XHARBOUR_BCC7\LIB\RTL.LIB|box ACBP=A9
 0002:000E4D90 000004B0 C=DATA    S=_DATA    G=DGROUP   M=D:\DEVEL\XHARBOUR_BCC7\LIB\RTL.LIB|cdpapi ACBP=A9
 0002:000E5240 00000008 C=DATA    S=_DATA    G=DGROUP   M=D:\DEVEL\XHARBOUR_BCC7\LIB\RTL.LIB|chrasc ACBP=A9
 0002:000E5248 00000040 C=DATA    S=_DATA    G=DGROUP   M=D:\DEVEL\XHARBOUR_BCC7\LIB\RTL.LIB|console ACBP=A9
 0002:000E5288 00000050 C=DATA    S=_DATA    G=DGROUP   M=D:\DEVEL\XHARBOUR_BCC7\LIB\RTL.LIB|copyfile ACBP=A9
 0002:000E52D8 00000010 C=DATA    S=_DATA    G=DGROUP   M=D:\DEVEL\XHARBOUR_BCC7\LIB\RTL.LIB|datec ACBP=A9
 0002:000E52E8 0000005C C=DATA    S=_DATA    G=DGROUP   M=D:\DEVEL\XHARBOUR_BCC7\LIB\RTL.LIB|dateshb ACBP=A9
 0002:000E5344 00000014 C=DATA    S=_DATA    G=DGROUP   M=D:\DEVEL\XHARBOUR_BCC7\LIB\RTL.LIB|dirdrive ACBP=A9
 0002:000E5358 00000078 C=DATA    S=_DATA    G=DGROUP   M=D:\DEVEL\XHARBOUR_BCC7\LIB\RTL.LIB|direct ACBP=A9
 0002:000E53D0 00000024 C=DATA    S=_DATA    G=DGROUP   M=D:\DEVEL\XHARBOUR_BCC7\LIB\RTL.LIB|disksphb ACBP=A9
 0002:000E53F4 0000014C C=DATA    S=_DATA    G=DGROUP   M=D:\DEVEL\XHARBOUR_BCC7\LIB\RTL.LIB|dllcall ACBP=A9
 0002:000E5540 00000004 C=DATA    S=_DATA    G=DGROUP   M=D:\DEVEL\XHARBOUR_BCC7\LIB\RTL.LIB|file ACBP=A9
 0002:000E5544 0000004C C=DATA    S=_DATA    G=DGROUP   M=D:\DEVEL\XHARBOUR_BCC7\LIB\RTL.LIB|filebuf ACBP=A9
 0002:000E5590 00000018 C=DATA    S=_DATA    G=DGROUP   M=D:\DEVEL\XHARBOUR_BCC7\LIB\RTL.LIB|filesys ACBP=A9
 0002:000E55A8 00000004 C=DATA    S=_DATA    G=DGROUP   M=D:\DEVEL\XHARBOUR_BCC7\LIB\RTL.LIB|fparse ACBP=A9
 0002:000E55AC 00000004 C=DATA    S=_DATA    G=DGROUP   M=D:\DEVEL\XHARBOUR_BCC7\LIB\RTL.LIB|fstemp ACBP=A9
 0002:000E55B0 00000004 C=DATA    S=_DATA    G=DGROUP   M=D:\DEVEL\XHARBOUR_BCC7\LIB\RTL.LIB|gete ACBP=A9
 0002:000E55B4 0000001C C=DATA    S=_DATA    G=DGROUP   M=D:\DEVEL\XHARBOUR_BCC7\LIB\RTL.LIB|gtapi ACBP=A9
 0002:000E55D0 00000060 C=DATA    S=_DATA    G=DGROUP   M=D:\DEVEL\XHARBOUR_BCC7\LIB\RTL.LIB|hbbitf ACBP=A9
 0002:000E5630 00000008 C=DATA    S=_DATA    G=DGROUP   M=D:\DEVEL\XHARBOUR_BCC7\LIB\RTL.LIB|hbcomprs ACBP=A9
 0002:000E5638 00000360 C=DATA    S=_DATA    G=DGROUP   M=D:\DEVEL\XHARBOUR_BCC7\LIB\RTL.LIB|hbserv ACBP=A9
 0002:000E5998 00000020 C=DATA    S=_DATA    G=DGROUP   M=D:\DEVEL\XHARBOUR_BCC7\LIB\RTL.LIB|hbffind ACBP=A9
 0002:000E59B8 00000294 C=DATA    S=_DATA    G=DGROUP   M=D:\DEVEL\XHARBOUR_BCC7\LIB\RTL.LIB|hbgtcore ACBP=A9
 0002:000E5C4C 00000024 C=DATA    S=_DATA    G=DGROUP   M=D:\DEVEL\XHARBOUR_BCC7\LIB\RTL.LIB|hbhex2n ACBP=A9
 0002:000E5C70 00000004 C=DATA    S=_DATA    G=DGROUP   M=D:\DEVEL\XHARBOUR_BCC7\LIB\RTL.LIB|hbrandom ACBP=A9
[...]
 0002:0010867C  __ectbl__ std::codecvt_base::do_always_noconv() const
 0002:00108688  __thrwl__ std::codecvt_base::do_max_length() const
 0002:0010868C  __ectbl__ std::codecvt_base::do_max_length() const
 0002:00108698  __thrwl__ std::codecvt_base::do_encoding() const
 0002:0010869C  __ectbl__ std::codecvt_base::do_encoding() const
 0002:001086A8  __odtbl__ std::codecvt<char, char, int>::~codecvt<char, char, int>()
 0002:001086B8  __ectbl__ std::codecvt<char, char, int>::~codecvt<char, char, int>()
 0002:001086D0  D2069_1
 0002:001087B0  std::num_get<char, std::istreambuf_iterator<char, std::char_traits<char> > >::id
 0002:001087B4  __vdflg__ std::num_get<char, std::istreambuf_iterator<char, std::char_traits<char> > >::id
 0002:001087B8  std::num_put<char, std::ostreambuf_iterator<char, std::char_traits<char> > >::id
 0002:001087BC  __vdflg__ std::num_put<char, std::ostreambuf_iterator<char, std::char_traits<char> > >::id
 0002:001087C0  std::numpunct<char>::id
 0002:001087C4  __vdflg__ std::numpunct<char>::id
 0002:001087C8  __thrwl__ std::bad_alloc::bad_alloc()
 0002:001087CC  __odtbl__ std::bad_alloc::bad_alloc()
 0002:001087DC  __ectbl__ std::bad_alloc::bad_alloc()
 0002:001087F4  __ectbl__ std::bad_alloc::bad_alloc(std::bad_alloc&)
 0002:00108800  __thrwl__ std::bad_alloc::~bad_alloc()
 0002:00108804  __ectbl__ std::bad_alloc::~bad_alloc()
 0002:00108810  @std@bad_alloc@3
 0002:00108824  @std@locale@_Locimp@3
 0002:00108834  __thrwl__ std::bad_alloc::what() const
 0002:00108838  __ectbl__ std::bad_alloc::what() const
 0002:00108844  D2071_1
 0002:001088DC  __odtbl__ std::_Fac_tidy()
 0002:0010890C  __ectbl__ std::_Fac_tidy()
 0002:00108954  __odtbl__ std::_Deletegloballocale(void *)
 0002:00108964  __ectbl__ std::_Deletegloballocale(void *)
 0002:00108994  __ectbl__ std::_Setgloballocale(void *)
 0002:001089AC  std::locale::_Locimp::_Clocptr
 0002:001089B0  std::locale::id::_Id_cnt
 0002:001089B4  std::ctype<char>::id
 0002:001089B8  __vdflg__ std::ctype<char>::id
 0002:001089BC  std::ctype<wchar_t>::id
 0002:001089C0  __vdflg__ std::ctype<wchar_t>::id
 0002:001089C4  std::codecvt<wchar_t, char, int>::id
 0002:001089C8  __vdflg__ std::codecvt<wchar_t, char, int>::id
 0002:001089CC  std::codecvt<char16_t, char, int>::id
 0002:001089D0  __vdflg__ std::codecvt<char16_t, char, int>::id
 0002:001089D4  std::codecvt<char32_t, char, int>::id
 0002:001089D8  __vdflg__ std::codecvt<char32_t, char, int>::id
 0002:001089DC  std::ctype<char>::table_size
 0002:001089E0  __thrwl__ std::locale::locale()
 0002:001089E4  __odtbl__ std::locale::locale()
 0002:001089F4  __ectbl__ std::locale::locale()
 0002:00108A18  __odtbl__ std::locale::_Init()
 0002:00108A58  __ectbl__ std::locale::_Init()
 0002:00108AC4  __odtbl__ std::locale::facet::_Register()
 0002:00108AD4  __ectbl__ std::locale::facet::_Register()
 0002:00108B04  __odtbl__ std::locale::_Locimp::_Locimp(bool)
 0002:00108B14  __ectbl__ std::locale::_Locimp::_Locimp(bool)
 0002:00108B38  __odtbl__ std::locale::_Locimp::~_Locimp()
 0002:00108B74  __ectbl__ std::locale::_Locimp::~_Locimp()
 0002:00108BBC  __odtbl__ std::_Locinfo::_Locinfo(std::basic_string<char, std::char_traits<char>, std::allocator<char> >&)
 0002:00108BCC  __ectbl__ std::_Locinfo::_Locinfo(std::basic_string<char, std::char_traits<char>, std::allocator<char> >&)
 0002:00108BF0  __odtbl__ std::_Locinfo::~_Locinfo()
 0002:00108C1C  __ectbl__ std::_Locinfo::~_Locinfo()
 0002:00108C40  __odtbl__ std::_Fac_node::~_Fac_node()
 0002:00108C50  __ectbl__ std::_Fac_node::~_Fac_node()
 0002:00108C80  __odtbl__ std::_Fac_deletable::~_Fac_deletable()
 0002:00108C90  __ectbl__ std::_Fac_deletable::~_Fac_deletable()
 0002:00108CA8  @std@_Fac_deletable@3
 0002:00108CB8  std::_New_hand
 0002:00108CB8  D2073_1
 0002:00108CBC  D2075_1
 0002:00108CE0  D2079_1
 0002:00108DD0  D2085_1
 0002:00108DFC  __odtbl__ std::_String_base::_Xlen() const
 0002:00108E28  __ectbl__ std::_String_base::_Xlen() const
 0002:00108E4C  __odtbl__ std::_String_base::_Xran() const
 0002:00108E78  __ectbl__ std::_String_base::_Xran() const
 0002:00108E9C  D2092_1
 0002:00108F34  std::_Winit::_Init_cnt
 0002:00108F38  __odtbl__ std::_Winit::_Winit()
 0002:00109228  __ectbl__ std::_Winit::_Winit()
 0002:00109570  __odtbl__ std::_Winit::~_Winit()
 0002:00109590  __ectbl__ std::_Winit::~_Winit()
 0002:001095B4  __odtbl__ std::basic_ios<wchar_t, std::char_traits<wchar_t> >::~basic_ios<wchar_t, std::char_traits<wchar_t> >()
 0002:001095C4  __ectbl__ std::basic_ios<wchar_t, std::char_traits<wchar_t> >::~basic_ios<wchar_t, std::char_traits<wchar_t> >()
 0002:001095DC  __odtbl__ std::basic_filebuf<wchar_t, std::char_traits<wchar_t> >::_Endwrite()
 0002:001095FC  __ectbl__ std::basic_filebuf<wchar_t, std::char_traits<wchar_t> >::_Endwrite()
 0002:00109620  __odtbl__ std::basic_ostream<wchar_t, std::char_traits<wchar_t> >::~basic_ostream<wchar_t, std::char_traits<wchar_t> >()
 0002:00109630  __ectbl__ std::basic_ostream<wchar_t, std::char_traits<wchar_t> >::~basic_ostream<wchar_t, std::char_traits<wchar_t> >()
 0002:00109648  __odtbl__ std::basic_istream<wchar_t, std::char_traits<wchar_t> >::~basic_istream<wchar_t, std::char_traits<wchar_t> >()
 0002:00109658  __ectbl__ std::basic_istream<wchar_t, std::char_traits<wchar_t> >::~basic_istream<wchar_t, std::char_traits<wchar_t> >()
 0002:00109670  __odtbl__ std::basic_filebuf<wchar_t, std::char_traits<wchar_t> >::~basic_filebuf<wchar_t, std::char_traits<wchar_t> >()
 0002:00109680  __ectbl__ std::basic_filebuf<wchar_t, std::char_traits<wchar_t> >::~basic_filebuf<wchar_t, std::char_traits<wchar_t> >()
 0002:00109698  @std@%basic_ostream$b19std@%char_traits$b%%@3
 0002:001096B4  @std@%basic_ios$b19std@%char_traits$b%%@3
 0002:001096C4  @std@%basic_istream$b19std@%char_traits$b%%@3
 0002:001096E0  @std@%basic_streambuf$b19std@%char_traits$b%%@3
 0002:00109728  @std@%basic_filebuf$b19std@%char_traits$b%%@3
 0002:00109770  __ectbl__ std::basic_streambuf<wchar_t, std::char_traits<wchar_t> >::~basic_streambuf<wchar_t, std::char_traits<wchar_t> >()
 0002:0010977C  __odtbl__ std::basic_filebuf<wchar_t, std::char_traits<wchar_t> >::overflow(wchar_t)
 0002:0010979C  __ectbl__ std::basic_filebuf<wchar_t, std::char_traits<wchar_t> >::overflow(wchar_t)
 0002:001097C0  __odtbl__ std::basic_filebuf<wchar_t, std::char_traits<wchar_t> >::uflow()
 0002:001097E0  __ectbl__ std::basic_filebuf<wchar_t, std::char_traits<wchar_t> >::uflow()
 0002:00109804  __odtbl__ std::basic_filebuf<wchar_t, std::char_traits<wchar_t> >::imbue(std::locale&)
 0002:0010987C  __ectbl__ std::basic_filebuf<wchar_t, std::char_traits<wchar_t> >::imbue(std::locale&)
 0002:001098E8  @std@%codecvt$bci%@3
 0002:00109914  std::_Facetptr<std::codecvt<wchar_t, char, int> >::_Psave
 0002:00109918  __odtbl__ std::codecvt<wchar_t, char, int>::~codecvt<wchar_t, char, int>()
 0002:00109928  __ectbl__ std::codecvt<wchar_t, char, int>::~codecvt<wchar_t, char, int>()
 0002:00109940  __thrwl__ std::codecvt<wchar_t, char, int>::do_always_noconv() const
 0002:00109944  __ectbl__ std::codecvt<wchar_t, char, int>::do_always_noconv() const
 0002:00109950  __thrwl__ std::codecvt<wchar_t, char, int>::do_max_length() const
 0002:00109954  __ectbl__ std::codecvt<wchar_t, char, int>::do_max_length() const
 0002:00109960  __thrwl__ std::codecvt<wchar_t, char, int>::do_encoding() const
 0002:00109964  __ectbl__ std::codecvt<wchar_t, char, int>::do_encoding() const
 0002:00109970  D2100_1
 0002:00109B70  D2104_1
 0002:00109BD4  D2246_1
 0002:00109CE4  D2258_1
 0002:00109CE8  __heap_redirector
 0002:00109D08  __stkchk
 0002:00109D08  D2272_0
 0002:00109D0C  D2292_1
 0002:00109D0C  __FastMM_IsMultiThread
 0002:00109D0D  __FastMM_ReportMemoryLeaksOnShutdown
 0002:00109D0E  __FastMM_NeverSleepOnMMThreadContention
 0002:00109D40  __FastMM_MemoryManager
 0002:00109D58  __FastMM_SmallBlockTypes
 0002:0010A438  __FastMM_MediumBlocksLocked
 0002:0010A4C0  D2402_1
 0002:0010A4D4  D2562_1
 0002:0010A4E0  __cfinfo_get
 0002:0010A4E0  D2582_1
 0002:0010A4E4  __notUmask
 0002:0010A4E4  D2614_1
 0002:0010A4E8  D2634_0
 0002:0010A4E8  __fileinfo
 0002:0010A4EC  D2692_0
 0002:0010A4EC  __streams
 0002:0010A99C  __nfile
 0002:0010A99C  D2694_0
 0002:0010A9A0  __openfd
 0002:0010AA68  __fmode
 0002:0010AA68  D2702_0
 0002:0010AA6C  D2704_1
 0002:0010AA6C  __fmodeptr
 0002:0010AA70  __dosErrorToSV
 0002:0010AA70  D2784_1
 0002:0010AB9C  D2804_1
 0002:0010ABA8  __sys_errlist
 0002:0010ABA8  D2810_1
 0002:0010AC70  __sys_nerr
 0002:0010B03C  D2842_1
 0002:0010B0C0  D2893_1
 0002:0010B0D8  D2921_1
 0002:0010B0E4  D2939_1
 0002:0010B15C  D3097_0
 0002:0010B15C  __chartype
 0002:0010B360  __localeconvention
 0002:0010B360  D3099_1
 0002:0010B390  ___force
 0002:0010B3A0  D3101_1
 0002:0010B3F0  __lower
 0002:0010B3F0  D3103_0
 0002:0010B4F0  __upper
 0002:0010B4F0  D3107_0
 0002:0010B5F0  ___mb_cur_max
 0002:0010B5F0  D3123_1
 0002:0010B5F4  ___localeLock
 0002:0010B708  _CMonetary
 0002:0010B708  D3125_0
 0002:0010B73C  _CNumeric
 0002:0010B752  _CTimeDate
 0002:0010B814  _CLOCALE
 0002:0010B840  ___locale
 0002:0010B964  D3127_1
 0002:0010B9F0  D3257_1
 0002:0010BA00  D3263_1
 0002:0010BA00  _e0to7
 0002:0010BA50  _e8
 0002:0010BA5C  _e16
 0002:0010BA66  _e32
 0002:0010BA70  _e64
 0002:0010BA7A  _e128
 0002:0010BA84  _e256
 0002:0010BA8E  _e512
 0002:0010BA98  _e1024
 0002:0010BAA2  _e2048
 0002:0010BAAC  _e4096
 0002:0010BAB6  _eINF
 0002:0010BAC0  D3270_1
 0002:0010BADC  D3276_1
 0002:0010BAF4  D3300_1
 0002:0010BB00  D3302_1
 0002:0010BB08  __realcvtptr
 0002:0010BB08  D3318_1
 0002:0010BB0C  __nextrealptr
 0002:0010BB10  __scantodptr
 0002:0010BB14  __scanrsltptr
 0002:0010BB70  __realcvtwptr
 0002:0010BB70  D3320_1
 0002:0010BB74  __nextrealwptr
 0002:0010BB78  __scanwtodptr
 0002:0010BB7C  __scanwrsltptr
 0002:0010BBD8  __default87
 0002:0010BBD8  D3322_0
 0002:0010BBDC  D3328_1
 0002:0010BBE8  D3334_1
 0002:0010BBFC  D3336_1
 0002:0010BC10  D3338_1
 0002:0010BC28  D3376_0
 0002:0010BC28  __huge_flt
 0002:0010BC2C  __huge_dble
 0002:0010BC34  __huge_ldble
 0002:0010BC3E  __max_flt
 0002:0010BC42  __max_dble
 0002:0010BC4A  __max_ldble
 0002:0010BC54  __indefinite
 0002:0010BC58  __tiny_ldble
 0002:0010BC64  ___ieee_64_p_inf
 0002:0010BC6C  ___ieee_64_n_inf
 0002:0010BC74  ___ieee_64_p_nanq
 0002:0010BC7C  ___ieee_64_n_nanq
 0002:0010BC84  ___ieee_64_p_nans
 0002:0010BC8C  ___ieee_64_n_nans
 0002:0010BC94  ___ieee_64_p_zero
 0002:0010BC9C  ___ieee_64_n_zero
 0002:0010BCA4  __turboFloat
 0002:0010BCA4  D3386_0
 0002:0010BCA8  __floatconvert
 0002:0010BCAC  D3404_1
 0002:0010BCB8  __pmatherr
 0002:0010BCB8  D3428_1
 0002:0010BCBC  __pmatherrl
 0002:0010BCC0  D3432_0
 0002:0010BCC0  __mathwhy
 0002:0010BD04  D3442_1
 0002:0010BD20  D3454_1
 0002:0010BD28  D3456_1
 0002:0010BD3C  D3458_1
 0002:0010BD64  D3465_1
 0002:0010BD8C  D3467_1
 0002:0010BDB4  D3469_1
 0002:0010BDC0  D3471_1
 0002:0010BDC8  D3477_1
 0002:0010BDD8  D3493_1
 0002:0010BDE4  D3535_1
 0002:0010BDE4  __kalpha
 0002:0010BDE6  __kpunct
 0002:0010BE2C  D3675_1
 0002:0010BE50  D3693_1
 0002:0010BE74  D3695_1
 0002:0010BE74  _errno
 0002:0010BE78  __messagefunc
 0002:0010BE78  D3697_1
 0002:0010BE7C  __messagefile
 0002:0010BE88  D3705_1
 0002:0010BEB0  D3707_1
 0002:0010BED0  __ectbl__ _internal_dbk_fcall_wrapper()
 0002:0010BEE8  D3728_1
 0002:0010BF24  __exitbuf
 0002:0010BF24  D3766_1
 0002:0010BF28  __exitfopen
 0002:0010BF2C  __exitopen
 0002:0010BF30  D3790_0
 0002:0010BF30  __setargv_ptr
 0002:0010BF34  __exitargv_ptr
 0002:0010BF38  D3792_0
 0002:0010BF38  __wsetargv_ptr
 0002:0010BF3C  __wexitargv_ptr
 0002:0010BF40  __setargv__
 0002:0010BF40  D3794_1
 0002:0010BF94  __cmdline_escapes
 0002:0010BF94  D3796_1
 0002:0010BFBC  D3798_1
 0002:0010BFE0  D3834_1
 0002:0010BFE4  D3842_1
 0002:0010BFE8  D3851_0
 0002:0010BFE8  __argv_expand_ptr
 0002:0010BFEC  D3853_0
 0002:0010BFEC  __wargv_expand_ptr
 0002:0010BFF0  __argv0
 0002:0010BFF0  D3855_1
 0002:0010C010  __add_pid_ptr
 0002:0010C010  D3859_1
 0002:0010C040  __setenvp__
 0002:0010C040  D3867_1
 0002:0010C094  D3873_1
 0002:0010C0B0  D3881_1
 0002:0010C110  D3895_0
 0002:0010C110  __isWindows
 0002:0010C114  D3896_1
 0002:0010C118  D3936_0
 0002:0010C118  __SWeekday
 0002:0010C134  __LWeekday
 0002:0010C150  __SMonth
 0002:0010C180  __LMonth
 0002:0010C1B0  __AmPm
 0002:0010C1B8  __Days
 0002:0010C1C4  __YDays
 0002:0010C2DC  __PREFER_END_STANDARD_TIME
 0002:0010C2DC  D3940_1
 0002:0010C2DD  __PREFER_START_DAYLIGHT_TIME
 0002:0010C2E4  __timezone
 0002:0010C2E4  D3942_1
 0002:0010C2E8  __daylight
 0002:0010C2EC  __tzname
 0002:0010C2EC  D3944_1
 0002:0010C300  D3978_0
 0002:0010C300  ___xxPersonality
 0002:0010C304  D3980_1
 0002:0010C640  __thrwl__ std::bad_typeid::~bad_typeid()
 0002:0010C644  __ectbl__ std::bad_typeid::~bad_typeid()
 0002:0010C650  @std@bad_typeid@3
 0002:0010C664  D3982_1
 0002:0010C664  ___terminatePTR
 0002:0010C668  ___unexpectdPTR
 0002:0010C66C  D3984_1
 0002:0010C66C  ___CPPexceptionList
 0002:0010C670  ___exceptFlags
 0002:0010C674  ___throwFileName
 0002:0010C678  ___throwLineNumber
 0002:0010C67C  ___throwExceptionName
 0002:0010C680  ___exceptStaticBuffP
 0002:0010C684  ___exceptMemAllocVars
 0002:0010C688  ___ExceptStaticXbuff
 0002:0010C708  __ExceptVarsSize
 0002:0010C71C  __chtbl__ __call_terminate()
 0002:0010C73C  __ectbl__ __call_terminate()
 0002:0010C754  D3990_1
 0002:0010C764  D4023_1
 0002:0010C764  ___debuggerDisableTerminateCallback
 0002:0010D098  __odtbl__ ___ExceptionHandler(_EXCEPTION_RECORD *, ERRbc *, _CONTEXT *, void *, unsigned long, unsigned long, unsigned long, unsigned long, unsigned long, unsigned long)
 0002:0010D0A8  __ectbl__ ___ExceptionHandler(_EXCEPTION_RECORD *, ERRbc *, _CONTEXT *, void *, unsigned long, unsigned long, unsigned long, unsigned long, unsigned long, unsigned long)
 0002:0010D0CC  __thrwl__ std::bad_exception::bad_exception()
 0002:0010D0D0  __odtbl__ std::bad_exception::bad_exception()
 0002:0010D0E0  __ectbl__ std::bad_exception::bad_exception()
 0002:0010D0F8  __thrwl__ std::bad_exception::~bad_exception()
 0002:0010D0FC  __odtbl__ std::bad_exception::~bad_exception()
 0002:0010D10C  __ectbl__ std::bad_exception::~bad_exception()
 0002:0010D124  __ectbl__ std::bad_exception::bad_exception(std::bad_exception&)
 0002:0010D130  @std@bad_exception@3
 0002:0010D144  _GUID_NULL
 0002:0010D144  D4180_0
 0002:0010D154  _IID_IEnumVARIANT
 0002:0010D164  _IID_IDispatch
 0002:0010D174  _IID_IPicture
 0002:0010D184  _IID_IClassFactory2
 0003:00000000  B2_2
 0003:00000018  B3_2
 0003:00000030  B4_2
 0003:00000048  B5_2
 0003:00000060  B6_2
 0003:00000078  B7_2
 0003:00000090  B8_2
 0003:000000A8  B9_2
 0003:000000C0  B10_2
 0003:000000D8  B11_2
 0003:000000F0  B12_2
 0003:00000108  B13_2
 0003:00000120  B14_2
 0003:00000138  B68_2
 0003:0000017C  B70_2
 0003:000001A4  B82_2
 0003:000001BC  B92_2
 0003:000001D4  B94_2
 0003:000001EC  B96_2
 0003:00000204  B100_2
 0003:0000021C  B102_2
 0003:00000234  B104_2
 0003:0000024C  B106_2
 0003:00000264  B108_2
 0003:0000027C  B110_2
 0003:00000294  B112_2
 0003:000002AC  B126_2
 0003:000002C4  B134_2
 0003:000002DC  B136_2
 0003:000002F4  B140_2
 0003:0000030C  B144_2
 0003:00000324  B146_2
 0003:0000033C  B152_2
 0003:00000354  B154_2
 0003:0000036C  B160_2
 0003:00000384  B162_2
 0003:0000039C  B164_2
 0003:000003B4  B170_2
 0003:000003CC  B174_2
 0003:000003E4  B182_2
 0003:000003FC  B200_1
 0003:000003FC  _hModule
 0003:00000400  B202_2
 0003:00000404  _m_hThemeDll
 0003:00000404  B208_2
 0003:00000408  B214_2
 0003:0000040C  B226_2
 0003:00000424  B242_2
 0003:0000043C  B260_2
 0003:00000454  B262_2
 0003:00000488  B264_2
 0003:000004A0  B266_2
 0003:000004B8  B268_2
 0003:000004D8  B270_2
 0003:000004FC  B274_2
 0003:00000514  B304_2
 0003:0000074C  B344_2
 0003:00000768  B346_2
 0003:00000784  B358_2
 0003:00000798  _ChangeDiskBlock
 0003:000007B4  _ZipArray
 0003:000007B4  B376_2
 0003:000007B8  _pZipI
 0003:000007D0  B390_2
 0003:000007E8  B392_2
 0003:00000800  B416_2
 0003:00000818  B418_2
 0003:00000830  B420_2
 0003:00000848  B422_2
 0003:00000860  B433_2
 0003:00000878  B759_2
 0003:0000087C  _hb_stackST
 0003:0000087C  B761_2
 0003:00001F60  B767_2
 0003:00001F78  B769_2
 0003:00002168  B775_2
 0003:000021A0  B793_2
 0003:000023B4  B803_2
 0003:00002544  B817_2
 0003:0000255C  B831_2
 0003:0000285C  B855_2
 0003:00002860  B869_2
 0003:00002864  B871_2
 0003:0000287C  B877_2
 0003:0000288C  B883_2
 0003:0000290C  B891_2
 0003:00002B24  B915_1
 0003:00002B2C  B935_2
 0003:00002B2C  _s_hb_compress_error
 0003:00002B30  B953_2
 0003:00002C3C  B987_2
 0003:00002E3C  B1071_1
 0003:00002E40  B1133_2
 0003:00002E44  B1155_2
 0003:00002E5C  B1176_2
 0003:00002E74  B1188_2
 0003:00002E8C  B1201_2
 0003:00002EA4  B1227_2
 0003:00002EBC  B1235_2
 0003:00002ED4  B1251_2
 0003:00002EEC  B1255_2
 0003:00002F04  B1263_2
 0003:00002F1C  B1265_2
 0003:00002F34  B1277_2
 0003:00002F4C  B1281_2
 0003:00002F9C  B1283_2
 0003:00002FB4  B1285_2
 0003:00002FCC  B1286_2
 0003:00002FE4  B1318_2
 0003:00003038  B1326_2
 0003:00003100  _yyleng
 0003:0000310C  _yyin
 0003:00007B18  B1506_2
 0003:00007CC0  B1552_2
 0003:00007CD8  B1556_2
 0003:00007CF0  B1558_2
 0003:00007E9C  B1562_2
 0003:00008044  B1564_2
 0003:000081EC  B1737_2
 0003:00008330  B1821_2
 0003:00008348  B1851_2
 0003:00008360  B1853_2
 0003:00008378  std::_Ios_init
 0003:00008378  B2065_2
 0003:00008380  std::_Wios_init
 0003:00008438  std::cin
 0003:00008488  std::cout
 0003:00008528  std::cerr
 0003:00008570  std::clog
 0003:000085BC  B2069_2
 0003:000085C4  B2071_2
 0003:000085D4  B2079_2
 0003:000085D8  B2092_2
 0003:000086E0  std::wcin
 0003:00008730  std::wcout
 0003:00008778  std::wcerr
 0003:000087C0  std::wclog
 0003:0000880C  B2104_2
 0003:00008814  B2246_2
 0003:00008814  __bormm_pfn_FreeMem
 0003:00008818  __bormm_pfn_GetMem
 0003:0000881C  __bormm_pfn_AllocMem
 0003:00008820  __bormm_pfn_ReallocMem
 0003:00008824  __bormm_pfn_HeapAddRef
 0003:00008828  __bormm_pfn_HeapRelease
 0003:00008830  __borlndmm_GetMem
 0003:00008834  B2292_2
 0003:00008845  __FastMM_AllocSize2SmallBlockTypeIndX4
 0003:0000898C  __FastMM_LastSequentiallyFedMediumBlock
 0003:00008990  __FastMM_MediumSequentialFeedBytesLeft
 0003:00008994  __FastMM_MediumBlockBinGroupBitmap
 0003:00008998  __FastMM_MediumBlockBinBitmaps
 0003:00008A18  __FastMM_MediumBlockBins
 0003:0000AA30  B2402_2
 0003:0000AAD4  __pidtab
 0003:0000AAD4  B2694_1
 0003:0000AB9C  __handles
 0003:0000AC64  __doserrno
 0003:0000AC64  B2784_2
 0003:0000AC68  B2788_1
 0003:0000AC6C  B2790_1
 0003:0000AC70  __tmpnum
 0003:0000AC70  B2804_2
 0003:0000AC80  B3535_2
 0003:0000AC80  __mbctype
 0003:0000AD84  __mbcsCodePage
 0003:0000AD88  B3675_2
 0003:0000AE88  B3693_2
 0003:0000AEA4  B3705_2
 0003:0000AEA4  __ostype
 0003:0000AEA8  B3709_1
 0003:0000AEB0  __dbk_fcall_wrapper_addr
 0003:0000AEB0  B3724_2
 0003:0000AEB4  B3730_1
 0003:0000EEB8  __argv
 0003:0000EEB8  B3794_2
 0003:0000EEC4  B3796_2
 0003:0000EEC8  B3798_2
 0003:0000EECC  B3867_2
 0003:0000EECC  __environ
 0003:0000EED4  __envsize
 0003:0000EED8  __env_lock
 0003:0000EEDC  __C0argc
 0003:0000EEDC  B3895_1
 0003:0000EEE0  __C0argv
 0003:0000EEE4  __C0environ
 0003:0000EEE8  __oscmd
 0003:0000EEEC  __osenv
 0003:0000EEF0  __argc
 0003:0000EEF4  __dll_table
 0003:0000EEFC  __ExcRegPtr
 0003:0000EF00  __wosenv
 0003:0000EF04  __woscmd
 0003:0000EF08  __wC0argv
 0003:0000EF0C  __wC0environ
 0003:0000EF10  __exe_table
 0003:0000EF18  __stkbase
 0003:0000EF1C  B3928_1
 0003:0000EF40  B3944_2
 0003:0000EF48  B3980_2
 0003:0000F350  __DestructorCountPtr
 0003:0000F350  B3984_2
 0003:0000F358  __HandlerPtr
 0003:0000F358  B3990_2
 0003:0000F35C  __UserHandlerPtr
 0003:0000F360  B4023_2
 0003:0000F364  ___pCPPdebugHook
 0003:0000F368  _pVCL_add_EH
 0003:0000F36C  _pVCL_clear_EH
 0003:0000F370  _getExceptionObject
 0003:0000F374  _raiseExceptObject
 0004:00000000  T3984_3
 0004:00000000  ___xxInfo
