
 Start Length Name Class
 0001:00401000 0000C19C8H _TEXT                  CODE
 0002:004C3000 00003F900H _DATA                  DATA
 0003:00502900 00000E8F8H _BSS                   BSS
 0004:00000000 00000009CH _TLS                   TLS


Detailed map of segments
 0001:00000168 00000163 C=CODE    S=_TEXT    G=(none)   M=D:\DEVEL\BCC72\LIB\C0W32.OBJ ACBP=A9
 0001:000002CC 00000EA0 C=CODE    S=_TEXT    G=(none)   M=D:\DEVEL\XHARBOUR_BCC7\CONTRIB\GTWVG\WVTCLASS.OBJ ACBP=A9
 0001:0000116C 00004CE3 C=CODE    S=_TEXT    G=(none)   M=D:\DEVEL\XHARBOUR_BCC7\LIB\GTWVG.LIB|gtwvg ACBP=A9
 0001:00005E50 00006280 C=CODE    S=_TEXT    G=(none)   M=D:\DEVEL\XHARBOUR_BCC7\LIB\GTWVG.LIB|wvtcore ACBP=A9
 0001:0000C0D0 000031DA C=CODE    S=_TEXT    G=(none)   M=D:\DEVEL\XHARBOUR_BCC7\LIB\GTWVG.LIB|wvtutils ACBP=A9
 0001:0000F2AC 000003BC C=CODE    S=_TEXT    G=(none)   M=D:\DEVEL\XHARBOUR_BCC7\LIB\GTWVG.LIB|wvtpaint ACBP=A9
 0001:0000F668 00001D31 C=CODE    S=_TEXT    G=(none)   M=D:\DEVEL\XHARBOUR_BCC7\LIB\VM.LIB|arrays ACBP=A9
 0001:0001139C 000035EF C=CODE    S=_TEXT    G=(none)   M=D:\DEVEL\XHARBOUR_BCC7\LIB\VM.LIB|arrayshb ACBP=A9
 0001:0001498C 00000685 C=CODE    S=_TEXT    G=(none)   M=D:\DEVEL\XHARBOUR_BCC7\LIB\VM.LIB|asort ACBP=A9
 0001:00015014 00005AF3 C=CODE    S=_TEXT    G=(none)   M=D:\DEVEL\XHARBOUR_BCC7\LIB\VM.LIB|classes ACBP=A9
 0001:0001AB08 000002E1 C=CODE    S=_TEXT    G=(none)   M=D:\DEVEL\XHARBOUR_BCC7\LIB\VM.LIB|codebloc ACBP=A9
 0001:0001ADEC 00000794 C=CODE    S=_TEXT    G=(none)   M=D:\DEVEL\XHARBOUR_BCC7\LIB\VM.LIB|dynsym ACBP=A9
 0001:0001B580 00002195 C=CODE    S=_TEXT    G=(none)   M=D:\DEVEL\XHARBOUR_BCC7\LIB\VM.LIB|errorapi ACBP=A9
 0001:0001D718 00000B09 C=CODE    S=_TEXT    G=(none)   M=D:\DEVEL\XHARBOUR_BCC7\LIB\VM.LIB|estack ACBP=A9
 0001:0001E224 00000AB4 C=CODE    S=_TEXT    G=(none)   M=D:\DEVEL\XHARBOUR_BCC7\LIB\VM.LIB|eval ACBP=A9
 0001:0001ECD8 00001D6A C=CODE    S=_TEXT    G=(none)   M=D:\DEVEL\XHARBOUR_BCC7\LIB\VM.LIB|extend ACBP=A9
 0001:00020A44 000041D5 C=CODE    S=_TEXT    G=(none)   M=D:\DEVEL\XHARBOUR_BCC7\LIB\VM.LIB|fm ACBP=A9
 0001:00024C1C 00000EA0 C=CODE    S=_TEXT    G=(none)   M=D:\DEVEL\XHARBOUR_BCC7\LIB\VM.LIB|garbage ACBP=A9
 0001:00025ABC 000034E2 C=CODE    S=_TEXT    G=(none)   M=D:\DEVEL\XHARBOUR_BCC7\LIB\VM.LIB|hash ACBP=A9
 0001:00028FA0 000132B3 C=CODE    S=_TEXT    G=(none)   M=D:\DEVEL\XHARBOUR_BCC7\LIB\VM.LIB|hvm ACBP=A9
 0001:0003C254 00000030 C=CODE    S=_TEXT    G=(none)   M=D:\DEVEL\XHARBOUR_BCC7\LIB\VM.LIB|initexit ACBP=A9
 0001:0003C284 00002138 C=CODE    S=_TEXT    G=(none)   M=D:\DEVEL\XHARBOUR_BCC7\LIB\VM.LIB|itemapi ACBP=A9
 0001:0003E3BC 00000957 C=CODE    S=_TEXT    G=(none)   M=D:\DEVEL\XHARBOUR_BCC7\LIB\VM.LIB|fastitem ACBP=A9
 0001:0003ED14 00001CB4 C=CODE    S=_TEXT    G=(none)   M=D:\DEVEL\XHARBOUR_BCC7\LIB\VM.LIB|macro ACBP=A9
 0001:000409C8 00001E2E C=CODE    S=_TEXT    G=(none)   M=D:\DEVEL\XHARBOUR_BCC7\LIB\VM.LIB|memvars ACBP=A9
 0001:000427F8 0000002B C=CODE    S=_TEXT    G=(none)   M=D:\DEVEL\XHARBOUR_BCC7\LIB\VM.LIB|pcount ACBP=A9
 0001:00042824 00000355 C=CODE    S=_TEXT    G=(none)   M=D:\DEVEL\XHARBOUR_BCC7\LIB\VM.LIB|proc ACBP=A9
 0001:00042B7C 00004C22 C=CODE    S=_TEXT    G=(none)   M=D:\DEVEL\XHARBOUR_BCC7\LIB\VM.LIB|set ACBP=A9
 0001:000477A0 00000268 C=CODE    S=_TEXT    G=(none)   M=D:\DEVEL\XHARBOUR_BCC7\LIB\VM.LIB|thread ACBP=A9
 0001:00047A08 000005CF C=CODE    S=_TEXT    G=(none)   M=D:\DEVEL\XHARBOUR_BCC7\LIB\VM.LIB|cmdarg ACBP=A9
 0001:00047FD8 000011C9 C=CODE    S=_TEXT    G=(none)   M=D:\DEVEL\XHARBOUR_BCC7\LIB\VM.LIB|hbi18n ACBP=A9
 0001:000491A4 00000014 C=CODE    S=_TEXT    G=(none)   M=D:\DEVEL\XHARBOUR_BCC7\LIB\VM.LIB|break ACBP=A9
 0001:000491B8 00000019 C=CODE    S=_TEXT    G=(none)   M=D:\DEVEL\XHARBOUR_BCC7\LIB\VM.LIB|initsymb ACBP=A9
 0001:000491D4 00000076 C=CODE    S=_TEXT    G=(none)   M=D:\DEVEL\XHARBOUR_BCC7\LIB\VM.LIB|throw ACBP=A9
 0001:0004924C 00000100 C=CODE    S=_TEXT    G=(none)   M=D:\DEVEL\XHARBOUR_BCC7\LIB\VM.LIB|harbinit ACBP=A9
 0001:0004934C 0000004C C=CODE    S=_TEXT    G=(none)   M=D:\DEVEL\XHARBOUR_BCC7\LIB\VM.LIB|errlogmt ACBP=A9
 0001:00049398 00000674 C=CODE    S=_TEXT    G=(none)   M=D:\DEVEL\XHARBOUR_BCC7\LIB\VM.LIB|bkgtsks ACBP=A9
 0001:00049A0C 0000012C C=CODE    S=_TEXT    G=(none)   M=D:\DEVEL\XHARBOUR_BCC7\LIB\VM.LIB|mainwin ACBP=A9
 0001:00049B38 000001BC C=CODE    S=_TEXT    G=(none)   M=D:\DEVEL\XHARBOUR_BCC7\LIB\RTL.LIB|abs ACBP=A9
 0001:00049CF4 00000497 C=CODE    S=_TEXT    G=(none)   M=D:\DEVEL\XHARBOUR_BCC7\LIB\RTL.LIB|at ACBP=A9
 0001:0004A18C 0000026D C=CODE    S=_TEXT    G=(none)   M=D:\DEVEL\XHARBOUR_BCC7\LIB\RTL.LIB|box ACBP=A9
 0001:0004A3FC 000025C6 C=CODE    S=_TEXT    G=(none)   M=D:\DEVEL\XHARBOUR_BCC7\LIB\RTL.LIB|cdpapi ACBP=A9
 0001:0004C9C4 000000AF C=CODE    S=_TEXT    G=(none)   M=D:\DEVEL\XHARBOUR_BCC7\LIB\RTL.LIB|chrasc ACBP=A9
 0001:0004CA74 000000D5 C=CODE    S=_TEXT    G=(none)   M=D:\DEVEL\XHARBOUR_BCC7\LIB\RTL.LIB|colorind ACBP=A9
 0001:0004CB4C 00000B75 C=CODE    S=_TEXT    G=(none)   M=D:\DEVEL\XHARBOUR_BCC7\LIB\RTL.LIB|console ACBP=A9
 0001:0004D6C4 00000167 C=CODE    S=_TEXT    G=(none)   M=D:\DEVEL\XHARBOUR_BCC7\LIB\RTL.LIB|datec ACBP=A9
 0001:0004D82C 000011E7 C=CODE    S=_TEXT    G=(none)   M=D:\DEVEL\XHARBOUR_BCC7\LIB\RTL.LIB|dateshb ACBP=A9
 0001:0004EA14 0000054A C=CODE    S=_TEXT    G=(none)   M=D:\DEVEL\XHARBOUR_BCC7\LIB\RTL.LIB|dirdrive ACBP=A9
 0001:0004EF60 000001CC C=CODE    S=_TEXT    G=(none)   M=D:\DEVEL\XHARBOUR_BCC7\LIB\RTL.LIB|diskspac ACBP=A9
 0001:0004F12C 00000254 C=CODE    S=_TEXT    G=(none)   M=D:\DEVEL\XHARBOUR_BCC7\LIB\RTL.LIB|empty ACBP=A9
 0001:0004F380 00000154 C=CODE    S=_TEXT    G=(none)   M=D:\DEVEL\XHARBOUR_BCC7\LIB\RTL.LIB|file ACBP=A9
 0001:0004F4D4 00000C39 C=CODE    S=_TEXT    G=(none)   M=D:\DEVEL\XHARBOUR_BCC7\LIB\RTL.LIB|filebuf ACBP=A9
 0001:00050110 00000074 C=CODE    S=_TEXT    G=(none)   M=D:\DEVEL\XHARBOUR_BCC7\LIB\RTL.LIB|filehb ACBP=A9
 0001:00050184 00001D92 C=CODE    S=_TEXT    G=(none)   M=D:\DEVEL\XHARBOUR_BCC7\LIB\RTL.LIB|filesys ACBP=A9
 0001:00051F18 000000D5 C=CODE    S=_TEXT    G=(none)   M=D:\DEVEL\XHARBOUR_BCC7\LIB\RTL.LIB|fserror ACBP=A9
 0001:00051FF0 000000D0 C=CODE    S=_TEXT    G=(none)   M=D:\DEVEL\XHARBOUR_BCC7\LIB\RTL.LIB|fnsplit ACBP=A9
 0001:000520C0 00000996 C=CODE    S=_TEXT    G=(none)   M=D:\DEVEL\XHARBOUR_BCC7\LIB\RTL.LIB|fparse ACBP=A9
 0001:00052A58 00000107 C=CODE    S=_TEXT    G=(none)   M=D:\DEVEL\XHARBOUR_BCC7\LIB\RTL.LIB|fssize ACBP=A9
 0001:00052B60 000003EF C=CODE    S=_TEXT    G=(none)   M=D:\DEVEL\XHARBOUR_BCC7\LIB\RTL.LIB|fstemp ACBP=A9
 0001:00052F50 00000028 C=CODE    S=_TEXT    G=(none)   M=D:\DEVEL\XHARBOUR_BCC7\LIB\RTL.LIB|gt ACBP=A9
 0001:00052F78 00000F46 C=CODE    S=_TEXT    G=(none)   M=D:\DEVEL\XHARBOUR_BCC7\LIB\RTL.LIB|gtapi ACBP=A9
 0001:00053EC0 000002B7 C=CODE    S=_TEXT    G=(none)   M=D:\DEVEL\XHARBOUR_BCC7\LIB\RTL.LIB|gtclip ACBP=A9
 0001:00054178 0000042E C=CODE    S=_TEXT    G=(none)   M=D:\DEVEL\XHARBOUR_BCC7\LIB\RTL.LIB|gtfunc ACBP=A9
 0001:000545A8 00000224 C=CODE    S=_TEXT    G=(none)   M=D:\DEVEL\XHARBOUR_BCC7\LIB\RTL.LIB|gtkbstat ACBP=A9
 0001:000547CC 00000284 C=CODE    S=_TEXT    G=(none)   M=D:\DEVEL\XHARBOUR_BCC7\LIB\RTL.LIB|gttone ACBP=A9
 0001:00054A50 00000001 C=CODE    S=_TEXT    G=(none)   M=D:\DEVEL\XHARBOUR_BCC7\LIB\RTL.LIB|gtsys ACBP=A9
 0001:00054A54 000000C7 C=CODE    S=_TEXT    G=(none)   M=D:\DEVEL\XHARBOUR_BCC7\LIB\RTL.LIB|gx ACBP=A9
 0001:00054B1C 00000496 C=CODE    S=_TEXT    G=(none)   M=D:\DEVEL\XHARBOUR_BCC7\LIB\RTL.LIB|hbbitf ACBP=A9
 0001:00054FB4 000007F7 C=CODE    S=_TEXT    G=(none)   M=D:\DEVEL\XHARBOUR_BCC7\LIB\RTL.LIB|hbserv ACBP=A9
 0001:000557AC 000007F9 C=CODE    S=_TEXT    G=(none)   M=D:\DEVEL\XHARBOUR_BCC7\LIB\RTL.LIB|hbffind ACBP=A9
 0001:00055FA8 00003D71 C=CODE    S=_TEXT    G=(none)   M=D:\DEVEL\XHARBOUR_BCC7\LIB\RTL.LIB|hbgtcore ACBP=A9
 0001:00059D1C 00000489 C=CODE    S=_TEXT    G=(none)   M=D:\DEVEL\XHARBOUR_BCC7\LIB\RTL.LIB|hbhex2n ACBP=A9
 0001:0005A1A8 000002DC C=CODE    S=_TEXT    G=(none)   M=D:\DEVEL\XHARBOUR_BCC7\LIB\RTL.LIB|hbrandom ACBP=A9
 0001:0005A484 0000062A C=CODE    S=_TEXT    G=(none)   M=D:\DEVEL\XHARBOUR_BCC7\LIB\RTL.LIB|hbtoken ACBP=A9
 0001:0005AAB0 0000047E C=CODE    S=_TEXT    G=(none)   M=D:\DEVEL\XHARBOUR_BCC7\LIB\RTL.LIB|idle ACBP=A9
 0001:0005AF30 00000487 C=CODE    S=_TEXT    G=(none)   M=D:\DEVEL\XHARBOUR_BCC7\LIB\RTL.LIB|inkey ACBP=A9
 0001:0005B3B8 00000119 C=CODE    S=_TEXT    G=(none)   M=D:\DEVEL\XHARBOUR_BCC7\LIB\RTL.LIB|inkeyapi ACBP=A9
 0001:0005B4D4 0000049E C=CODE    S=_TEXT    G=(none)   M=D:\DEVEL\XHARBOUR_BCC7\LIB\RTL.LIB|is ACBP=A9
 0001:0005B974 0000029F C=CODE    S=_TEXT    G=(none)   M=D:\DEVEL\XHARBOUR_BCC7\LIB\RTL.LIB|langapi ACBP=A9
 0001:0005BC14 000000CC C=CODE    S=_TEXT    G=(none)   M=D:\DEVEL\XHARBOUR_BCC7\LIB\RTL.LIB|left ACBP=A9
 0001:0005BCE0 00000093 C=CODE    S=_TEXT    G=(none)   M=D:\DEVEL\XHARBOUR_BCC7\LIB\RTL.LIB|len ACBP=A9
 0001:0005BD74 00000A80 C=CODE    S=_TEXT    G=(none)   M=D:\DEVEL\XHARBOUR_BCC7\LIB\RTL.LIB|math ACBP=A9
 0001:0005C7F4 0000014F C=CODE    S=_TEXT    G=(none)   M=D:\DEVEL\XHARBOUR_BCC7\LIB\RTL.LIB|maxrow ACBP=A9
 0001:0005C944 000006A6 C=CODE    S=_TEXT    G=(none)   M=D:\DEVEL\XHARBOUR_BCC7\LIB\RTL.LIB|minmax ACBP=A9
 0001:0005CFEC 00000292 C=CODE    S=_TEXT    G=(none)   M=D:\DEVEL\XHARBOUR_BCC7\LIB\RTL.LIB|mouseapi ACBP=A9
 0001:0005D280 000002E5 C=CODE    S=_TEXT    G=(none)   M=D:\DEVEL\XHARBOUR_BCC7\LIB\RTL.LIB|mouse53 ACBP=A9
 0001:0005D568 00000180 C=CODE    S=_TEXT    G=(none)   M=D:\DEVEL\XHARBOUR_BCC7\LIB\RTL.LIB|natmsg ACBP=A9
 0001:0005D6E8 00000071 C=CODE    S=_TEXT    G=(none)   M=D:\DEVEL\XHARBOUR_BCC7\LIB\RTL.LIB|net ACBP=A9
 0001:0005D75C 00000006 C=CODE    S=_TEXT    G=(none)   M=D:\DEVEL\XHARBOUR_BCC7\LIB\RTL.LIB|pad ACBP=A9
 0001:0005D764 00000141 C=CODE    S=_TEXT    G=(none)   M=D:\DEVEL\XHARBOUR_BCC7\LIB\RTL.LIB|padc ACBP=A9
 0001:0005D8A8 0000010F C=CODE    S=_TEXT    G=(none)   M=D:\DEVEL\XHARBOUR_BCC7\LIB\RTL.LIB|padl ACBP=A9
 0001:0005D9B8 00000108 C=CODE    S=_TEXT    G=(none)   M=D:\DEVEL\XHARBOUR_BCC7\LIB\RTL.LIB|padr ACBP=A9
 0001:0005DAC0 00000CEE C=CODE    S=_TEXT    G=(none)   M=D:\DEVEL\XHARBOUR_BCC7\LIB\RTL.LIB|philes ACBP=A9
 0001:0005E7B0 000000F8 C=CODE    S=_TEXT    G=(none)   M=D:\DEVEL\XHARBOUR_BCC7\LIB\RTL.LIB|rat ACBP=A9
 0001:0005E8A8 0000012F C=CODE    S=_TEXT    G=(none)   M=D:\DEVEL\XHARBOUR_BCC7\LIB\RTL.LIB|replic ACBP=A9
 0001:0005E9D8 00000093 C=CODE    S=_TEXT    G=(none)   M=D:\DEVEL\XHARBOUR_BCC7\LIB\RTL.LIB|right ACBP=A9
 0001:0005EA6C 00000132 C=CODE    S=_TEXT    G=(none)   M=D:\DEVEL\XHARBOUR_BCC7\LIB\RTL.LIB|round ACBP=A9
 0001:0005EBA0 000001FC C=CODE    S=_TEXT    G=(none)   M=D:\DEVEL\XHARBOUR_BCC7\LIB\RTL.LIB|samples ACBP=A9
 0001:0005ED9C 000001D4 C=CODE    S=_TEXT    G=(none)   M=D:\DEVEL\XHARBOUR_BCC7\LIB\RTL.LIB|saverest ACBP=A9
 0001:0005EF70 00000271 C=CODE    S=_TEXT    G=(none)   M=D:\DEVEL\XHARBOUR_BCC7\LIB\RTL.LIB|scroll ACBP=A9
 0001:0005F1E4 000002CC C=CODE    S=_TEXT    G=(none)   M=D:\DEVEL\XHARBOUR_BCC7\LIB\RTL.LIB|seconds ACBP=A9
 0001:0005F4B0 000011EA C=CODE    S=_TEXT    G=(none)   M=D:\DEVEL\XHARBOUR_BCC7\LIB\RTL.LIB|regex ACBP=A9
 0001:0006069C 00000155 C=CODE    S=_TEXT    G=(none)   M=D:\DEVEL\XHARBOUR_BCC7\LIB\RTL.LIB|setcolor ACBP=A9
 0001:000607F4 00000064 C=CODE    S=_TEXT    G=(none)   M=D:\DEVEL\XHARBOUR_BCC7\LIB\RTL.LIB|setcurs ACBP=A9
 0001:00060858 0000059D C=CODE    S=_TEXT    G=(none)   M=D:\DEVEL\XHARBOUR_BCC7\LIB\RTL.LIB|setkey ACBP=A9
 0001:00060DF8 0000008D C=CODE    S=_TEXT    G=(none)   M=D:\DEVEL\XHARBOUR_BCC7\LIB\RTL.LIB|setpos ACBP=A9
 0001:00060E88 0000002A C=CODE    S=_TEXT    G=(none)   M=D:\DEVEL\XHARBOUR_BCC7\LIB\RTL.LIB|setposbs ACBP=A9
 0001:00060EB4 00000086 C=CODE    S=_TEXT    G=(none)   M=D:\DEVEL\XHARBOUR_BCC7\LIB\RTL.LIB|space ACBP=A9
 0001:00060F3C 000002FA C=CODE    S=_TEXT    G=(none)   M=D:\DEVEL\XHARBOUR_BCC7\LIB\RTL.LIB|spfiles ACBP=A9
 0001:00061238 0000023D C=CODE    S=_TEXT    G=(none)   M=D:\DEVEL\XHARBOUR_BCC7\LIB\RTL.LIB|str ACBP=A9
 0001:00061478 00000336 C=CODE    S=_TEXT    G=(none)   M=D:\DEVEL\XHARBOUR_BCC7\LIB\RTL.LIB|strcase ACBP=A9
 0001:000617B0 00000141 C=CODE    S=_TEXT    G=(none)   M=D:\DEVEL\XHARBOUR_BCC7\LIB\RTL.LIB|strdel ACBP=A9
 0001:000618F4 00000035 C=CODE    S=_TEXT    G=(none)   M=D:\DEVEL\XHARBOUR_BCC7\LIB\RTL.LIB|strings ACBP=A9
 0001:0006192C 0000068D C=CODE    S=_TEXT    G=(none)   M=D:\DEVEL\XHARBOUR_BCC7\LIB\RTL.LIB|strmatch ACBP=A9
 0001:00061FBC 00000324 C=CODE    S=_TEXT    G=(none)   M=D:\DEVEL\XHARBOUR_BCC7\LIB\RTL.LIB|strtran ACBP=A9
 0001:000622E0 00000143 C=CODE    S=_TEXT    G=(none)   M=D:\DEVEL\XHARBOUR_BCC7\LIB\RTL.LIB|strzero ACBP=A9
 0001:00062424 0000017E C=CODE    S=_TEXT    G=(none)   M=D:\DEVEL\XHARBOUR_BCC7\LIB\RTL.LIB|stuff ACBP=A9
 0001:000625A4 00000153 C=CODE    S=_TEXT    G=(none)   M=D:\DEVEL\XHARBOUR_BCC7\LIB\RTL.LIB|substr ACBP=A9
 0001:000626F8 00001174 C=CODE    S=_TEXT    G=(none)   M=D:\DEVEL\XHARBOUR_BCC7\LIB\RTL.LIB|tprinter ACBP=A9
 0001:0006386C 000001B0 C=CODE    S=_TEXT    G=(none)   M=D:\DEVEL\XHARBOUR_BCC7\LIB\RTL.LIB|trace ACBP=A9
 0001:00063A1C 00001D00 C=CODE    S=_TEXT    G=(none)   M=D:\DEVEL\XHARBOUR_BCC7\LIB\RTL.LIB|transfrm ACBP=A9
 0001:0006571C 0000025E C=CODE    S=_TEXT    G=(none)   M=D:\DEVEL\XHARBOUR_BCC7\LIB\RTL.LIB|trim ACBP=A9
 0001:0006597C 00000077 C=CODE    S=_TEXT    G=(none)   M=D:\DEVEL\XHARBOUR_BCC7\LIB\RTL.LIB|type ACBP=A9
 0001:000659F4 0000009D C=CODE    S=_TEXT    G=(none)   M=D:\DEVEL\XHARBOUR_BCC7\LIB\RTL.LIB|val ACBP=A9
 0001:00065A94 0000042E C=CODE    S=_TEXT    G=(none)   M=D:\DEVEL\XHARBOUR_BCC7\LIB\RTL.LIB|valtype ACBP=A9
 0001:00065EC4 00000394 C=CODE    S=_TEXT    G=(none)   M=D:\DEVEL\XHARBOUR_BCC7\LIB\RTL.LIB|version ACBP=A9
 0001:00066258 0000004A C=CODE    S=_TEXT    G=(none)   M=D:\DEVEL\XHARBOUR_BCC7\LIB\RTL.LIB|word ACBP=A9
 0001:000662A4 0000005C C=CODE    S=_TEXT    G=(none)   M=D:\DEVEL\XHARBOUR_BCC7\LIB\RTL.LIB|xhelp ACBP=A9
 0001:00066300 000000E4 C=CODE    S=_TEXT    G=(none)   M=D:\DEVEL\XHARBOUR_BCC7\LIB\RTL.LIB|xsavescr ACBP=A9
 0001:000663E4 00000074 C=CODE    S=_TEXT    G=(none)   M=D:\DEVEL\XHARBOUR_BCC7\LIB\RTL.LIB|alert ACBP=A9
 0001:00066458 00000150 C=CODE    S=_TEXT    G=(none)   M=D:\DEVEL\XHARBOUR_BCC7\LIB\RTL.LIB|color53 ACBP=A9
 0001:000665A8 00000164 C=CODE    S=_TEXT    G=(none)   M=D:\DEVEL\XHARBOUR_BCC7\LIB\RTL.LIB|cstr ACBP=A9
 0001:0006670C 0000020B C=CODE    S=_TEXT    G=(none)   M=D:\DEVEL\XHARBOUR_BCC7\LIB\RTL.LIB|errorsys ACBP=A9
 0001:00066918 00000088 C=CODE    S=_TEXT    G=(none)   M=D:\DEVEL\XHARBOUR_BCC7\LIB\RTL.LIB|getlist ACBP=A9
 0001:000669A0 00000204 C=CODE    S=_TEXT    G=(none)   M=D:\DEVEL\XHARBOUR_BCC7\LIB\RTL.LIB|getsys ACBP=A9
 0001:00066BA4 0000004C C=CODE    S=_TEXT    G=(none)   M=D:\DEVEL\XHARBOUR_BCC7\LIB\RTL.LIB|memvarbl ACBP=A9
 0001:00066BF0 00000100 C=CODE    S=_TEXT    G=(none)   M=D:\DEVEL\XHARBOUR_BCC7\LIB\RTL.LIB|mssgline ACBP=A9
 0001:00066CF0 000001DC C=CODE    S=_TEXT    G=(none)   M=D:\DEVEL\XHARBOUR_BCC7\LIB\RTL.LIB|objfunc ACBP=A9
 0001:00066ECC 00000690 C=CODE    S=_TEXT    G=(none)   M=D:\DEVEL\XHARBOUR_BCC7\LIB\RTL.LIB|tbrowse ACBP=A9
 0001:0006755C 00000204 C=CODE    S=_TEXT    G=(none)   M=D:\DEVEL\XHARBOUR_BCC7\LIB\RTL.LIB|tclass ACBP=A9
 0001:00067760 000003D4 C=CODE    S=_TEXT    G=(none)   M=D:\DEVEL\XHARBOUR_BCC7\LIB\RTL.LIB|tget ACBP=A9
 0001:00067B34 00000074 C=CODE    S=_TEXT    G=(none)   M=D:\DEVEL\XHARBOUR_BCC7\LIB\RTL.LIB|tgetint ACBP=A9
 0001:00067BA8 00000258 C=CODE    S=_TEXT    G=(none)   M=D:\DEVEL\XHARBOUR_BCC7\LIB\RTL.LIB|tgetlist ACBP=A9
 0001:00067E00 000001A3 C=CODE    S=_TEXT    G=(none)   M=D:\DEVEL\XHARBOUR_BCC7\LIB\RTL.LIB|tobject ACBP=A9
 0001:00067FA4 00000060 C=CODE    S=_TEXT    G=(none)   M=D:\DEVEL\XHARBOUR_BCC7\LIB\RTL.LIB|traceprg ACBP=A9
 0001:00068004 0000026E C=CODE    S=_TEXT    G=(none)   M=D:\DEVEL\XHARBOUR_BCC7\LIB\RTL.LIB|tscalar ACBP=A9
 0001:00068274 00002A35 C=CODE    S=_TEXT    G=(none)   M=D:\DEVEL\XHARBOUR_BCC7\LIB\MACRO.LIB|macroy ACBP=A9
 0001:0006ACAC 00000359 C=CODE    S=_TEXT    G=(none)   M=D:\DEVEL\XHARBOUR_BCC7\LIB\MACRO.LIB|macroa ACBP=A9
 0001:0006B008 00005D7D C=CODE    S=_TEXT    G=(none)   M=D:\DEVEL\XHARBOUR_BCC7\LIB\MACRO.LIB|macrob ACBP=A9
 0001:00070D88 000008B4 C=CODE    S=_TEXT    G=(none)   M=D:\DEVEL\XHARBOUR_BCC7\LIB\MACRO.LIB|macroc ACBP=A9
 0001:0007163C 00002369 C=CODE    S=_TEXT    G=(none)   M=D:\DEVEL\XHARBOUR_BCC7\LIB\MACRO.LIB|macroslx ACBP=A9
 0001:000739A8 0000003F C=CODE    S=_TEXT    G=(none)   M=D:\DEVEL\XHARBOUR_BCC7\LIB\COMMON.LIB|hbfopen ACBP=A9
 0001:000739E8 000003DF C=CODE    S=_TEXT    G=(none)   M=D:\DEVEL\XHARBOUR_BCC7\LIB\COMMON.LIB|hbfsapi ACBP=A9
 0001:00073DC8 000000F7 C=CODE    S=_TEXT    G=(none)   M=D:\DEVEL\XHARBOUR_BCC7\LIB\COMMON.LIB|hbgete ACBP=A9
 0001:00073EC0 000005CA C=CODE    S=_TEXT    G=(none)   M=D:\DEVEL\XHARBOUR_BCC7\LIB\COMMON.LIB|hbmem ACBP=A9
 0001:0007448C 0000169E C=CODE    S=_TEXT    G=(none)   M=D:\DEVEL\XHARBOUR_BCC7\LIB\COMMON.LIB|hbstr ACBP=A9
 0001:00075B2C 00001AA1 C=CODE    S=_TEXT    G=(none)   M=D:\DEVEL\XHARBOUR_BCC7\LIB\COMMON.LIB|hbprintf ACBP=A9
 0001:000775D0 00000226 C=CODE    S=_TEXT    G=(none)   M=D:\DEVEL\XHARBOUR_BCC7\LIB\COMMON.LIB|hbtrace ACBP=A9
 0001:000777F8 00001056 C=CODE    S=_TEXT    G=(none)   M=D:\DEVEL\XHARBOUR_BCC7\LIB\COMMON.LIB|hbver ACBP=A9
 0001:00078850 00000B1A C=CODE    S=_TEXT    G=(none)   M=D:\DEVEL\XHARBOUR_BCC7\LIB\COMMON.LIB|expropt1 ACBP=A9
 0001:0007936C 00001645 C=CODE    S=_TEXT    G=(none)   M=D:\DEVEL\XHARBOUR_BCC7\LIB\COMMON.LIB|expropt2 ACBP=A9
 0001:0007A9B4 00000060 C=CODE    S=_TEXT    G=(none)   M=D:\DEVEL\XHARBOUR_BCC7\LIB\COMMON.LIB|reserved ACBP=A9
 0001:0007AA14 00001919 C=CODE    S=_TEXT    G=(none)   M=D:\DEVEL\XHARBOUR_BCC7\LIB\COMMON.LIB|hbdate ACBP=A9
 0001:0007C330 00000181 C=CODE    S=_TEXT    G=(none)   M=D:\DEVEL\XHARBOUR_BCC7\LIB\COMMON.LIB|hbwince ACBP=A9
 0001:0007C4B4 00000010 C=CODE    S=_TEXT    G=(none)   M=D:\DEVEL\XHARBOUR_BCC7\LIB\LANG.LIB|msgen ACBP=A9
 0001:0007C4C4 000037F3 C=CODE    S=_TEXT    G=(none)   M=D:\DEVEL\XHARBOUR_BCC7\LIB\RDD.LIB|dbcmd ACBP=A9
 0001:0007FCB8 00000C62 C=CODE    S=_TEXT    G=(none)   M=D:\DEVEL\XHARBOUR_BCC7\LIB\RDD.LIB|dbcmd53 ACBP=A9
 0001:0008091C 000025FE C=CODE    S=_TEXT    G=(none)   M=D:\DEVEL\XHARBOUR_BCC7\LIB\RDD.LIB|workarea ACBP=A9
 0001:00082F1C 0000086B C=CODE    S=_TEXT    G=(none)   M=D:\DEVEL\XHARBOUR_BCC7\LIB\RDD.LIB|wacore ACBP=A9
 0001:00083788 000014B3 C=CODE    S=_TEXT    G=(none)   M=D:\DEVEL\XHARBOUR_BCC7\LIB\RDD.LIB|wafunc ACBP=A9
 0001:00084C3C 00008504 C=CODE    S=_TEXT    G=(none)   M=D:\DEVEL\XHARBOUR_BCC7\LIB\RDD.LIB|dbf1 ACBP=A9
 0001:0008D140 000006AB C=CODE    S=_TEXT    G=(none)   M=D:\DEVEL\XHARBOUR_BCC7\LIB\RDD.LIB|hbdbsort ACBP=A9
 0001:0008D7EC 000000D8 C=CODE    S=_TEXT    G=(none)   M=D:\DEVEL\XHARBOUR_BCC7\LIB\RDD.LIB|rddord ACBP=A9
 0001:0008D8C4 0000004C C=CODE    S=_TEXT    G=(none)   M=D:\DEVEL\XHARBOUR_BCC7\LIB\RDD.LIB|rddsys ACBP=A9
 0001:0008D910 0000ABE4 C=CODE    S=_TEXT    G=(none)   M=D:\DEVEL\XHARBOUR_BCC7\LIB\DBFNTX.LIB|dbfntx1 ACBP=A9
 0001:000984F4 000076A4 C=CODE    S=_TEXT    G=(none)   M=D:\DEVEL\XHARBOUR_BCC7\LIB\DBFFPT.LIB|dbffpt1 ACBP=A9
 0001:0009FB98 00007DF8 C=CODE    S=_TEXT    G=(none)   M=D:\DEVEL\XHARBOUR_BCC7\LIB\PCREPOS.LIB|pcre_compile ACBP=A9
 0001:000A7990 0000B8A8 C=CODE    S=_TEXT    G=(none)   M=D:\DEVEL\XHARBOUR_BCC7\LIB\PCREPOS.LIB|pcre_exec ACBP=A9
 0001:000B3238 0000025E C=CODE    S=_TEXT    G=(none)   M=D:\DEVEL\XHARBOUR_BCC7\LIB\PCREPOS.LIB|pcre_fullinfo ACBP=A9
 0001:000B3498 000003E6 C=CODE    S=_TEXT    G=(none)   M=D:\DEVEL\XHARBOUR_BCC7\LIB\PCREPOS.LIB|pcre_newline ACBP=A9
 0001:000B3880 0000004F C=CODE    S=_TEXT    G=(none)   M=D:\DEVEL\XHARBOUR_BCC7\LIB\PCREPOS.LIB|pcre_ord2utf8 ACBP=A9
 0001:000B38D0 00000474 C=CODE    S=_TEXT    G=(none)   M=D:\DEVEL\XHARBOUR_BCC7\LIB\PCREPOS.LIB|pcre_valid_utf8 ACBP=A9
 0001:000B3D44 00000016 C=CODE    S=_TEXT    G=(none)   M=D:\DEVEL\XHARBOUR_BCC7\LIB\PCREPOS.LIB|pcre_version ACBP=A9
 0001:000B3D5C 00000411 C=CODE    S=_TEXT    G=(none)   M=D:\DEVEL\XHARBOUR_BCC7\LIB\PCREPOS.LIB|pcre_xclass ACBP=A9
 0001:000B4170 000003C5 C=CODE    S=_TEXT    G=(none)   M=D:\DEVEL\XHARBOUR_BCC7\LIB\PCREPOS.LIB|pcreposix ACBP=A9
 0001:000B4538 000003BF C=CODE    S=_TEXT    G=(none)   M=D:\DEVEL\XHARBOUR_BCC7\LIB\HBSIX.LIB|sxcrypt ACBP=A9
 0001:000B48F8 000000F8 C=CODE    S=_TEXT    G=(none)   M=D:\DEVEL\XHARBOUR_BCC7\LIB\HBSIX.LIB|sxdate ACBP=A9
 0001:000B49F0 00000028 C=CODE    S=_TEXT    G=(none)   M=D:\DEVEL\BCC72\LIB\CW32.LIB|delaop ACBP=A9
 0001:000B4A18 0000002E C=CODE    S=_TEXT    G=(none)   M=D:\DEVEL\BCC72\LIB\CW32.LIB|delop ACBP=A9
 0001:000B4A48 0000004E C=CODE    S=_TEXT    G=(none)   M=D:\DEVEL\BCC72\LIB\CW32.LIB|exceptio ACBP=A9
 0001:000B4A7D 0000009B C=CODE    S=_TEXT    G=(none)   M=D:\DEVEL\BCC72\LIB\CW32.LIB|gccex ACBP=A9
 0001:000B4B18 00000112 C=CODE    S=_TEXT    G=(none)   M=D:\DEVEL\BCC72\LIB\CW32.LIB|inst ACBP=A9
 0001:000B4C04 0000014B C=CODE    S=_TEXT    G=(none)   M=D:\DEVEL\BCC72\LIB\CW32.LIB|hrdir_b ACBP=A9
 0001:000B4D50 00000020 C=CODE    S=_TEXT    G=(none)   M=D:\DEVEL\BCC72\LIB\CW32.LIB|hrdir_mf ACBP=A9
 0001:000B4D70 000000DC C=CODE    S=_TEXT    G=(none)   M=D:\DEVEL\BCC72\LIB\CW32.LIB|hrdir_s ACBP=A9
 0001:000B4E4C 00000001 C=CODE    S=_TEXT    G=(none)   M=D:\DEVEL\BCC72\LIB\CW32.LIB|hrdir_us ACBP=A9
 0001:000B4E50 00000DC2 C=CODE    S=_TEXT    G=(none)   M=D:\DEVEL\BCC72\LIB\CW32.LIB|_fastmm ACBP=A9
 0001:000B5C14 00000B42 C=CODE    S=_TEXT    G=(none)   M=D:\DEVEL\BCC72\LIB\CW32.LIB|_fastmma ACBP=A9
 0001:000B6758 0000004A C=CODE    S=_TEXT    G=(none)   M=D:\DEVEL\BCC72\LIB\CW32.LIB|heap ACBP=A9
 0001:000B67A4 00000065 C=CODE    S=_TEXT    G=(none)   M=D:\DEVEL\BCC72\LIB\CW32.LIB|realloc ACBP=A9
 0001:000B680C 00000001 C=CODE    S=_TEXT    G=(none)   M=D:\DEVEL\BCC72\LIB\CW32.LIB|crtlst_i ACBP=A9
 0001:000B6810 00000001 C=CODE    S=_TEXT    G=(none)   M=D:\DEVEL\BCC72\LIB\CW32.LIB|crtlst_l ACBP=A9
 0001:000B6814 00000032 C=CODE    S=_TEXT    G=(none)   M=D:\DEVEL\BCC72\LIB\CW32.LIB|strdup ACBP=A9
 0001:000B6848 000000A3 C=CODE    S=_TEXT    G=(none)   M=D:\DEVEL\BCC72\LIB\CW32.LIB|strerror ACBP=A9
 0001:000B68EC 0000004F C=CODE    S=_TEXT    G=(none)   M=D:\DEVEL\BCC72\LIB\CW32.LIB|strncpy ACBP=A9
 0001:000B693C 0000002D C=CODE    S=_TEXT    G=(none)   M=D:\DEVEL\BCC72\LIB\CW32.LIB|strpbrk ACBP=A9
 0001:000B696C 00000029 C=CODE    S=_TEXT    G=(none)   M=D:\DEVEL\BCC72\LIB\CW32.LIB|strrchr ACBP=A9
 0001:000B6998 00000060 C=CODE    S=_TEXT    G=(none)   M=D:\DEVEL\BCC72\LIB\CW32.LIB|strstr ACBP=A9
 0001:000B69F8 0000003F C=CODE    S=_TEXT    G=(none)   M=D:\DEVEL\BCC72\LIB\CW32.LIB|wcscpy ACBP=A9
 0001:000B6A38 00000018 C=CODE    S=_TEXT    G=(none)   M=D:\DEVEL\BCC72\LIB\CW32.LIB|wcslen ACBP=A9
 0001:000B6A50 00000037 C=CODE    S=_TEXT    G=(none)   M=D:\DEVEL\BCC72\LIB\CW32.LIB|_stpcpy ACBP=A9
 0001:000B6A88 00000055 C=CODE    S=_TEXT    G=(none)   M=D:\DEVEL\BCC72\LIB\CW32.LIB|memchr ACBP=A9
 0001:000B6AE0 0000006C C=CODE    S=_TEXT    G=(none)   M=D:\DEVEL\BCC72\LIB\CW32.LIB|memcmp ACBP=A9
 0001:000B6B4C 00000016 C=CODE    S=_TEXT    G=(none)   M=D:\DEVEL\BCC72\LIB\CW32.LIB|memcpy ACBP=A9
 0001:000B6B64 00000117 C=CODE    S=_TEXT    G=(none)   M=D:\DEVEL\BCC72\LIB\CW32.LIB|memmove ACBP=A9
 0001:000B6C7C 000000B3 C=CODE    S=_TEXT    G=(none)   M=D:\DEVEL\BCC72\LIB\CW32.LIB|memset ACBP=A9
 0001:000B6D30 0000005D C=CODE    S=_TEXT    G=(none)   M=D:\DEVEL\BCC72\LIB\CW32.LIB|strcat ACBP=A9
 0001:000B6D90 0000004E C=CODE    S=_TEXT    G=(none)   M=D:\DEVEL\BCC72\LIB\CW32.LIB|strchr ACBP=A9
 0001:000B6DE0 0000005A C=CODE    S=_TEXT    G=(none)   M=D:\DEVEL\BCC72\LIB\CW32.LIB|strlen ACBP=A9
 0001:000B6E3C 0000007A C=CODE    S=_TEXT    G=(none)   M=D:\DEVEL\BCC72\LIB\CW32.LIB|strncat ACBP=A9
 0001:000B6EB8 0000005F C=CODE    S=_TEXT    G=(none)   M=D:\DEVEL\BCC72\LIB\CW32.LIB|strncmp ACBP=A9
 0001:000B6F18 000000DF C=CODE    S=_TEXT    G=(none)   M=D:\DEVEL\BCC72\LIB\CW32.LIB|wmemset ACBP=A9
 0001:000B6FF8 00000040 C=CODE    S=_TEXT    G=(none)   M=D:\DEVEL\BCC72\LIB\CW32.LIB|__access ACBP=A9
 0001:000B7038 00000063 C=CODE    S=_TEXT    G=(none)   M=D:\DEVEL\BCC72\LIB\CW32.LIB|__close ACBP=A9
 0001:000B709C 00000013 C=CODE    S=_TEXT    G=(none)   M=D:\DEVEL\BCC72\LIB\CW32.LIB|__dup ACBP=A9
 0001:000B70B0 000000EF C=CODE    S=_TEXT    G=(none)   M=D:\DEVEL\BCC72\LIB\CW32.LIB|__dup2 ACBP=A9
 0001:000B71A0 00000086 C=CODE    S=_TEXT    G=(none)   M=D:\DEVEL\BCC72\LIB\CW32.LIB|__eof ACBP=A9
 0001:000B7228 00000047 C=CODE    S=_TEXT    G=(none)   M=D:\DEVEL\BCC72\LIB\CW32.LIB|__isatty ACBP=A9
 0001:000B7270 00000076 C=CODE    S=_TEXT    G=(none)   M=D:\DEVEL\BCC72\LIB\CW32.LIB|__lseek ACBP=A9
 0001:000B72E8 00000214 C=CODE    S=_TEXT    G=(none)   M=D:\DEVEL\BCC72\LIB\CW32.LIB|__open ACBP=A9
 0001:000B74FC 0000019A C=CODE    S=_TEXT    G=(none)   M=D:\DEVEL\BCC72\LIB\CW32.LIB|__read ACBP=A9
 0001:000B7698 0000011C C=CODE    S=_TEXT    G=(none)   M=D:\DEVEL\BCC72\LIB\CW32.LIB|__write ACBP=A9
 0001:000B77B4 00000011 C=CODE    S=_TEXT    G=(none)   M=D:\DEVEL\BCC72\LIB\CW32.LIB|_cfinfo ACBP=A9
 0001:000B77C8 00000075 C=CODE    S=_TEXT    G=(none)   M=D:\DEVEL\BCC72\LIB\CW32.LIB|_read ACBP=A9
 0001:000B783D 00000017 C=CODE    S=_TEXT    G=(none)   M=D:\DEVEL\BCC72\LIB\CW32.LIB|_umask ACBP=A9
 0001:000B7840 00000061 C=CODE    S=_TEXT    G=(none)   M=D:\DEVEL\BCC72\LIB\CW32.LIB|_write ACBP=A9
 0001:000B78A4 0000007D C=CODE    S=_TEXT    G=(none)   M=D:\DEVEL\BCC72\LIB\CW32.LIB|allocbuf ACBP=A9
 0001:000B7924 0000009C C=CODE    S=_TEXT    G=(none)   M=D:\DEVEL\BCC72\LIB\CW32.LIB|chdrive ACBP=A9
 0001:000B79C0 0000008E C=CODE    S=_TEXT    G=(none)   M=D:\DEVEL\BCC72\LIB\CW32.LIB|fclose ACBP=A9
 0001:000B7A50 0000007F C=CODE    S=_TEXT    G=(none)   M=D:\DEVEL\BCC72\LIB\CW32.LIB|fflush ACBP=A9
 0001:000B7AD0 0000005A C=CODE    S=_TEXT    G=(none)   M=D:\DEVEL\BCC72\LIB\CW32.LIB|flushout ACBP=A9
 0001:000B7B2C 00000023 C=CODE    S=_TEXT    G=(none)   M=D:\DEVEL\BCC72\LIB\CW32.LIB|fmodeptr ACBP=A9
 0001:000B7B50 0000021B C=CODE    S=_TEXT    G=(none)   M=D:\DEVEL\BCC72\LIB\CW32.LIB|fopen ACBP=A9
 0001:000B7D6C 00000022 C=CODE    S=_TEXT    G=(none)   M=D:\DEVEL\BCC72\LIB\CW32.LIB|fprintf ACBP=A9
 0001:000B7D90 000000DC C=CODE    S=_TEXT    G=(none)   M=D:\DEVEL\BCC72\LIB\CW32.LIB|fputn ACBP=A9
 0001:000B7E6C 0000014C C=CODE    S=_TEXT    G=(none)   M=D:\DEVEL\BCC72\LIB\CW32.LIB|fseek ACBP=A9
 0001:000B7FB8 000002B9 C=CODE    S=_TEXT    G=(none)   M=D:\DEVEL\BCC72\LIB\CW32.LIB|handles ACBP=A9
 0001:000B8274 0000007E C=CODE    S=_TEXT    G=(none)   M=D:\DEVEL\BCC72\LIB\CW32.LIB|ioerror ACBP=A9
 0001:000B82F4 000001A6 C=CODE    S=_TEXT    G=(none)   M=D:\DEVEL\BCC72\LIB\CW32.LIB|lgetc ACBP=A9
 0001:000B849C 0000011A C=CODE    S=_TEXT    G=(none)   M=D:\DEVEL\BCC72\LIB\CW32.LIB|lputc ACBP=A9
 0001:000B85B8 00000091 C=CODE    S=_TEXT    G=(none)   M=D:\DEVEL\BCC72\LIB\CW32.LIB|mkname ACBP=A9
 0001:000B8649 00000083 C=CODE    S=_TEXT    G=(none)   M=D:\DEVEL\BCC72\LIB\CW32.LIB|perror ACBP=A9
 0001:000B864C 00000023 C=CODE    S=_TEXT    G=(none)   M=D:\DEVEL\BCC72\LIB\CW32.LIB|printf ACBP=A9
 0001:000B8670 0000006E C=CODE    S=_TEXT    G=(none)   M=D:\DEVEL\BCC72\LIB\CW32.LIB|setmode ACBP=A9
 0001:000B86E0 0000004D C=CODE    S=_TEXT    G=(none)   M=D:\DEVEL\BCC72\LIB\CW32.LIB|setvbuf ACBP=A9
 0001:000B8730 00000078 C=CODE    S=_TEXT    G=(none)   M=D:\DEVEL\BCC72\LIB\CW32.LIB|sprintf ACBP=A9
 0001:000B87A8 00000101 C=CODE    S=_TEXT    G=(none)   M=D:\DEVEL\BCC72\LIB\CW32.LIB|streams ACBP=A9
 0001:000B88AC 0000001A C=CODE    S=_TEXT    G=(none)   M=D:\DEVEL\BCC72\LIB\CW32.LIB|unlink ACBP=A9
 0001:000B88C8 00000022 C=CODE    S=_TEXT    G=(none)   M=D:\DEVEL\BCC72\LIB\CW32.LIB|vfprintf ACBP=A9
 0001:000B88EC 00000A98 C=CODE    S=_TEXT    G=(none)   M=D:\DEVEL\BCC72\LIB\CW32.LIB|vprinter ACBP=A9
 0001:000B9384 0000001A C=CODE    S=_TEXT    G=(none)   M=D:\DEVEL\BCC72\LIB\CW32.LIB|wunlink ACBP=A9
 0001:000B93A0 0000002E C=CODE    S=_TEXT    G=(none)   M=D:\DEVEL\BCC72\LIB\CW32.LIB|xfclose ACBP=A9
 0001:000B93D0 00000027 C=CODE    S=_TEXT    G=(none)   M=D:\DEVEL\BCC72\LIB\CW32.LIB|xfflush ACBP=A9
 0001:000B93F8 00000008 C=CODE    S=_TEXT    G=(none)   M=D:\DEVEL\BCC72\LIB\CW32.LIB|access ACBP=A9
 0001:000B9400 00000008 C=CODE    S=_TEXT    G=(none)   M=D:\DEVEL\BCC72\LIB\CW32.LIB|close ACBP=A9
 0001:000B9408 00000008 C=CODE    S=_TEXT    G=(none)   M=D:\DEVEL\BCC72\LIB\CW32.LIB|dup ACBP=A9
 0001:000B9410 00000010 C=CODE    S=_TEXT    G=(none)   M=D:\DEVEL\BCC72\LIB\CW32.LIB|remove ACBP=A9
 0001:000B9420 0000006C C=CODE    S=_TEXT    G=(none)   M=D:\DEVEL\BCC72\LIB\CW32.LIB|getinfo ACBP=A9
 0001:000B948C 00000116 C=CODE    S=_TEXT    G=(none)   M=D:\DEVEL\BCC72\LIB\CW32.LIB|is ACBP=A9
 0001:000B95A4 0000011B C=CODE    S=_TEXT    G=(none)   M=D:\DEVEL\BCC72\LIB\CW32.LIB|wis ACBP=A9
 0001:000B96C0 0000009F C=CODE    S=_TEXT    G=(none)   M=D:\DEVEL\BCC72\LIB\CW32.LIB|isctype ACBP=A9
 0001:000B9760 000000E6 C=CODE    S=_TEXT    G=(none)   M=D:\DEVEL\BCC72\LIB\CW32.LIB|iswctype ACBP=A9
 0001:000B9848 000000C0 C=CODE    S=_TEXT    G=(none)   M=D:\DEVEL\BCC72\LIB\CW32.LIB|ltolower ACBP=A9
 0001:000B9908 000000C0 C=CODE    S=_TEXT    G=(none)   M=D:\DEVEL\BCC72\LIB\CW32.LIB|ltoupper ACBP=A9
 0001:000B99C8 00000681 C=CODE    S=_TEXT    G=(none)   M=D:\DEVEL\BCC72\LIB\CW32.LIB|mbyte1 ACBP=A9
 0001:000BA04C 00000268 C=CODE    S=_TEXT    G=(none)   M=D:\DEVEL\BCC72\LIB\CW32.LIB|_ll ACBP=A9
 0001:000BA2B4 0000001D C=CODE    S=_TEXT    G=(none)   M=D:\DEVEL\BCC72\LIB\CW32.LIB|_finite ACBP=A9
 0001:000BA2D4 0000001E C=CODE    S=_TEXT    G=(none)   M=D:\DEVEL\BCC72\LIB\CW32.LIB|_finitel ACBP=A9
 0001:000BA2F4 0000002B C=CODE    S=_TEXT    G=(none)   M=D:\DEVEL\BCC72\LIB\CW32.LIB|_ftoul ACBP=A9
 0001:000BA320 00000045 C=CODE    S=_TEXT    G=(none)   M=D:\DEVEL\BCC72\LIB\CW32.LIB|_isnan ACBP=A9
 0001:000BA368 00000049 C=CODE    S=_TEXT    G=(none)   M=D:\DEVEL\BCC72\LIB\CW32.LIB|_isnanl ACBP=A9
 0001:000BA3B4 000000B0 C=CODE    S=_TEXT    G=(none)   M=D:\DEVEL\BCC72\LIB\CW32.LIB|_matherr ACBP=A9
 0001:000BA464 00000184 C=CODE    S=_TEXT    G=(none)   M=D:\DEVEL\BCC72\LIB\CW32.LIB|_pow10 ACBP=A9
 0001:000BA5E8 00000077 C=CODE    S=_TEXT    G=(none)   M=D:\DEVEL\BCC72\LIB\CW32.LIB|atol ACBP=A9
 0001:000BA660 0000001C C=CODE    S=_TEXT    G=(none)   M=D:\DEVEL\BCC72\LIB\CW32.LIB|ceil ACBP=A9
 0001:000BA67C 00000013 C=CODE    S=_TEXT    G=(none)   M=D:\DEVEL\BCC72\LIB\CW32.LIB|clear87 ACBP=A9
 0001:000BA690 0000002F C=CODE    S=_TEXT    G=(none)   M=D:\DEVEL\BCC72\LIB\CW32.LIB|ctrl87 ACBP=A9
 0001:000BA6C0 00000018 C=CODE    S=_TEXT    G=(none)   M=D:\DEVEL\BCC72\LIB\CW32.LIB|cvtentry ACBP=A9
 0001:000BA6D8 00000018 C=CODE    S=_TEXT    G=(none)   M=D:\DEVEL\BCC72\LIB\CW32.LIB|cvtfak ACBP=A9
 0001:000BA6F0 00000018 C=CODE    S=_TEXT    G=(none)   M=D:\DEVEL\BCC72\LIB\CW32.LIB|cvtfakw ACBP=A9
 0001:000BA708 00000016 C=CODE    S=_TEXT    G=(none)   M=D:\DEVEL\BCC72\LIB\CW32.LIB|div ACBP=A9
 0001:000BA720 0000006C C=CODE    S=_TEXT    G=(none)   M=D:\DEVEL\BCC72\LIB\CW32.LIB|exp ACBP=A9
 0001:000BA78C 000000D2 C=CODE    S=_TEXT    G=(none)   M=D:\DEVEL\BCC72\LIB\CW32.LIB|f87exp ACBP=A9
 0001:000BA860 00000048 C=CODE    S=_TEXT    G=(none)   M=D:\DEVEL\BCC72\LIB\CW32.LIB|f87log ACBP=A9
 0001:000BA8A8 0000004D C=CODE    S=_TEXT    G=(none)   M=D:\DEVEL\BCC72\LIB\CW32.LIB|fmod ACBP=A9
 0001:000BA8F8 00000016 C=CODE    S=_TEXT    G=(none)   M=D:\DEVEL\BCC72\LIB\CW32.LIB|fpreset ACBP=A9
 0001:000BA910 00000030 C=CODE    S=_TEXT    G=(none)   M=D:\DEVEL\BCC72\LIB\CW32.LIB|ftol ACBP=A9
 0001:000BA940 0000002D C=CODE    S=_TEXT    G=(none)   M=D:\DEVEL\BCC72\LIB\CW32.LIB|fuildq ACBP=A9
 0001:000BA970 00000021 C=CODE    S=_TEXT    G=(none)   M=D:\DEVEL\BCC72\LIB\CW32.LIB|fuistq ACBP=A9
 0001:000BA994 00000011 C=CODE    S=_TEXT    G=(none)   M=D:\DEVEL\BCC72\LIB\CW32.LIB|fxam ACBP=A9
 0001:000BA9A8 000000B1 C=CODE    S=_TEXT    G=(none)   M=D:\DEVEL\BCC72\LIB\CW32.LIB|int64toa ACBP=A9
 0001:000BAA5C 0000011B C=CODE    S=_TEXT    G=(none)   M=D:\DEVEL\BCC72\LIB\CW32.LIB|ldtrunc ACBP=A9
 0001:000BAB78 0000006D C=CODE    S=_TEXT    G=(none)   M=D:\DEVEL\BCC72\LIB\CW32.LIB|log ACBP=A9
 0001:000BABE8 0000008F C=CODE    S=_TEXT    G=(none)   M=D:\DEVEL\BCC72\LIB\CW32.LIB|longtoa ACBP=A9
 0001:000BAC78 00000075 C=CODE    S=_TEXT    G=(none)   M=D:\DEVEL\BCC72\LIB\CW32.LIB|ltoa1 ACBP=A9
 0001:000BACF0 0000002E C=CODE    S=_TEXT    G=(none)   M=D:\DEVEL\BCC72\LIB\CW32.LIB|matherrl ACBP=A9
 0001:000BAD20 00000016 C=CODE    S=_TEXT    G=(none)   M=D:\DEVEL\BCC72\LIB\CW32.LIB|mathptr ACBP=A9
 0001:000BAD38 00000030 C=CODE    S=_TEXT    G=(none)   M=D:\DEVEL\BCC72\LIB\CW32.LIB|modf ACBP=A9
 0001:000BAD68 00000030 C=CODE    S=_TEXT    G=(none)   M=D:\DEVEL\BCC72\LIB\CW32.LIB|modfl ACBP=A9
 0001:000BAD98 000001DC C=CODE    S=_TEXT    G=(none)   M=D:\DEVEL\BCC72\LIB\CW32.LIB|pow ACBP=A9
 0001:000BAF74 00000025 C=CODE    S=_TEXT    G=(none)   M=D:\DEVEL\BCC72\LIB\CW32.LIB|qdiv10 ACBP=A9
 0001:000BAF9C 0000002E C=CODE    S=_TEXT    G=(none)   M=D:\DEVEL\BCC72\LIB\CW32.LIB|qmul10 ACBP=A9
 0001:000BAFCC 00000084 C=CODE    S=_TEXT    G=(none)   M=D:\DEVEL\BCC72\LIB\CW32.LIB|rand ACBP=A9
 0001:000BB050 000002F9 C=CODE    S=_TEXT    G=(none)   M=D:\DEVEL\BCC72\LIB\CW32.LIB|realcvt ACBP=A9
 0001:000BB34C 00000331 C=CODE    S=_TEXT    G=(none)   M=D:\DEVEL\BCC72\LIB\CW32.LIB|realcvtw ACBP=A9
 0001:000BB680 0000002C C=CODE    S=_TEXT    G=(none)   M=D:\DEVEL\BCC72\LIB\CW32.LIB|round ACBP=A9
 0001:000BB6AC 000004E9 C=CODE    S=_TEXT    G=(none)   M=D:\DEVEL\BCC72\LIB\CW32.LIB|scantod ACBP=A9
 0001:000BBB98 000004F5 C=CODE    S=_TEXT    G=(none)   M=D:\DEVEL\BCC72\LIB\CW32.LIB|scanwtod ACBP=A9
 0001:000BC090 0000003A C=CODE    S=_TEXT    G=(none)   M=D:\DEVEL\BCC72\LIB\CW32.LIB|sqrt ACBP=A9
 0001:000BC0CC 000002D8 C=CODE    S=_TEXT    G=(none)   M=D:\DEVEL\BCC72\LIB\CW32.LIB|xcvt ACBP=A9
 0001:000BC3A4 000002F7 C=CODE    S=_TEXT    G=(none)   M=D:\DEVEL\BCC72\LIB\CW32.LIB|xcvtw ACBP=A9
 0001:000BC69C 0000014D C=CODE    S=_TEXT    G=(none)   M=D:\DEVEL\BCC72\LIB\CW32.LIB|mbctype ACBP=A9
 0001:000BC7EC 0000003D C=CODE    S=_TEXT    G=(none)   M=D:\DEVEL\BCC72\LIB\CW32.LIB|mbisalp ACBP=A9
 0001:000BC82C 0000001A C=CODE    S=_TEXT    G=(none)   M=D:\DEVEL\BCC72\LIB\CW32.LIB|mbisdgt ACBP=A9
 0001:000BC848 0000001A C=CODE    S=_TEXT    G=(none)   M=D:\DEVEL\BCC72\LIB\CW32.LIB|mbisspc ACBP=A9
 0001:000BC864 00000054 C=CODE    S=_TEXT    G=(none)   M=D:\DEVEL\BCC72\LIB\CW32.LIB|mbsnbcpy ACBP=A9
 0001:000BC8B8 000000BF C=CODE    S=_TEXT    G=(none)   M=D:\DEVEL\BCC72\LIB\CW32.LIB|mbsnbicm ACBP=A9
 0001:000BC978 00000058 C=CODE    S=_TEXT    G=(none)   M=D:\DEVEL\BCC72\LIB\CW32.LIB|mbsrchr ACBP=A9
 0001:000BC9D0 000000A6 C=CODE    S=_TEXT    G=(none)   M=D:\DEVEL\BCC72\LIB\CW32.LIB|assert ACBP=A9
 0001:000BCA78 000000BA C=CODE    S=_TEXT    G=(none)   M=D:\DEVEL\BCC72\LIB\CW32.LIB|ermsghlp ACBP=A9
 0001:000BCB34 00000006 C=CODE    S=_TEXT    G=(none)   M=D:\DEVEL\BCC72\LIB\CW32.LIB|errno ACBP=A9
 0001:000BCB3C 0000019F C=CODE    S=_TEXT    G=(none)   M=D:\DEVEL\BCC72\LIB\CW32.LIB|errormsg ACBP=A9
 0001:000BCCDC 00000236 C=CODE    S=_TEXT    G=(none)   M=D:\DEVEL\BCC72\LIB\CW32.LIB|qsort ACBP=A9
 0001:000BCF14 00000348 C=CODE    S=_TEXT    G=(none)   M=D:\DEVEL\BCC72\LIB\CW32.LIB|debug_wrapper ACBP=A9
 0001:000BD258 000000A6 C=CODE    S=_TEXT    G=(none)   M=D:\DEVEL\BCC72\LIB\CW32.LIB|abort ACBP=A9
 0001:000BD300 0000011E C=CODE    S=_TEXT    G=(none)   M=D:\DEVEL\BCC72\LIB\CW32.LIB|__atexit ACBP=A9
 0001:000BD420 00000047 C=CODE    S=_TEXT    G=(none)   M=D:\DEVEL\BCC72\LIB\CW32.LIB|__exit ACBP=A9
 0001:000BD468 00000065 C=CODE    S=_TEXT    G=(none)   M=D:\DEVEL\BCC72\LIB\CW32.LIB|exit ACBP=A9
 0001:000BD4D0 00000067 C=CODE    S=_TEXT    G=(none)   M=D:\DEVEL\BCC72\LIB\CW32.LIB|getenv ACBP=A9
 0001:000BD538 0000001A C=CODE    S=_TEXT    G=(none)   M=D:\DEVEL\BCC72\LIB\CW32.LIB|initwild ACBP=A9
 0001:000BD554 00000011 C=CODE    S=_TEXT    G=(none)   M=D:\DEVEL\BCC72\LIB\CW32.LIB|exparg ACBP=A9
 0001:000BD568 00000011 C=CODE    S=_TEXT    G=(none)   M=D:\DEVEL\BCC72\LIB\CW32.LIB|wexparg ACBP=A9
 0001:000BD57C 00000027 C=CODE    S=_TEXT    G=(none)   M=D:\DEVEL\BCC72\LIB\CW32.LIB|initargv ACBP=A9
 0001:000BD5A4 0000016C C=CODE    S=_TEXT    G=(none)   M=D:\DEVEL\BCC72\LIB\CW32.LIB|setargv ACBP=A9
 0001:000BD710 00000224 C=CODE    S=_TEXT    G=(none)   M=D:\DEVEL\BCC72\LIB\CW32.LIB|hsargv ACBP=A9
 0001:000BD934 0000026D C=CODE    S=_TEXT    G=(none)   M=D:\DEVEL\BCC72\LIB\CW32.LIB|whsargv ACBP=A9
 0001:000BDBA4 00000045 C=CODE    S=_TEXT    G=(none)   M=D:\DEVEL\BCC72\LIB\CW32.LIB|setargv0 ACBP=A9
 0001:000BDBEC 000001A0 C=CODE    S=_TEXT    G=(none)   M=D:\DEVEL\BCC72\LIB\CW32.LIB|setenvp ACBP=A9
 0001:000BDD8C 000002FA C=CODE    S=_TEXT    G=(none)   M=D:\DEVEL\BCC72\LIB\CW32.LIB|signal ACBP=A9
 0001:000BE088 00000122 C=CODE    S=_TEXT    G=(none)   M=D:\DEVEL\BCC72\LIB\CW32.LIB|initexit ACBP=A9
 0001:000BE1AC 0000016C C=CODE    S=_TEXT    G=(none)   M=D:\DEVEL\BCC72\LIB\CW32.LIB|startup ACBP=A9
 0001:000BE318 0000004F C=CODE    S=_TEXT    G=(none)   M=D:\DEVEL\BCC72\LIB\CW32.LIB|tlsstat ACBP=A9
 0001:000BE368 00000369 C=CODE    S=_TEXT    G=(none)   M=D:\DEVEL\BCC72\LIB\CW32.LIB|timefunc ACBP=A9
 0001:000BE6D4 00000006 C=CODE    S=_TEXT    G=(none)   M=D:\DEVEL\BCC72\LIB\CW32.LIB|tzdata ACBP=A9
 0001:000BE6DC 000001EE C=CODE    S=_TEXT    G=(none)   M=D:\DEVEL\BCC72\LIB\CW32.LIB|tzset ACBP=A9
 0001:000BE8CC 00000008 C=CODE    S=_TEXT    G=(none)   M=D:\DEVEL\BCC72\LIB\CW32.LIB|_tzset ACBP=A9
 0001:000BE8D4 0000004E C=CODE    S=_TEXT    G=(none)   M=D:\DEVEL\BCC72\LIB\CW32.LIB|time ACBP=A9
 0001:000BE924 00000070 C=CODE    S=_TEXT    G=(none)   M=D:\DEVEL\BCC72\LIB\CW32.LIB|xxa ACBP=A9
 0001:000BE994 000008B9 C=CODE    S=_TEXT    G=(none)   M=D:\DEVEL\BCC72\LIB\CW32.LIB|xxtype ACBP=A9
 0001:000BF217 0000005A C=CODE    S=_TEXT    G=(none)   M=D:\DEVEL\BCC72\LIB\CW32.LIB|xxut ACBP=A9
 0001:000BF240 00000147 C=CODE    S=_TEXT    G=(none)   M=D:\DEVEL\BCC72\LIB\CW32.LIB|xxv ACBP=A9
 0001:000BF388 0000000A C=CODE    S=_TEXT    G=(none)   M=D:\DEVEL\BCC72\LIB\CW32.LIB|defhandl ACBP=A9
 0001:000BF394 00000195 C=CODE    S=_TEXT    G=(none)   M=D:\DEVEL\BCC72\LIB\CW32.LIB|except ACBP=A9
 0001:000BF52C 00000046 C=CODE    S=_TEXT    G=(none)   M=D:\DEVEL\BCC72\LIB\CW32.LIB|setexc ACBP=A9
 0001:000BF574 00000031 C=CODE    S=_TEXT    G=(none)   M=D:\DEVEL\BCC72\LIB\CW32.LIB|ta ACBP=A9
 0001:000BF5A8 00001DAC C=CODE    S=_TEXT    G=(none)   M=D:\DEVEL\BCC72\LIB\CW32.LIB|xx ACBP=A9
 0002:00000000 000000C8 C=DATA    S=_DATA    G=DGROUP   M=D:\DEVEL\BCC72\LIB\C0W32.OBJ ACBP=A9
 0002:000000C8 0000E7F0 C=DATA    S=_DATA    G=DGROUP   M=D:\DEVEL\XHARBOUR_BCC7\CONTRIB\GTWVG\WVTCLASS.OBJ ACBP=A9
 0002:0000E8B8 0000029C C=DATA    S=_DATA    G=DGROUP   M=D:\DEVEL\XHARBOUR_BCC7\LIB\GTWVG.LIB|gtwvg ACBP=A9
 0002:0000EB54 0000011C C=DATA    S=_DATA    G=DGROUP   M=D:\DEVEL\XHARBOUR_BCC7\LIB\GTWVG.LIB|wvtcore ACBP=A9
 0002:0000EC70 000000C0 C=DATA    S=_DATA    G=DGROUP   M=D:\DEVEL\XHARBOUR_BCC7\LIB\GTWVG.LIB|wvtutils ACBP=A9
 0002:0000ED30 000017EC C=DATA    S=_DATA    G=DGROUP   M=D:\DEVEL\XHARBOUR_BCC7\LIB\GTWVG.LIB|wvtpaint ACBP=A9
 0002:0001051C 00000048 C=DATA    S=_DATA    G=DGROUP   M=D:\DEVEL\XHARBOUR_BCC7\LIB\VM.LIB|arrays ACBP=A9
 0002:00010564 00000164 C=DATA    S=_DATA    G=DGROUP   M=D:\DEVEL\XHARBOUR_BCC7\LIB\VM.LIB|arrayshb ACBP=A9
 0002:000106C8 000005C0 C=DATA    S=_DATA    G=DGROUP   M=D:\DEVEL\XHARBOUR_BCC7\LIB\VM.LIB|classes ACBP=A9
 0002:00010C88 00000034 C=DATA    S=_DATA    G=DGROUP   M=D:\DEVEL\XHARBOUR_BCC7\LIB\VM.LIB|codebloc ACBP=A9
 0002:00010CBC 0000001C C=DATA    S=_DATA    G=DGROUP   M=D:\DEVEL\XHARBOUR_BCC7\LIB\VM.LIB|dynsym ACBP=A9
 0002:00010CD8 00000200 C=DATA    S=_DATA    G=DGROUP   M=D:\DEVEL\XHARBOUR_BCC7\LIB\VM.LIB|errorapi ACBP=A9
 0002:00010ED8 00000180 C=DATA    S=_DATA    G=DGROUP   M=D:\DEVEL\XHARBOUR_BCC7\LIB\VM.LIB|estack ACBP=A9
 0002:00011058 0000001C C=DATA    S=_DATA    G=DGROUP   M=D:\DEVEL\XHARBOUR_BCC7\LIB\VM.LIB|eval ACBP=A9
 0002:00011074 00000004 C=DATA    S=_DATA    G=DGROUP   M=D:\DEVEL\XHARBOUR_BCC7\LIB\VM.LIB|extend ACBP=A9
 0002:00011078 00000078 C=DATA    S=_DATA    G=DGROUP   M=D:\DEVEL\XHARBOUR_BCC7\LIB\VM.LIB|fm ACBP=A9
 0002:000110F0 00000048 C=DATA    S=_DATA    G=DGROUP   M=D:\DEVEL\XHARBOUR_BCC7\LIB\VM.LIB|garbage ACBP=A9
 0002:00011138 00000328 C=DATA    S=_DATA    G=DGROUP   M=D:\DEVEL\XHARBOUR_BCC7\LIB\VM.LIB|hash ACBP=A9
 0002:00011460 00000948 C=DATA    S=_DATA    G=DGROUP   M=D:\DEVEL\XHARBOUR_BCC7\LIB\VM.LIB|hvm ACBP=A9
 0002:00011DA8 00000034 C=DATA    S=_DATA    G=DGROUP   M=D:\DEVEL\XHARBOUR_BCC7\LIB\VM.LIB|itemapi ACBP=A9
 0002:00011DDC 000000C4 C=DATA    S=_DATA    G=DGROUP   M=D:\DEVEL\XHARBOUR_BCC7\LIB\VM.LIB|fastitem ACBP=A9
 0002:00011EA0 0000002C C=DATA    S=_DATA    G=DGROUP   M=D:\DEVEL\XHARBOUR_BCC7\LIB\VM.LIB|macro ACBP=A9
 0002:00011ECC 0000012C C=DATA    S=_DATA    G=DGROUP   M=D:\DEVEL\XHARBOUR_BCC7\LIB\VM.LIB|memvars ACBP=A9
 0002:00011FF8 0000005C C=DATA    S=_DATA    G=DGROUP   M=D:\DEVEL\XHARBOUR_BCC7\LIB\VM.LIB|proc ACBP=A9
 0002:00012054 000000A4 C=DATA    S=_DATA    G=DGROUP   M=D:\DEVEL\XHARBOUR_BCC7\LIB\VM.LIB|set ACBP=A9
 0002:000120F8 0000001C C=DATA    S=_DATA    G=DGROUP   M=D:\DEVEL\XHARBOUR_BCC7\LIB\VM.LIB|thread ACBP=A9
 0002:00012114 00000120 C=DATA    S=_DATA    G=DGROUP   M=D:\DEVEL\XHARBOUR_BCC7\LIB\VM.LIB|cmdarg ACBP=A9
 0002:00012234 000000E0 C=DATA    S=_DATA    G=DGROUP   M=D:\DEVEL\XHARBOUR_BCC7\LIB\VM.LIB|hbi18n ACBP=A9
 0002:00012314 00000560 C=DATA    S=_DATA    G=DGROUP   M=D:\DEVEL\XHARBOUR_BCC7\LIB\VM.LIB|initsymb ACBP=A9
 0002:00012874 00000008 C=DATA    S=_DATA    G=DGROUP   M=D:\DEVEL\XHARBOUR_BCC7\LIB\VM.LIB|throw ACBP=A9
 0002:0001287C 00000438 C=DATA    S=_DATA    G=DGROUP   M=D:\DEVEL\XHARBOUR_BCC7\LIB\VM.LIB|harbinit ACBP=A9
 0002:00012CB4 00000044 C=DATA    S=_DATA    G=DGROUP   M=D:\DEVEL\XHARBOUR_BCC7\LIB\VM.LIB|errlogmt ACBP=A9
 0002:00012CF8 00000010 C=DATA    S=_DATA    G=DGROUP   M=D:\DEVEL\XHARBOUR_BCC7\LIB\VM.LIB|bkgtsks ACBP=A9
 0002:00012D08 00000008 C=DATA    S=_DATA    G=DGROUP   M=D:\DEVEL\XHARBOUR_BCC7\LIB\VM.LIB|mainwin ACBP=A9
 0002:00012D10 00000004 C=DATA    S=_DATA    G=DGROUP   M=D:\DEVEL\XHARBOUR_BCC7\LIB\RTL.LIB|abs ACBP=A9
 0002:00012D14 0000000C C=DATA    S=_DATA    G=DGROUP   M=D:\DEVEL\XHARBOUR_BCC7\LIB\RTL.LIB|at ACBP=A9
 0002:00012D20 0000000C C=DATA    S=_DATA    G=DGROUP   M=D:\DEVEL\XHARBOUR_BCC7\LIB\RTL.LIB|box ACBP=A9
 0002:00012D2C 000004B0 C=DATA    S=_DATA    G=DGROUP   M=D:\DEVEL\XHARBOUR_BCC7\LIB\RTL.LIB|cdpapi ACBP=A9
 0002:000131DC 00000008 C=DATA    S=_DATA    G=DGROUP   M=D:\DEVEL\XHARBOUR_BCC7\LIB\RTL.LIB|chrasc ACBP=A9
 0002:000131E4 00000004 C=DATA    S=_DATA    G=DGROUP   M=D:\DEVEL\XHARBOUR_BCC7\LIB\RTL.LIB|colorind ACBP=A9
 0002:000131E8 00000040 C=DATA    S=_DATA    G=DGROUP   M=D:\DEVEL\XHARBOUR_BCC7\LIB\RTL.LIB|console ACBP=A9
 0002:00013228 00000010 C=DATA    S=_DATA    G=DGROUP   M=D:\DEVEL\XHARBOUR_BCC7\LIB\RTL.LIB|datec ACBP=A9
 0002:00013238 0000005C C=DATA    S=_DATA    G=DGROUP   M=D:\DEVEL\XHARBOUR_BCC7\LIB\RTL.LIB|dateshb ACBP=A9
 0002:00013294 00000014 C=DATA    S=_DATA    G=DGROUP   M=D:\DEVEL\XHARBOUR_BCC7\LIB\RTL.LIB|dirdrive ACBP=A9
 0002:000132A8 00000024 C=DATA    S=_DATA    G=DGROUP   M=D:\DEVEL\XHARBOUR_BCC7\LIB\RTL.LIB|diskspac ACBP=A9
 0002:000132CC 00000004 C=DATA    S=_DATA    G=DGROUP   M=D:\DEVEL\XHARBOUR_BCC7\LIB\RTL.LIB|file ACBP=A9
 0002:000132D0 0000004C C=DATA    S=_DATA    G=DGROUP   M=D:\DEVEL\XHARBOUR_BCC7\LIB\RTL.LIB|filebuf ACBP=A9
 0002:0001331C 00000018 C=DATA    S=_DATA    G=DGROUP   M=D:\DEVEL\XHARBOUR_BCC7\LIB\RTL.LIB|filesys ACBP=A9
 0002:00013334 00000004 C=DATA    S=_DATA    G=DGROUP   M=D:\DEVEL\XHARBOUR_BCC7\LIB\RTL.LIB|fparse ACBP=A9
 0002:00013338 00000004 C=DATA    S=_DATA    G=DGROUP   M=D:\DEVEL\XHARBOUR_BCC7\LIB\RTL.LIB|fstemp ACBP=A9
 0002:0001333C 0000001C C=DATA    S=_DATA    G=DGROUP   M=D:\DEVEL\XHARBOUR_BCC7\LIB\RTL.LIB|gtapi ACBP=A9
 0002:00013358 00000030 C=DATA    S=_DATA    G=DGROUP   M=D:\DEVEL\XHARBOUR_BCC7\LIB\RTL.LIB|gtfunc ACBP=A9
 0002:00013388 00000060 C=DATA    S=_DATA    G=DGROUP   M=D:\DEVEL\XHARBOUR_BCC7\LIB\RTL.LIB|hbbitf ACBP=A9
 0002:000133E8 00000360 C=DATA    S=_DATA    G=DGROUP   M=D:\DEVEL\XHARBOUR_BCC7\LIB\RTL.LIB|hbserv ACBP=A9
 0002:00013748 00000020 C=DATA    S=_DATA    G=DGROUP   M=D:\DEVEL\XHARBOUR_BCC7\LIB\RTL.LIB|hbffind ACBP=A9
 0002:00013768 00000294 C=DATA    S=_DATA    G=DGROUP   M=D:\DEVEL\XHARBOUR_BCC7\LIB\RTL.LIB|hbgtcore ACBP=A9
 0002:000139FC 00000024 C=DATA    S=_DATA    G=DGROUP   M=D:\DEVEL\XHARBOUR_BCC7\LIB\RTL.LIB|hbhex2n ACBP=A9
 0002:00013A20 00000004 C=DATA    S=_DATA    G=DGROUP   M=D:\DEVEL\XHARBOUR_BCC7\LIB\RTL.LIB|hbrandom ACBP=A9
 0002:00013A24 00000004 C=DATA    S=_DATA    G=DGROUP   M=D:\DEVEL\XHARBOUR_BCC7\LIB\RTL.LIB|hbtoken ACBP=A9
 0002:00013A28 00000018 C=DATA    S=_DATA    G=DGROUP   M=D:\DEVEL\XHARBOUR_BCC7\LIB\RTL.LIB|idle ACBP=A9
 0002:00013A40 0000000C C=DATA    S=_DATA    G=DGROUP   M=D:\DEVEL\XHARBOUR_BCC7\LIB\RTL.LIB|inkey ACBP=A9
 0002:00013A4C 00000060 C=DATA    S=_DATA    G=DGROUP   M=D:\DEVEL\XHARBOUR_BCC7\LIB\RTL.LIB|langapi ACBP=A9
 0002:00013AAC 00000008 C=DATA    S=_DATA    G=DGROUP   M=D:\DEVEL\XHARBOUR_BCC7\LIB\RTL.LIB|left ACBP=A9
 0002:00013AB4 00000004 C=DATA    S=_DATA    G=DGROUP   M=D:\DEVEL\XHARBOUR_BCC7\LIB\RTL.LIB|len ACBP=A9
 0002:00013AB8 00000154 C=DATA    S=_DATA    G=DGROUP   M=D:\DEVEL\XHARBOUR_BCC7\LIB\RTL.LIB|math ACBP=A9
 0002:00013C0C 00000008 C=DATA    S=_DATA    G=DGROUP   M=D:\DEVEL\XHARBOUR_BCC7\LIB\RTL.LIB|minmax ACBP=A9
 0002:00013C14 00000038 C=DATA    S=_DATA    G=DGROUP   M=D:\DEVEL\XHARBOUR_BCC7\LIB\RTL.LIB|natmsg ACBP=A9
 0002:00013C4C 00000004 C=DATA    S=_DATA    G=DGROUP   M=D:\DEVEL\XHARBOUR_BCC7\LIB\RTL.LIB|padc ACBP=A9
 0002:00013C50 00000004 C=DATA    S=_DATA    G=DGROUP   M=D:\DEVEL\XHARBOUR_BCC7\LIB\RTL.LIB|padl ACBP=A9
 0002:00013C54 00000004 C=DATA    S=_DATA    G=DGROUP   M=D:\DEVEL\XHARBOUR_BCC7\LIB\RTL.LIB|padr ACBP=A9
 0002:00013C58 000000E4 C=DATA    S=_DATA    G=DGROUP   M=D:\DEVEL\XHARBOUR_BCC7\LIB\RTL.LIB|philes ACBP=A9
 0002:00013D3C 0000000C C=DATA    S=_DATA    G=DGROUP   M=D:\DEVEL\XHARBOUR_BCC7\LIB\RTL.LIB|replic ACBP=A9
 0002:00013D48 00000008 C=DATA    S=_DATA    G=DGROUP   M=D:\DEVEL\XHARBOUR_BCC7\LIB\RTL.LIB|right ACBP=A9
 0002:00013D50 0000000C C=DATA    S=_DATA    G=DGROUP   M=D:\DEVEL\XHARBOUR_BCC7\LIB\RTL.LIB|round ACBP=A9
 0002:00013D5C 00000008 C=DATA    S=_DATA    G=DGROUP   M=D:\DEVEL\XHARBOUR_BCC7\LIB\RTL.LIB|seconds ACBP=A9
 0002:00013D64 000000D4 C=DATA    S=_DATA    G=DGROUP   M=D:\DEVEL\XHARBOUR_BCC7\LIB\RTL.LIB|regex ACBP=A9
 0002:00013E38 00000004 C=DATA    S=_DATA    G=DGROUP   M=D:\DEVEL\XHARBOUR_BCC7\LIB\RTL.LIB|setcolor ACBP=A9
 0002:00013E3C 00000008 C=DATA    S=_DATA    G=DGROUP   M=D:\DEVEL\XHARBOUR_BCC7\LIB\RTL.LIB|space ACBP=A9
 0002:00013E44 00000004 C=DATA    S=_DATA    G=DGROUP   M=D:\DEVEL\XHARBOUR_BCC7\LIB\RTL.LIB|spfiles ACBP=A9
 0002:00013E48 00000004 C=DATA    S=_DATA    G=DGROUP   M=D:\DEVEL\XHARBOUR_BCC7\LIB\RTL.LIB|str ACBP=A9
 0002:00013E4C 0000000C C=DATA    S=_DATA    G=DGROUP   M=D:\DEVEL\XHARBOUR_BCC7\LIB\RTL.LIB|strcase ACBP=A9
 0002:00013E58 00000004 C=DATA    S=_DATA    G=DGROUP   M=D:\DEVEL\XHARBOUR_BCC7\LIB\RTL.LIB|strdel ACBP=A9
 0002:00013E5C 0000000C C=DATA    S=_DATA    G=DGROUP   M=D:\DEVEL\XHARBOUR_BCC7\LIB\RTL.LIB|strtran ACBP=A9
 0002:00013E68 0000000C C=DATA    S=_DATA    G=DGROUP   M=D:\DEVEL\XHARBOUR_BCC7\LIB\RTL.LIB|strzero ACBP=A9
 0002:00013E74 00000004 C=DATA    S=_DATA    G=DGROUP   M=D:\DEVEL\XHARBOUR_BCC7\LIB\RTL.LIB|stuff ACBP=A9
 0002:00013E78 00000008 C=DATA    S=_DATA    G=DGROUP   M=D:\DEVEL\XHARBOUR_BCC7\LIB\RTL.LIB|substr ACBP=A9
 0002:00013E80 000000C0 C=DATA    S=_DATA    G=DGROUP   M=D:\DEVEL\XHARBOUR_BCC7\LIB\RTL.LIB|tprinter ACBP=A9
 0002:00013F40 00000030 C=DATA    S=_DATA    G=DGROUP   M=D:\DEVEL\XHARBOUR_BCC7\LIB\RTL.LIB|trace ACBP=A9
 0002:00013F70 00000170 C=DATA    S=_DATA    G=DGROUP   M=D:\DEVEL\XHARBOUR_BCC7\LIB\RTL.LIB|transfrm ACBP=A9
 0002:000140E0 00000010 C=DATA    S=_DATA    G=DGROUP   M=D:\DEVEL\XHARBOUR_BCC7\LIB\RTL.LIB|trim ACBP=A9
 0002:000140F0 00000008 C=DATA    S=_DATA    G=DGROUP   M=D:\DEVEL\XHARBOUR_BCC7\LIB\RTL.LIB|type ACBP=A9
 0002:000140F8 0000000C C=DATA    S=_DATA    G=DGROUP   M=D:\DEVEL\XHARBOUR_BCC7\LIB\RTL.LIB|valtype ACBP=A9
 0002:00014104 00000020 C=DATA    S=_DATA    G=DGROUP   M=D:\DEVEL\XHARBOUR_BCC7\LIB\RTL.LIB|version ACBP=A9
 0002:00014124 00000008 C=DATA    S=_DATA    G=DGROUP   M=D:\DEVEL\XHARBOUR_BCC7\LIB\RTL.LIB|word ACBP=A9
 0002:0001412C 00000008 C=DATA    S=_DATA    G=DGROUP   M=D:\DEVEL\XHARBOUR_BCC7\LIB\RTL.LIB|xhelp ACBP=A9
 0002:00014134 00000004 C=DATA    S=_DATA    G=DGROUP   M=D:\DEVEL\XHARBOUR_BCC7\LIB\RTL.LIB|xsavescr ACBP=A9
 0002:00014138 000004C4 C=DATA    S=_DATA    G=DGROUP   M=D:\DEVEL\XHARBOUR_BCC7\LIB\RTL.LIB|alert ACBP=A9
 0002:000145FC 000006AC C=DATA    S=_DATA    G=DGROUP   M=D:\DEVEL\XHARBOUR_BCC7\LIB\RTL.LIB|color53 ACBP=A9
 0002:00014CA8 0000168C C=DATA    S=_DATA    G=DGROUP   M=D:\DEVEL\XHARBOUR_BCC7\LIB\RTL.LIB|cstr ACBP=A9
 0002:00016334 000026D0 C=DATA    S=_DATA    G=DGROUP   M=D:\DEVEL\XHARBOUR_BCC7\LIB\RTL.LIB|errorsys ACBP=A9
 0002:00018A04 0000010C C=DATA    S=_DATA    G=DGROUP   M=D:\DEVEL\XHARBOUR_BCC7\LIB\RTL.LIB|getlist ACBP=A9
 0002:00018B10 00000DF8 C=DATA    S=_DATA    G=DGROUP   M=D:\DEVEL\XHARBOUR_BCC7\LIB\RTL.LIB|getsys ACBP=A9
 0002:00019908 000000DC C=DATA    S=_DATA    G=DGROUP   M=D:\DEVEL\XHARBOUR_BCC7\LIB\RTL.LIB|memvarbl ACBP=A9
 0002:000199E4 00000BD8 C=DATA    S=_DATA    G=DGROUP   M=D:\DEVEL\XHARBOUR_BCC7\LIB\RTL.LIB|mssgline ACBP=A9
 0002:0001A5BC 00001018 C=DATA    S=_DATA    G=DGROUP   M=D:\DEVEL\XHARBOUR_BCC7\LIB\RTL.LIB|objfunc ACBP=A9
 0002:0001B5D4 0000A3D8 C=DATA    S=_DATA    G=DGROUP   M=D:\DEVEL\XHARBOUR_BCC7\LIB\RTL.LIB|tbrowse ACBP=A9
 0002:000259AC 0000177C C=DATA    S=_DATA    G=DGROUP   M=D:\DEVEL\XHARBOUR_BCC7\LIB\RTL.LIB|tclass ACBP=A9
 0002:00027128 000067D4 C=DATA    S=_DATA    G=DGROUP   M=D:\DEVEL\XHARBOUR_BCC7\LIB\RTL.LIB|tget ACBP=A9
 0002:0002D8FC 00000380 C=DATA    S=_DATA    G=DGROUP   M=D:\DEVEL\XHARBOUR_BCC7\LIB\RTL.LIB|tgetint ACBP=A9
 0002:0002DC7C 00003B90 C=DATA    S=_DATA    G=DGROUP   M=D:\DEVEL\XHARBOUR_BCC7\LIB\RTL.LIB|tgetlist ACBP=A9
 0002:0003180C 00000BD4 C=DATA    S=_DATA    G=DGROUP   M=D:\DEVEL\XHARBOUR_BCC7\LIB\RTL.LIB|tobject ACBP=A9
 0002:000323E0 00000494 C=DATA    S=_DATA    G=DGROUP   M=D:\DEVEL\XHARBOUR_BCC7\LIB\RTL.LIB|traceprg ACBP=A9
 0002:00032874 00001780 C=DATA    S=_DATA    G=DGROUP   M=D:\DEVEL\XHARBOUR_BCC7\LIB\RTL.LIB|tscalar ACBP=A9
 0002:00033FF4 00002104 C=DATA    S=_DATA    G=DGROUP   M=D:\DEVEL\XHARBOUR_BCC7\LIB\MACRO.LIB|macroy ACBP=A9
 0002:000360F8 0000003F C=DATA    S=_DATA    G=DGROUP   M=D:\DEVEL\XHARBOUR_BCC7\LIB\MACRO.LIB|macroa ACBP=A9
 0002:00036138 00000170 C=DATA    S=_DATA    G=DGROUP   M=D:\DEVEL\XHARBOUR_BCC7\LIB\MACRO.LIB|macrob ACBP=A9
 0002:000362A8 00000D18 C=DATA    S=_DATA    G=DGROUP   M=D:\DEVEL\XHARBOUR_BCC7\LIB\MACRO.LIB|macroslx ACBP=A9
 0002:00036FC0 00000008 C=DATA    S=_DATA    G=DGROUP   M=D:\DEVEL\XHARBOUR_BCC7\LIB\COMMON.LIB|hbfsapi ACBP=A9
 0002:00036FC8 00000040 C=DATA    S=_DATA    G=DGROUP   M=D:\DEVEL\XHARBOUR_BCC7\LIB\COMMON.LIB|hbgete ACBP=A9
 0002:00037008 00000694 C=DATA    S=_DATA    G=DGROUP   M=D:\DEVEL\XHARBOUR_BCC7\LIB\COMMON.LIB|hbstr ACBP=A9
 0002:0003769C 0000002C C=DATA    S=_DATA    G=DGROUP   M=D:\DEVEL\XHARBOUR_BCC7\LIB\COMMON.LIB|hbprintf ACBP=A9
 0002:000376C8 000000C0 C=DATA    S=_DATA    G=DGROUP   M=D:\DEVEL\XHARBOUR_BCC7\LIB\COMMON.LIB|hbtrace ACBP=A9
 0002:00037788 00001118 C=DATA    S=_DATA    G=DGROUP   M=D:\DEVEL\XHARBOUR_BCC7\LIB\COMMON.LIB|hbver ACBP=A9
 0002:000388A0 000001BC C=DATA    S=_DATA    G=DGROUP   M=D:\DEVEL\XHARBOUR_BCC7\LIB\COMMON.LIB|expropt1 ACBP=A9
 0002:00038A5C 0000025C C=DATA    S=_DATA    G=DGROUP   M=D:\DEVEL\XHARBOUR_BCC7\LIB\COMMON.LIB|reserved ACBP=A9
 0002:00038CB8 00000094 C=DATA    S=_DATA    G=DGROUP   M=D:\DEVEL\XHARBOUR_BCC7\LIB\COMMON.LIB|hbdate ACBP=A9
 0002:00038D4C 000009A0 C=DATA    S=_DATA    G=DGROUP   M=D:\DEVEL\XHARBOUR_BCC7\LIB\LANG.LIB|msgen ACBP=A9
 0002:000396EC 00000018 C=DATA    S=_DATA    G=DGROUP   M=D:\DEVEL\XHARBOUR_BCC7\LIB\RDD.LIB|dbcmd ACBP=A9
 0002:00039704 000001E0 C=DATA    S=_DATA    G=DGROUP   M=D:\DEVEL\XHARBOUR_BCC7\LIB\RDD.LIB|workarea ACBP=A9
 0002:000398E4 00000034 C=DATA    S=_DATA    G=DGROUP   M=D:\DEVEL\XHARBOUR_BCC7\LIB\RDD.LIB|wacore ACBP=A9
 0002:00039918 00000030 C=DATA    S=_DATA    G=DGROUP   M=D:\DEVEL\XHARBOUR_BCC7\LIB\RDD.LIB|wafunc ACBP=A9
 0002:00039948 000002A0 C=DATA    S=_DATA    G=DGROUP   M=D:\DEVEL\XHARBOUR_BCC7\LIB\RDD.LIB|dbf1 ACBP=A9
 0002:00039BE8 000002E4 C=DATA    S=_DATA    G=DGROUP   M=D:\DEVEL\XHARBOUR_BCC7\LIB\RDD.LIB|rddord ACBP=A9
 0002:00039ECC 00000074 C=DATA    S=_DATA    G=DGROUP   M=D:\DEVEL\XHARBOUR_BCC7\LIB\RDD.LIB|rddsys ACBP=A9
 0002:00039F40 000004A0 C=DATA    S=_DATA    G=DGROUP   M=D:\DEVEL\XHARBOUR_BCC7\LIB\DBFNTX.LIB|dbfntx1 ACBP=A9
 0002:0003A3E0 00000280 C=DATA    S=_DATA    G=DGROUP   M=D:\DEVEL\XHARBOUR_BCC7\LIB\DBFFPT.LIB|dbffpt1 ACBP=A9
 0002:0003A660 00000440 C=DATA    S=_DATA    G=DGROUP   M=D:\DEVEL\XHARBOUR_BCC7\LIB\PCREPOS.LIB|pcre_chartables ACBP=A9
 0002:0003AAA0 00000F58 C=DATA    S=_DATA    G=DGROUP   M=D:\DEVEL\XHARBOUR_BCC7\LIB\PCREPOS.LIB|pcre_compile ACBP=A9
 0002:0003B9F8 0000000C C=DATA    S=_DATA    G=DGROUP   M=D:\DEVEL\XHARBOUR_BCC7\LIB\PCREPOS.LIB|pcre_exec ACBP=A9
 0002:0003BA04 00000014 C=DATA    S=_DATA    G=DGROUP   M=D:\DEVEL\XHARBOUR_BCC7\LIB\PCREPOS.LIB|pcre_globals ACBP=A9
 0002:0003BA18 000009C4 C=DATA    S=_DATA    G=DGROUP   M=D:\DEVEL\XHARBOUR_BCC7\LIB\PCREPOS.LIB|pcre_tables ACBP=A9
 0002:0003C3DC 00000024 C=DATA    S=_DATA    G=DGROUP   M=D:\DEVEL\XHARBOUR_BCC7\LIB\PCREPOS.LIB|pcre_version ACBP=A9
 0002:0003C400 000002D4 C=DATA    S=_DATA    G=DGROUP   M=D:\DEVEL\XHARBOUR_BCC7\LIB\PCREPOS.LIB|pcreposix ACBP=A9
 0002:0003C6D4 00000010 C=DATA    S=_DATA    G=DGROUP   M=D:\DEVEL\BCC72\LIB\CW32.LIB|delaop ACBP=A9
 0002:0003C6E4 00000010 C=DATA    S=_DATA    G=DGROUP   M=D:\DEVEL\BCC72\LIB\CW32.LIB|delop ACBP=A9
 0002:0003C6F4 0000002C C=DATA    S=_DATA    G=DGROUP   M=D:\DEVEL\BCC72\LIB\CW32.LIB|exceptio ACBP=A9
 0002:0003C6FC 00000028 C=DATA    S=_DATA    G=DGROUP   M=D:\DEVEL\BCC72\LIB\CW32.LIB|gccex ACBP=A9
 0002:0003C724 00000068 C=DATA    S=_DATA    G=DGROUP   M=D:\DEVEL\BCC72\LIB\CW32.LIB|inst ACBP=A9
 0002:0003C774 00000110 C=DATA    S=_DATA    G=DGROUP   M=D:\DEVEL\BCC72\LIB\CW32.LIB|hrdir_b ACBP=A9
 0002:0003C884 00000024 C=DATA    S=_DATA    G=DGROUP   M=D:\DEVEL\BCC72\LIB\CW32.LIB|hrdir_s ACBP=A9
 0002:0003C8A8 00000004 C=DATA    S=_DATA    G=DGROUP   M=D:\DEVEL\BCC72\LIB\CW32.LIB|_stkchk ACBP=A9
 0002:0003C8AC 000007B4 C=DATA    S=_DATA    G=DGROUP   M=D:\DEVEL\BCC72\LIB\CW32.LIB|_fastmm ACBP=A9
 0002:0003D060 00000014 C=DATA    S=_DATA    G=DGROUP   M=D:\DEVEL\BCC72\LIB\CW32.LIB|strerror ACBP=A9
 0002:0003D074 0000000C C=DATA    S=_DATA    G=DGROUP   M=D:\DEVEL\BCC72\LIB\CW32.LIB|__dup2 ACBP=A9
 0002:0003D080 00000004 C=DATA    S=_DATA    G=DGROUP   M=D:\DEVEL\BCC72\LIB\CW32.LIB|_cfinfo ACBP=A9
 0002:0003D084 00000004 C=DATA    S=_DATA    G=DGROUP   M=D:\DEVEL\BCC72\LIB\CW32.LIB|_umask ACBP=A9
 0002:0003D088 00000004 C=DATA    S=_DATA    G=DGROUP   M=D:\DEVEL\BCC72\LIB\CW32.LIB|cfinfo ACBP=A9
 0002:0003D08C 000004B0 C=DATA    S=_DATA    G=DGROUP   M=D:\DEVEL\BCC72\LIB\CW32.LIB|files ACBP=A9
 0002:0003D53C 000000CC C=DATA    S=_DATA    G=DGROUP   M=D:\DEVEL\BCC72\LIB\CW32.LIB|files2 ACBP=A9
 0002:0003D608 00000004 C=DATA    S=_DATA    G=DGROUP   M=D:\DEVEL\BCC72\LIB\CW32.LIB|fmode ACBP=A9
 0002:0003D60C 00000004 C=DATA    S=_DATA    G=DGROUP   M=D:\DEVEL\BCC72\LIB\CW32.LIB|fmodeptr ACBP=A9
 0002:0003D610 0000012B C=DATA    S=_DATA    G=DGROUP   M=D:\DEVEL\BCC72\LIB\CW32.LIB|ioerror ACBP=A9
 0002:0003D73C 0000000C C=DATA    S=_DATA    G=DGROUP   M=D:\DEVEL\BCC72\LIB\CW32.LIB|mkname ACBP=A9
 0002:0003D748 00000494 C=DATA    S=_DATA    G=DGROUP   M=D:\DEVEL\BCC72\LIB\CW32.LIB|perror ACBP=A9
 0002:0003DBDC 00000076 C=DATA    S=_DATA    G=DGROUP   M=D:\DEVEL\BCC72\LIB\CW32.LIB|vprinter ACBP=A9
 0002:0003DC54 00000202 C=DATA    S=_DATA    G=DGROUP   M=D:\DEVEL\BCC72\LIB\CW32.LIB|bigctype ACBP=A9
 0002:0003DE58 00000100 C=DATA    S=_DATA    G=DGROUP   M=D:\DEVEL\BCC72\LIB\CW32.LIB|clower ACBP=A9
 0002:0003DF58 00000100 C=DATA    S=_DATA    G=DGROUP   M=D:\DEVEL\BCC72\LIB\CW32.LIB|cupper ACBP=A9
 0002:0003E058 0000025C C=DATA    S=_DATA    G=DGROUP   M=D:\DEVEL\BCC72\LIB\CW32.LIB|clocale ACBP=A9
 0002:0003E2B4 00000010 C=DATA    S=_DATA    G=DGROUP   M=D:\DEVEL\BCC72\LIB\CW32.LIB|_matherr ACBP=A9
 0002:0003E2C4 000000C0 C=DATA    S=_DATA    G=DGROUP   M=D:\DEVEL\BCC72\LIB\CW32.LIB|_pow10 ACBP=A9
 0002:0003E384 00000068 C=DATA    S=_DATA    G=DGROUP   M=D:\DEVEL\BCC72\LIB\CW32.LIB|cvtfak ACBP=A9
 0002:0003E3EC 00000068 C=DATA    S=_DATA    G=DGROUP   M=D:\DEVEL\BCC72\LIB\CW32.LIB|cvtfakw ACBP=A9
 0002:0003E454 00000004 C=DATA    S=_DATA    G=DGROUP   M=D:\DEVEL\BCC72\LIB\CW32.LIB|deflt87 ACBP=A9
 0002:0003E458 0000000C C=DATA    S=_DATA    G=DGROUP   M=D:\DEVEL\BCC72\LIB\CW32.LIB|exp ACBP=A9
 0002:0003E464 00000012 C=DATA    S=_DATA    G=DGROUP   M=D:\DEVEL\BCC72\LIB\CW32.LIB|f87exp ACBP=A9
 0002:0003E478 00000016 C=DATA    S=_DATA    G=DGROUP   M=D:\DEVEL\BCC72\LIB\CW32.LIB|f87log ACBP=A9
 0002:0003E490 0000007C C=DATA    S=_DATA    G=DGROUP   M=D:\DEVEL\BCC72\LIB\CW32.LIB|hugeval ACBP=A9
 0002:0003E50C 00000008 C=DATA    S=_DATA    G=DGROUP   M=D:\DEVEL\BCC72\LIB\CW32.LIB|initcvt ACBP=A9
 0002:0003E514 0000000C C=DATA    S=_DATA    G=DGROUP   M=D:\DEVEL\BCC72\LIB\CW32.LIB|log ACBP=A9
 0002:0003E520 00000008 C=DATA    S=_DATA    G=DGROUP   M=D:\DEVEL\BCC72\LIB\CW32.LIB|mathptr ACBP=A9
 0002:0003E528 00000044 C=DATA    S=_DATA    G=DGROUP   M=D:\DEVEL\BCC72\LIB\CW32.LIB|mathwhy ACBP=A9
 0002:0003E56C 0000001C C=DATA    S=_DATA    G=DGROUP   M=D:\DEVEL\BCC72\LIB\CW32.LIB|pow ACBP=A9
 0002:0003E588 00000008 C=DATA    S=_DATA    G=DGROUP   M=D:\DEVEL\BCC72\LIB\CW32.LIB|rand ACBP=A9
 0002:0003E590 00000014 C=DATA    S=_DATA    G=DGROUP   M=D:\DEVEL\BCC72\LIB\CW32.LIB|realcvt ACBP=A9
 0002:0003E5A4 00000028 C=DATA    S=_DATA    G=DGROUP   M=D:\DEVEL\BCC72\LIB\CW32.LIB|realcvtw ACBP=A9
 0002:0003E5CC 00000028 C=DATA    S=_DATA    G=DGROUP   M=D:\DEVEL\BCC72\LIB\CW32.LIB|scantod ACBP=A9
 0002:0003E5F4 00000028 C=DATA    S=_DATA    G=DGROUP   M=D:\DEVEL\BCC72\LIB\CW32.LIB|scanwtod ACBP=A9
 0002:0003E61C 00000010 C=DATA    S=_DATA    G=DGROUP   M=D:\DEVEL\BCC72\LIB\CW32.LIB|sqrt ACBP=A9
 0002:0003E62C 00000048 C=DATA    S=_DATA    G=DGROUP   M=D:\DEVEL\BCC72\LIB\CW32.LIB|mbctype ACBP=A9
 0002:0003E674 00000024 C=DATA    S=_DATA    G=DGROUP   M=D:\DEVEL\BCC72\LIB\CW32.LIB|assert ACBP=A9
 0002:0003E698 00000024 C=DATA    S=_DATA    G=DGROUP   M=D:\DEVEL\BCC72\LIB\CW32.LIB|ermsghlp ACBP=A9
 0002:0003E6BC 00000004 C=DATA    S=_DATA    G=DGROUP   M=D:\DEVEL\BCC72\LIB\CW32.LIB|errno ACBP=A9
 0002:0003E6C0 00000010 C=DATA    S=_DATA    G=DGROUP   M=D:\DEVEL\BCC72\LIB\CW32.LIB|errormsg ACBP=A9
 0002:0003E6D0 00000018 C=DATA    S=_DATA    G=DGROUP   M=D:\DEVEL\BCC72\LIB\CW32.LIB|debug_wrapper ACBP=A9
 0002:0003E6E8 0000003C C=DATA    S=_DATA    G=DGROUP   M=D:\DEVEL\BCC72\LIB\CW32.LIB|abort ACBP=A9
 0002:0003E724 0000000C C=DATA    S=_DATA    G=DGROUP   M=D:\DEVEL\BCC72\LIB\CW32.LIB|__exit ACBP=A9
 0002:0003E730 00000008 C=DATA    S=_DATA    G=DGROUP   M=D:\DEVEL\BCC72\LIB\CW32.LIB|saptr ACBP=A9
 0002:0003E738 00000008 C=DATA    S=_DATA    G=DGROUP   M=D:\DEVEL\BCC72\LIB\CW32.LIB|wsaptr ACBP=A9
 0002:0003E740 00000054 C=DATA    S=_DATA    G=DGROUP   M=D:\DEVEL\BCC72\LIB\CW32.LIB|setargv ACBP=A9
 0002:0003E794 00000028 C=DATA    S=_DATA    G=DGROUP   M=D:\DEVEL\BCC72\LIB\CW32.LIB|hsargv ACBP=A9
 0002:0003E7BC 00000024 C=DATA    S=_DATA    G=DGROUP   M=D:\DEVEL\BCC72\LIB\CW32.LIB|whsargv ACBP=A9
 0002:0003E7E0 00000004 C=DATA    S=_DATA    G=DGROUP   M=D:\DEVEL\BCC72\LIB\CW32.LIB|wildptr ACBP=A9
 0002:0003E7E4 00000004 C=DATA    S=_DATA    G=DGROUP   M=D:\DEVEL\BCC72\LIB\CW32.LIB|wwildptr ACBP=A9
 0002:0003E7E8 00000020 C=DATA    S=_DATA    G=DGROUP   M=D:\DEVEL\BCC72\LIB\CW32.LIB|setargv0 ACBP=A9
 0002:0003E808 00000054 C=DATA    S=_DATA    G=DGROUP   M=D:\DEVEL\BCC72\LIB\CW32.LIB|setenvp ACBP=A9
 0002:0003E85C 0000005E C=DATA    S=_DATA    G=DGROUP   M=D:\DEVEL\BCC72\LIB\CW32.LIB|signal ACBP=A9
 0002:0003E8BC 00000004 C=DATA    S=_DATA    G=DGROUP   M=D:\DEVEL\BCC72\LIB\CW32.LIB|globals ACBP=A9
 0002:0003E8C0 00000004 C=DATA    S=_DATA    G=DGROUP   M=D:\DEVEL\BCC72\LIB\CW32.LIB|initexit ACBP=A9
 0002:0003E8C4 000001C4 C=DATA    S=_DATA    G=DGROUP   M=D:\DEVEL\BCC72\LIB\CW32.LIB|timedata ACBP=A9
 0002:0003EA88 00000008 C=DATA    S=_DATA    G=DGROUP   M=D:\DEVEL\BCC72\LIB\CW32.LIB|timefunc ACBP=A9
 0002:0003EA90 00000008 C=DATA    S=_DATA    G=DGROUP   M=D:\DEVEL\BCC72\LIB\CW32.LIB|tzdata ACBP=A9
 0002:0003EA98 00000014 C=DATA    S=_DATA    G=DGROUP   M=D:\DEVEL\BCC72\LIB\CW32.LIB|tzset ACBP=A9
 0002:0003EAAC 00000004 C=DATA    S=_DATA    G=DGROUP   M=D:\DEVEL\BCC72\LIB\CW32.LIB|xx_xpf ACBP=A9
 0002:0003EAB0 00000370 C=DATA    S=_DATA    G=DGROUP   M=D:\DEVEL\BCC72\LIB\CW32.LIB|xxtype ACBP=A9
 0002:0003EE10 00000014 C=DATA    S=_DATA    G=DGROUP   M=D:\DEVEL\BCC72\LIB\CW32.LIB|xxut ACBP=A9
 0002:0003EE18 000000E8 C=DATA    S=_DATA    G=DGROUP   M=D:\DEVEL\BCC72\LIB\CW32.LIB|xxv ACBP=A9
 0002:0003EF00 00000010 C=DATA    S=_DATA    G=DGROUP   M=D:\DEVEL\BCC72\LIB\CW32.LIB|except ACBP=A9
 0002:0003EF10 000009E0 C=DATA    S=_DATA    G=DGROUP   M=D:\DEVEL\BCC72\LIB\CW32.LIB|xx ACBP=A9
 0002:0003F8F0 00000020 C=DATA    S=_DATA    G=DGROUP   M=D:\DEVEL\BCC72\LIB\IMPORT32.LIB|inetguid ACBP=A9
 0003:00000000 00000018 C=BSS     S=_BSS     G=DGROUP   M=D:\DEVEL\XHARBOUR_BCC7\CONTRIB\GTWVG\WVTCLASS.OBJ ACBP=A9
 0003:00000018 000005D8 C=BSS     S=_BSS     G=DGROUP   M=D:\DEVEL\XHARBOUR_BCC7\LIB\GTWVG.LIB|gtwvg ACBP=A9
 0003:000005F0 00000018 C=BSS     S=_BSS     G=DGROUP   M=D:\DEVEL\XHARBOUR_BCC7\LIB\GTWVG.LIB|wvtpaint ACBP=A9
 0003:00000608 00000004 C=BSS     S=_BSS     G=DGROUP   M=D:\DEVEL\XHARBOUR_BCC7\LIB\VM.LIB|errorapi ACBP=A9
 0003:0000060C 000016E4 C=BSS     S=_BSS     G=DGROUP   M=D:\DEVEL\XHARBOUR_BCC7\LIB\VM.LIB|estack ACBP=A9
 0003:00001CF0 00000018 C=BSS     S=_BSS     G=DGROUP   M=D:\DEVEL\XHARBOUR_BCC7\LIB\VM.LIB|extend ACBP=A9
 0003:00001D08 000001F0 C=BSS     S=_BSS     G=DGROUP   M=D:\DEVEL\XHARBOUR_BCC7\LIB\VM.LIB|fm ACBP=A9
 0003:00001EF8 00000038 C=BSS     S=_BSS     G=DGROUP   M=D:\DEVEL\XHARBOUR_BCC7\LIB\VM.LIB|hvm ACBP=A9
 0003:00001F30 00000214 C=BSS     S=_BSS     G=DGROUP   M=D:\DEVEL\XHARBOUR_BCC7\LIB\VM.LIB|set ACBP=A9
 0003:00002144 0000018D C=BSS     S=_BSS     G=DGROUP   M=D:\DEVEL\XHARBOUR_BCC7\LIB\VM.LIB|hbi18n ACBP=A9
 0003:000022D4 00000018 C=BSS     S=_BSS     G=DGROUP   M=D:\DEVEL\XHARBOUR_BCC7\LIB\VM.LIB|harbinit ACBP=A9
 0003:000022EC 00000018 C=BSS     S=_BSS     G=DGROUP   M=D:\DEVEL\XHARBOUR_BCC7\LIB\VM.LIB|errlogmt ACBP=A9
 0003:00002304 00000300 C=BSS     S=_BSS     G=DGROUP   M=D:\DEVEL\XHARBOUR_BCC7\LIB\VM.LIB|mainwin ACBP=A9
 0003:00002604 00000004 C=BSS     S=_BSS     G=DGROUP   M=D:\DEVEL\XHARBOUR_BCC7\LIB\RTL.LIB|console ACBP=A9
 0003:00002608 00000004 C=BSS     S=_BSS     G=DGROUP   M=D:\DEVEL\XHARBOUR_BCC7\LIB\RTL.LIB|dirdrive ACBP=A9
 0003:0000260C 00000080 C=BSS     S=_BSS     G=DGROUP   M=D:\DEVEL\XHARBOUR_BCC7\LIB\RTL.LIB|filebuf ACBP=A9
 0003:0000268C 00000218 C=BSS     S=_BSS     G=DGROUP   M=D:\DEVEL\XHARBOUR_BCC7\LIB\RTL.LIB|filesys ACBP=A9
 0003:000028A4 00000008 C=BSS     S=_BSS     G=DGROUP   M=D:\DEVEL\XHARBOUR_BCC7\LIB\RTL.LIB|gtclip ACBP=A9
 0003:000028AC 0000010C C=BSS     S=_BSS     G=DGROUP   M=D:\DEVEL\XHARBOUR_BCC7\LIB\RTL.LIB|hbgtcore ACBP=A9
 0003:000029B8 00000200 C=BSS     S=_BSS     G=DGROUP   M=D:\DEVEL\XHARBOUR_BCC7\LIB\RTL.LIB|langapi ACBP=A9
 0003:00002BB8 00000004 C=BSS     S=_BSS     G=DGROUP   M=D:\DEVEL\XHARBOUR_BCC7\LIB\RTL.LIB|setkey ACBP=A9
 0003:00002BBC 00000004 C=BSS     S=_BSS     G=DGROUP   M=D:\DEVEL\XHARBOUR_BCC7\LIB\RTL.LIB|xsavescr ACBP=A9
 0003:00002BC0 00000018 C=BSS     S=_BSS     G=DGROUP   M=D:\DEVEL\XHARBOUR_BCC7\LIB\RTL.LIB|alert ACBP=A9
 0003:00002BD8 00000018 C=BSS     S=_BSS     G=DGROUP   M=D:\DEVEL\XHARBOUR_BCC7\LIB\RTL.LIB|color53 ACBP=A9
 0003:00002BF0 00000018 C=BSS     S=_BSS     G=DGROUP   M=D:\DEVEL\XHARBOUR_BCC7\LIB\RTL.LIB|cstr ACBP=A9
 0003:00002C08 00000018 C=BSS     S=_BSS     G=DGROUP   M=D:\DEVEL\XHARBOUR_BCC7\LIB\RTL.LIB|errorsys ACBP=A9
 0003:00002C20 00000018 C=BSS     S=_BSS     G=DGROUP   M=D:\DEVEL\XHARBOUR_BCC7\LIB\RTL.LIB|getlist ACBP=A9
 0003:00002C38 00000018 C=BSS     S=_BSS     G=DGROUP   M=D:\DEVEL\XHARBOUR_BCC7\LIB\RTL.LIB|getsys ACBP=A9
 0003:00002C50 00000018 C=BSS     S=_BSS     G=DGROUP   M=D:\DEVEL\XHARBOUR_BCC7\LIB\RTL.LIB|memvarbl ACBP=A9
 0003:00002C68 00000018 C=BSS     S=_BSS     G=DGROUP   M=D:\DEVEL\XHARBOUR_BCC7\LIB\RTL.LIB|mssgline ACBP=A9
 0003:00002C80 00000018 C=BSS     S=_BSS     G=DGROUP   M=D:\DEVEL\XHARBOUR_BCC7\LIB\RTL.LIB|objfunc ACBP=A9
 0003:00002C98 00000018 C=BSS     S=_BSS     G=DGROUP   M=D:\DEVEL\XHARBOUR_BCC7\LIB\RTL.LIB|tbrowse ACBP=A9
 0003:00002CB0 00000018 C=BSS     S=_BSS     G=DGROUP   M=D:\DEVEL\XHARBOUR_BCC7\LIB\RTL.LIB|tclass ACBP=A9
 0003:00002CC8 00000018 C=BSS     S=_BSS     G=DGROUP   M=D:\DEVEL\XHARBOUR_BCC7\LIB\RTL.LIB|tget ACBP=A9
 0003:00002CE0 00000018 C=BSS     S=_BSS     G=DGROUP   M=D:\DEVEL\XHARBOUR_BCC7\LIB\RTL.LIB|tgetint ACBP=A9
 0003:00002CF8 00000018 C=BSS     S=_BSS     G=DGROUP   M=D:\DEVEL\XHARBOUR_BCC7\LIB\RTL.LIB|tgetlist ACBP=A9
 0003:00002D10 00000018 C=BSS     S=_BSS     G=DGROUP   M=D:\DEVEL\XHARBOUR_BCC7\LIB\RTL.LIB|tobject ACBP=A9
 0003:00002D28 00000018 C=BSS     S=_BSS     G=DGROUP   M=D:\DEVEL\XHARBOUR_BCC7\LIB\RTL.LIB|traceprg ACBP=A9
 0003:00002D40 00000018 C=BSS     S=_BSS     G=DGROUP   M=D:\DEVEL\XHARBOUR_BCC7\LIB\RTL.LIB|tscalar ACBP=A9
 0003:00002D58 00000054 C=BSS     S=_BSS     G=DGROUP   M=D:\DEVEL\XHARBOUR_BCC7\LIB\MACRO.LIB|macroy ACBP=A9
 0003:00002DAC 00004AE0 C=BSS     S=_BSS     G=DGROUP   M=D:\DEVEL\XHARBOUR_BCC7\LIB\MACRO.LIB|macroslx ACBP=A9
 0003:0000788C 000001A8 C=BSS     S=_BSS     G=DGROUP   M=D:\DEVEL\XHARBOUR_BCC7\LIB\RDD.LIB|dbf1 ACBP=A9
 0003:00007A34 00000018 C=BSS     S=_BSS     G=DGROUP   M=D:\DEVEL\XHARBOUR_BCC7\LIB\RDD.LIB|rddord ACBP=A9
 0003:00007A4C 00000018 C=BSS     S=_BSS     G=DGROUP   M=D:\DEVEL\XHARBOUR_BCC7\LIB\RDD.LIB|rddsys ACBP=A9
 0003:00007A64 000001AC C=BSS     S=_BSS     G=DGROUP   M=D:\DEVEL\XHARBOUR_BCC7\LIB\DBFNTX.LIB|dbfntx1 ACBP=A9
 0003:00007C10 000001A8 C=BSS     S=_BSS     G=DGROUP   M=D:\DEVEL\XHARBOUR_BCC7\LIB\DBFFPT.LIB|dbffpt1 ACBP=A9
 0003:00007DB8 00000020 C=BSS     S=_BSS     G=DGROUP   M=D:\DEVEL\BCC72\LIB\CW32.LIB|hrdir_b ACBP=A9
 0003:00007DD8 000021FC C=BSS     S=_BSS     G=DGROUP   M=D:\DEVEL\BCC72\LIB\CW32.LIB|_fastmm ACBP=A9
 0003:00009FD4 000000A1 C=BSS     S=_BSS     G=DGROUP   M=D:\DEVEL\BCC72\LIB\CW32.LIB|strerror ACBP=A9
 0003:0000A078 00000190 C=BSS     S=_BSS     G=DGROUP   M=D:\DEVEL\BCC72\LIB\CW32.LIB|files2 ACBP=A9
 0003:0000A208 00000004 C=BSS     S=_BSS     G=DGROUP   M=D:\DEVEL\BCC72\LIB\CW32.LIB|ioerror ACBP=A9
 0003:0000A20C 00000001 C=BSS     S=_BSS     G=DGROUP   M=D:\DEVEL\BCC72\LIB\CW32.LIB|lgetc ACBP=A9
 0003:0000A210 0000000F C=BSS     S=_BSS     G=DGROUP   M=D:\DEVEL\BCC72\LIB\CW32.LIB|mkname ACBP=A9
 0003:0000A220 00000108 C=BSS     S=_BSS     G=DGROUP   M=D:\DEVEL\BCC72\LIB\CW32.LIB|mbctype ACBP=A9
 0003:0000A328 00000100 C=BSS     S=_BSS     G=DGROUP   M=D:\DEVEL\BCC72\LIB\CW32.LIB|assert ACBP=A9
 0003:0000A428 00000019 C=BSS     S=_BSS     G=DGROUP   M=D:\DEVEL\BCC72\LIB\CW32.LIB|ermsghlp ACBP=A9
 0003:0000A444 00000008 C=BSS     S=_BSS     G=DGROUP   M=D:\DEVEL\BCC72\LIB\CW32.LIB|qsort ACBP=A9
 0003:0000A44C 00000004 C=BSS     S=_BSS     G=DGROUP   M=D:\DEVEL\BCC72\LIB\CW32.LIB|debug_wrapper ACBP=A9
 0003:0000A450 00004004 C=BSS     S=_BSS     G=DGROUP   M=D:\DEVEL\BCC72\LIB\CW32.LIB|__atexit ACBP=A9
 0003:0000E454 0000000C C=BSS     S=_BSS     G=DGROUP   M=D:\DEVEL\BCC72\LIB\CW32.LIB|setargv ACBP=A9
 0003:0000E460 00000004 C=BSS     S=_BSS     G=DGROUP   M=D:\DEVEL\BCC72\LIB\CW32.LIB|hsargv ACBP=A9
 0003:0000E464 00000004 C=BSS     S=_BSS     G=DGROUP   M=D:\DEVEL\BCC72\LIB\CW32.LIB|whsargv ACBP=A9
 0003:0000E468 00000010 C=BSS     S=_BSS     G=DGROUP   M=D:\DEVEL\BCC72\LIB\CW32.LIB|setenvp ACBP=A9
 0003:0000E478 00000040 C=BSS     S=_BSS     G=DGROUP   M=D:\DEVEL\BCC72\LIB\CW32.LIB|globals ACBP=A9
 0003:0000E4B8 00000008 C=BSS     S=_BSS     G=DGROUP   M=D:\DEVEL\BCC72\LIB\CW32.LIB|tzset ACBP=A9
 0003:0000E4C0 00000408 C=BSS     S=_BSS     G=DGROUP   M=D:\DEVEL\BCC72\LIB\CW32.LIB|xxtype ACBP=A9
 0003:0000E8C8 00000008 C=BSS     S=_BSS     G=DGROUP   M=D:\DEVEL\BCC72\LIB\CW32.LIB|xxv ACBP=A9
 0003:0000E8D0 00000008 C=BSS     S=_BSS     G=DGROUP   M=D:\DEVEL\BCC72\LIB\CW32.LIB|except ACBP=A9
 0003:0000E8D8 00000020 C=BSS     S=_BSS     G=DGROUP   M=D:\DEVEL\BCC72\LIB\CW32.LIB|xx ACBP=A9
 0004:00000000 0000009C C=TLS     S=_TLS     G=DGROUP   M=D:\DEVEL\BCC72\LIB\CW32.LIB|xxv ACBP=A9

 Address Publics by Name

 0002:0003C760  @std@bad_cast@3
 0002:0003F8DC  @std@bad_exception@3
 0002:0003EDFC  @std@bad_typeid@3
 0002:0003C710  @std@exception@3
 0003:00002144  B105_2
 0003:000022D4  B119_2
 0003:000022EC  B121_2
 0003:00002304  B133_2
 0003:00002604  B157_2
 0003:00007DB8  B1684_2
 0003:00002608  B171_2
 0003:00007DD8  B1730_2
 0003:00009FD4  B1841_2
 0003:0000260C  B185_2
 0003:0000268C  B193_2
 0003:0000A078  B2133_1
 0003:000028A4  B217_1
 0003:0000A208  B2223_2
 0003:0000A20C  B2227_1
 0003:0000A210  B2243_2
 0003:000028AC  B255_2
 0003:00000018  B27_2
 0003:000029B8  B289_2
 0003:0000A220  B2974_2
 0003:00000000  B2_2
 0003:0000A328  B3114_2
 0003:0000A428  B3132_2
 0003:0000A444  B3148_1
 0003:0000A44C  B3163_2
 0003:0000A450  B3169_1
 0003:0000E454  B3233_2
 0003:0000E460  B3235_2
 0003:0000E464  B3237_2
 0003:0000E468  B3306_2
 0003:0000E478  B3334_1
 0003:0000E4B8  B3383_2
 0003:0000E4C0  B3419_2
 0003:0000E8C8  B3423_2
 0003:0000E8D0  B3429_2
 0003:0000E8D8  B3462_2
 0003:000005F0  B35_2
 0003:00002BB8  B373_1
 0003:00002BBC  B435_2
 0003:00002BC0  B441_2
 0003:00002BD8  B455_2
 0003:00002BF0  B457_2
 0003:00002C08  B477_2
 0003:00002C20  B481_2
 0003:00002C38  B483_2
 0003:00002C50  B499_2
 0003:00002C68  B503_2
 0003:00002C80  B505_2
 0003:00002C98  B537_2
 0003:00002CB0  B539_2
 0003:00002CC8  B545_2
 0003:00002CE0  B547_2
 0003:00002CF8  B549_2
 0003:00002D10  B555_2
 0003:00002D28  B559_2
 0003:00002D40  B567_2
 0003:00000608  B61_2
 0003:00002D58  B623_2
 0003:00002DAC  B631_2
 0003:0000060C  B63_2
 0003:00001CF0  B69_2
 0003:00001D08  B71_2
 0003:00001EF8  B77_2
 0003:0000788C  B811_2
 0003:00007A34  B857_2
 0003:00007A4C  B861_2
 0003:00007A64  B863_2
 0003:00007C10  B869_2
 0003:00001F30  B95_2
 0001:00047A08  C101_0
 0001:00047FD8  C105_0
 0001:000491A4  C109_0
 0001:000491B8  C111_0
 0001:000491D4  C117_0
 0001:0004924C  C119_0
 0001:0004924C  C119_3
 0001:0004934C  C121_0
 0001:0004934C  C121_3
 0001:00049398  C127_0
 0001:00049A0C  C133_0
 0001:00049B38  C135_0
 0001:00049CF4  C141_0
 0001:000B49F0  C1475_0
 0001:0004A18C  C147_0
 0001:000B4A18  C1481_0
 0001:000B4A48  C1489_0
 0001:0004A3FC  C149_0
 0001:0004C9C4  C151_0
 0001:0004CA74  C155_0
 0001:0004CB4C  C157_0
 0001:0004D6C4  C161_0
 0001:0004D82C  C163_0
 0001:000B4C04  C1684_0
 0001:000B4D50  C1692_0
 0001:000B4D70  C1696_0
 0001:000B4E30  C1696_2
 0001:000B4E4C  C1698_0
 0001:0004EA14  C171_0
 0001:000B4E50  C1730_0
 0001:000B5C0C  C1730_3
 0001:000B5C14  C1732_0
 0001:000B6758  C1734_0
 0001:000B67A4  C1754_0
 0001:000B680C  C1756_0
 0001:0004EF60  C175_0
 0001:000B6810  C1760_0
 0001:0004F12C  C181_0
 0001:000B6814  C1839_0
 0001:0004F380  C183_0
 0001:000B6848  C1841_0
 0001:000B68EC  C1849_0
 0001:000B693C  C1859_0
 0001:0004F4D4  C185_0
 0001:000B696C  C1861_0
 0001:000B6998  C1869_0
 0001:000B69F8  C1879_0
 0001:00050110  C187_0
 0001:000B6A38  C1893_0
 0001:000B6A50  C1939_0
 0001:00050184  C193_0
 0001:000B6A88  C1943_0
 0001:000B6AE0  C1945_0
 0001:000B6B4C  C1947_0
 0001:000B6B64  C1949_0
 0001:000B6C7C  C1951_0
 0001:00051F18  C195_0
 0001:000B6D30  C1965_0
 0001:000B6D90  C1967_0
 0001:000B6DE0  C1973_0
 0001:000B6E3C  C1975_0
 0001:000B6EB8  C1977_0
 0001:000B6F18  C1993_0
 0001:000B6FF8  C1995_0
 0001:000B7038  C1997_0
 0001:000B709C  C1999_0
 0001:00051FF0  C199_0
 0001:00000168  C1_0
 0001:000B70B0  C2001_0
 0001:000B71A0  C2003_0
 0001:000B7228  C2007_0
 0001:000B7270  C2009_0
 0001:000B72E8  C2011_0
 0001:000B74FC  C2013_0
 0001:000B7698  C2019_0
 0001:000520C0  C201_0
 0001:000B77B4  C2021_0
 0001:00052A58  C203_0
 0001:000B77C8  C2051_0
 0001:00052B60  C205_0
 0001:000B7840  C2069_0
 0001:000B78A4  C2071_0
 0001:000B7924  C2077_0
 0001:00052F50  C209_0
 0001:000B79C0  C2114_0
 0001:00052F78  C211_0
 0001:000B7A50  C2120_0
 0001:000B7AD0  C2139_0
 0001:000B7B2C  C2143_0
 0001:000B7B50  C2147_0
 0001:000B7D6C  C2151_0
 0001:000B7D90  C2161_0
 0001:00053EC0  C217_0
 0001:000B7E6C  C2185_0
 0001:00054178  C219_0
 0001:000B7FB8  C2221_0
 0001:000B8274  C2223_0
 0001:000B82F4  C2227_0
 0001:000B849C  C2235_0
 0001:000545A8  C223_0
 0001:000B85B8  C2243_0
 0001:000B864C  C2251_0
 0001:000547CC  C225_0
 0001:00054A50  C227_0
 0001:00054A54  C229_0
 0001:000B8670  C2301_0
 0001:000B86E0  C2303_0
 0001:000B8730  C2316_0
 0001:000B87A8  C2336_0
 0001:000B885C  C2336_1
 0001:00054B1C  C233_0
 0001:000B88AC  C2358_0
 0001:000B88C8  C2362_0
 0001:000B88EC  C2378_0
 0001:00054FB4  C243_0
 0001:000B9384  C2462_0
 0001:000B93A0  C2466_0
 0001:000B93D0  C2468_0
 0001:000B93F8  C2500_0
 0001:000B9400  C2504_0
 0001:000B9408  C2506_0
 0001:000557AC  C251_0
 0001:000B9410  C2528_0
 0001:000B9420  C2547_0
 0001:000B948C  C2554_0
 0001:000B95A4  C2556_0
 0001:000B96C0  C2558_0
 0001:00055FA8  C255_0
 0001:000B9760  C2560_0
 0001:00059D1C  C257_0
 0001:000B9848  C2598_0
 0001:000B9908  C2602_0
 0001:000B99C8  C2606_0
 0001:000BA04C  C2660_0
 0001:000BA2B4  C2678_0
 0001:000BA2D4  C2680_0
 0001:000BA2F4  C2684_0
 0001:000BA320  C2688_0
 0001:000BA368  C2690_0
 0001:000BA3B4  C2696_0
 0001:0005A1A8  C269_0
 0001:000BA464  C2702_0
 0001:000BA5E8  C2725_0
 0001:000BA660  C2733_0
 0001:000BA67C  C2737_0
 0001:000BA690  C2751_0
 0001:000BA6C0  C2753_0
 0001:000BA6D8  C2757_0
 0001:000BA6F0  C2759_0
 0001:0005A484  C275_0
 0001:000BA708  C2763_0
 0001:000BA720  C2767_0
 0001:000BA78C  C2775_0
 0001:000BA860  C2777_0
 0001:000BA8A8  C2795_0
 0001:000BA8F8  C2799_0
 0001:0005AAB0  C279_0
 0001:0000116C  C27_0
 0001:00005758  C27_3
 0001:000BA910  C2805_0
 0001:000BA940  C2807_0
 0001:000BA970  C2809_0
 0001:000BA994  C2811_0
 0001:0005AF30  C281_0
 0001:000BA9A8  C2827_0
 0001:000BAA5C  C2837_0
 0001:0005B3B8  C283_0
 0001:000BAB78  C2843_0
 0001:000BABE8  C2851_0
 0001:000BAC78  C2859_0
 0001:0005B4D4  C285_0
 0001:000BACF0  C2865_0
 0001:000BAD20  C2867_0
 0001:000BAD38  C2873_0
 0001:000BAD68  C2875_0
 0001:000BAD98  C2881_0
 0001:000BAF74  C2889_0
 0001:000BAF9C  C2891_0
 0001:000BAFCC  C2893_0
 0001:000BAFE8  C2893_2
 0001:000BB050  C2895_0
 0001:000BB34C  C2897_0
 0001:0005B974  C289_0
 0001:000BB680  C2902_0
 0001:000BB6AC  C2904_0
 0001:000BBB98  C2906_0
 0001:000BC090  C2916_0
 0001:0005BC14  C291_0
 0001:0005BCE0  C293_0
 0001:000BC0CC  C2958_0
 0001:000BC3A4  C2960_0
 0001:000BC69C  C2974_0
 0001:000BC7DC  C2974_3
 0001:000BC7EC  C2976_0
 0001:0005BD74  C297_0
 0001:000BC82C  C2980_0
 0001:000BC848  C2998_0
 0001:0005C7F4  C299_0
 0001:00005E50  C29_0
 0001:000002CC  C2_0
 0001:000002CC  C2_3
 0001:000BC864  C3036_0
 0001:000BC8B8  C3038_0
 0001:0005C944  C303_0
 0001:000BC978  C3060_0
 0001:0005CFEC  C309_0
 0001:000BC9D0  C3114_0
 0001:000BCA78  C3132_0
 0001:000BCB34  C3134_0
 0001:000BCB3C  C3136_0
 0001:0005D280  C313_0
 0001:000BCCDC  C3148_0
 0001:000BCF14  C3163_0
 0001:000BCF14  C3163_3
 0001:000BD258  C3167_0
 0001:000BD300  C3169_0
 0001:0005D568  C317_0
 0001:0005D6E8  C319_0
 0001:0000C0D0  C31_0
 0001:000BD420  C3205_0
 0001:000BD468  C3207_0
 0001:000BD4D0  C3209_0
 0001:000BD538  C3217_0
 0001:000BD554  C3219_0
 0001:000BD568  C3221_0
 0001:000BD57C  C3227_0
 0001:000BD5A4  C3233_0
 0001:000BD5A4  C3233_3
 0001:000BD62C  C3233_4
 0001:000BD710  C3235_0
 0001:000BD934  C3237_0
 0001:0005D75C  C327_0
 0001:000BDBA4  C3294_0
 0001:000BDBA4  C3294_2
 0001:000BDBDC  C3294_3
 0001:0005D764  C329_0
 0001:000BDBEC  C3306_0
 0001:000BDD6C  C3306_3
 0001:000BDBEC  C3306_4
 0001:0005D8A8  C331_0
 0001:000BDD8C  C3320_0
 0001:000BE088  C3335_0
 0001:000BE1AC  C3339_0
 0001:0005D9B8  C333_0
 0001:000BE318  C3355_0
 0001:0005DAC0  C335_0
 0001:000BE368  C3379_0
 0001:000BE6D4  C3381_0
 0001:000BE6D4  C3381_2
 0001:000BE6DC  C3383_0
 0001:000BE8CC  C3385_0
 0001:000BE8D4  C3411_0
 0001:000BE924  C3415_0
 0001:000BE994  C3419_0
 0001:000BEE93  C3419_3
 0001:000BEAEB  C3419_4
 0001:000BEEBF  C3419_5
 0001:0005E7B0  C341_0
 0001:000BF240  C3423_0
 0001:000BF240  C3423_4
 0001:000BF388  C3425_0
 0001:000BF394  C3429_0
 0001:000BF4EC  C3429_3
 0001:000BF504  C3429_4
 0001:000BF52C  C3431_0
 0001:000BF574  C3433_0
 0001:0005E8A8  C345_0
 0001:000BF5A8  C3462_0
 0001:000BF5A8  C3462_3
 0001:0005E9D8  C347_0
 0001:0005EA6C  C349_0
 0001:0005EBA0  C353_0
 0001:0005ED9C  C355_0
 0001:0005EF70  C357_0
 0001:0005F1E4  C359_0
 0001:0000F2AC  C35_0
 0001:0000F2AC  C35_3
 0001:0005F4B0  C367_0
 0001:0006069C  C369_0
 0001:000607F4  C371_0
 0001:00060858  C373_0
 0001:00060DF8  C375_0
 0001:00060E88  C377_0
 0001:00060EB4  C383_0
 0001:00060F3C  C385_0
 0001:00061238  C387_0
 0001:00061478  C391_0
 0001:000617B0  C393_0
 0001:000618F4  C395_0
 0001:0006192C  C397_0
 0001:00061FBC  C401_0
 0001:000622E0  C403_0
 0001:00062424  C405_0
 0001:000625A4  C407_0
 0001:000626F8  C411_0
 0001:0006386C  C413_0
 0001:00063A1C  C415_0
 0001:0006571C  C417_0
 0001:0000F668  C41_0
 0001:0006597C  C421_0
 0001:000659F4  C423_0
 0001:00065A94  C427_0
 0001:00065EC4  C429_0
 0001:00066258  C431_0
 0001:000662A4  C433_0
 0001:00066300  C435_0
 0001:0001139C  C43_0
 0001:000663E4  C441_0
 0001:000663E4  C441_3
 0001:00066458  C455_0
 0001:00066458  C455_3
 0001:000665A8  C457_0
 0001:000665A8  C457_3
 0001:0001498C  C45_0
 0001:0006670C  C477_0
 0001:0006670C  C477_3
 0001:00015014  C47_0
 0001:00066918  C481_0
 0001:00066918  C481_3
 0001:000669A0  C483_0
 0001:000669A0  C483_3
 0001:00066BA4  C499_0
 0001:00066BA4  C499_3
 0001:00066BF0  C503_0
 0001:00066BF0  C503_3
 0001:00066CF0  C505_0
 0001:00066CF0  C505_3
 0001:0001AB08  C51_0
 0001:00066ECC  C537_0
 0001:00066ECC  C537_3
 0001:0006755C  C539_0
 0001:0006755C  C539_3
 0001:00067760  C545_0
 0001:00067760  C545_3
 0001:00067B34  C547_0
 0001:00067B34  C547_3
 0001:00067BA8  C549_0
 0001:00067BA8  C549_3
 0001:00067E00  C555_0
 0001:00067E00  C555_3
 0001:00067FA4  C559_0
 0001:00067FA4  C559_3
 0001:00068004  C567_0
 0001:00068004  C567_3
 0001:0001ADEC  C59_0
 0001:0001B580  C61_0
 0001:00068274  C623_0
 0001:0006ACAC  C625_0
 0001:0006B008  C627_0
 0001:00070D88  C629_0
 0001:0007163C  C631_0
 0001:0001D718  C63_0
 0001:000739A8  C645_0
 0001:000739E8  C647_0
 0001:00073DC8  C649_0
 0001:00073EC0  C653_0
 0001:0007448C  C655_0
 0001:00075B2C  C657_0
 0001:000775D0  C659_0
 0001:0001E224  C65_0
 0001:000777F8  C661_0
 0001:00078850  C663_0
 0001:0007936C  C665_0
 0001:0007A9B4  C667_0
 0001:0007AA14  C669_0
 0001:0007C330  C671_0
 0001:0007C4B4  C695_0
 0001:0007C4B8  C695_2
 0001:0001ECD8  C69_0
 0001:00020A44  C71_0
 0001:000249C0  C71_3
 0001:00024C1C  C73_0
[...]
 0001:000BC978  __mbsrchr
 0001:000BC9D0  C3114_0
 0001:000BCA18  __assert
 0001:000BCA78  C3132_0
 0001:000BCAC8  __ErrorMessageHelper
 0001:000BCB34  C3134_0
 0001:000BCB34  ___errno
 0001:000BCB3C  C3136_0
 0001:000BCB98  __ErrorMessage
 0001:000BCCB4  ___ErrorMessage
 0001:000BCCC4  __ErrorExit
 0001:000BCCDC  C3148_0
 0001:000BCEE8  ___org_qsort
 0001:000BCEE8  _qsort
 0001:000BCF14  C3163_0
 0001:000BCF14  C3163_3
 0001:000BCF20  ___dbkFCallArgs
 0001:000BD11C  __internal_dbk_fcall_wrapper
 0001:000BD258  C3167_0
 0001:000BD258  __abort_notify
 0001:000BD26C  __do_abort
 0001:000BD280  __abort
 0001:000BD2F0  _abort
 0001:000BD300  C3169_0
 0001:000BD38C  ___atexit
 0001:000BD3CC  ___call_atexit_procs
 0001:000BD420  C3205_0
 0001:000BD424  ___exit
 0001:000BD468  _exit
 0001:000BD468  C3207_0
 0001:000BD484  __exit
 0001:000BD4A0  __cexit
 0001:000BD4B8  __c_exit
 0001:000BD4D0  C3209_0
 0001:000BD4D0  __getenv_nolock
 0001:000BD528  ___org_getenv
 0001:000BD528  _getenv
 0001:000BD538  C3217_0
 0001:000BD538  __init_wild_handlers
 0001:000BD554  C3219_0
 0001:000BD554  __argv_default_expand
 0001:000BD568  __wargv_default_expand
 0001:000BD568  C3221_0
 0001:000BD57C  C3227_0
 0001:000BD57C  __init_setargv_handlers
 0001:000BD5A4  __setargv
 0001:000BD5A4  C3233_3
 0001:000BD5A4  C3233_0
 0001:000BD62C  C3233_4
 0001:000BD62C  __exitargv
 0001:000BD710  C3235_0
 0001:000BD710  __handle_setargv
 0001:000BD868  __handle_exitargv
 0001:000BD934  __handle_wsetargv
 0001:000BD934  C3237_0
 0001:000BDAC8  __handle_wexitargv
 0001:000BDBA4  C3294_0
 0001:000BDBA4  C3294_2
 0001:000BDBDC  C3294_3
 0001:000BDBEC  C3306_0
 0001:000BDBEC  C3306_4
 0001:000BDC20  __expandblock
 0001:000BDD6C  C3306_3
 0001:000BDD8C  C3320_0
 0001:000BDFB4  _signal
 0001:000BE014  ___org_raise
 0001:000BE014  _raise
 0001:000BE088  C3335_0
 0001:000BE088  __terminate
 0001:000BE098  __init_exit_proc
 0001:000BE178  __cleanup
 0001:000BE1AC  C3339_0
 0001:000BE1AC  __startup
 0001:000BE318  ___CRTL_TLS_Alloc
 0001:000BE318  C3355_0
 0001:000BE320  ___CRTL_TLS_Free
 0001:000BE330  ___CRTL_TLS_GetValue
 0001:000BE340  ___CRTL_TLS_SetValue
 0001:000BE354  ___CRTL_TLS_InitThread
 0001:000BE35C  ___CRTL_TLS_ExitThread
 0001:000BE364  ___CRTL_TLS_GetInfo
 0001:000BE368  __isDSTx
 0001:000BE368  C3379_0
 0001:000BE4F4  ___isDST_hook
 0001:000BE504  __isDST
 0001:000BE53C  __totalsec
 0001:000BE6D4  C3381_2
 0001:000BE6D4  C3381_0
 0001:000BE6DC  __tzsetx
 0001:000BE6DC  C3383_0
 0001:000BE8A4  ____set_tzset_hook
 0001:000BE8B4  __tzset
 0001:000BE8CC  C3385_0
 0001:000BE8CC  _tzset
 0001:000BE8D4  ___org_time
 0001:000BE8D4  C3411_0
 0001:000BE8D4  _time
 0001:000BE924  C3415_0
 0001:000BE924  __InitExceptBlockLDTC
 0001:000BE95D  __ExitExceptBlock
 0001:000BE96B  __ExceptionHandler
 0001:000BE994  C3419_0
 0001:000BEAEB  C3419_4
 0001:000BEE93  C3419_3
 0001:000BEEBF  C3419_5
 0001:000BEEE0  __typeIDname(tpid *)
 0001:000BEF18  __isSameTypeID(tpid *, tpid *)
 0001:000BEFF4  __isCompatTypeID(tpid *, tpid *, int, tpid * *)
 0001:000BF104  __tpdsc__ std::bad_typeid
 0001:000BF15C  __adjustClassAdr(void *, tpid *, tpid *)
 0001:000BF1D8  std::bad_typeid::~bad_typeid()
 0001:000BF218  _InitTermAndUnexPtrs()
 0001:000BF240  C3423_4
 0001:000BF240  C3423_0
 0001:000BF26C  ___call_terminate
 0001:000BF2D8  ___call_unexpected
 0001:000BF310  __ExceptInit
 0001:000BF360  __GetExceptDLLinfoInternal
 0001:000BF388  ___DefHandler
 0001:000BF388  C3425_0
 0001:000BF394  C3429_0
 0001:000BF394  ___raiseDebuggerException
 0001:000BF4A0  __setexc
 0001:000BF4BC  __unsetexc
 0001:000BF4CC  __SetUserHandler
 0001:000BF4E0  __unsetuserhandler
 0001:000BF4EC  C3429_3
 0001:000BF4EC  __init_except
 0001:000BF504  __exit_except
 0001:000BF504  C3429_4
 0001:000BF518  __InitDefaultHander
 0001:000BF52C  __SetExceptionHandler
 0001:000BF52C  C3431_0
 0001:000BF541  __UnsetExceptionHandler
 0001:000BF56D  __UnwindException
 0001:000BF574  C3433_0
 0001:000BF574  jump()
 0001:000BF57A  ___doGlobalUnwind
 0001:000BF58F  invokeHnd()
 0001:000BF596  ___cleanupTObject
 0001:000BF5A8  C3462_0
 0001:000BF5A8  C3462_3
 0001:000C0BEC  ___JumpToCatch__
 0001:000C0BF4  _ThrowExceptionLDTC(void *, void *, void *, void *, unsigned int, unsigned int, unsigned int, unsigned char *, void *)
 0001:000C0C2C  __Global_unwind
 0001:000C0C6C  _CatchCleanup()
 0001:000C0D60  ____ExceptionHandler
 0001:000C11C0  std::bad_exception::bad_exception()
 0001:000C11FC  std::bad_exception::~bad_exception()
 0001:000C1258  __tpdsc__ std::bad_exception
 0001:000C12B4  std::bad_exception::bad_exception(std::bad_exception&)
 0001:000C12EC  __tpdsc__ std::bad_exception *
 0002:00000000  D1_1
 0002:00000058  ___isGUI
 0002:00000090  ___isVCLPackage
 0002:00000091  ___isDLL
 0002:0000009E  ___useDynamicTLS
 0002:0000009F  __TLS_index
 0002:000000A3  __TLS_index4
 0002:000000A7  __hInstance
 0002:000000AC  ___CPPdebugHook
 0002:000000AC  ___CPPdebugHook_segment
 0002:000000B0  __PackageInfoTable
 0002:000000C8  D2_1
 0002:0000E8B8  D27_1
 0002:0000EB54  D29_1
 0002:0000EC70  D31_1
 0002:0000ED30  D35_1
 0002:0001051C  D41_1
 0002:00010564  D43_1
 0002:000106C8  D47_1
 0002:000106EC  _hb_cls_uiArrayClass
 0002:000106EE  _hb_cls_uiBlockClass
 0002:000106F0  _hb_cls_uiCharacterClass
 0002:000106F2  _hb_cls_uiDateClass
 0002:000106F4  _hb_cls_uiTimeFlagClass
 0002:000106F6  _hb_cls_uiLogicalClass
 0002:000106F8  _hb_cls_uiNilClass
 0002:000106FA  _hb_cls_uiNumericClass
 0002:000106FC  _hb_cls_uiPointerClass
 0002:000106FE  _hb_cls_uiHashClass
 0002:00010C88  D51_1
 0002:00010CBC  D59_1
 0002:00010CD8  D61_1
 0002:00010CD8  _hb_errFuncName
 0002:00010ED8  _hb_stack_ptr
 0002:00010ED8  D63_1
 0002:00010EDC  _hb_stack_ready
 0002:00011058  D65_1
 0002:00011074  D69_1
 0002:00011078  D71_1
 0002:000110F0  D73_1
 0002:00011138  D75_1
 0002:00011460  D77_1
 0002:0001146C  _hb_symEval
 0002:00011498  _pHVMFuncService
 0002:0001149C  _hb_vm_bQuitRequest
 0002:000114A0  _hb_vm_sNull
 0002:000114A4  _hb_vm_iTry
 0002:000114A8  _hb_vm_BreakBlock
 0002:00011DA8  D81_1
 0002:00011DDC  D83_1
 0002:00011EA0  D85_1
 0002:00011EA0  _hb_comp_bShortCuts
 0002:00011ECC  D87_1
 0002:00011FF8  D91_1
 0002:00012054  D95_1
 0002:000120F8  D99_1
 0002:00012114  D101_1
 0002:00012120  _hb_hInstance
 0002:00012124  _hb_hPrevInstance
 0002:00012128  _hb_iCmdShow
 0002:0001212C  _s_WinMainParam
 0002:00012234  D105_1
 0002:00012314  D111_1
 0002:00012874  D117_1
 0002:0001287C  D119_1
 0002:00012CB4  D121_1
 0002:00012CF8  D127_1
 0002:00012D08  D133_1
 0002:00012D10  D135_1
 0002:00012D14  D141_1
 0002:00012D20  D147_1
 0002:00012D2C  D149_1
 0002:00012F2C  _hb_uniTbl_437
 0002:000131C4  _hb_cdp_page
 0002:000131DC  D151_1
 0002:000131E4  D155_1
 0002:000131E8  D157_1
 0002:00013228  D161_1
 0002:00013238  D163_1
 0002:00013294  D171_1
 0002:000132A8  D175_1
 0002:000132CC  D183_1
 0002:000132D0  D185_1
 0002:0001331C  D193_1
 0002:00013334  D201_1
 0002:00013338  D205_1
 0002:0001333C  D211_1
 0002:00013358  D219_1
 0002:00013388  D233_1
 0002:000133E8  D243_1
 0002:00013748  D251_1
 0002:00013768  D255_1
 0002:00013934  _hb_gt_szNameDefault
 0002:000139FC  D257_1
 0002:00013A20  D269_1
 0002:00013A24  D275_1
 0002:00013A28  D279_1
 0002:00013A3C  _hb_vm_bCollectGarbage
 0002:00013A40  D281_1
 0002:00013A4C  D289_1
 0002:00013AAC  D291_1
 0002:00013AB4  D293_1
 0002:00013AB8  D297_1
 0002:00013C0C  D303_1
 0002:00013C14  D317_1
 0002:00013C4C  D329_1
 0002:00013C50  D331_1
 0002:00013C54  D333_1
 0002:00013C58  D335_1
 0002:00013D3C  D345_1
 0002:00013D48  D347_1
 0002:00013D50  D349_1
 0002:00013D5C  D359_1
 0002:00013D64  D367_1
 0002:00013E38  D369_1
 0002:00013E3C  D383_1
 0002:00013E44  D385_1
 0002:00013E48  D387_1
 0002:00013E4C  D391_1
 0002:00013E58  D393_1
 0002:00013E5C  D401_1
 0002:00013E68  D403_1
 0002:00013E74  D405_1
 0002:00013E78  D407_1
 0002:00013E80  D411_1
 0002:00013F40  D413_1
 0002:00013F70  D415_1
 0002:000140E0  D417_1
 0002:000140F0  D421_1
 0002:000140F8  D427_1
 0002:00014104  D429_1
 0002:00014124  D431_1
 0002:0001412C  D433_1
 0002:00014134  D435_1
 0002:00014138  D441_1
 0002:000145FC  D455_1
 0002:00014CA8  D457_1
 0002:00016334  D477_1
 0002:00018A04  D481_1
 0002:00018B10  D483_1
 0002:00019908  D499_1
 0002:000199E4  D503_1
 0002:0001A5BC  D505_1
 0002:0001B5D4  D537_1
 0002:000259AC  D539_1
 0002:00027128  D545_1
 0002:0002D8FC  D547_1
 0002:0002DC7C  D549_1
 0002:0003180C  D555_1
 0002:000323E0  D559_1
 0002:00032874  D567_1
 0002:00033FF4  D623_1
 0002:000360F8  D625_1
 0002:00036138  D627_1
 0002:00036138  _hb_comp_ExprTable
 0002:000362A8  D631_1
 0002:000362E4  _yytext
 0002:00036FC0  D647_1
 0002:00036FC8  D649_1
 0002:00037008  D655_1
 0002:00037008  _hb_szAscii
 0002:0003769C  D657_1
 0002:000376C8  D659_1
 0002:000376C8  _hb_tr_file_
 0002:000376CC  _hb_tr_line_
 0002:000376D0  _hb_tr_level_
 0002:00037788  D661_1
 0002:000388A0  D663_1
 0002:00038A5C  D667_1
 0002:00038CB8  D669_1
 0002:00038D4C  D695_1
 0002:000396EC  D787_1
 0002:00039704  D805_1
 0002:000398E4  D807_1
 0002:00039918  D809_1
 0002:00039948  D811_1
 0002:00039BE8  D857_1
 0002:00039ECC  D861_1
 0002:00039F40  D863_1
 0002:0003A3E0  D869_1
 0002:0003A660  __pcre_default_tables
 0002:0003A660  D899_0
 0002:0003AAA0  D901_1
 0002:0003B9F8  D907_1
 0002:0003BA04  D913_0
 0002:0003BA04  _pcre_malloc
 0002:0003BA08  _pcre_free
 0002:0003BA0C  _pcre_stack_malloc
 0002:0003BA10  _pcre_stack_free
 0002:0003BA14  _pcre_callout
 0002:0003BA18  __pcre_hspace_list
 0002:0003BA18  D925_0
 0002:0003BA68  __pcre_vspace_list
 0002:0003BA88  __pcre_utf8_table1
 0002:0003BAA0  __pcre_utf8_table1_size
 0002:0003BAA4  __pcre_utf8_table2
 0002:0003BABC  __pcre_utf8_table3
 0002:0003BAD4  __pcre_ucp_gentype
 0002:0003BB4C  __pcre_ucp_gbtable
 0002:0003BB80  __pcre_utt
 0002:0003BEE8  __pcre_utt_size
 0002:0003BEEC  __pcre_OP_lengths
 0002:0003BF88  __pcre_utf8_table4
 0002:0003BFC8  __pcre_utt_names
 0002:0003C3DC  D929_1
 0002:0003C400  D935_1
 0002:0003C6D4  D1475_1
 0002:0003C6E4  D1481_1
 0002:0003C6F4  D1489_1
 0002:0003C6FC  D1493_1
 0002:0003C700  __thrwl__ std::exception::~exception()
 0002:0003C704  __ectbl__ std::exception::~exception()
 0002:0003C710  @std@exception@3
 0002:0003C724  __thrwl__ std::exception::exception()
 0002:0003C728  __odtbl__ std::exception::exception()
 0002:0003C738  __ectbl__ std::exception::exception()
 0002:0003C750  __thrwl__ std::bad_cast::~bad_cast()
 0002:0003C754  __ectbl__ std::bad_cast::~bad_cast()
 0002:0003C760  @std@bad_cast@3
 0002:0003C774  D1684_1
 0002:0003C884  D1696_1
 0002:0003C888  __heap_redirector
 0002:0003C8A8  __stkchk
 0002:0003C8A8  D1710_0
 0002:0003C8AC  D1730_1
 0002:0003C8AC  __FastMM_IsMultiThread
 0002:0003C8AD  __FastMM_ReportMemoryLeaksOnShutdown
 0002:0003C8AE  __FastMM_NeverSleepOnMMThreadContention
 0002:0003C8E0  __FastMM_MemoryManager
 0002:0003C8F8  __FastMM_SmallBlockTypes
 0002:0003CFD8  __FastMM_MediumBlocksLocked
 0002:0003D060  D1841_1
 0002:0003D074  D2001_1
 0002:0003D080  D2021_1
 0002:0003D080  __cfinfo_get
 0002:0003D084  D2053_1
 0002:0003D084  __notUmask
 0002:0003D088  D2073_0
 0002:0003D088  __fileinfo
 0002:0003D08C  __streams
 0002:0003D08C  D2131_0
 0002:0003D53C  D2133_0
 0002:0003D53C  __nfile
 0002:0003D540  __openfd
 0002:0003D608  __fmode
 0002:0003D608  D2141_0
 0002:0003D60C  D2143_1
 0002:0003D60C  __fmodeptr
 0002:0003D610  D2223_1
 0002:0003D610  __dosErrorToSV
 0002:0003D73C  D2243_1
 0002:0003D748  __sys_errlist
 0002:0003D748  D2249_1
 0002:0003D810  __sys_nerr
 0002:0003DBDC  D2378_1
 0002:0003DC54  D2536_0
 0002:0003DC54  __chartype
 0002:0003DE58  D2542_0
 0002:0003DE58  __lower
 0002:0003DF58  D2546_0
 0002:0003DF58  __upper
 0002:0003E058  _CMonetary
 0002:0003E058  D2564_0
 0002:0003E08C  _CNumeric
 0002:0003E0A2  _CTimeDate
 0002:0003E164  _CLOCALE
 0002:0003E190  ___locale
 0002:0003E2B4  D2696_1
 0002:0003E2C4  _e0to7
 0002:0003E2C4  D2702_1
 0002:0003E314  _e8
 0002:0003E320  _e16
 0002:0003E32A  _e32
 0002:0003E334  _e64
 0002:0003E33E  _e128
 0002:0003E348  _e256
 0002:0003E352  _e512
 0002:0003E35C  _e1024
 0002:0003E366  _e2048
 0002:0003E370  _e4096
 0002:0003E37A  _eINF
 0002:0003E384  __realcvtptr
 0002:0003E384  D2757_1
 0002:0003E388  __nextrealptr
 0002:0003E38C  __scantodptr
 0002:0003E390  __scanrsltptr
 0002:0003E3EC  __realcvtwptr
 0002:0003E3EC  D2759_1
 0002:0003E3F0  __nextrealwptr
 0002:0003E3F4  __scanwtodptr
 0002:0003E3F8  __scanwrsltptr
 0002:0003E454  D2761_0
 0002:0003E454  __default87
 0002:0003E458  D2767_1
 0002:0003E464  D2775_1
 0002:0003E478  D2777_1
 0002:0003E490  __huge_flt
 0002:0003E490  D2815_0
 0002:0003E494  __huge_dble
 0002:0003E49C  __huge_ldble
 0002:0003E4A6  __max_flt
 0002:0003E4AA  __max_dble
 0002:0003E4B2  __max_ldble
 0002:0003E4BC  __indefinite
 0002:0003E4C0  __tiny_ldble
 0002:0003E4CC  ___ieee_64_p_inf
 0002:0003E4D4  ___ieee_64_n_inf
 0002:0003E4DC  ___ieee_64_p_nanq
 0002:0003E4E4  ___ieee_64_n_nanq
 0002:0003E4EC  ___ieee_64_p_nans
 0002:0003E4F4  ___ieee_64_n_nans
 0002:0003E4FC  ___ieee_64_p_zero
 0002:0003E504  ___ieee_64_n_zero
 0002:0003E50C  D2825_0
 0002:0003E50C  __turboFloat
 0002:0003E510  __floatconvert
 0002:0003E514  D2843_1
 0002:0003E520  D2867_1
 0002:0003E520  __pmatherr
 0002:0003E524  __pmatherrl
 0002:0003E528  __mathwhy
 0002:0003E528  D2871_0
 0002:0003E56C  D2881_1
 0002:0003E588  D2893_1
 0002:0003E590  D2895_1
 0002:0003E5A4  D2897_1
 0002:0003E5CC  D2904_1
 0002:0003E5F4  D2906_1
 0002:0003E61C  D2916_1
 0002:0003E62C  __kalpha
 0002:0003E62C  D2974_1
 0002:0003E62E  __kpunct
 0002:0003E674  D3114_1
 0002:0003E698  D3132_1
 0002:0003E6BC  D3134_1
 0002:0003E6BC  _errno
 0002:0003E6C0  D3136_1
 0002:0003E6C0  __messagefunc
 0002:0003E6C4  __messagefile
 0002:0003E6D0  __ectbl__ _internal_dbk_fcall_wrapper()
 0002:0003E6E8  D3167_1
 0002:0003E724  D3205_1
 0002:0003E724  __exitbuf
 0002:0003E728  __exitfopen
 0002:0003E72C  __exitopen
 0002:0003E730  D3229_0
 0002:0003E730  __setargv_ptr
 0002:0003E734  __exitargv_ptr
 0002:0003E738  D3231_0
 0002:0003E738  __wsetargv_ptr
 0002:0003E73C  __wexitargv_ptr
 0002:0003E740  D3233_1
 0002:0003E740  __setargv__
 0002:0003E794  D3235_1
 0002:0003E794  __cmdline_escapes
 0002:0003E7BC  D3237_1
 0002:0003E7E0  __argv_expand_ptr
 0002:0003E7E0  D3290_0
 0002:0003E7E4  D3292_0
 0002:0003E7E4  __wargv_expand_ptr
 0002:0003E7E8  D3294_1
 0002:0003E7E8  __argv0
 0002:0003E808  __setenvp__
 0002:0003E808  D3306_1
 0002:0003E85C  D3320_1
 0002:0003E8BC  D3334_0
 0002:0003E8BC  __isWindows
 0002:0003E8C0  D3335_1
 0002:0003E8C4  __SWeekday
 0002:0003E8C4  D3375_0
 0002:0003E8E0  __LWeekday
 0002:0003E8FC  __SMonth
 0002:0003E92C  __LMonth
 0002:0003E95C  __AmPm
 0002:0003E964  __Days
 0002:0003E970  __YDays
 0002:0003EA88  D3379_1
 0002:0003EA88  __PREFER_END_STANDARD_TIME
 0002:0003EA89  __PREFER_START_DAYLIGHT_TIME
 0002:0003EA90  D3381_1
 0002:0003EA90  __timezone
 0002:0003EA94  __daylight
 0002:0003EA98  D3383_1
 0002:0003EA98  __tzname
 0002:0003EAAC  D3417_0
 0002:0003EAAC  ___xxPersonality
 0002:0003EAB0  D3419_1
 0002:0003EDEC  __thrwl__ std::bad_typeid::~bad_typeid()
 0002:0003EDF0  __ectbl__ std::bad_typeid::~bad_typeid()
 0002:0003EDFC  @std@bad_typeid@3
 0002:0003EE10  D3421_1
 0002:0003EE10  ___terminatePTR
 0002:0003EE14  ___unexpectdPTR
 0002:0003EE18  ___CPPexceptionList
 0002:0003EE18  D3423_1
 0002:0003EE1C  ___exceptFlags
 0002:0003EE20  ___throwFileName
 0002:0003EE24  ___throwLineNumber
 0002:0003EE28  ___throwExceptionName
 0002:0003EE2C  ___exceptStaticBuffP
 0002:0003EE30  ___exceptMemAllocVars
 0002:0003EE34  ___ExceptStaticXbuff
 0002:0003EEB4  __ExceptVarsSize
 0002:0003EEC8  __chtbl__ __call_terminate()
 0002:0003EEE8  __ectbl__ __call_terminate()
 0002:0003EF00  D3429_1
 0002:0003EF10  D3462_1
 0002:0003EF10  ___debuggerDisableTerminateCallback
 0002:0003F844  __odtbl__ ___ExceptionHandler(_EXCEPTION_RECORD *, ERRbc *, _CONTEXT *, void *, unsigned long, unsigned long, unsigned long, unsigned long, unsigned long, unsigned long)
 0002:0003F854  __ectbl__ ___ExceptionHandler(_EXCEPTION_RECORD *, ERRbc *, _CONTEXT *, void *, unsigned long, unsigned long, unsigned long, unsigned long, unsigned long, unsigned long)
 0002:0003F878  __thrwl__ std::bad_exception::bad_exception()
 0002:0003F87C  __odtbl__ std::bad_exception::bad_exception()
 0002:0003F88C  __ectbl__ std::bad_exception::bad_exception()
 0002:0003F8A4  __thrwl__ std::bad_exception::~bad_exception()
 0002:0003F8A8  __odtbl__ std::bad_exception::~bad_exception()
 0002:0003F8B8  __ectbl__ std::bad_exception::~bad_exception()
 0002:0003F8D0  __ectbl__ std::bad_exception::bad_exception(std::bad_exception&)
 0002:0003F8DC  @std@bad_exception@3
 0002:0003F8F0  _IID_IPicture
 0003:00000000  B2_2
 0003:00000018  B27_2
 0003:000005F0  B35_2
 0003:00000608  B61_2
 0003:0000060C  _hb_stackST
 0003:0000060C  B63_2
 0003:00001CF0  B69_2
 0003:00001D08  B71_2
 0003:00001EF8  B77_2
 0003:00001F30  B95_2
 0003:00002144  B105_2
 0003:000022D4  B119_2
 0003:000022EC  B121_2
 0003:00002304  B133_2
 0003:00002604  B157_2
 0003:00002608  B171_2
 0003:0000260C  B185_2
 0003:0000268C  B193_2
 0003:000028A4  B217_1
 0003:000028AC  B255_2
 0003:000029B8  B289_2
 0003:00002BB8  B373_1
 0003:00002BBC  B435_2
 0003:00002BC0  B441_2
 0003:00002BD8  B455_2
 0003:00002BF0  B457_2
 0003:00002C08  B477_2
 0003:00002C20  B481_2
 0003:00002C38  B483_2
 0003:00002C50  B499_2
 0003:00002C68  B503_2
 0003:00002C80  B505_2
 0003:00002C98  B537_2
 0003:00002CB0  B539_2
 0003:00002CC8  B545_2
 0003:00002CE0  B547_2
 0003:00002CF8  B549_2
 0003:00002D10  B555_2
 0003:00002D28  B559_2
 0003:00002D40  B567_2
 0003:00002D58  B623_2
 0003:00002DAC  B631_2
 0003:00002E74  _yyleng
 0003:00002E80  _yyin
 0003:0000788C  B811_2
 0003:00007A34  B857_2
 0003:00007A4C  B861_2
 0003:00007A64  B863_2
 0003:00007C10  B869_2
 0003:00007DB8  __bormm_pfn_FreeMem
 0003:00007DB8  B1684_2
 0003:00007DBC  __bormm_pfn_GetMem
 0003:00007DC0  __bormm_pfn_AllocMem
 0003:00007DC4  __bormm_pfn_ReallocMem
 0003:00007DC8  __bormm_pfn_HeapAddRef
 0003:00007DCC  __bormm_pfn_HeapRelease
 0003:00007DD4  __borlndmm_GetMem
 0003:00007DD8  B1730_2
 0003:00007DE9  __FastMM_AllocSize2SmallBlockTypeIndX4
 0003:00007F30  __FastMM_LastSequentiallyFedMediumBlock
 0003:00007F34  __FastMM_MediumSequentialFeedBytesLeft
 0003:00007F38  __FastMM_MediumBlockBinGroupBitmap
 0003:00007F3C  __FastMM_MediumBlockBinBitmaps
 0003:00007FBC  __FastMM_MediumBlockBins
 0003:00009FD4  B1841_2
 0003:0000A078  __pidtab
 0003:0000A078  B2133_1
 0003:0000A140  __handles
 0003:0000A208  __doserrno
 0003:0000A208  B2223_2
 0003:0000A20C  B2227_1
 0003:0000A210  B2243_2
 0003:0000A210  __tmpnum
 0003:0000A220  B2974_2
 0003:0000A220  __mbctype
 0003:0000A324  __mbcsCodePage
 0003:0000A328  B3114_2
 0003:0000A428  B3132_2
 0003:0000A444  B3148_1
 0003:0000A44C  B3163_2
 0003:0000A44C  __dbk_fcall_wrapper_addr
 0003:0000A450  B3169_1
 0003:0000E454  __argv
 0003:0000E454  B3233_2
 0003:0000E460  B3235_2
 0003:0000E464  B3237_2
 0003:0000E468  B3306_2
 0003:0000E468  __environ
 0003:0000E470  __envsize
 0003:0000E474  __env_lock
 0003:0000E478  __C0argc
 0003:0000E478  B3334_1
 0003:0000E47C  __C0argv
 0003:0000E480  __C0environ
 0003:0000E484  __oscmd
 0003:0000E488  __osenv
 0003:0000E48C  __argc
 0003:0000E490  __dll_table
 0003:0000E498  __ExcRegPtr
 0003:0000E49C  __wosenv
 0003:0000E4A0  __woscmd
 0003:0000E4A4  __wC0argv
 0003:0000E4A8  __wC0environ
 0003:0000E4AC  __exe_table
 0003:0000E4B4  __stkbase
 0003:0000E4B8  B3383_2
 0003:0000E4C0  B3419_2
 0003:0000E8C8  B3423_2
 0003:0000E8C8  __DestructorCountPtr
 0003:0000E8D0  __HandlerPtr
 0003:0000E8D0  B3429_2
 0003:0000E8D4  __UserHandlerPtr
 0003:0000E8D8  B3462_2
 0003:0000E8DC  ___pCPPdebugHook
 0003:0000E8E0  _pVCL_add_EH
 0003:0000E8E4  _pVCL_clear_EH
 0003:0000E8E8  _getExceptionObject
 0003:0000E8EC  _raiseExceptObject
 0004:00000000  ___xxInfo
 0004:00000000  T3423_3
